
Allocating common symbols
Common symbol       size              file

imgWidth            0x4               srv.o
rfailsafe           0x4               srv.o
j                   0x4               srv.o
Y2                  0x80              jpeg.o
x_acc               0x4               srv.o
i                   0x4               srv.o
blobcnt             0xfc              colors.o
segmentation_flag   0x4               srv.o
Temp                0x80              jpeg.o
Cqt                 0x40              jpeg.o
ymax                0x44              colors.o
blobx1              0xfc              colors.o
pwm2_init           0x4               srv.o
Y3                  0x80              jpeg.o
base                0x8               malloc.o
sonar_data          0x14              srv.o
weights             0x1400            neural.o
teach_neurons       0x40              neural.o
nerror              0x80              neural.o
y_acc0              0x4               srv.o
StringHashTable     0x184             picoc/table.o
CharArrayType       0x4               picoc/type.o
Y4                  0x80              jpeg.o
FunctionType        0x24              picoc/type.o
umax                0x44              colors.o
ICqt                0x80              jpeg.o
hist0               0x400             colors.o
heap_end            0x4               malloc.o
quality             0x4               srv.o
ExitBuf             0xa4              picoc/platform_surveyor.o
y_acc               0x4               srv.o
output_start        0x4               srv.o
hist1               0x400             colors.o
pwm1_init           0x4               srv.o
image_size          0x4               srv.o
ILqt                0x80              jpeg.o
heap_start          0x4               malloc.o
pwm1_mode           0x4               srv.o
neurons             0x180             neural.o
StringLiteralHashTable
                    0x184             picoc/variable.o
x_center            0x4               srv.o
blobix              0xfc              colors.o
EnumType            0x24              picoc/type.o
VoidType            0x24              picoc/type.o
lfailsafe           0x4               srv.o
edge_thresh         0x4               srv.o
master              0x4               srv.o
bloby2              0xfc              colors.o
mean                0xc               colors.o
base_speed          0x4               srv.o
rspeed2             0x4               srv.o
lspeed              0x4               srv.o
GlobalHashTable     0x184             picoc/variable.o
vmax                0x44              colors.o
CR                  0x80              jpeg.o
overlay_flag        0x4               srv.o
StringTable         0x8               picoc/table.o
lspeed2             0x4               srv.o
err1                0x4               srv.o
cp                  0x4               srv.o
Lqt                 0x40              jpeg.o
GlobalTable         0x8               picoc/variable.o
MacroType           0x24              picoc/type.o
Type_Type           0x24              picoc/type.o
CharType            0x24              picoc/type.o
output_end          0x4               srv.o
CB                  0x80              jpeg.o
pwm2_mode           0x4               srv.o
CharPtrType         0x4               picoc/type.o
fdct_temp           0x80              jpeg.o
gps_gga             0x20              gps.o
StringLiteralTable  0x8               picoc/variable.o
framecount          0x4               srv.o
vmin                0x44              colors.o
heap_ptr            0x4               malloc.o
bloby1              0xfc              colors.o
WordType            0x24              picoc/type.o
x_acc0              0x4               srv.o
IntType             0x24              picoc/type.o
imgHead             0xb               srv.o
read_format         0x4               jpeg.o
edge_detect_flag    0x4               srv.o
imgHeight           0x4               srv.o
UberType            0x24              picoc/type.o
failsafe_clock      0x4               srv.o
blobx2              0xfc              colors.o
dlist2              0xc               camera.o
y_center            0x4               srv.o
xbuff               0x406             xmodem.o
dlist1              0xc               camera.o
ymin                0x44              colors.o
umin                0x44              colors.o
rspeed              0x4               srv.o
base_speed2         0x4               srv.o
frame_diff_flag     0x4               srv.o
ix                  0x4               srv.o
Y1                  0x80              jpeg.o

Memory Configuration

Name             Origin             Length             Attributes
ram              0x00000000         0x02000000         xrw
l1code           0xffa00000         0x00010000         x
l1data_a         0xff800000         0x00008000         rw
l1data_b         0xff900000         0x00008000         rw
scratchpad       0xffb00000         0x00001000         rw
*default*        0x00000000         0xffffffff

Linker script and memory map


.sdram.text
 camera.o(.sdram.text)
 edit.o(.sdram.text)
 i2c.o(.sdram.text)
 stm_m25p32.o(.sdram.text)
 printf.o(.sdram.text)
 xmodem.o(.sdram.text)
 gps.o(.sdram.text)
 myfunc.o(.sdram.text)
 *(.gnu.warning)

.l1code         0xffa00000     0x69a8
 main.o(.text)
 .text          0xffa00000      0x2b4 main.o
                0xffa00000                main
 math.o(.text)
 .text          0xffa002b4      0x200 math.o
                0xffa00380                __umodsi3
                0xffa003b2                __divsi3
                0xffa002b4                __udivsi3
 malloc.o(.text)
 .text          0xffa004b4      0x1a4 malloc.o
                0xffa00590                morecore
                0xffa00508                free
                0xffa004b4                init_heap
                0xffa004f4                sbrk
                0xffa005d4                malloc
 srv.o(.text)
 .text          0xffa00658     0x2fe8 srv.o
                0xffa016e4                motor_command
                0xffa02250                process_i2c
                0xffa02388                restore_video
                0xffa0258c                xmodem_receive
                0xffa01050                clearRTC
                0xffa01170                delayUS
                0xffa023b0                invert_video
                0xffa00890                grab_reference_frame
                0xffa01060                delayMS
                0xffa01878                set_edge_thresh
                0xffa011e4                delayNS
                0xffa00c08                setPPM1
                0xffa012f8                rand
                0xffa024c8                read_user_sector
                0xffa00e44                initRTC
                0xffa0287c                serial_out_flashbuffer
                0xffa025d0                camera_reset
                0xffa023d8                write_boot_flash
                0xffa008c4                initPWM
                0xffa009ac                init_sonar
                0xffa01274                check_failsafe
                0xffa01a1c                show_stack_ptr
                0xffa02f0c                process_colors
                0xffa01dd0                laser_range
                0xffa01a04                show_heap_ptr
                0xffa01834                overlay_on
                0xffa00b68                setPWM2
                0xffa01960                lasers_off
                0xffa0071c                clear_sdram
                0xffa00760                led1_on
                0xffa017d0                change_image_quality
                0xffa00744                stack_remaining
                0xffa00d80                check_bounds_0_100
                0xffa00868                move_image
                0xffa0243c                write_user_sector
                0xffa01a2c                process_neuralnet
                0xffa0162c                motor2_command
                0xffa0143c                ppm2_command
                0xffa00a7c                setPWM
                0xffa00928                initPWM2
                0xffa02234                show_laser_range
                0xffa02560                crc_flash_buffer
                0xffa028e4                send_frame
                0xffa01938                check_battery
                0xffa015b4                motor_increase_base_speed
                0xffa0190c                ping_sonar
                0xffa0179c                clear_flash_buffer
                0xffa013e8                enable_failsafe
                0xffa01980                lasers_on
                0xffa0149c                ppm1_command
                0xffa014fc                motor_action
                0xffa00e64                readRTC
                0xffa00d9c                motor_trim_right
                0xffa00750                led0_on
                0xffa00df0                motor_trim_left
                0xffa00658                init_io
                0xffa019bc                serial_out_version
                0xffa00ed8                sonar
                0xffa00770                compute_frame_diff
                0xffa02584                launch_editor
                0xffa018a8                enable_edge_detect
                0xffa02e64                grab_frame
                0xffa018d0                enable_segmentation
                0xffa0249c                write_user_flash
                0xffa01090                motor_set
                0xffa00978                initTMR4
                0xffa009d4                initPPM1
                0xffa00cc4                setPPM2
                0xffa0153c                motor_decrease_base_speed
                0xffa00a28                initPPM2
                0xffa019a0                serial_out_time
                0xffa007c8                set_caption
                0xffa0184c                disable_frame_diff
                0xffa006f0                reset_cpu
                0xffa02520                read_user_flash
                0xffa013a4                isqrt
                0xffa0125c                reset_failsafe_clock
                0xffa013d0                disable_failsafe
                0xffa0181c                overlay_off
                0xffa018e8                enable_frame_diff
                0xffa027a8                camera_setup
 uart.o(.text)
 .text          0xffa03640      0x2f8 uart.o
                0xffa0379c                uart1SendChar
                0xffa03810                uart1GetCh
                0xffa03778                uart0GetChar
                0xffa03738                uart0SendChars
                0xffa0375c                uart0GetCh
                0xffa0370c                uart0SendString
                0xffa036dc                uart0SendChar
                0xffa037ec                uart1SendChars
                0xffa03640                init_uart0
                0xffa03850                printNumber
                0xffa037c0                uart1SendString
                0xffa0382c                uart1GetChar
                0xffa0368c                init_uart1
 float.o(.text)
 .text          0xffa03938      0xbb4 float.o
                0xffa03938                bytesToFloat
                0xffa042b0                printFloat
                0xffa0406c                bigMulti
                0xffa04214                power
                0xffa03ed4                isOne
                0xffa03968                minus
                0xffa0422c                printBinary
                0xffa03f80                intToFloat
                0xffa03974                divFloat
                0xffa0395c                parseFloat
                0xffa044c4                printExponent
                0xffa0426c                printMantissa
                0xffa03f74                lteFloat
                0xffa03a30                addFloat
                0xffa040f0                mulFloat
                0xffa03ee4                gteFloat
                0xffa03d24                subFloat
                0xffa04454                floatInBinary
 colors.o(.text)
 .text          0xffa044ec      0xcd4 colors.o
                0xffa04698                vmean
                0xffa04914                edge_detect
                0xffa04ab4                svs_segcode
                0xffa04760                color_segment
                0xffa04ca8                vblob
                0xffa04570                blob_merge
                0xffa04c0c                svs_segview
                0xffa044ec                init_colors
                0xffa045cc                vhist
                0xffa0453c                vpix
 jpeg.o(.text)
 .text          0xffa051c0      0xdc4 jpeg.o
                0xffa05d8c                DCT
                0xffa05780                close_bitstream
                0xffa05da0                encodeMCU
                0xffa052b8                huffman
                0xffa057f4                write_markers
                0xffa05e9c                encode_image
                0xffa05a14                initialize_quantization_tables
                0xffa05bd8                read_422_format
                0xffa051c0                initialization
                0xffa05298                levelshift
                0xffa05b08                quantization
                0xffa05b58                read_400_format
 r8x8dct.o(.text)
 *fill*         0xffa05f84        0x4 00
 .text          0xffa05f88       0xf0 r8x8dct.o
                0xffa05f88                _r8x8dct
 spi.o(.text)
 .text          0xffa06078      0x1e8 spi.o
                0xffa06160                svs_master
                0xffa06078                svs_slave
 uart.o(.text)
 setjmp.o(.text)
 .text          0xffa06260      0x184 setjmp.o
                0xffa06260                longjmp
                0xffa06328                setjmp
 neural.o(.text)
 .text          0xffa063e4      0x5c4 neural.o
                0xffa06784                nnpack8x8
                0xffa06970                nninit_network
                0xffa06800                nndisplay
                0xffa0647c                f_logic
                0xffa064dc                nncalculate_network
                0xffa065c4                nncalculate_errors
                0xffa06894                nntrain_network
                0xffa06880                nninit_pattern
                0xffa063e4                nnset_pattern
                0xffa06678                nnscale8x8

.text           0x00000000     0x6e88
 .text          0x00000000       0xf0 camera.o
                0x00000000                camera_init
                0x000000a8                camera_start
                0x000000cc                camera_stop
 .text          0x000000f0      0x340 edit.o
                0x00000288                insert_char
                0x00000138                find_next_line
                0x00000300                edit
                0x000001d4                find_buffer_end
                0x000000f0                delete_char
                0x0000021c                print_lines
                0x000002e0                print_help
                0x00000188                find_previous_line
 .text          0x00000430      0x1c8 i2c.o
                0x00000430                i2cwrite
                0x00000500                i2cread
 .text          0x000005f8      0x4d4 stm_m25p32.o
                0x000006d4                SetupSPI
                0x00000794                spi_read
                0x0000082c                Wait_For_WEL
                0x000006b4                SPI_OFF
                0x00000894                WriteFlash
                0x00000a00                spi_write
                0x00000604                spi_init_r
                0x00000984                EraseBlock
                0x000007f4                Wait_For_Status
                0x00000650                GetSectorNumber
                0x00000930                WriteData
                0x000005f8                spi_init_f
                0x000007b0                ReadStatusRegister
                0x00000860                SendSingleCommand
                0x00000704                ReadData
                0x00000610                Wait_For_SPIF
                0x00000678                udelay
 .text          0x00000acc      0x338 printf.o
                0x00000dc8                sprintf
                0x00000de4                printf
 .text          0x00000e04      0x4fc xmodem.o
                0x00000e90                xmodemTransmit
                0x00000e40                _inbyte
                0x00000e04                crc16_ccitt
                0x00001108                xmodemReceive
 .text          0x00001300      0x5e4 gps.o
                0x00001300                gps_parse
                0x00001840                gps_show
 .text          0x000018e4       0x28 myfunc.o
                0x000018e4                myfunc
 .text          0x0000190c       0xd0 init.o
                0x0000190c                initcode
 .text          0x000019dc      0x3a4 string.o
                0x000019dc                strcmp
                0x00001d00                strtok_r
                0x00001a58                strncpy
                0x00001a90                atoi
                0x00001c10                memcpy
                0x00001c2c                memset
                0x00001c40                ctoi
                0x00001b74                itoa
                0x00001d58                strdup
                0x00001b3c                reverse
                0x00001c88                strpbrk
                0x00001a30                strchr
                0x00001a48                strcpy
                0x00001cc0                strspn
                0x000019fc                strncmp
                0x00001c04                isdigit
                0x00001b1c                strlen
                0x00001c58                atoi_b16
 .text          0x00001d80      0x13c picoc/picoc.o
                0x00001df8                picoc
                0x00001da0                Initialise
                0x00001d80                Cleanup
 .text          0x00001ebc      0x28c picoc/table.o
                0x00002090                TableStrRegister
                0x00001ef8                TableGet
                0x00001f7c                TableStrFree
                0x00001fc0                TableSetIdentifier
                0x000020f8                TableInitTable
                0x0000207c                TableStrRegister2
                0x00001f2c                TableDelete
                0x000020ac                TableSet
                0x0000210c                TableInit
 .text          0x00002148      0xdac picoc/lex.o
                0x00002490                LexInteractiveClear
                0x00002ec8                LexInit
                0x00002628                LexGetCharacterConstant
                0x00002400                LexInitParser
                0x0000267c                LexGetWord
                0x000024dc                LexCleanup
                0x00002148                LexCheckReservedWord
                0x0000242c                LexInteractiveCompleted
                0x000024e4                LexCopyTokens
                0x0000241c                LexInteractiveStatementPrompt
                0x00002294                LexUnEscapeCharacter
                0x00002e94                LexToEndOfLine
                0x000021ac                LexGetNumber
                0x00002170                IsBaseDigit
                0x00002bb0                LexAnalyse
                0x00002bd4                LexGetToken
                0x00002364                LexSkipComment
                0x000023dc                LexTokenSize
                0x00002810                LexScanGetToken
                0x00002afc                LexTokenise
                0x000026f8                LexGetStringConstant
 .text          0x00002ef4      0xbc8 picoc/parse.o
                0x00002fbc                ParseFunctionDefinition
                0x000038a0                ParseBlock
                0x000031dc                ParseDeclaration
                0x00002f04                ParseCleanup
                0x00002ef4                ParserCopyPos
                0x00003928                ParseStatementMaybeRun
                0x0000395c                ParseFor
                0x00003818                Parse
                0x00003340                ParseStatement
                0x00002f18                ParseMacroDefinition
                0x000037a4                ParseInteractive
 .text          0x00003abc      0xb5c picoc/expression.o
                0x00004350                ExpressionParseInt
                0x00003abc                ParsePushInt
                0x00003ae4                ExpressionParseValue
                0x000043bc                ExpressionParseFunctionCall
                0x00003f54                ExpressionParse
 .text          0x00004618      0x23c picoc/heap.o
                0x000046cc                HeapFree
                0x00004800                HeapAllocStack
                0x0000468c                HeapPushStackFrame
                0x000046ac                HeapPopStackFrame
                0x00004724                HeapAlloc
                0x00004664                HeapPopStack
                0x00004618                HeapInit
 .text          0x00004854      0x7e4 picoc/type.o
                0x0000487c                TypeStackSizeValue
                0x00004924                TypeInit
                0x00004fe8                TypeCleanupNode
                0x000048ac                TypeAddBaseType
                0x00004bbc                TypeParseStruct
                0x0000502c                TypeCleanup
                0x00004890                TypeSize
                0x00004e14                TypeParse
                0x00004e40                TypeParseIdentPart
                0x000049ec                TypeGetMatching
                0x00004d7c                TypeParseFront
                0x00004854                TypeSizeValue
                0x000048e0                TypeAdd
                0x00004a60                TypeParseEnum
 .text          0x00005038      0x5b8 picoc/variable.o
                0x00005074                VariableDefined
                0x00005308                VariableStackPop
                0x0000512c                VariableStackFramePop
                0x0000541c                VariableAllocValueAndData
                0x00005454                VariableDefinePlatformVar
                0x00005248                VariableFree
                0x000052e8                VariableCleanup
                0x00005038                VariableStringLiteralDefine
                0x000055a4                VariableAllocValueFromType
                0x000052a4                VariableTableCleanup
                0x0000504c                VariableStringLiteralGet
                0x000051f8                VariableInit
                0x0000517c                VariableStackFrameAdd
                0x000050d0                VariableGet
                0x000054f8                VariableAllocValueAndCopy
                0x000053f4                VariableAllocValueShared
                0x000053bc                VariableAllocValueFromExistingData
                0x00005374                VariableAlloc
                0x00005540                VariableDefine
 .text          0x000055f0      0x2dc picoc/clibrary.o
                0x0000570c                LibPrintf
                0x00005618                PrintInt
                0x000055f0                PrintStr
                0x000056c0                LibGets
                0x00005840                LibraryInit
                0x000056a8                LibGetc
 .text          0x000058cc     0x13a8 picoc/library_surveyor.o
                0x00005c68                Ctan
                0x00006698                Cvrcap
                0x0000637c                Cwritei2c
                0x000066bc                Csonar
                0x00006378                Cnninit
                0x00005a8c                Csin
                0x000058e0                Cioread
                0x00006120                Cnnmatchblob
                0x00005998                Claser
                0x000066a0                Crange
                0x0000649c                Cgps
                0x000059fc                Cvcolor
                0x00006814                Cmotors2
                0x000060f0                Cnnshow
                0x0000679c                Cservos
                0x00005b78                Ccos
                0x00005ebc                Cacos
                0x00006724                Cservos2
                0x00006428                Ccompass
                0x000068b4                Cmotors
                0x00005f8c                Casin
                0x0000595c                Cpoke
                0x0000669c                Cvcap
                0x0000664c                Cvpix
                0x000059dc                Cbattery
                0x00005d84                Catan
                0x00006048                Cnnlearnblob
                0x000063f0                Creadi2c
                0x000063b0                Creadi2c2
                0x00005908                Cpeek
                0x000069ac                Cinput
                0x0000696c                Crand
                0x00006954                Ctime
                0x000062f0                Cnntrain
                0x00005a78                Cvdiff
                0x000058cc                Ciodir
                0x00006994                Cdelay
                0x00006514                Cvblob
                0x000069f8                PlatformLibraryInit
                0x0000622c                Cnntest
                0x00005e70                Cnnset
                0x000058f4                Ciowrite
                0x000069c8                Csignal
                0x0000660c                Cvmean
 .text          0x00006c74      0x16c picoc/platform.o
                0x00006d44                PlatformPrintf
                0x00006d60                LexFail
                0x00006c74                PlatformVPrintf
                0x00006d9c                ProgramFail
 .text          0x00006de0       0xa8 picoc/platform_surveyor.o
                0x00006e18                PlatformPutc
                0x00006e20                PlatformGetLine
                0x00006de0                PlatformCleanup
                0x00006e08                PlatformGetCharacter
                0x00006dec                PlatformExit

.l1data         0xff800000     0x16d4
 *(.data)
 .data          0xff800000        0x0 camera.o
 .data          0xff800000        0x0 edit.o
 .data          0xff800000        0x0 i2c.o
 .data          0xff800000        0x0 stm_m25p32.o
 .data          0xff800000        0x0 printf.o
 .data          0xff800000        0x0 xmodem.o
 .data          0xff800000        0x0 gps.o
 .data          0xff800000        0x0 myfunc.o
 .data          0xff800000        0x0 main.o
 .data          0xff800000        0x0 math.o
 .data          0xff800000        0x0 malloc.o
 .data          0xff800000      0xa84 srv.o
                0xff800462                vhpel
                0xff800408                version_string
                0xff800008                font8x8
                0xff800000                fontmask
                0xff800430                frame
                0xff800450                hhpel
                0xff800474                rand_seed
 .data          0xff800a84        0x0 uart.o
 .data          0xff800a84        0x0 float.o
 .data          0xff800a84        0x0 colors.o
 .data          0xff800a84      0x8f0 jpeg.o
                0xff8012b4                zigzag_table
                0xff800adc                chrominance_dc_size_table
                0xff800d7c                chrominance_ac_code_table
                0xff800c38                luminance_ac_size_table
                0xff800af4                luminance_ac_code_table
                0xff800aac                luminance_dc_size_table
                0xff800ac4                chrominance_dc_code_table
                0xff8012f4                luminance_quant_table
                0xff801104                markerdata
                0xff800a94                luminance_dc_code_table
                0xff800a84                fdct_coeff
                0xff801334                chrominance_quant_table
                0xff801004                bitsize
                0xff800ec0                chrominance_ac_size_table
 .data          0xff801374        0x0 r8x8dct.o
 .data          0xff801374        0x0 spi.o
 .data          0xff801374        0x0 setjmp.o
 .data          0xff801374       0x8c neural.o
                0xff801378                npattern
                0xff8013f8                nmask
                0xff801374                learn
 .data          0xff801400        0x0 init.o
 .data          0xff801400        0x0 string.o
 .data          0xff801400        0x0 picoc/picoc.o
 .data          0xff801400        0x0 picoc/table.o
 .data          0xff801400      0x148 picoc/lex.o
 .data          0xff801548        0x0 picoc/parse.o
 .data          0xff801548        0x0 picoc/expression.o
 .data          0xff801548        0xc picoc/heap.o
 .data          0xff801554        0x0 picoc/type.o
 .data          0xff801554        0x0 picoc/variable.o
 .data          0xff801554       0x20 picoc/clibrary.o
                0xff801554                CLibrary
 .data          0xff801574      0x160 picoc/library_surveyor.o
                0xff801574                PlatformLibrary
 .data          0xff8016d4        0x0 picoc/platform.o
 .data          0xff8016d4        0x0 picoc/platform_surveyor.o
 *(.l1data)
 *(.l1data.a)

.l1data.b
 *(.l1data.b)

.rodata         0xff8016d4     0x2388
 *(.rodata .rodata.* .gnu.linkonce.r.*)
 .rodata.str1.4
                0xff8016d4       0xb2 edit.o
                                 0xb4 (size before relaxing)
 *fill*         0xff801786        0x2 00
 .rodata        0xff801788       0x5c edit.o
 .rodata.str1.4
                0xff8017e4        0x7 printf.o
                                  0x8 (size before relaxing)
 *fill*         0xff8017eb        0x1 00
 .rodata        0xff8017ec      0x200 xmodem.o
 .rodata.str1.4
                0xff8019ec       0xaa gps.o
                                 0xac (size before relaxing)
 *fill*         0xff801a96        0x2 00
 .rodata.str1.4
                0xff801a98       0x14 myfunc.o
 .rodata        0xff801aac      0x23c main.o
 .rodata        0xff801ce8      0x104 srv.o
 .rodata.str1.4
                0xff801dec      0x5ea srv.o
                                0x5f8 (size before relaxing)
 *fill*         0xff8023d6        0x2 00
 .rodata        0xff8023d8       0x10 uart.o
 .rodata.str1.4
                0xff8023e8       0x33 float.o
                                 0x34 (size before relaxing)
 *fill*         0xff80241b        0x1 00
 .rodata.str1.4
                0xff80241c       0x27 colors.o
                                 0x28 (size before relaxing)
 *fill*         0xff802443        0x1 00
 .rodata.str1.4
                0xff802444       0x5b spi.o
                                 0x5c (size before relaxing)
 *fill*         0xff80249f        0x1 00
 .rodata.str1.4
                0xff8024a0        0x8 neural.o
                                  0xc (size before relaxing)
 .rodata.str1.4
                0xff8024a8       0x57 picoc/picoc.o
                                 0x58 (size before relaxing)
 *fill*         0xff8024ff        0x1 00
 .rodata.str1.4
                0xff802500        0xe picoc/table.o
                                 0x14 (size before relaxing)
 *fill*         0xff80250e        0x2 00
 .rodata        0xff802510      0x2cc picoc/lex.o
 .rodata.str1.4
                0xff8027dc       0xee picoc/lex.o
                                0x108 (size before relaxing)
 *fill*         0xff8028ca        0x2 00
 .rodata.str1.4
                0xff8028cc      0x1a1 picoc/parse.o
                                0x1a8 (size before relaxing)
 *fill*         0xff802a6d        0x3 00
 .rodata        0xff802a70       0x98 picoc/parse.o
 .rodata.str1.4
                0xff802b08      0x345 picoc/expression.o
                                0x38c (size before relaxing)
 *fill*         0xff802e4d        0x3 00
 .rodata        0xff802e50      0x1e0 picoc/expression.o
 .rodata.str1.4
                0xff803030      0x12d picoc/type.o
                                0x164 (size before relaxing)
 *fill*         0xff80315d        0x3 00
 .rodata        0xff803160       0x2c picoc/type.o
 .rodata.str1.4
                0xff80318c       0x43 picoc/variable.o
                                 0x6c (size before relaxing)
 *fill*         0xff8031cf        0x1 00
 .rodata.str1.4
                0xff8031d0       0x46 picoc/clibrary.o
                                 0x54 (size before relaxing)
 *fill*         0xff803216        0x2 00
 .rodata.str1.4
                0xff803218      0x6ce picoc/library_surveyor.o
                                0x6e4 (size before relaxing)
 *fill*         0xff8038e6        0x2 00
 .rodata        0xff8038e8      0x16c picoc/library_surveyor.o
 .rodata.str1.4
                0xff803a54        0x8 picoc/platform.o
                                  0xc (size before relaxing)
 .rodata.str1.4
                0x00000000       0x10 picoc/platform_surveyor.o

.data
 *(.data .data.* .gnu.linkonce.d.*)

.ctors
 *crtbegin*.o(.ctors)
 *(EXCLUDE_FILE(*crtend*.o) .ctors)
 *(SORT(.ctors.*))
 *(.ctors)

.dtors
 *crtbegin*.o(.dtors)
 *(EXCLUDE_FILE(*crtend*.o) .dtors)
 *(SORT(.dtors.*))
 *(.dtors)

.sdram.bss      0x00006e88        0x0
                0x00006e88                __sdram_bss_start = .
 *(.bss.sdram)
                0x00006e88                . = ALIGN (0x4)
                0x00006e88                __sdram_bss_end = .

.bss            0xff900000     0x37cc
                0xff900000                __bss_start = .
 *(.dynbss)
 *(.bss .bss.* .gnu.linkonce.b.*)
 .bss           0xff900000        0x0 camera.o
 .bss           0xff900000       0x10 edit.o
 .bss           0xff900010        0x0 i2c.o
 .bss           0xff900010        0x0 stm_m25p32.o
 .bss           0xff900010        0x0 printf.o
 .bss           0xff900010        0x0 xmodem.o
 .bss           0xff900010        0x0 gps.o
 .bss           0xff900010        0x0 myfunc.o
 .bss           0xff900010        0x0 main.o
 .bss           0xff900010        0x0 math.o
 .bss           0xff900010        0x4 malloc.o
                0xff900010                allocp
 .bss           0xff900014        0xc srv.o
                0xff900014                failsafe_mode
                0xff900018                uart1_flag
                0xff90001c                thumbnail_flag
 .bss           0xff900020        0x0 uart.o
 .bss           0xff900020        0x0 float.o
 .bss           0xff900020        0x0 colors.o
 .bss           0xff900020        0x8 jpeg.o
                0xff900020                lcode
                0xff900024                bitindex
 .bss           0xff900028        0x0 r8x8dct.o
 .bss           0xff900028        0x0 spi.o
 .bss           0xff900028        0x0 setjmp.o
 .bss           0xff900028        0x0 neural.o
 .bss           0xff900028        0x0 init.o
 .bss           0xff900028        0x0 string.o
 .bss           0xff900028        0x0 picoc/picoc.o
 .bss           0xff900028        0x4 picoc/table.o
                0xff900028                StrEmpty
 .bss           0xff90002c       0x3c picoc/lex.o
 .bss           0xff900068        0x4 picoc/parse.o
 .bss           0xff90006c        0x0 picoc/expression.o
 .bss           0xff90006c       0x24 picoc/heap.o
 .bss           0xff900090        0x0 picoc/type.o
 .bss           0xff900090        0x4 picoc/variable.o
                0xff900090                TopStackFrame
 .bss           0xff900094        0x0 picoc/clibrary.o
 .bss           0xff900094       0x4c picoc/library_surveyor.o
 .bss           0xff9000e0        0x0 picoc/platform.o
 .bss           0xff9000e0        0x0 picoc/platform_surveyor.o
 *(COMMON)
 COMMON         0xff9000e0       0x18 camera.o
                0xff9000e0                dlist2
                0xff9000ec                dlist1
 COMMON         0xff9000f8      0x406 xmodem.o
                0xff9000f8                xbuff
 *fill*         0xff9004fe        0x2 00
 COMMON         0xff900500       0x20 gps.o
                0xff900500                gps_gga
 COMMON         0xff900520       0x14 malloc.o
                0xff900520                base
                0xff900528                heap_end
                0xff90052c                heap_start
                0xff900530                heap_ptr
 COMMON         0xff900534       0xb4 srv.o
                0xff900534                imgWidth
                0xff900538                rfailsafe
                0xff90053c                j
                0xff900540                x_acc
                0xff900544                i
                0xff900548                segmentation_flag
                0xff90054c                pwm2_init
                0xff900550                sonar_data
                0xff900564                y_acc0
                0xff900568                quality
                0xff90056c                y_acc
                0xff900570                output_start
                0xff900574                pwm1_init
                0xff900578                image_size
                0xff90057c                pwm1_mode
                0xff900580                x_center
                0xff900584                lfailsafe
                0xff900588                edge_thresh
                0xff90058c                master
                0xff900590                base_speed
                0xff900594                rspeed2
                0xff900598                lspeed
                0xff90059c                overlay_flag
                0xff9005a0                lspeed2
                0xff9005a4                err1
                0xff9005a8                cp
                0xff9005ac                output_end
                0xff9005b0                pwm2_mode
                0xff9005b4                framecount
                0xff9005b8                x_acc0
                0xff9005bc                imgHead
                0xff9005c8                edge_detect_flag
                0xff9005cc                imgHeight
                0xff9005d0                failsafe_clock
                0xff9005d4                y_center
                0xff9005d8                rspeed
                0xff9005dc                base_speed2
                0xff9005e0                frame_diff_flag
                0xff9005e4                ix
 COMMON         0xff9005e8      0xf8c colors.o
                0xff9005e8                blobcnt
                0xff9006e4                ymax
                0xff900728                blobx1
                0xff900824                umax
                0xff900868                hist0
                0xff900c68                hist1
                0xff901068                blobix
                0xff901164                bloby2
                0xff901260                mean
                0xff90126c                vmax
                0xff9012b0                vmin
                0xff9012f4                bloby1
                0xff9013f0                blobx2
                0xff9014ec                ymin
                0xff901530                umin
 COMMON         0xff901574      0x584 jpeg.o
                0xff901574                Y2
                0xff9015f4                Temp
                0xff901674                Cqt
                0xff9016b4                Y3
                0xff901734                Y4
                0xff9017b4                ICqt
                0xff901834                ILqt
                0xff9018b4                CR
                0xff901934                Lqt
                0xff901974                CB
                0xff9019f4                fdct_temp
                0xff901a74                read_format
                0xff901a78                Y1
 COMMON         0xff901af8     0x1640 neural.o
                0xff901af8                weights
                0xff902ef8                teach_neurons
                0xff902f38                nerror
                0xff902fb8                neurons
 COMMON         0xff903138      0x18c picoc/table.o
                0xff903138                StringHashTable
                0xff9032bc                StringTable
 COMMON         0xff9032c4      0x14c picoc/type.o
                0xff9032c4                CharArrayType
                0xff9032c8                FunctionType
                0xff9032ec                EnumType
                0xff903310                VoidType
                0xff903334                MacroType
                0xff903358                Type_Type
                0xff90337c                CharType
                0xff9033a0                CharPtrType
                0xff9033a4                WordType
                0xff9033c8                IntType
                0xff9033ec                UberType
 COMMON         0xff903410      0x318 picoc/variable.o
                0xff903410                StringLiteralHashTable
                0xff903594                GlobalHashTable
                0xff903718                GlobalTable
                0xff903720                StringLiteralTable
 COMMON         0xff903728       0xa4 picoc/platform_surveyor.o
                0xff903728                ExitBuf
                0xff9037cc                . = ALIGN (0x4)
                0xff9037cc                __bss_end = .
                0xffb00ffc                . = 0xffb00ffc
                0xffb00ffc                PROVIDE (_supervisor_stack, .)
LOAD init.o
LOAD main.o
LOAD srv.o
LOAD uart.o
LOAD camera.o
LOAD jpeg.o
LOAD i2c.o
LOAD stm_m25p32.o
LOAD float.o
LOAD xmodem.o
LOAD colors.o
LOAD edit.o
LOAD malloc.o
LOAD string.o
LOAD spi.o
LOAD printf.o
LOAD myfunc.o
LOAD neural.o
LOAD gps.o
LOAD picoc/picoc.o
LOAD picoc/table.o
LOAD picoc/lex.o
LOAD picoc/parse.o
LOAD picoc/expression.o
LOAD picoc/heap.o
LOAD picoc/type.o
LOAD picoc/variable.o
LOAD picoc/clibrary.o
LOAD picoc/library_surveyor.o
LOAD picoc/platform.o
LOAD picoc/platform_surveyor.o
LOAD r8x8dct.o
LOAD math.o
LOAD setjmp.o
OUTPUT(srv1.bin elf32-bfin)

.comment        0x00000000      0x364
 .comment       0x00000000       0x1c camera.o
 .comment       0x0000001c       0x1c edit.o
 .comment       0x00000038       0x1c i2c.o
 .comment       0x00000054       0x1c stm_m25p32.o
 .comment       0x00000070       0x1c printf.o
 .comment       0x0000008c       0x1c xmodem.o
 .comment       0x000000a8       0x1c gps.o
 .comment       0x000000c4       0x1c myfunc.o
 .comment       0x000000e0       0x1c main.o
 .comment       0x000000fc       0x1c malloc.o
 .comment       0x00000118       0x1c srv.o
 .comment       0x00000134       0x1c uart.o
 .comment       0x00000150       0x1c float.o
 .comment       0x0000016c       0x1c colors.o
 .comment       0x00000188       0x1c jpeg.o
 .comment       0x000001a4       0x1c spi.o
 .comment       0x000001c0       0x1c neural.o
 .comment       0x000001dc       0x1c init.o
 .comment       0x000001f8       0x1c string.o
 .comment       0x00000214       0x1c picoc/picoc.o
 .comment       0x00000230       0x1c picoc/table.o
 .comment       0x0000024c       0x1c picoc/lex.o
 .comment       0x00000268       0x1c picoc/parse.o
 .comment       0x00000284       0x1c picoc/expression.o
 .comment       0x000002a0       0x1c picoc/heap.o
 .comment       0x000002bc       0x1c picoc/type.o
 .comment       0x000002d8       0x1c picoc/variable.o
 .comment       0x000002f4       0x1c picoc/clibrary.o
 .comment       0x00000310       0x1c picoc/library_surveyor.o
 .comment       0x0000032c       0x1c picoc/platform.o
 .comment       0x00000348       0x1c picoc/platform_surveyor.o
