
Allocating common symbols
Common symbol       size              file

imgWidth            0x4               srv.o
rfailsafe           0x4               srv.o
j                   0x4               srv.o
svs_calibration_offset_y
                    0x4               srv.o
Y2                  0x80              jpeg.o
x_acc               0x4               srv.o
i                   0x4               srv.o
blobcnt             0xfc              colors.o
segmentation_flag   0x4               srv.o
Temp                0x80              jpeg.o
row_peaks           0x4               stereo.o
Cqt                 0x40              jpeg.o
ymax                0x44              colors.o
blobx1              0xfc              colors.o
pwm2_init           0x4               srv.o
Y3                  0x80              jpeg.o
base                0x8               malloc.o
sonar_data          0x14              srv.o
svs_scale_num       0x4               srv.o
weights             0x1400            neural.o
teach_neurons       0x40              neural.o
nerror              0x80              neural.o
feature_y           0x4               stereo.o
CStdOut             0x10              picoc/clibrary.o
y_acc0              0x4               srv.o
StringHashTable     0x184             picoc/table.o
CharArrayType       0x4               picoc/type.o
Y4                  0x80              jpeg.o
FunctionType        0x24              picoc/type.o
umax                0x44              colors.o
ICqt                0x80              jpeg.o
calibration_map     0x4               stereo.o
hist0               0x400             colors.o
heap_end            0x4               malloc.o
quality             0x4               srv.o
ExitBuf             0xa4              picoc/platform_surveyor.o
y_acc               0x4               srv.o
output_start        0x4               srv.o
svs_matches         0x4               stereo.o
svs_data_received   0x4               stereo.o
hist1               0x400             colors.o
lcount              0x4               srv.o
pwm1_init           0x4               srv.o
image_size          0x4               srv.o
ILqt                0x80              jpeg.o
heap_start          0x4               malloc.o
pwm1_mode           0x4               srv.o
disparity_histogram
                    0x4               stereo.o
neurons             0x180             neural.o
svs_centre_of_disortion_x
                    0x4               srv.o
StringLiteralHashTable
                    0x184             picoc/variable.o
x_center            0x4               srv.o
blobix              0xfc              colors.o
row_sum             0x4               stereo.o
EnumType            0x24              picoc/type.o
VoidType            0x24              picoc/type.o
lfailsafe           0x4               srv.o
edge_thresh         0x4               srv.o
horizon_detect_flag
                    0x4               srv.o
master              0x4               srv.o
bloby2              0xfc              colors.o
mean                0xc               colors.o
base_speed          0x4               srv.o
svs_coeff           0x4               srv.o
rspeed2             0x4               srv.o
lspeed              0x4               srv.o
GlobalHashTable     0x184             picoc/variable.o
vmax                0x44              colors.o
CR                  0x80              jpeg.o
features_per_col    0x4               stereo.o
overlay_flag        0x4               srv.o
StringTable         0x8               picoc/table.o
lspeed2             0x4               srv.o
err1                0x4               srv.o
enable_stereo_flag  0x4               srv.o
cp                  0x4               srv.o
svs_data            0x4               stereo.o
Lqt                 0x40              jpeg.o
GlobalTable         0x8               picoc/variable.o
MacroType           0x24              picoc/type.o
CharType            0x24              picoc/type.o
output_end          0x4               srv.o
CB                  0x80              jpeg.o
pwm2_mode           0x4               srv.o
CharPtrType         0x4               picoc/type.o
stereo_processing_flag
                    0x4               srv.o
obstacle_detect_flag
                    0x4               srv.o
fdct_temp           0x80              jpeg.o
gps_gga             0x18              gps.o
StringLiteralTable  0x8               picoc/variable.o
framecount          0x4               srv.o
vmin                0x44              colors.o
heap_ptr            0x4               malloc.o
bloby1              0xfc              colors.o
svs_scale_denom     0x4               srv.o
svs_centre_of_disortion_y
                    0x4               srv.o
WordType            0x24              picoc/type.o
rcount              0x4               srv.o
x_acc0              0x4               srv.o
IntType             0x24              picoc/type.o
imgHead             0xb               srv.o
read_format         0x4               jpeg.o
stereo_sync_flag    0x4               srv.o
edge_detect_flag    0x4               srv.o
encoder_flag        0x4               srv.o
imgHeight           0x4               srv.o
UberType            0x24              picoc/type.o
failsafe_clock      0x4               srv.o
blobx2              0xfc              colors.o
svs_calibration_offset_x
                    0x4               srv.o
dlist2              0xc               camera.o
y_center            0x4               srv.o
valid_quadrants     0x4               stereo.o
xbuff               0x406             xmodem.o
dlist1              0xc               camera.o
disparity_priors    0x4               stereo.o
ymin                0x44              colors.o
umin                0x44              colors.o
rspeed              0x4               srv.o
base_speed2         0x4               srv.o
frame_diff_flag     0x4               srv.o
ix                  0x4               srv.o
Y1                  0x80              jpeg.o

Memory Configuration

Name             Origin             Length             Attributes
ram              0x00000000         0x02000000         xrw
l1code           0xffa00000         0x00010000         x
l1data_a         0xff800000         0x00008000         rw
l1data_b         0xff900000         0x00008000         rw
scratchpad       0xffb00000         0x00001000         rw
*default*        0x00000000         0xffffffff

Linker script and memory map


.sdram.text
 camera.o(.sdram.text)
 edit.o(.sdram.text)
 httpd.o(.sdram.text)
 i2c.o(.sdram.text)
 stm_m25p32.o(.sdram.text)
 printf.o(.sdram.text)
 xmodem.o(.sdram.text)
 float.o(.sdram.text)
 gps.o(.sdram.text)
 myfunc.o(.sdram.text)
 *(.gnu.warning)

.l1code         0xffa00000     0x9900
 main.o(.text)
 .text          0xffa00000      0x3cc main.o
                0xffa00000                main
 math.o(.text)
 .text          0xffa003cc      0x200 math.o
                0xffa00498                __umodsi3
                0xffa004ca                __divsi3
                0xffa003cc                __udivsi3
 malloc.o(.text)
 .text          0xffa005cc      0x1a4 malloc.o
                0xffa006a8                morecore
                0xffa00620                free
                0xffa005cc                init_heap
                0xffa0060c                sbrk
                0xffa006ec                malloc
 srv.o(.text)
 .text          0xffa00770     0x4060 srv.o
                0xffa01ec0                motor_command
                0xffa029b8                process_i2c
                0xffa02394                restore_video
                0xffa02f80                xmodem_receive
                0xffa013c4                clearRTC
                0xffa014e0                delayUS
                0xffa03900                motion_vect80x64
                0xffa023bc                invert_video
                0xffa00a34                grab_reference_frame
                0xffa013d4                delayMS
                0xffa01fc4                set_edge_thresh
                0xffa01550                delayNS
                0xffa00f2c                setPPM1
                0xffa017f4                rand
                0xffa01cac                testSD
                0xffa02918                tilt
                0xffa02ebc                read_user_sector
                0xffa01160                initRTC
                0xffa03298                serial_out_flashbuffer
                0xffa00a84                move_yuv422_to_planar
                0xffa02fec                camera_reset
                0xffa04758                check_for_autorun
                0xffa023e4                init_tilt
                0xffa02dcc                write_boot_flash
                0xffa0298c                read_tilt
                0xffa00be0                initPWM
                0xffa00cc8                init_sonar
                0xffa015dc                check_failsafe
                0xffa01c9c                show_stack_ptr
                0xffa02894                read_compass
                0xffa03d1c                process_colors
                0xffa02414                laser_range
                0xffa01c84                show_heap_ptr
                0xffa01a58                overlay_on
                0xffa00e8c                setPWM2
                0xffa01be0                lasers_off
                0xffa00900                check_stereo_sync
                0xffa008ac                clear_sdram
                0xffa008f0                led1_on
                0xffa01f78                change_image_quality
                0xffa008d4                stack_remaining
                0xffa010a4                check_bounds_0_100
                0xffa00a0c                move_image
                0xffa02e30                write_user_sector
                0xffa01ff4                process_neuralnet
                0xffa01e08                motor2_command
                0xffa01d48                ppm2_command
                0xffa00da0                setPWM
                0xffa00c44                initPWM2
                0xffa018a0                read_encoders
                0xffa02cb4                init_analog
                0xffa02878                show_laser_range
                0xffa02f54                crc_flash_buffer
                0xffa03384                send_frame
                0xffa01bb8                check_battery
                0xffa01998                motor_increase_base_speed
                0xffa01b88                ping_sonar
                0xffa00a68                copy_image
                0xffa01afc                enable_horizon_detect
                0xffa01698                encoders
                0xffa01a0c                clear_flash_buffer
                0xffa01cf4                enable_failsafe
                0xffa01c00                lasers_on
                0xffa01da8                ppm1_command
                0xffa018e4                motor_action
                0xffa01180                readRTC
                0xffa010c0                motor_trim_right
                0xffa008e0                led0_on
                0xffa01110                motor_trim_left
                0xffa00770                init_io
                0xffa01c3c                serial_out_version
                0xffa011f4                sonar
                0xffa01660                init_encoders
                0xffa00914                compute_frame_diff
                0xffa02f78                launch_editor
                0xffa03a84                motion_vect_test
                0xffa01b24                enable_edge_detect
                0xffa03b60                grab_frame
                0xffa01b4c                enable_segmentation
                0xffa02e90                write_user_flash
                0xffa03300                send_80x64planar
                0xffa01404                motor_set
                0xffa00c94                initTMR4
                0xffa00cf8                initPPM1
                0xffa00fe8                setPPM2
                0xffa01924                motor_decrease_base_speed
                0xffa00d4c                initPPM2
                0xffa01ad4                enable_obstacle_detect
                0xffa01c20                serial_out_time
                0xffa01abc                enable_stereo_processing
                0xffa0096c                set_caption
                0xffa01a70                disable_frame_diff
                0xffa00ac8                scale_image_to_80x64_planar
                0xffa00880                reset_cpu
                0xffa02f14                read_user_flash
                0xffa02b38                analog
                0xffa015c4                reset_failsafe_clock
                0xffa018cc                disable_failsafe
                0xffa02c78                read_analog
                0xffa01a40                overlay_off
                0xffa01b64                enable_frame_diff
                0xffa031c4                camera_setup
 uart.o(.text)
 .text          0xffa047d0      0x318 uart.o
                0xffa0493c                uart1SendChar
                0xffa049b0                uart1GetCh
                0xffa04908                uart0GetChar
                0xffa048c8                uart0SendChars
                0xffa048ec                uart0GetCh
                0xffa0489c                uart0SendString
                0xffa0486c                uart0SendChar
                0xffa0498c                uart1SendChars
                0xffa047d0                init_uart0
                0xffa0492c                uart0Signal
                0xffa04a00                printNumber
                0xffa04960                uart1SendString
                0xffa049cc                uart1GetChar
                0xffa049f0                uart1Signal
                0xffa0481c                init_uart1
 colors.o(.text)
 .text          0xffa04ae8     0x1228 colors.o
                0xffa04c94                vmean
                0xffa05008                edge_detect
                0xffa04f08                vfind
                0xffa051a0                svs_segcode
                0xffa0557c                vhorizon
                0xffa04d58                color_segment
                0xffa05440                addvect
                0xffa057fc                vblob
                0xffa04b6c                blob_merge
                0xffa053a8                svs_segview
                0xffa04ae8                init_colors
                0xffa052f0                vscan
                0xffa04bc8                vhist
                0xffa054cc                addline
                0xffa04b38                vpix
 jpeg.o(.text)
 .text          0xffa05d10      0xd9c jpeg.o
                0xffa068bc                DCT
                0xffa062b4                close_bitstream
                0xffa068d0                encodeMCU
                0xffa05dfc                huffman
                0xffa06328                write_markers
                0xffa069cc                encode_image
                0xffa06548                initialize_quantization_tables
                0xffa06708                read_422_format
                0xffa05d10                initialization
                0xffa05ddc                levelshift
                0xffa06638                quantization
                0xffa06688                read_400_format
 r8x8dct.o(.text)
 *fill*         0xffa06aac        0x4 00
 .text          0xffa06ab0       0xf0 r8x8dct.o
                0xffa06ab0                _r8x8dct
 motionvect.o(.text)
 .text          0xffa06ba0      0x950 motionvect.o
                0xffa07008                hpel
                0xffa07368                _mve_core
                0xffa07218                _hpel_core2
                0xffa070f8                _hpel_core1
                0xffa06ba0                _motionvect
 stereo.o(.text)
 .text          0xffa074f0     0x1cc8 stereo.o
                0xffa07da8                svs_rectify
                0xffa07824                svs_compute_descriptor
                0xffa08e08                svs_grab
                0xffa07e80                init_svs_matching_data
                0xffa075b0                svs_update_sums_vertical
                0xffa09010                svs_master
                0xffa08fa4                svs_send_features
                0xffa07b08                svs_show_matches
                0xffa08b44                svs_get_features_vertical
                0xffa0774c                svs_non_max_vertical
                0xffa07ed4                init_svs
                0xffa080f0                svs_filter
                0xffa07c0c                svs_make_map
                0xffa08354                svs_match
                0xffa074f0                svs_update_sums
                0xffa08cb4                svs_get_features
                0xffa09128                svs_receive_features
                0xffa08ec4                svs_slave
                0xffa07950                svs_show_features
                0xffa07674                svs_non_max
 uart.o(.text)
 setjmp.o(.text)
 .text          0xffa091b8      0x184 setjmp.o
                0xffa091b8                longjmp
                0xffa09280                setjmp
 neural.o(.text)
 .text          0xffa0933c      0x5c4 neural.o
                0xffa096dc                nnpack8x8
                0xffa098c8                nninit_network
                0xffa09758                nndisplay
                0xffa093d4                f_logic
                0xffa09434                nncalculate_network
                0xffa0951c                nncalculate_errors
                0xffa097ec                nntrain_network
                0xffa097d8                nninit_pattern
                0xffa0933c                nnset_pattern
                0xffa095d0                nnscale8x8

.text           0x00000000     0x9d88
 .text          0x00000000       0xf0 camera.o
                0x00000000                camera_init
                0x000000a8                camera_start
                0x000000cc                camera_stop
 .text          0x000000f0      0x33c edit.o
                0x00000288                insert_char
                0x00000138                find_next_line
                0x00000300                edit
                0x000001d4                find_buffer_end
                0x000000f0                delete_char
                0x0000021c                print_lines
                0x000002e0                print_help
                0x00000188                find_previous_line
 .text          0x0000042c      0x210 httpd.o
                0x0000042c                httpd
 .text          0x0000063c      0x290 i2c.o
                0x0000070c                i2cwritex
                0x0000063c                i2cwrite
                0x000007d4                i2cread
 .text          0x000008cc      0x4d4 stm_m25p32.o
                0x000009a8                SetupSPI
                0x00000a68                spi_read
                0x00000b00                Wait_For_WEL
                0x00000988                SPI_OFF
                0x00000b68                WriteFlash
                0x00000cd4                spi_write
                0x000008d8                spi_init_r
                0x00000c58                EraseBlock
                0x00000ac8                Wait_For_Status
                0x00000924                GetSectorNumber
                0x00000c04                WriteData
                0x000008cc                spi_init_f
                0x00000a84                ReadStatusRegister
                0x00000b34                SendSingleCommand
                0x000009d8                ReadData
                0x000008e4                Wait_For_SPIF
                0x0000094c                udelay
 .text          0x00000da0      0x334 printf.o
                0x0000109c                sprintf
                0x000010b8                printf
 .text          0x000010d4      0x4fc xmodem.o
                0x00001160                xmodemTransmit
                0x00001110                _inbyte
                0x000010d4                crc16_ccitt
                0x000013d8                xmodemReceive
 .text          0x000015d0      0xb9c float.o
                0x000015d0                bytesToFloat
                0x00001eb8                printFloat
                0x00001d04                bigMulti
                0x00001ea0                power
                0x00001b6c                isOne
                0x00001600                minus
                0x00002050                printBinary
                0x00001c18                intToFloat
                0x0000160c                divFloat
                0x000015f4                parseFloat
                0x00002100                printExponent
                0x00002128                printMantissa
                0x00001c0c                lteFloat
                0x000016c8                addFloat
                0x00001d80                mulFloat
                0x00001b7c                gteFloat
                0x000019bc                subFloat
                0x00002090                floatInBinary
 .text          0x0000216c      0xed8 gps.o
                0x00002318                tan
                0x00002540                atan
                0x00002700                gps_dist
                0x00002424                asin
                0x0000282c                read_ublox
                0x000024b0                acos
                0x00002638                gps_head
                0x00002248                cos
                0x0000216c                sin
                0x00002874                gps_parse
                0x00002f9c                gps_show
                0x0000260c                isqrt
 .text          0x00003044       0x28 myfunc.o
                0x00003044                myfunc
 .text          0x0000306c       0xd0 init.o
                0x0000306c                initcode
 .text          0x0000313c      0x3a0 string.o
                0x0000313c                strcmp
                0x0000345c                strtok_r
                0x000031b8                strncpy
                0x000031f0                atoi
                0x0000336c                memcpy
                0x00003388                memset
                0x0000339c                ctoi
                0x000032d4                itoa
                0x000034b4                strdup
                0x0000329c                reverse
                0x000033e4                strpbrk
                0x00003190                strchr
                0x000031a8                strcpy
                0x0000341c                strspn
                0x0000315c                strncmp
                0x00003360                isdigit
                0x0000327c                strlen
                0x000033b4                atoi_b16
 .text          0x000034dc      0x4f8 sdcard.o
                0x00003688                GetCardParams
                0x00003520                CloseSD
                0x000038ac                ReadMultipleBlocks
                0x00003768                EraseBlocks
                0x00003944                WriteMultipleBlocks
                0x000034dc                InitSD
                0x00003604                GetToken
                0x000037c0                WriteSector
                0x00003640                CardInit
                0x00003844                ReadSector
                0x00003580                SendCommand
                0x00003530                WriteByte
 .text          0x000039d4      0x140 picoc/picoc.o
                0x00003a50                picoc
                0x000039f4                Initialise
                0x000039d4                Cleanup
 .text          0x00003b14      0x28c picoc/table.o
                0x00003ce8                TableStrRegister
                0x00003b50                TableGet
                0x00003bd4                TableStrFree
                0x00003c18                TableSetIdentifier
                0x00003d50                TableInitTable
                0x00003cd4                TableStrRegister2
                0x00003b84                TableDelete
                0x00003d04                TableSet
                0x00003d64                TableInit
 .text          0x00003da0      0xf80 picoc/lex.o
                0x000041d8                LexInteractiveClear
                0x00004cf4                LexInit
                0x00004370                LexGetCharacterConstant
                0x0000414c                LexInitParser
                0x00003ef0                LexUnEscapeCharacterConstant
                0x000043c8                LexGetWord
                0x00004224                LexCleanup
                0x00003da0                LexCheckReservedWord
                0x0000417c                LexInteractiveCompleted
                0x0000422c                LexCopyTokens
                0x0000416c                LexInteractiveStatementPrompt
                0x00003f98                LexUnEscapeCharacter
                0x00004cc0                LexToEndOfLine
                0x00003dc8                LexGetNumber
                0x000049b8                LexAnalyse
                0x000049dc                LexGetToken
                0x00004098                LexSkipComment
                0x00004124                LexTokenSize
                0x00004578                LexScanGetToken
                0x000048f8                LexTokenise
                0x0000444c                LexGetStringConstant
 .text          0x00004d20      0xd44 picoc/parse.o
                0x00004dec                ParseFunctionDefinition
                0x0000584c                ParseBlock
                0x00005058                ParseDeclaration
                0x00004d34                ParseCleanup
                0x00004d20                ParserCopyPos
                0x000058d4                ParseStatementMaybeRun
                0x00005908                ParseFor
                0x000057d0                Parse
                0x000051e0                ParseStatement
                0x00004d48                ParseMacroDefinition
                0x0000574c                ParseInteractive
 .text          0x00005a64     0x13ec picoc/expression.o
                0x00005d14                ExpressionPostfixOperator
                0x00006b84                ExpressionParseInt
                0x00005c64                ExpressionPushInt
                0x00006080                ExpressionAssignToPointer
                0x0000615c                ExpressionAssign
                0x00005b10                ExpressionGetStructElement
                0x00005c9c                ExpressionStackPushDereference
                0x00005e80                ExpressionPrefixOperator
                0x00005abc                ExpressionStackPushOperator
                0x00005a70                ExpressionAssignInt
                0x00005a64                debugf
                0x000066d0                ExpressionStackCollapse
                0x00005ce4                ExpressionStackPushValueByType
                0x000067ec                ExpressionStackPushValue
                0x00006c04                ExpressionParseFunctionCall
                0x00006334                ExpressionInfixOperator
                0x00005aec                ExpressionStackPushValueNode
                0x00006810                ExpressionParse
                0x000067bc                ExpressionStackPushLValue
 .text          0x00006e50      0x24c picoc/heap.o
                0x00007054                HeapAllocStack
                0x00006edc                HeapPushStackFrame
                0x00006efc                HeapPopStackFrame
                0x00006f20                HeapFreeMem
                0x00006eb4                HeapPopStack
                0x00006e9c                HeapUnpopStack
                0x00006e50                HeapInit
                0x00006f78                HeapAllocMem
 .text          0x0000709c      0x8b0 picoc/type.o
                0x000070cc                TypeStackSizeValue
                0x000071a4                TypeInit
                0x000078fc                TypeCleanupNode
                0x00007134                TypeAddBaseType
                0x00007438                TypeParseStruct
                0x000070e8                TypeLastAccessibleOffset
                0x00007940                TypeCleanup
                0x0000710c                TypeSize
                0x00007714                TypeParse
                0x00007740                TypeParseIdentPart
                0x0000725c                TypeGetMatching
                0x000075f4                TypeParseFront
                0x0000709c                TypeSizeValue
                0x00007164                TypeAdd
                0x000072d0                TypeParseEnum
 .text          0x0000794c      0x680 picoc/variable.o
                0x00007aa4                VariableDefined
                0x00007cd8                VariableStackPop
                0x00007afc                VariableStackFramePop
                0x00007de0                VariableAllocValueAndData
                0x00007e18                VariableDefinePlatformVar
                0x00007c18                VariableFree
                0x00007cb8                VariableCleanup
                0x00007a10                VariableStringLiteralDefine
                0x00007ef8                VariableAllocValueFromType
                0x00007c74                VariableTableCleanup
                0x00007a24                VariableStringLiteralGet
                0x00007bc8                VariableInit
                0x00007b4c                VariableStackFrameAdd
                0x00007a4c                VariableGet
                0x00007eb4                VariableAllocValueAndCopy
                0x00007db8                VariableAllocValueShared
                0x00007d80                VariableAllocValueFromExistingData
                0x00007d38                VariableAlloc
                0x00007f44                VariableDefine
                0x0000794c                VariableDereferencePointer
 .text          0x00007fcc      0x644 picoc/clibrary.o
                0x000080d0                PrintType
                0x000084d0                LibPrintf
                0x00008098                PrintInt
                0x000081a0                LibExit
                0x00007ff0                PrintStr
                0x000081bc                LibGets
                0x00007fcc                SPutc
                0x00008018                PrintUnsigned
                0x00008434                LibSPrintf
                0x00008208                GenericPrintf
                0x00007fe4                PrintCh
                0x0000856c                LibraryInit
                0x000084f4                CLibraryInit
                0x000081a4                LibGetc
 .text          0x00008610     0x1388 picoc/library_surveyor.o
                0x00008d5c                Ctan
                0x00009330                Cvrcap
                0x00008dbc                Cwritei2c
                0x00009398                Csonar
                0x00008c30                Cnninit
                0x00008d9c                Csin
                0x00009630                Cencoders
                0x00008640                Cioread
                0x000089c4                Cnnmatchblob
                0x00008708                Claser
                0x00008df0                Cvcam
                0x00009270                Cvscan
                0x0000937c                Crange
                0x00008eb4                Cgps
                0x0000876c                Cvcolor
                0x000094f0                Cmotors2
                0x00008c34                Csqrt
                0x00008994                Cnnshow
                0x00009478                Cservos
                0x00008d7c                Ccos
                0x00008ce4                Cacos
                0x00009400                Cservos2
                0x000090a8                Ccompass
                0x00008814                Cautorun
                0x00009590                Cmotors
                0x00008f14                Canalog
                0x00008d20                Casin
                0x000086cc                Cpoke
                0x00009334                Cvcap
                0x00008c88                Cgps_head
                0x000092e4                Cvpix
                0x00008884                Cexit
                0x0000874c                Cbattery
                0x00008cbc                Catan
                0x00009070                Ctilt
                0x000088ec                Cnnlearnblob
                0x00008e7c                Creadi2c
                0x00008e3c                Creadi2c2
                0x00008678                Cpeek
                0x00009680                Cinput
                0x00009658                Crand
                0x000087fc                Ctime
                0x00009338                Cvfind
                0x00008ba8                Cnntrain
                0x000087e8                Cvdiff
                0x00008610                Ciodir
                0x00009124                Cdelay
                0x0000913c                Cvblob
                0x000096c8                PlatformLibraryInit
                0x00008ad8                Cnntest
                0x000088a0                Cnnset
                0x00008658                Ciowrite
                0x00008c54                Cgps_dist
                0x0000969c                Csignal
                0x00009230                Cvmean
 .text          0x00009998      0x348 picoc/platform.o
                0x00009a8c                PlatformPrintf
                0x00009bcc                LexFail
                0x00009aa8                PrintSourceTextErrorLine
                0x00009c48                AssignFail
                0x00009998                PlatformVPrintf
                0x00009c08                ProgramFail
 .text          0x00009ce0       0xa8 picoc/platform_surveyor.o
                0x00009d18                PlatformPutc
                0x00009d20                PlatformGetLine
                0x00009ce0                PlatformCleanup
                0x00009d08                PlatformGetCharacter
                0x00009cec                PlatformExit

.l1data         0xff800000     0x1890
 *(.data)
 .data          0xff800000        0x0 camera.o
 .data          0xff800000        0x0 edit.o
 .data          0xff800000      0x16c httpd.o
                0xff800134                index_body2
                0xff800114                index_jpeg2
                0xff800000                index_head
                0xff8000c8                index_body1
                0xff8000f0                index_jpeg1
 .data          0xff80016c        0x0 i2c.o
 .data          0xff80016c        0x0 stm_m25p32.o
 .data          0xff80016c        0x0 printf.o
 .data          0xff80016c        0x0 xmodem.o
 .data          0xff80016c        0x0 float.o
 .data          0xff80016c        0x0 gps.o
 .data          0xff80016c        0x0 myfunc.o
 .data          0xff80016c        0x0 main.o
 .data          0xff80016c        0x0 math.o
 .data          0xff80016c        0x0 malloc.o
 .data          0xff80016c      0xa6c srv.o
                0xff800574                version_string
                0xff800174                font8x8
                0xff80016c                fontmask
                0xff8005a8                frame
                0xff8005c8                rand_seed
 .data          0xff800bd8        0x0 uart.o
 .data          0xff800bd8        0x0 colors.o
 .data          0xff800bd8      0x8f0 jpeg.o
                0xff801408                zigzag_table
                0xff800c30                chrominance_dc_size_table
                0xff800ed0                chrominance_ac_code_table
                0xff800d8c                luminance_ac_size_table
                0xff800c48                luminance_ac_code_table
                0xff800c00                luminance_dc_size_table
                0xff800c18                chrominance_dc_code_table
                0xff801448                luminance_quant_table
                0xff801258                markerdata
                0xff800be8                luminance_dc_code_table
                0xff800bd8                fdct_coeff
                0xff801488                chrominance_quant_table
                0xff801158                bitsize
                0xff801014                chrominance_ac_size_table
 .data          0xff8014c8        0x0 r8x8dct.o
 .data          0xff8014c8        0x0 motionvect.o
 .data          0xff8014c8        0x0 stereo.o
 .data          0xff8014c8        0x0 setjmp.o
 .data          0xff8014c8       0x8c neural.o
                0xff8014cc                npattern
                0xff80154c                nmask
                0xff8014c8                learn
 .data          0xff801554        0x0 init.o
 .data          0xff801554        0x0 string.o
 .data          0xff801554        0x0 sdcard.o
 .data          0xff801554        0x0 picoc/picoc.o
 .data          0xff801554        0x0 picoc/table.o
 .data          0xff801554      0x148 picoc/lex.o
 .data          0xff80169c        0x0 picoc/parse.o
 .data          0xff80169c        0x0 picoc/expression.o
 .data          0xff80169c       0x10 picoc/heap.o
                0xff8016a0                HeapMemStart
                0xff80169c                HeapStackTop
 .data          0xff8016ac        0x0 picoc/type.o
 .data          0xff8016ac        0x0 picoc/variable.o
 .data          0xff8016ac       0x34 picoc/clibrary.o
                0xff8016ac                CLibrary
 .data          0xff8016e0      0x1b0 picoc/library_surveyor.o
                0xff8016e0                PlatformLibrary
 .data          0xff801890        0x0 picoc/platform.o
 .data          0xff801890        0x0 picoc/platform_surveyor.o
 *(.l1data)
 *(.l1data.a)

.l1data.b
 *(.l1data.b)

.rodata         0xff801890     0x3120
 *(.rodata .rodata.* .gnu.linkonce.r.*)
 .rodata.str1.4
                0xff801890       0xb2 edit.o
                                 0xb4 (size before relaxing)
 *fill*         0xff801942        0x2 00
 .rodata        0xff801944       0x5c edit.o
 .rodata.str1.4
                0xff8019a0       0x55 httpd.o
                                 0x5c (size before relaxing)
 .rodata        0xff8019f5       0x40 httpd.o
 *fill*         0xff801a35        0x3 00
 .rodata.str1.4
                0xff801a38        0x7 printf.o
                                  0x8 (size before relaxing)
 *fill*         0xff801a3f        0x1 00
 .rodata        0xff801a40      0x200 xmodem.o
 .rodata.str1.4
                0xff801c40       0x3b float.o
                                 0x40 (size before relaxing)
 *fill*         0xff801c7b        0x1 00
 .rodata.str1.4
                0xff801c7c       0xa6 gps.o
                                 0xa8 (size before relaxing)
 *fill*         0xff801d22        0x2 00
 .rodata        0xff801d24      0x16c gps.o
 .rodata.str1.4
                0xff801e90       0x14 myfunc.o
 .rodata.str1.4
                0xff801ea4       0x21 main.o
                                 0x24 (size before relaxing)
 *fill*         0xff801ec5        0x3 00
 .rodata        0xff801ec8      0x388 main.o
 .rodata        0xff802250      0x1c4 srv.o
 .rodata.str1.4
                0xff802414      0x7a8 srv.o
                                0x7b0 (size before relaxing)
 .rodata        0xff802bbc       0x10 uart.o
 .rodata.str1.4
                0xff802bcc       0x53 colors.o
                                 0x54 (size before relaxing)
 *fill*         0xff802c1f        0x1 00
 .rodata.str1.4
                0xff802c20      0x282 stereo.o
                                0x284 (size before relaxing)
 *fill*         0xff802ea2        0x2 00
 .rodata        0xff802ea4      0x1f0 stereo.o
                0xff802ea4                pixel_offsets
                0xff802f94                BitsSetTable256
 .rodata.str1.4
                0xff803094        0x4 neural.o
                                  0xc (size before relaxing)
 .rodata.str1.4
                0xff803098       0x57 picoc/picoc.o
                                 0x58 (size before relaxing)
 *fill*         0xff8030ef        0x1 00
 .rodata.str1.4
                0xff8030f0        0xe picoc/table.o
                                 0x14 (size before relaxing)
 *fill*         0xff8030fe        0x2 00
 .rodata        0xff803100      0x2e8 picoc/lex.o
 .rodata.str1.4
                0xff8033e8       0xe6 picoc/lex.o
                                0x108 (size before relaxing)
 *fill*         0xff8034ce        0x2 00
 .rodata.str1.4
                0xff8034d0      0x1c9 picoc/parse.o
                                0x1d0 (size before relaxing)
 *fill*         0xff803699        0x3 00
 .rodata        0xff80369c       0xd0 picoc/parse.o
 .rodata.str1.4
                0xff80376c      0x3a6 picoc/expression.o
                                0x3f4 (size before relaxing)
 *fill*         0xff803b12        0x2 00
 .rodata        0xff803b14      0x288 picoc/expression.o
 .rodata.str1.4
                0xff803d9c      0x12d picoc/type.o
                                0x164 (size before relaxing)
 *fill*         0xff803ec9        0x3 00
 .rodata        0xff803ecc       0x30 picoc/type.o
 .rodata.str1.4
                0xff803efc       0x9b picoc/variable.o
                                 0xc4 (size before relaxing)
 *fill*         0xff803f97        0x1 00
 .rodata.str1.4
                0xff803f98       0xe0 picoc/clibrary.o
                                0x100 (size before relaxing)
 .rodata        0xff804078       0x84 picoc/clibrary.o
 .rodata.str1.4
                0xff8040fc      0x85e picoc/library_surveyor.o
                                0x874 (size before relaxing)
 .rodata        0xff80495a       0x10 picoc/library_surveyor.o
 *fill*         0xff80496a        0x2 00
 .rodata.str1.4
                0xff80496c       0x44 picoc/platform.o
                                 0x50 (size before relaxing)
 .rodata.str1.4
                0x00000000       0x10 picoc/platform_surveyor.o

.data
 *(.data .data.* .gnu.linkonce.d.*)

.ctors
 *crtbegin*.o(.ctors)
 *(EXCLUDE_FILE(*crtend*.o) .ctors)
 *(SORT(.ctors.*))
 *(.ctors)

.dtors
 *crtbegin*.o(.dtors)
 *(EXCLUDE_FILE(*crtend*.o) .dtors)
 *(SORT(.dtors.*))
 *(.dtors)

.sdram.bss      0x00009d88        0x0
                0x00009d88                __sdram_bss_start = .
 *(.bss.sdram)
                0x00009d88                . = ALIGN (0x4)
                0x00009d88                __sdram_bss_end = .

.bss            0xff900000     0x3a00
                0xff900000                __bss_start = .
 *(.dynbss)
 *(.bss .bss.* .gnu.linkonce.b.*)
 .bss           0xff900000        0x0 camera.o
 .bss           0xff900000       0x10 edit.o
 .bss           0xff900010      0x104 httpd.o
 .bss           0xff900114        0x0 i2c.o
 .bss           0xff900114        0x0 stm_m25p32.o
 .bss           0xff900114        0x0 printf.o
 .bss           0xff900114        0x0 xmodem.o
 .bss           0xff900114        0x0 float.o
 .bss           0xff900114        0x8 gps.o
 .bss           0xff90011c        0x0 myfunc.o
 .bss           0xff90011c        0x0 main.o
 .bss           0xff90011c        0x0 math.o
 .bss           0xff90011c        0x4 malloc.o
                0xff90011c                allocp
 .bss           0xff900120        0xc srv.o
                0xff900124                sonar_flag
                0xff900120                failsafe_mode
                0xff900128                uart1_flag
 .bss           0xff90012c        0x0 uart.o
 .bss           0xff90012c       0x50 colors.o
 .bss           0xff90017c        0x8 jpeg.o
                0xff90017c                lcode
                0xff900180                bitindex
 .bss           0xff900184        0x0 r8x8dct.o
 .bss           0xff900184        0x0 motionvect.o
 .bss           0xff900184        0x0 stereo.o
 .bss           0xff900184        0x0 setjmp.o
 .bss           0xff900184        0x0 neural.o
 .bss           0xff900184        0x0 init.o
 .bss           0xff900184        0x0 string.o
 .bss           0xff900184        0x0 sdcard.o
 .bss           0xff900184        0x0 picoc/picoc.o
 .bss           0xff900184        0x4 picoc/table.o
                0xff900184                StrEmpty
 .bss           0xff900188       0x44 picoc/lex.o
 .bss           0xff9001cc        0x4 picoc/parse.o
 .bss           0xff9001d0        0x0 picoc/expression.o
 .bss           0xff9001d0       0x24 picoc/heap.o
 .bss           0xff9001f4        0x0 picoc/type.o
 .bss           0xff9001f4        0x4 picoc/variable.o
                0xff9001f4                TopStackFrame
 .bss           0xff9001f8        0x4 picoc/clibrary.o
 .bss           0xff9001fc       0xcc picoc/library_surveyor.o
 .bss           0xff9002c8        0x0 picoc/platform.o
 .bss           0xff9002c8        0x0 picoc/platform_surveyor.o
 *(COMMON)
 COMMON         0xff9002c8       0x18 camera.o
                0xff9002c8                dlist2
                0xff9002d4                dlist1
 COMMON         0xff9002e0      0x406 xmodem.o
                0xff9002e0                xbuff
 *fill*         0xff9006e6        0x2 00
 COMMON         0xff9006e8       0x18 gps.o
                0xff9006e8                gps_gga
 COMMON         0xff900700       0x14 malloc.o
                0xff900700                base
                0xff900708                heap_end
                0xff90070c                heap_start
                0xff900710                heap_ptr
 COMMON         0xff900714       0xf0 srv.o
                0xff900714                imgWidth
                0xff900718                rfailsafe
                0xff90071c                j
                0xff900720                svs_calibration_offset_y
                0xff900724                x_acc
                0xff900728                i
                0xff90072c                segmentation_flag
                0xff900730                pwm2_init
                0xff900734                sonar_data
                0xff900748                svs_scale_num
                0xff90074c                y_acc0
                0xff900750                quality
                0xff900754                y_acc
                0xff900758                output_start
                0xff90075c                lcount
                0xff900760                pwm1_init
                0xff900764                image_size
                0xff900768                pwm1_mode
                0xff90076c                svs_centre_of_disortion_x
                0xff900770                x_center
                0xff900774                lfailsafe
                0xff900778                edge_thresh
                0xff90077c                horizon_detect_flag
                0xff900780                master
                0xff900784                base_speed
                0xff900788                svs_coeff
                0xff90078c                rspeed2
                0xff900790                lspeed
                0xff900794                overlay_flag
                0xff900798                lspeed2
                0xff90079c                err1
                0xff9007a0                enable_stereo_flag
                0xff9007a4                cp
                0xff9007a8                output_end
                0xff9007ac                pwm2_mode
                0xff9007b0                stereo_processing_flag
                0xff9007b4                obstacle_detect_flag
                0xff9007b8                framecount
                0xff9007bc                svs_scale_denom
                0xff9007c0                svs_centre_of_disortion_y
                0xff9007c4                rcount
                0xff9007c8                x_acc0
                0xff9007cc                imgHead
                0xff9007d8                stereo_sync_flag
                0xff9007dc                edge_detect_flag
                0xff9007e0                encoder_flag
                0xff9007e4                imgHeight
                0xff9007e8                failsafe_clock
                0xff9007ec                svs_calibration_offset_x
                0xff9007f0                y_center
                0xff9007f4                rspeed
                0xff9007f8                base_speed2
                0xff9007fc                frame_diff_flag
                0xff900800                ix
 COMMON         0xff900804      0xf8c colors.o
                0xff900804                blobcnt
                0xff900900                ymax
                0xff900944                blobx1
                0xff900a40                umax
                0xff900a84                hist0
                0xff900e84                hist1
                0xff901284                blobix
                0xff901380                bloby2
                0xff90147c                mean
                0xff901488                vmax
                0xff9014cc                vmin
                0xff901510                bloby1
                0xff90160c                blobx2
                0xff901708                ymin
                0xff90174c                umin
 COMMON         0xff901790      0x584 jpeg.o
                0xff901790                Y2
                0xff901810                Temp
                0xff901890                Cqt
                0xff9018d0                Y3
                0xff901950                Y4
                0xff9019d0                ICqt
                0xff901a50                ILqt
                0xff901ad0                CR
                0xff901b50                Lqt
                0xff901b90                CB
                0xff901c10                fdct_temp
                0xff901c90                read_format
                0xff901c94                Y1
 COMMON         0xff901d14       0x2c stereo.o
                0xff901d14                row_peaks
                0xff901d18                feature_y
                0xff901d1c                calibration_map
                0xff901d20                svs_matches
                0xff901d24                svs_data_received
                0xff901d28                disparity_histogram
                0xff901d2c                row_sum
                0xff901d30                features_per_col
                0xff901d34                svs_data
                0xff901d38                valid_quadrants
                0xff901d3c                disparity_priors
 COMMON         0xff901d40     0x1640 neural.o
                0xff901d40                weights
                0xff903140                teach_neurons
                0xff903180                nerror
                0xff903200                neurons
 COMMON         0xff903380      0x18c picoc/table.o
                0xff903380                StringHashTable
                0xff903504                StringTable
 COMMON         0xff90350c      0x128 picoc/type.o
                0xff90350c                CharArrayType
                0xff903510                FunctionType
                0xff903534                EnumType
                0xff903558                VoidType
                0xff90357c                MacroType
                0xff9035a0                CharType
                0xff9035c4                CharPtrType
                0xff9035c8                WordType
                0xff9035ec                IntType
                0xff903610                UberType
 COMMON         0xff903634      0x318 picoc/variable.o
                0xff903634                StringLiteralHashTable
                0xff9037b8                GlobalHashTable
                0xff90393c                GlobalTable
                0xff903944                StringLiteralTable
 COMMON         0xff90394c       0x10 picoc/clibrary.o
                0xff90394c                CStdOut
 COMMON         0xff90395c       0xa4 picoc/platform_surveyor.o
                0xff90395c                ExitBuf
                0xff903a00                . = ALIGN (0x4)
                0xff903a00                __bss_end = .
                0xffb00ffc                . = 0xffb00ffc
                0xffb00ffc                PROVIDE (_supervisor_stack, .)
LOAD init.o
LOAD main.o
LOAD srv.o
LOAD uart.o
LOAD camera.o
LOAD jpeg.o
LOAD i2c.o
LOAD stm_m25p32.o
LOAD float.o
LOAD httpd.o
LOAD xmodem.o
LOAD colors.o
LOAD edit.o
LOAD malloc.o
LOAD string.o
LOAD stereo.o
LOAD printf.o
LOAD myfunc.o
LOAD neural.o
LOAD gps.o
LOAD sdcard.o
LOAD picoc/picoc.o
LOAD picoc/table.o
LOAD picoc/lex.o
LOAD picoc/parse.o
LOAD picoc/expression.o
LOAD picoc/heap.o
LOAD picoc/type.o
LOAD picoc/variable.o
LOAD picoc/clibrary.o
LOAD picoc/library_surveyor.o
LOAD picoc/platform.o
LOAD picoc/platform_surveyor.o
LOAD r8x8dct.o
LOAD math.o
LOAD setjmp.o
LOAD motionvect.o
OUTPUT(srv1.bin elf32-bfin)

.debug_abbrev   0x00000000     0x32da
 .debug_abbrev  0x00000000       0xcf camera.o
 .debug_abbrev  0x000000cf       0xeb edit.o
 .debug_abbrev  0x000001ba       0xd3 httpd.o
 .debug_abbrev  0x0000028d       0x8a i2c.o
 .debug_abbrev  0x00000317      0x1d8 stm_m25p32.o
 .debug_abbrev  0x000004ef      0x124 printf.o
 .debug_abbrev  0x00000613      0x183 xmodem.o
 .debug_abbrev  0x00000796      0x244 float.o
 .debug_abbrev  0x000009da      0x1b7 gps.o
 .debug_abbrev  0x00000b91       0x43 myfunc.o
 .debug_abbrev  0x00000bd4       0x6e main.o
 .debug_abbrev  0x00000c42      0x14c malloc.o
 .debug_abbrev  0x00000d8e      0x2ce srv.o
 .debug_abbrev  0x0000105c      0x10f uart.o
 .debug_abbrev  0x0000116b      0x1c3 colors.o
 .debug_abbrev  0x0000132e      0x186 jpeg.o
 .debug_abbrev  0x000014b4      0x239 stereo.o
 .debug_abbrev  0x000016ed      0x114 neural.o
 .debug_abbrev  0x00001801       0x45 init.o
 .debug_abbrev  0x00001846      0x152 string.o
 .debug_abbrev  0x00001998       0xf3 sdcard.o
 .debug_abbrev  0x00001a8b      0x14e picoc/picoc.o
 .debug_abbrev  0x00001bd9      0x234 picoc/table.o
 .debug_abbrev  0x00001e0d      0x253 picoc/lex.o
 .debug_abbrev  0x00002060      0x273 picoc/parse.o
 .debug_abbrev  0x000022d3      0x237 picoc/expression.o
 .debug_abbrev  0x0000250a      0x168 picoc/heap.o
 .debug_abbrev  0x00002672      0x24f picoc/type.o
 .debug_abbrev  0x000028c1      0x214 picoc/variable.o
 .debug_abbrev  0x00002ad5      0x2a1 picoc/clibrary.o
 .debug_abbrev  0x00002d76      0x26e picoc/library_surveyor.o
 .debug_abbrev  0x00002fe4      0x184 picoc/platform.o
 .debug_abbrev  0x00003168      0x172 picoc/platform_surveyor.o

.debug_info     0x00000000    0x109bd
 .debug_info    0x00000000      0x136 camera.o
 .debug_info    0x00000136      0x1e7 edit.o
 .debug_info    0x0000031d      0x20c httpd.o
 .debug_info    0x00000529      0x158 i2c.o
 .debug_info    0x00000681      0x604 stm_m25p32.o
 .debug_info    0x00000c85      0x34a printf.o
 .debug_info    0x00000fcf      0x3e3 xmodem.o
 .debug_info    0x000013b2      0x78d float.o
 .debug_info    0x00001b3f      0x5af gps.o
 .debug_info    0x000020ee       0x54 myfunc.o
 .debug_info    0x00002142       0xb8 main.o
 .debug_info    0x000021fa      0x23a malloc.o
 .debug_info    0x00002434     0x1ced srv.o
 .debug_info    0x00004121      0x338 uart.o
 .debug_info    0x00004459      0xbfe colors.o
 .debug_info    0x00005057      0xb0b jpeg.o
 .debug_info    0x00005b62     0x1220 stereo.o
 .debug_info    0x00006d82      0x438 neural.o
 .debug_info    0x000071ba       0x64 init.o
 .debug_info    0x0000721e      0x516 string.o
 .debug_info    0x00007734      0x391 sdcard.o
 .debug_info    0x00007ac5      0x56f picoc/picoc.o
 .debug_info    0x00008034      0x8fb picoc/table.o
 .debug_info    0x0000892f      0xfcc picoc/lex.o
 .debug_info    0x000098fb      0xc8a picoc/parse.o
 .debug_info    0x0000a585     0x130d picoc/expression.o
 .debug_info    0x0000b892      0x2cc picoc/heap.o
 .debug_info    0x0000bb5e      0xd04 picoc/type.o
 .debug_info    0x0000c862      0xbba picoc/variable.o
 .debug_info    0x0000d41c      0xb94 picoc/clibrary.o
 .debug_info    0x0000dfb0     0x1fed picoc/library_surveyor.o
 .debug_info    0x0000ff9d      0x7bd picoc/platform.o
 .debug_info    0x0001075a      0x263 picoc/platform_surveyor.o

.debug_line     0x00000000     0x4208
 .debug_line    0x00000000       0x72 camera.o
 .debug_line    0x00000072       0xd1 edit.o
 .debug_line    0x00000143       0x86 httpd.o
 .debug_line    0x000001c9       0xa7 i2c.o
 .debug_line    0x00000270      0x1ac stm_m25p32.o
 .debug_line    0x0000041c       0xf8 printf.o
 .debug_line    0x00000514      0x139 xmodem.o
 .debug_line    0x0000064d      0x30e float.o
 .debug_line    0x0000095b      0x2a7 gps.o
 .debug_line    0x00000c02       0x3c myfunc.o
 .debug_line    0x00000c3e      0x133 main.o
 .debug_line    0x00000d71       0xa6 malloc.o
 .debug_line    0x00000e17      0xacb srv.o
 .debug_line    0x000018e2       0xd5 uart.o
 .debug_line    0x000019b7      0x380 colors.o
 .debug_line    0x00001d37      0x315 jpeg.o
 .debug_line    0x0000204c      0x661 stereo.o
 .debug_line    0x000026ad      0x11e neural.o
 .debug_line    0x000027cb       0x53 init.o
 .debug_line    0x0000281e      0x10a string.o
 .debug_line    0x00002928      0x10b sdcard.o
 .debug_line    0x00002a33       0x94 picoc/picoc.o
 .debug_line    0x00002ac7       0xe3 picoc/table.o
 .debug_line    0x00002baa      0x3a4 picoc/lex.o
 .debug_line    0x00002f4e      0x299 picoc/parse.o
 .debug_line    0x000031e7      0x4ae picoc/expression.o
 .debug_line    0x00003695       0xf4 picoc/heap.o
 .debug_line    0x00003789      0x207 picoc/type.o
 .debug_line    0x00003990      0x19a picoc/variable.o
 .debug_line    0x00003b2a      0x192 picoc/clibrary.o
 .debug_line    0x00003cbc      0x3a9 picoc/library_surveyor.o
 .debug_line    0x00004065      0x113 picoc/platform.o
 .debug_line    0x00004178       0x90 picoc/platform_surveyor.o

.debug_frame    0x00000000     0x3bc8
 .debug_frame   0x00000000       0x4c camera.o
 .debug_frame   0x0000004c      0x100 edit.o
 .debug_frame   0x0000014c       0x3c httpd.o
 .debug_frame   0x00000188       0x40 i2c.o
 .debug_frame   0x000001c8      0x214 stm_m25p32.o
 .debug_frame   0x000003dc       0xd4 printf.o
 .debug_frame   0x000004b0       0xc8 xmodem.o
 .debug_frame   0x00000578      0x244 float.o
 .debug_frame   0x000007bc      0x1ac gps.o
 .debug_frame   0x00000968       0x28 myfunc.o
 .debug_frame   0x00000990       0x3c main.o
 .debug_frame   0x000009cc       0x94 malloc.o
 .debug_frame   0x00000a60      0xab0 srv.o
 .debug_frame   0x00001510      0x164 uart.o
 .debug_frame   0x00001674      0x274 colors.o
 .debug_frame   0x000018e8      0x1b0 jpeg.o
 .debug_frame   0x00001a98      0x344 stereo.o
 .debug_frame   0x00001ddc      0x16c neural.o
 .debug_frame   0x00001f48       0xa4 init.o
 .debug_frame   0x00001fec      0x18c string.o
 .debug_frame   0x00002178      0x1a8 sdcard.o
 .debug_frame   0x00002320       0x74 picoc/picoc.o
 .debug_frame   0x00002394      0x14c picoc/table.o
 .debug_frame   0x000024e0      0x2b4 picoc/lex.o
 .debug_frame   0x00002794      0x1b8 picoc/parse.o
 .debug_frame   0x0000294c      0x318 picoc/expression.o
 .debug_frame   0x00002c64       0xcc picoc/heap.o
 .debug_frame   0x00002d30      0x1d4 picoc/type.o
 .debug_frame   0x00002f04      0x2e0 picoc/variable.o
 .debug_frame   0x000031e4      0x1f0 picoc/clibrary.o
 .debug_frame   0x000033d4      0x690 picoc/library_surveyor.o
 .debug_frame   0x00003a64       0xd8 picoc/platform.o
 .debug_frame   0x00003b3c       0x8c picoc/platform_surveyor.o

.debug_loc      0x00000000    0x14be7
 .debug_loc     0x00000000       0x5b camera.o
 .debug_loc     0x0000005b      0x2eb edit.o
 .debug_loc     0x00000346       0xa3 httpd.o
 .debug_loc     0x000003e9      0x23f i2c.o
 .debug_loc     0x00000628      0x89e stm_m25p32.o
 .debug_loc     0x00000ec6      0x79d printf.o
 .debug_loc     0x00001663      0x6b7 xmodem.o
 .debug_loc     0x00001d1a      0xf65 float.o
 .debug_loc     0x00002c7f     0x1050 gps.o
 .debug_loc     0x00003ccf       0x3e myfunc.o
 .debug_loc     0x00003d0d       0x2b main.o
 .debug_loc     0x00003d38      0x1e1 malloc.o
 .debug_loc     0x00003f19     0x2227 srv.o
 .debug_loc     0x00006140      0x4aa uart.o
 .debug_loc     0x000065ea     0x1417 colors.o
 .debug_loc     0x00007a01     0x14f7 jpeg.o
 .debug_loc     0x00008ef8     0x1f12 stereo.o
 .debug_loc     0x0000ae0a      0x460 neural.o
 .debug_loc     0x0000b26a      0x122 init.o
 .debug_loc     0x0000b38c      0x716 string.o
 .debug_loc     0x0000baa2      0x6cb sdcard.o
 .debug_loc     0x0000c16d       0xfa picoc/picoc.o
 .debug_loc     0x0000c267      0x614 picoc/table.o
 .debug_loc     0x0000c87b     0x1128 picoc/lex.o
 .debug_loc     0x0000d9a3      0xb25 picoc/parse.o
 .debug_loc     0x0000e4c8     0x1e97 picoc/expression.o
 .debug_loc     0x0001035f      0x2f5 picoc/heap.o
 .debug_loc     0x00010654      0x994 picoc/type.o
 .debug_loc     0x00010fe8      0xd20 picoc/variable.o
 .debug_loc     0x00011d08      0x9ef picoc/clibrary.o
 .debug_loc     0x000126f7     0x1d5e picoc/library_surveyor.o
 .debug_loc     0x00014455      0x5f7 picoc/platform.o
 .debug_loc     0x00014a4c      0x19b picoc/platform_surveyor.o

.debug_pubnames
                0x00000000     0x2ad3
 .debug_pubnames
                0x00000000       0x59 camera.o
 .debug_pubnames
                0x00000059       0x98 edit.o
 .debug_pubnames
                0x000000f1       0x6b httpd.o
 .debug_pubnames
                0x0000015c       0x39 i2c.o
 .debug_pubnames
                0x00000195      0x120 stm_m25p32.o
 .debug_pubnames
                0x000002b5       0x29 printf.o
 .debug_pubnames
                0x000002de       0x5d xmodem.o
 .debug_pubnames
                0x0000033b      0x10f float.o
 .debug_pubnames
                0x0000044a       0x9f gps.o
 .debug_pubnames
                0x000004e9       0x1d myfunc.o
 .debug_pubnames
                0x00000506       0x1b main.o
 .debug_pubnames
                0x00000521       0x87 malloc.o
 .debug_pubnames
                0x000005a8      0xafa srv.o
 .debug_pubnames
                0x000010a2      0x112 uart.o
 .debug_pubnames
                0x000011b4      0x169 colors.o
 .debug_pubnames
                0x0000131d      0x2cc jpeg.o
 .debug_pubnames
                0x000015e9      0x28f stereo.o
 .debug_pubnames
                0x00001878      0x11a neural.o
 .debug_pubnames
                0x00001992       0x1f init.o
 .debug_pubnames
                0x000019b1       0xdb string.o
 .debug_pubnames
                0x00001a8c       0xd1 sdcard.o
 .debug_pubnames
                0x00001b5d       0x37 picoc/picoc.o
 .debug_pubnames
                0x00001b94       0xe1 picoc/table.o
 .debug_pubnames
                0x00001c75      0x1c9 picoc/lex.o
 .debug_pubnames
                0x00001e3e       0xe8 picoc/parse.o
 .debug_pubnames
                0x00001f26      0x21d picoc/expression.o
 .debug_pubnames
                0x00002143       0xc6 picoc/heap.o
 .debug_pubnames
                0x00002209      0x1b6 picoc/type.o
 .debug_pubnames
                0x000023bf      0x274 picoc/variable.o
 .debug_pubnames
                0x00002633       0xef picoc/clibrary.o
 .debug_pubnames
                0x00002722      0x2af picoc/library_surveyor.o
 .debug_pubnames
                0x000029d1       0x81 picoc/platform.o
 .debug_pubnames
                0x00002a52       0x81 picoc/platform_surveyor.o

.debug_aranges  0x00000000      0x420
 .debug_aranges
                0x00000000       0x20 camera.o
 .debug_aranges
                0x00000020       0x20 edit.o
 .debug_aranges
                0x00000040       0x20 httpd.o
 .debug_aranges
                0x00000060       0x20 i2c.o
 .debug_aranges
                0x00000080       0x20 stm_m25p32.o
 .debug_aranges
                0x000000a0       0x20 printf.o
 .debug_aranges
                0x000000c0       0x20 xmodem.o
 .debug_aranges
                0x000000e0       0x20 float.o
 .debug_aranges
                0x00000100       0x20 gps.o
 .debug_aranges
                0x00000120       0x20 myfunc.o
 .debug_aranges
                0x00000140       0x20 main.o
 .debug_aranges
                0x00000160       0x20 malloc.o
 .debug_aranges
                0x00000180       0x20 srv.o
 .debug_aranges
                0x000001a0       0x20 uart.o
 .debug_aranges
                0x000001c0       0x20 colors.o
 .debug_aranges
                0x000001e0       0x20 jpeg.o
 .debug_aranges
                0x00000200       0x20 stereo.o
 .debug_aranges
                0x00000220       0x20 neural.o
 .debug_aranges
                0x00000240       0x20 init.o
 .debug_aranges
                0x00000260       0x20 string.o
 .debug_aranges
                0x00000280       0x20 sdcard.o
 .debug_aranges
                0x000002a0       0x20 picoc/picoc.o
 .debug_aranges
                0x000002c0       0x20 picoc/table.o
 .debug_aranges
                0x000002e0       0x20 picoc/lex.o
 .debug_aranges
                0x00000300       0x20 picoc/parse.o
 .debug_aranges
                0x00000320       0x20 picoc/expression.o
 .debug_aranges
                0x00000340       0x20 picoc/heap.o
 .debug_aranges
                0x00000360       0x20 picoc/type.o
 .debug_aranges
                0x00000380       0x20 picoc/variable.o
 .debug_aranges
                0x000003a0       0x20 picoc/clibrary.o
 .debug_aranges
                0x000003c0       0x20 picoc/library_surveyor.o
 .debug_aranges
                0x000003e0       0x20 picoc/platform.o
 .debug_aranges
                0x00000400       0x20 picoc/platform_surveyor.o

.debug_str      0x00000000     0x3d38
 .debug_str     0x00000000       0xc0 camera.o
                                 0xcd (size before relaxing)
 .debug_str     0x000000c0       0x94 edit.o
                                 0xcb (size before relaxing)
 .debug_str     0x00000154       0x86 httpd.o
                                 0xf0 (size before relaxing)
 .debug_str     0x000001da       0x55 i2c.o
                                 0x9f (size before relaxing)
 .debug_str     0x0000022f      0x25c stm_m25p32.o
                                0x2f6 (size before relaxing)
 .debug_str     0x0000048b       0x4e printf.o
                                 0xb6 (size before relaxing)
 .debug_str     0x000004d9       0xce xmodem.o
                                0x13d (size before relaxing)
 .debug_str     0x000005a7      0x161 float.o
                                0x1e1 (size before relaxing)
 .debug_str     0x00000708       0xb2 gps.o
                                0x134 (size before relaxing)
 .debug_str     0x000007ba       0x10 myfunc.o
                                 0x47 (size before relaxing)
 .debug_str     0x000007ca       0x4f main.o
                                 0xc9 (size before relaxing)
 .debug_str     0x00000819       0x6a malloc.o
                                 0xb8 (size before relaxing)
 .debug_str     0x00000883      0x949 srv.o
                                0xb1c (size before relaxing)
 .debug_str     0x000011cc       0xe7 uart.o
                                0x169 (size before relaxing)
 .debug_str     0x000012b3       0xca colors.o
                                0x1ed (size before relaxing)
 .debug_str     0x0000137d      0x444 jpeg.o
                                0x4f5 (size before relaxing)
 .debug_str     0x000017c1      0x615 stereo.o
                                0x7e6 (size before relaxing)
 .debug_str     0x00001dd6       0xd9 neural.o
                                0x14f (size before relaxing)
 .debug_str     0x00001eaf       0x43 init.o
                                 0x6c (size before relaxing)
 .debug_str     0x00001ef2       0xba string.o
                                0x115 (size before relaxing)
 .debug_str     0x00001fac       0xce sdcard.o
                                0x127 (size before relaxing)
 .debug_str     0x0000207a      0x234 picoc/picoc.o
                                0x363 (size before relaxing)
 .debug_str     0x000022ae      0x11f picoc/table.o
                                0x416 (size before relaxing)
 .debug_str     0x000023cd      0x884 picoc/lex.o
                                0xbc5 (size before relaxing)
 .debug_str     0x00002c51      0x28e picoc/parse.o
                                0xae1 (size before relaxing)
 .debug_str     0x00002edf      0x47b picoc/expression.o
                                0xd70 (size before relaxing)
 .debug_str     0x0000335a      0x10d picoc/heap.o
                                0x194 (size before relaxing)
 .debug_str     0x00003467      0x18a picoc/type.o
                                0xa7d (size before relaxing)
 .debug_str     0x000035f1      0x25c picoc/variable.o
                                0x63d (size before relaxing)
 .debug_str     0x0000384d      0x187 picoc/clibrary.o
                                0x532 (size before relaxing)
 .debug_str     0x000039d4      0x24f picoc/library_surveyor.o
                                0x6f4 (size before relaxing)
 .debug_str     0x00003c23       0xa5 picoc/platform.o
                                0x41d (size before relaxing)
 .debug_str     0x00003cc8       0x70 picoc/platform_surveyor.o
                                0x1c3 (size before relaxing)

.comment        0x00000000      0x39c
 .comment       0x00000000       0x1c camera.o
 .comment       0x0000001c       0x1c edit.o
 .comment       0x00000038       0x1c httpd.o
 .comment       0x00000054       0x1c i2c.o
 .comment       0x00000070       0x1c stm_m25p32.o
 .comment       0x0000008c       0x1c printf.o
 .comment       0x000000a8       0x1c xmodem.o
 .comment       0x000000c4       0x1c float.o
 .comment       0x000000e0       0x1c gps.o
 .comment       0x000000fc       0x1c myfunc.o
 .comment       0x00000118       0x1c main.o
 .comment       0x00000134       0x1c malloc.o
 .comment       0x00000150       0x1c srv.o
 .comment       0x0000016c       0x1c uart.o
 .comment       0x00000188       0x1c colors.o
 .comment       0x000001a4       0x1c jpeg.o
 .comment       0x000001c0       0x1c stereo.o
 .comment       0x000001dc       0x1c neural.o
 .comment       0x000001f8       0x1c init.o
 .comment       0x00000214       0x1c string.o
 .comment       0x00000230       0x1c sdcard.o
 .comment       0x0000024c       0x1c picoc/picoc.o
 .comment       0x00000268       0x1c picoc/table.o
 .comment       0x00000284       0x1c picoc/lex.o
 .comment       0x000002a0       0x1c picoc/parse.o
 .comment       0x000002bc       0x1c picoc/expression.o
 .comment       0x000002d8       0x1c picoc/heap.o
 .comment       0x000002f4       0x1c picoc/type.o
 .comment       0x00000310       0x1c picoc/variable.o
 .comment       0x0000032c       0x1c picoc/clibrary.o
 .comment       0x00000348       0x1c picoc/library_surveyor.o
 .comment       0x00000364       0x1c picoc/platform.o
 .comment       0x00000380       0x1c picoc/platform_surveyor.o

.debug_ranges   0x00000000      0x588
 .debug_ranges  0x00000000       0x28 printf.o
 .debug_ranges  0x00000028       0x70 xmodem.o
 .debug_ranges  0x00000098       0xb8 stereo.o
 .debug_ranges  0x00000150       0x38 init.o
 .debug_ranges  0x00000188       0x30 string.o
 .debug_ranges  0x000001b8       0xb8 picoc/table.o
 .debug_ranges  0x00000270       0x80 picoc/lex.o
 .debug_ranges  0x000002f0       0x50 picoc/parse.o
 .debug_ranges  0x00000340      0x208 picoc/expression.o
 .debug_ranges  0x00000548       0x40 picoc/clibrary.o
