
Allocating common symbols
Common symbol       size              file

disparity_plane_fit
                    0x4               stereo.o
imgWidth            0x4               srv.o
rfailsafe           0x4               srv.o
j                   0x4               srv.o
footline_dist_mm    0x4               stereo.o
robot_x_mm          0x4               stereo.o
svs_calibration_offset_y
                    0x4               srv.o
Y2                  0x80              jpeg.o
x_acc               0x4               srv.o
map_y_mm            0x4               stereo.o
robot_y_mm          0x4               stereo.o
i                   0x4               srv.o
invert_flag         0x4               srv.o
blobcnt             0xfc              colors.o
segmentation_flag   0x4               srv.o
footline            0x4               stereo.o
move_stop_time      0x4               srv.o
Temp                0x80              jpeg.o
row_peaks           0x4               stereo.o
Cqt                 0x40              jpeg.o
ymax                0x44              colors.o
blobx1              0xfc              colors.o
svs_enable_horizontal
                    0x4               srv.o
map_coords          0x4               stereo.o
pwm2_init           0x4               srv.o
Y3                  0x80              jpeg.o
base                0x8               malloc.o
sonar_data          0x14              srv.o
svs_scale_num       0x4               srv.o
weights             0x1400            neural.o
teach_neurons       0x40              neural.o
nerror              0x80              neural.o
feature_y           0x4               stereo.o
CStdOut             0x10              picoc/clibrary.o
y_acc0              0x4               srv.o
svs_prev_width      0x4               stereo.o
StringHashTable     0x184             picoc/table.o
CharArrayType       0x4               picoc/type.o
Y4                  0x80              jpeg.o
prev_dist_moved_mm  0x4               stereo.o
FunctionType        0x24              picoc/type.o
umax                0x44              colors.o
robot_orientation_degrees
                    0x4               stereo.o
ICqt                0x80              jpeg.o
calibration_map     0x4               stereo.o
svs_height          0x4               srv.o
map_x_mm            0x4               stereo.o
hist0               0x400             colors.o
svs_disp_left       0x4               srv.o
svs_width           0x4               srv.o
svs_enable_mapping  0x4               srv.o
robot_speed_mmsec   0x4               stereo.o
heap_end            0x4               malloc.o
quality             0x4               srv.o
move_start_time     0x4               srv.o
ExitBuf             0xa4              picoc/platform_surveyor.o
y_acc               0x4               srv.o
output_start        0x4               srv.o
svs_matches         0x4               stereo.o
svs_data_received   0x4               stereo.o
hist1               0x400             colors.o
lcount              0x4               srv.o
pwm1_init           0x4               srv.o
image_size          0x4               srv.o
disparity_histogram_plane
                    0x4               stereo.o
ILqt                0x80              jpeg.o
heap_start          0x4               malloc.o
pwm1_mode           0x4               srv.o
neurons             0x180             neural.o
svs_centre_of_disortion_x
                    0x4               srv.o
StringLiteralHashTable
                    0x184             picoc/variable.o
x_center            0x4               srv.o
blobix              0xfc              colors.o
row_sum             0x4               stereo.o
svs_enable_ground_priors
                    0x4               srv.o
EnumType            0x24              picoc/type.o
no_of_planes        0x4               stereo.o
VoidType            0x24              picoc/type.o
lfailsafe           0x4               srv.o
edge_thresh         0x4               srv.o
horizon_detect_flag
                    0x4               srv.o
master              0x4               srv.o
bloby2              0xfc              colors.o
mean                0xc               colors.o
base_speed          0x4               srv.o
svs_coeff           0x4               srv.o
rspeed2             0x4               srv.o
lspeed              0x4               srv.o
GlobalHashTable     0x184             picoc/variable.o
vmax                0x44              colors.o
CR                  0x80              jpeg.o
features_per_col    0x4               stereo.o
overlay_flag        0x4               srv.o
StringTable         0x8               picoc/table.o
lspeed2             0x4               srv.o
err1                0x4               srv.o
svs_disp_right      0x4               srv.o
enable_stereo_flag  0x4               srv.o
cp                  0x4               srv.o
svs_data            0x4               stereo.o
svs_coeff_degree    0x4               srv.o
Lqt                 0x40              jpeg.o
map_occupancy       0x4               stereo.o
svs_ground_y_percent
                    0x4               srv.o
GlobalTable         0x8               picoc/variable.o
MacroType           0x24              picoc/type.o
CharType            0x24              picoc/type.o
output_end          0x4               srv.o
svs_ground_slope_percent
                    0x4               srv.o
CB                  0x80              jpeg.o
curr_ID             0x4               stereo.o
pwm2_mode           0x4               srv.o
svs_sensor_width_mmx100
                    0x4               srv.o
plane               0x4               stereo.o
CharPtrType         0x4               picoc/type.o
stereo_processing_flag
                    0x4               srv.o
obstacle_detect_flag
                    0x4               srv.o
fdct_temp           0x80              jpeg.o
min_occupancy       0x4               stereo.o
gps_gga             0x18              gps.o
StringLiteralTable  0x8               picoc/variable.o
framecount          0x4               srv.o
svs_data_previous   0x4               stereo.o
dist_moved_mm       0x4               stereo.o
vmin                0x44              colors.o
prev_svs_enable_mapping
                    0x4               stereo.o
heap_ptr            0x4               malloc.o
bloby1              0xfc              colors.o
curr_ID_hits        0x4               stereo.o
svs_scale_denom     0x4               srv.o
svs_centre_of_disortion_y
                    0x4               srv.o
WordType            0x24              picoc/type.o
rcount              0x4               srv.o
x_acc0              0x4               srv.o
IntType             0x24              picoc/type.o
imgHead             0xb               srv.o
read_format         0x4               jpeg.o
stereo_sync_flag    0x4               srv.o
edge_detect_flag    0x4               srv.o
encoder_flag        0x4               srv.o
imgHeight           0x4               srv.o
UberType            0x24              picoc/type.o
failsafe_clock      0x4               srv.o
blobx2              0xfc              colors.o
move_time_mS        0x4               srv.o
svs_calibration_offset_x
                    0x4               srv.o
dlist2              0xc               camera.o
y_center            0x4               srv.o
svs_turn_tollerance_percent
                    0x4               srv.o
valid_quadrants     0x4               stereo.o
max_occupancy       0x4               stereo.o
xbuff               0x406             xmodem.o
svs_right_turn_percent
                    0x4               srv.o
svs_steer           0x4               srv.o
dlist1              0xc               camera.o
disparity_priors    0x4               stereo.o
ymin                0x44              colors.o
umin                0x44              colors.o
rspeed              0x4               srv.o
base_speed2         0x4               srv.o
frame_diff_flag     0x4               srv.o
ix                  0x4               srv.o
Y1                  0x80              jpeg.o
robot_moving        0x4               srv.o

Memory Configuration

Name             Origin             Length             Attributes
ram              0x00000000         0x02000000         xrw
l1code           0xffa00000         0x00010000         x
l1data_a         0xff800000         0x00008000         rw
l1data_b         0xff900000         0x00008000         rw
scratchpad       0xffb00000         0x00001000         rw
*default*        0x00000000         0xffffffff

Linker script and memory map


.sdram.text
 camera.o(.sdram.text)
 edit.o(.sdram.text)
 malloc.o(.sdram.text)
 httpd.o(.sdram.text)
 i2c.o(.sdram.text)
 stm_m25p32.o(.sdram.text)
 printf.o(.sdram.text)
 xmodem.o(.sdram.text)
 float.o(.sdram.text)
 neural.o(.sdram.text)
 gps.o(.sdram.text)
 myfunc.o(.sdram.text)
 *(.gnu.warning)

.l1code         0xffa00000     0xbb48
 main.o(.text)
 .text          0xffa00000      0x49c main.o
                0xffa00000                main
 math.o(.text)
 .text          0xffa0049c      0x200 math.o
                0xffa00568                __umodsi3
                0xffa0059a                __divsi3
                0xffa0049c                __udivsi3
 string.o(.text)
 .text          0xffa0069c      0x3a4 string.o
                0xffa0069c                strcmp
                0xffa00718                strncpy
                0xffa00750                atoi
                0xffa008cc                memcpy
                0xffa00914                memset
                0xffa00928                ctoi
                0xffa00834                itoa
                0xffa00a18                strdup
                0xffa007fc                reverse
                0xffa00970                strpbrk
                0xffa006f0                strchr
                0xffa00708                strcpy
                0xffa009a8                strtok
                0xffa006bc                strncmp
                0xffa008c0                isdigit
                0xffa007dc                strlen
                0xffa00940                atoi_b16
 srv.o(.text)
 .text          0xffa00a40     0x42e0 srv.o
                0xffa022b4                motor_command
                0xffa02df0                process_i2c
                0xffa02788                restore_video
                0xffa034e0                xmodem_receive
                0xffa016f0                clearRTC
                0xffa01884                delayUS
                0xffa03e60                motion_vect80x64
                0xffa027d4                invert_video
                0xffa00d10                grab_reference_frame
                0xffa01700                delayMS
                0xffa023b8                set_edge_thresh
                0xffa018f4                delayNS
                0xffa01258                setPPM1
                0xffa01b94                rand
                0xffa020a0                testSD
                0xffa02d50                tilt
                0xffa03404                read_user_sector
                0xffa0148c                initRTC
                0xffa037f8                serial_out_flashbuffer
                0xffa00db0                move_yuv422_to_planar
                0xffa04ca8                check_for_autorun
                0xffa0354c                camera_reset
                0xffa0281c                init_tilt
                0xffa03204                write_boot_flash
                0xffa02dc4                read_tilt
                0xffa00f0c                initPWM
                0xffa00ff4                init_sonar
                0xffa01980                check_failsafe
                0xffa02090                show_stack_ptr
                0xffa02ccc                read_compass
                0xffa04268                process_colors
                0xffa0284c                laser_range
                0xffa02078                show_heap_ptr
                0xffa01e24                overlay_on
                0xffa011b8                setPWM2
                0xffa01fbc                lasers_off
                0xffa00bdc                check_stereo_sync
                0xffa00b88                clear_sdram
                0xffa00bcc                led1_on
                0xffa0236c                change_image_quality
                0xffa00bb0                stack_remaining
                0xffa013d0                check_bounds_0_100
                0xffa00ce8                move_image
                0xffa032e8                write_user_sector
                0xffa023e8                process_neuralnet
                0xffa021fc                motor2_command
                0xffa0213c                ppm2_command
                0xffa010cc                setPWM
                0xffa00f70                initPWM2
                0xffa01c40                read_encoders
                0xffa030ec                init_analog
                0xffa02cb0                show_laser_range
                0xffa034b4                crc_flash_buffer
                0xffa038e4                send_frame
                0xffa01f94                check_battery
                0xffa01d64                motor_increase_base_speed
                0xffa01f64                ping_sonar
                0xffa00d94                copy_image
                0xffa01ed8                enable_horizon_detect
                0xffa01a3c                encoders
                0xffa01dd8                clear_flash_buffer
                0xffa020e8                enable_failsafe
                0xffa01fdc                lasers_on
                0xffa0219c                ppm1_command
                0xffa01c84                motor_action
                0xffa014ac                readRTC
                0xffa013ec                motor_trim_right
                0xffa00bbc                led0_on
                0xffa0143c                motor_trim_left
                0xffa00a40                init_io
                0xffa02018                serial_out_version
                0xffa01520                sonar
                0xffa01a04                init_encoders
                0xffa00bf0                compute_frame_diff
                0xffa034d8                launch_editor
                0xffa03fe4                motion_vect_test
                0xffa01f00                enable_edge_detect
                0xffa040c0                grab_frame
                0xffa01f28                enable_segmentation
                0xffa03348                write_user_flash
                0xffa03860                send_80x64planar
                0xffa01730                motor_set
                0xffa00fc0                initTMR4
                0xffa01024                initPPM1
                0xffa01314                setPPM2
                0xffa01cf0                motor_decrease_base_speed
                0xffa01078                initPPM2
                0xffa01eb0                enable_obstacle_detect
                0xffa03374                read_double_sector
                0xffa01ffc                serial_out_time
                0xffa01e88                enable_stereo_processing
                0xffa00c48                set_caption
                0xffa01e3c                disable_frame_diff
                0xffa00df4                scale_image_to_80x64_planar
                0xffa00b5c                reset_cpu
                0xffa03474                read_user_flash
                0xffa03268                write_double_sector
                0xffa02f70                analog
                0xffa01968                reset_failsafe_clock
                0xffa01c6c                disable_failsafe
                0xffa030b0                read_analog
                0xffa01e0c                overlay_off
                0xffa01f40                enable_frame_diff
                0xffa03724                camera_setup
                0xffa00d44                move_inverted
 uart.o(.text)
 .text          0xffa04d20      0x4d0 uart.o
                0xffa04f08                uart1SendChar
                0xffa04f7c                uart1GetCh
                0xffa04ed4                uart0GetChar
                0xffa04e94                uart0SendChars
                0xffa05174                suartPutChar
                0xffa04eb8                uart0GetCh
                0xffa04e68                uart0SendString
                0xffa04e38                uart0SendChar
                0xffa04dc4                uart0_CTS
                0xffa04f58                uart1SendChars
                0xffa04d78                init_uart0
                0xffa04ef8                uart0Signal
                0xffa04d20                suartInit
                0xffa04fcc                printNumber
                0xffa050b4                suartGetChar
                0xffa04f2c                uart1SendString
                0xffa04f98                uart1GetChar
                0xffa04fbc                uart1Signal
                0xffa04de8                init_uart1
 colors.o(.text)
 .text          0xffa051f0     0x1228 colors.o
                0xffa0539c                vmean
                0xffa05710                edge_detect
                0xffa05610                vfind
                0xffa058a8                svs_segcode
                0xffa05c84                vhorizon
                0xffa05460                color_segment
                0xffa05b48                addvect
                0xffa05f04                vblob
                0xffa05274                blob_merge
                0xffa05ab0                svs_segview
                0xffa051f0                init_colors
                0xffa059f8                vscan
                0xffa052d0                vhist
                0xffa05bd4                addline
                0xffa05240                vpix
 jpeg.o(.text)
 .text          0xffa06418      0xd9c jpeg.o
                0xffa06fc4                DCT
                0xffa069bc                close_bitstream
                0xffa06fd8                encodeMCU
                0xffa06504                huffman
                0xffa06a30                write_markers
                0xffa070d4                encode_image
                0xffa06c50                initialize_quantization_tables
                0xffa06e10                read_422_format
                0xffa06418                initialization
                0xffa064e4                levelshift
                0xffa06d40                quantization
                0xffa06d90                read_400_format
 r8x8dct.o(.text)
 *fill*         0xffa071b4        0x4 00
 .text          0xffa071b8       0xf0 r8x8dct.o
                0xffa071b8                _r8x8dct
 motionvect.o(.text)
 .text          0xffa072a8      0x950 motionvect.o
                0xffa07710                hpel
                0xffa07a70                _mve_core
                0xffa07920                _hpel_core2
                0xffa07800                _hpel_core1
                0xffa072a8                _motionvect
 stereo.o(.text)
 .text          0xffa07bf8     0x3dcc stereo.o
                0xffa0af0c                svs_rectify
                0xffa07e68                svs_compute_descriptor
                0xffa0b584                svs_grab
                0xffa0a398                init_svs_matching_data
                0xffa0953c                update_pose
                0xffa0b6cc                svs_master
                0xffa0b324                svs_read_calib_params
                0xffa0b678                svs_send_features
                0xffa08548                svs_show_matches
                0xffa0afa4                svs_get_features_horizontal
                0xffa097a8                svs_filter_plane
                0xffa0b1cc                svs_get_features_vertical
                0xffa0b4cc                init_svs
                0xffa0ae34                svs_send_disparities
                0xffa08674                svs_make_map
                0xffa0813c                svs_footline_update
                0xffa0a498                svs_match
                0xffa08280                svs_ground_plane
                0xffa0883c                scan_match
                0xffa0b85c                svs_stereo
                0xffa08998                map_update
                0xffa0a2ac                init_map
                0xffa07ca0                svs_update_sums
                0xffa083d0                svs_show_footline
                0xffa0b7e0                svs_receive_features
                0xffa07bf8                svs_slave
                0xffa0a09c                map_recenter
                0xffa09268                show_map
                0xffa07f94                svs_show_features
                0xffa07d88                svs_non_max
 uart.o(.text)
 setjmp.o(.text)
 .text          0xffa0b9c4      0x184 setjmp.o
                0xffa0b9c4                longjmp
                0xffa0ba8c                setjmp

.text           0x00000000     0x9cb0
 .text          0x00000000       0xf0 camera.o
                0x00000000                camera_init
                0x000000a8                camera_start
                0x000000cc                camera_stop
 .text          0x000000f0      0x33c edit.o
                0x00000288                insert_char
                0x00000138                find_next_line
                0x00000300                edit
                0x000001d4                find_buffer_end
                0x000000f0                delete_char
                0x0000021c                print_lines
                0x000002e0                print_help
                0x00000188                find_previous_line
 .text          0x0000042c      0x1a4 malloc.o
                0x00000508                morecore
                0x00000480                free
                0x0000042c                init_heap
                0x0000046c                sbrk
                0x0000054c                malloc
 .text          0x000005d0      0x62c httpd.o
                0x000007a4                binary_camera_frame
                0x0000081c                httpd_get
                0x00000634                base64_camera_frame
                0x000005d0                httpd_post
                0x000005dc                clean_buffer
 .text          0x00000bfc      0x290 i2c.o
                0x00000ccc                i2cwritex
                0x00000bfc                i2cwrite
                0x00000d94                i2cread
 .text          0x00000e8c      0x4d4 stm_m25p32.o
                0x00000f68                SetupSPI
                0x00001028                spi_read
                0x000010c0                Wait_For_WEL
                0x00000f48                SPI_OFF
                0x00001128                WriteFlash
                0x00001294                spi_write
                0x00000e98                spi_init_r
                0x00001218                EraseBlock
                0x00001088                Wait_For_Status
                0x00000ee4                GetSectorNumber
                0x000011c4                WriteData
                0x00000e8c                spi_init_f
                0x00001044                ReadStatusRegister
                0x000010f4                SendSingleCommand
                0x00000f98                ReadData
                0x00000ea4                Wait_For_SPIF
                0x00000f0c                udelay
 .text          0x00001360      0x334 printf.o
                0x0000165c                sprintf
                0x00001678                printf
 .text          0x00001694      0x4fc xmodem.o
                0x00001720                xmodemTransmit
                0x000016d0                _inbyte
                0x00001694                crc16_ccitt
                0x00001998                xmodemReceive
 .text          0x00001b90      0xb9c float.o
                0x00001b90                bytesToFloat
                0x00002478                printFloat
                0x000022c4                bigMulti
                0x00002460                power
                0x0000212c                isOne
                0x00001bc0                minus
                0x00002610                printBinary
                0x000021d8                intToFloat
                0x00001bcc                divFloat
                0x00001bb4                parseFloat
                0x000026c0                printExponent
                0x000026e8                printMantissa
                0x000021cc                lteFloat
                0x00001c88                addFloat
                0x00002340                mulFloat
                0x0000213c                gteFloat
                0x00001f7c                subFloat
                0x00002650                floatInBinary
 .text          0x0000272c      0x5c4 neural.o
                0x00002acc                nnpack8x8
                0x00002cb8                nninit_network
                0x00002b48                nndisplay
                0x000027c4                f_logic
                0x00002824                nncalculate_network
                0x0000290c                nncalculate_errors
                0x00002bdc                nntrain_network
                0x00002bc8                nninit_pattern
                0x0000272c                nnset_pattern
                0x000029c0                nnscale8x8
 .text          0x00002cf0      0xed8 gps.o
                0x00002e9c                tan
                0x000030c4                atan
                0x00003284                gps_dist
                0x00002fa8                asin
                0x000033b0                read_ublox
                0x00003034                acos
                0x000031bc                gps_head
                0x00002dcc                cos
                0x00002cf0                sin
                0x000033f8                gps_parse
                0x00003b20                gps_show
                0x00003190                isqrt
 .text          0x00003bc8       0x28 myfunc.o
                0x00003bc8                myfunc
 .text          0x00003bf0       0xd0 init.o
                0x00003bf0                initcode
 .text          0x00003cc0      0x4f8 sdcard.o
                0x00003e6c                GetCardParams
                0x00003d04                CloseSD
                0x00004090                ReadMultipleBlocks
                0x00003f4c                EraseBlocks
                0x00004128                WriteMultipleBlocks
                0x00003cc0                InitSD
                0x00003de8                GetToken
                0x00003fa4                WriteSector
                0x00003e24                CardInit
                0x00004028                ReadSector
                0x00003d64                SendCommand
                0x00003d14                WriteByte
 .text          0x000041b8      0x128 picoc/picoc.o
                0x00004234                picoc
                0x000041d8                Initialise
                0x000041b8                Cleanup
 .text          0x000042e0      0x28c picoc/table.o
                0x000044b4                TableStrRegister
                0x0000431c                TableGet
                0x000043a0                TableStrFree
                0x000043e4                TableSetIdentifier
                0x0000451c                TableInitTable
                0x000044a0                TableStrRegister2
                0x00004350                TableDelete
                0x000044d0                TableSet
                0x00004530                TableInit
 .text          0x0000456c      0xdd4 picoc/lex.o
                0x000048d0                LexInteractiveClear
                0x00005314                LexInit
                0x00004a68                LexGetCharacterConstant
                0x0000484c                LexInitParser
                0x00004abc                LexGetWord
                0x0000491c                LexCleanup
                0x0000456c                LexCheckReservedWord
                0x00004874                LexInteractiveCompleted
                0x00004924                LexCopyTokens
                0x00004864                LexInteractiveStatementPrompt
                0x000046dc                LexUnEscapeCharacter
                0x000052e0                LexToEndOfLine
                0x000045d0                LexGetNumber
                0x00004594                IsBaseDigit
                0x00004fec                LexAnalyse
                0x0000500c                LexGetToken
                0x000047ac                LexSkipComment
                0x00004824                LexTokenSize
                0x00004c50                LexScanGetToken
                0x00004f3c                LexTokenise
                0x00004b38                LexGetStringConstant
 .text          0x00005340      0xbd8 picoc/parse.o
                0x00005408                ParseFunctionDefinition
                0x00005cfc                ParseBlock
                0x00005628                ParseDeclaration
                0x00005350                ParseCleanup
                0x00005340                ParserCopyPos
                0x00005d84                ParseStatementMaybeRun
                0x00005db8                ParseFor
                0x00005c78                Parse
                0x00005798                ParseStatement
                0x00005364                ParseMacroDefinition
                0x00005c04                ParseInteractive
 .text          0x00005f18     0x1228 picoc/expression.o
                0x00006288                ExpressionPostfixOperator
                0x00006df8                ExpressionParseInt
                0x00006220                ExpressionPushInt
                0x00006154                ExpressionAssignToPointer
                0x00005fc4                ExpressionGetStructElement
                0x0000610c                ExpressionStackPushDereference
                0x000063e4                ExpressionPrefixOperator
                0x00005f70                ExpressionStackPushOperator
                0x00005f24                ExpressionAssignInt
                0x00005f18                debugf
                0x00006a14                ExpressionStackCollapse
                0x00006258                ExpressionStackPushValueByType
                0x000065f8                ExpressionStackPushValue
                0x00006e78                ExpressionParseFunctionCall
                0x0000661c                ExpressionInfixOperator
                0x00005fa0                ExpressionStackPushValueNode
                0x00006b00                ExpressionParse
                0x000065c8                ExpressionStackPushLValue
 .text          0x00007140      0x238 picoc/heap.o
                0x000071f8                HeapFree
                0x0000732c                HeapAllocStack
                0x000071b4                HeapPushStackFrame
                0x000071d4                HeapPopStackFrame
                0x00007250                HeapAlloc
                0x0000718c                HeapPopStack
                0x00007140                HeapInit
 .text          0x00007378      0x7f0 picoc/type.o
                0x000073a8                TypeStackSizeValue
                0x00007478                TypeInit
                0x00007b18                TypeCleanupNode
                0x00007408                TypeAddBaseType
                0x00007700                TypeParseStruct
                0x000073bc                TypeLastAccessibleOffset
                0x00007b5c                TypeCleanup
                0x000073e0                TypeSize
                0x00007954                TypeParse
                0x00007980                TypeParseIdentPart
                0x00007530                TypeGetMatching
                0x000078bc                TypeParseFront
                0x00007378                TypeSizeValue
                0x00007438                TypeAdd
                0x000075a4                TypeParseEnum
 .text          0x00007b68      0x658 picoc/variable.o
                0x00007cac                VariableDefined
                0x00007ee0                VariableStackPop
                0x00007d04                VariableStackFramePop
                0x00007ff4                VariableAllocValueAndData
                0x0000802c                VariableDefinePlatformVar
                0x00007e20                VariableFree
                0x00007ec0                VariableCleanup
                0x00007c18                VariableStringLiteralDefine
                0x00008178                VariableAllocValueFromType
                0x00007e7c                VariableTableCleanup
                0x00007c2c                VariableStringLiteralGet
                0x00007dd0                VariableInit
                0x00007d54                VariableStackFrameAdd
                0x00007c54                VariableGet
                0x000080c8                VariableAllocValueAndCopy
                0x00007fcc                VariableAllocValueShared
                0x00007f94                VariableAllocValueFromExistingData
                0x00007f4c                VariableAlloc
                0x0000810c                VariableDefine
                0x00007b68                VariableDereferencePointer
 .text          0x000081c0      0x530 picoc/clibrary.o
                0x000082a4                PrintType
                0x000085b4                LibPrintf
                0x0000820c                PrintInt
                0x000081e4                PrintStr
                0x0000838c                LibGets
                0x000081c0                SPutc
                0x0000851c                LibSPrintf
                0x000083d8                GenericPrintf
                0x000081d8                PrintCh
                0x00008650                LibraryInit
                0x000085d8                CLibraryInit
                0x00008374                LibGetc
 .text          0x000086f0     0x1388 picoc/library_surveyor.o
                0x00008e3c                Ctan
                0x00009410                Cvrcap
                0x00008e9c                Cwritei2c
                0x00009478                Csonar
                0x00008d10                Cnninit
                0x00008e7c                Csin
                0x00009710                Cencoders
                0x00008720                Cioread
                0x00008aa4                Cnnmatchblob
                0x000087e8                Claser
                0x00008ed0                Cvcam
                0x00009350                Cvscan
                0x0000945c                Crange
                0x00008f94                Cgps
                0x0000884c                Cvcolor
                0x000095d0                Cmotors2
                0x00008d14                Csqrt
                0x00008a74                Cnnshow
                0x00009558                Cservos
                0x00008e5c                Ccos
                0x00008dc4                Cacos
                0x000094e0                Cservos2
                0x00009188                Ccompass
                0x000088f4                Cautorun
                0x00009670                Cmotors
                0x00008ff4                Canalog
                0x00008e00                Casin
                0x000087ac                Cpoke
                0x00009414                Cvcap
                0x00008d68                Cgps_head
                0x000093c4                Cvpix
                0x00008964                Cexit
                0x0000882c                Cbattery
                0x00008d9c                Catan
                0x00009150                Ctilt
                0x000089cc                Cnnlearnblob
                0x00008f5c                Creadi2c
                0x00008f1c                Creadi2c2
                0x00008758                Cpeek
                0x00009760                Cinput
                0x00009738                Crand
                0x000088dc                Ctime
                0x00009418                Cvfind
                0x00008c88                Cnntrain
                0x000088c8                Cvdiff
                0x000086f0                Ciodir
                0x00009204                Cdelay
                0x0000921c                Cvblob
                0x000097a8                PlatformLibraryInit
                0x00008bb8                Cnntest
                0x00008980                Cnnset
                0x00008738                Ciowrite
                0x00008d34                Cgps_dist
                0x0000977c                Csignal
                0x00009310                Cvmean
 .text          0x00009a78      0x190 picoc/platform.o
                0x00009b6c                PlatformPrintf
                0x00009b88                LexFail
                0x00009a78                PlatformVPrintf
                0x00009bc4                ProgramFail
 .text          0x00009c08       0xa8 picoc/platform_surveyor.o
                0x00009c40                PlatformPutc
                0x00009c48                PlatformGetLine
                0x00009c08                PlatformCleanup
                0x00009c30                PlatformGetCharacter
                0x00009c14                PlatformExit

.l1data         0xff800000     0x3810
 *(.data)
 .data          0xff800000        0x0 camera.o
 .data          0xff800000        0x0 edit.o
 .data          0xff800000        0x0 malloc.o
 .data          0xff800000       0x64 httpd.o
                0xff800000                names
 .data          0xff800064        0x0 i2c.o
 .data          0xff800064        0x0 stm_m25p32.o
 .data          0xff800064        0x0 printf.o
 .data          0xff800064        0x0 xmodem.o
 .data          0xff800064        0x0 float.o
 .data          0xff800064       0x8c neural.o
                0xff800068                npattern
                0xff8000e8                nmask
                0xff800064                learn
 .data          0xff8000f0        0x0 gps.o
 .data          0xff8000f0        0x0 myfunc.o
 .data          0xff8000f0        0x0 main.o
 .data          0xff8000f0        0x0 math.o
 .data          0xff8000f0        0x0 string.o
 .data          0xff8000f0      0xa70 srv.o
                0xff8004f8                version_string
                0xff8000f8                font8x8
                0xff8000f0                fontmask
                0xff80052c                frame
                0xff80054c                rand_seed
 .data          0xff800b60        0x0 uart.o
 .data          0xff800b60        0x0 colors.o
 .data          0xff800b60      0x8f0 jpeg.o
                0xff801390                zigzag_table
                0xff800bb8                chrominance_dc_size_table
                0xff800e58                chrominance_ac_code_table
                0xff800d14                luminance_ac_size_table
                0xff800bd0                luminance_ac_code_table
                0xff800b88                luminance_dc_size_table
                0xff800ba0                chrominance_dc_code_table
                0xff8013d0                luminance_quant_table
                0xff8011e0                markerdata
                0xff800b70                luminance_dc_code_table
                0xff800b60                fdct_coeff
                0xff801410                chrominance_quant_table
                0xff8010e0                bitsize
                0xff800f9c                chrominance_ac_size_table
 .data          0xff801450        0x0 r8x8dct.o
 .data          0xff801450        0x0 motionvect.o
 .data          0xff801450     0x2084 stereo.o
                0xff801450                sensmodelindex
                0xff802f34                SinLookup
                0xff80165c                sensmodel
 .data          0xff8034d4        0x0 setjmp.o
 .data          0xff8034d4        0x0 init.o
 .data          0xff8034d4        0x0 sdcard.o
 .data          0xff8034d4        0x0 picoc/picoc.o
 .data          0xff8034d4        0x0 picoc/table.o
 .data          0xff8034d4      0x148 picoc/lex.o
 .data          0xff80361c        0x0 picoc/parse.o
 .data          0xff80361c        0x0 picoc/expression.o
 .data          0xff80361c       0x10 picoc/heap.o
                0xff803620                HeapMemStart
                0xff80361c                HeapStackTop
 .data          0xff80362c        0x0 picoc/type.o
 .data          0xff80362c        0x0 picoc/variable.o
 .data          0xff80362c       0x2c picoc/clibrary.o
                0xff80362c                CLibrary
 .data          0xff803658      0x1b8 picoc/library_surveyor.o
                0xff803658                PlatformLibrary
 .data          0xff803810        0x0 picoc/platform.o
 .data          0xff803810        0x0 picoc/platform_surveyor.o
 *(.l1data)
 *(.l1data.a)

.l1data.b
 *(.l1data.b)

.rodata         0xff803810     0x31bc
 *(.rodata .rodata.* .gnu.linkonce.r.*)
 .rodata.str1.4
                0xff803810       0xb6 edit.o
                                 0xb8 (size before relaxing)
 *fill*         0xff8038c6        0x2 00
 .rodata        0xff8038c8       0x5c edit.o
 .rodata.str1.4
                0xff803924      0x281 httpd.o
                                0x288 (size before relaxing)
 *fill*         0xff803ba5        0x3 00
 .rodata        0xff803ba8      0x148 httpd.o
 .rodata.str1.4
                0xff803cf0        0x7 printf.o
                                  0x8 (size before relaxing)
 *fill*         0xff803cf7        0x1 00
 .rodata        0xff803cf8      0x200 xmodem.o
 .rodata.str1.4
                0xff803ef8       0x3f float.o
                                 0x40 (size before relaxing)
 *fill*         0xff803f37        0x1 00
 .rodata.str1.4
                0xff803f38        0x4 neural.o
                                  0xc (size before relaxing)
 .rodata.str1.4
                0xff803f3c       0xa6 gps.o
                                 0xa8 (size before relaxing)
 *fill*         0xff803fe2        0x2 00
 .rodata        0xff803fe4      0x16c gps.o
 .rodata.str1.4
                0xff804150       0x14 myfunc.o
 .rodata.str1.4
                0xff804164       0x46 main.o
                                 0x48 (size before relaxing)
 *fill*         0xff8041aa        0x2 00
 .rodata        0xff8041ac      0x3a8 main.o
 .rodata        0xff804554      0x1c4 srv.o
 .rodata.str1.4
                0xff804718      0x801 srv.o
                                0x80c (size before relaxing)
 *fill*         0xff804f19        0x3 00
 .rodata        0xff804f1c       0x10 uart.o
 .rodata.str1.4
                0xff804f2c       0x53 colors.o
                                 0x54 (size before relaxing)
 *fill*         0xff804f7f        0x1 00
 .rodata        0xff804f80      0x220 stereo.o
                0xff804fac                pixel_offsets
                0xff80519c                sensmodel_indexes
                0xff80509c                BitsSetTable256
 .rodata.str1.4
                0xff8051a0       0x9e stereo.o
                                 0xa0 (size before relaxing)
 *fill*         0xff80523e        0x2 00
 .rodata.str1.4
                0xff805240       0x37 picoc/picoc.o
                                 0x38 (size before relaxing)
 *fill*         0xff805277        0x1 00
 .rodata.str1.4
                0xff805278        0xe picoc/table.o
                                 0x14 (size before relaxing)
 *fill*         0xff805286        0x2 00
 .rodata        0xff805288      0x2e0 picoc/lex.o
 .rodata.str1.4
                0xff805568       0xe6 picoc/lex.o
                                0x108 (size before relaxing)
 *fill*         0xff80564e        0x2 00
 .rodata.str1.4
                0xff805650      0x1a1 picoc/parse.o
                                0x1a8 (size before relaxing)
 *fill*         0xff8057f1        0x3 00
 .rodata        0xff8057f4       0x98 picoc/parse.o
 .rodata.str1.4
                0xff80588c      0x362 picoc/expression.o
                                0x3b0 (size before relaxing)
 *fill*         0xff805bee        0x2 00
 .rodata        0xff805bf0      0x264 picoc/expression.o
 .rodata.str1.4
                0xff805e54      0x12d picoc/type.o
                                0x164 (size before relaxing)
 *fill*         0xff805f81        0x3 00
 .rodata        0xff805f84       0x2c picoc/type.o
 .rodata.str1.4
                0xff805fb0       0x9b picoc/variable.o
                                 0xc4 (size before relaxing)
 *fill*         0xff80604b        0x1 00
 .rodata.str1.4
                0xff80604c       0xd2 picoc/clibrary.o
                                 0xf4 (size before relaxing)
 *fill*         0xff80611e        0x2 00
 .rodata        0xff806120       0x28 picoc/clibrary.o
 .rodata.str1.4
                0xff806148      0x86a picoc/library_surveyor.o
                                0x880 (size before relaxing)
 .rodata        0xff8069b2       0x10 picoc/library_surveyor.o
 *fill*         0xff8069c2        0x2 00
 .rodata.str1.4
                0xff8069c4        0x8 picoc/platform.o
                                  0xc (size before relaxing)
 .rodata.str1.4
                0x00000000       0x10 picoc/platform_surveyor.o

.data
 *(.data .data.* .gnu.linkonce.d.*)

.ctors
 *crtbegin*.o(.ctors)
 *(EXCLUDE_FILE(*crtend*.o) .ctors)
 *(SORT(.ctors.*))
 *(.ctors)

.dtors
 *crtbegin*.o(.dtors)
 *(EXCLUDE_FILE(*crtend*.o) .dtors)
 *(SORT(.dtors.*))
 *(.dtors)

.sdram.bss      0x00009cb0        0x0
                0x00009cb0                __sdram_bss_start = .
 *(.bss.sdram)
                0x00009cb0                . = ALIGN (0x4)
                0x00009cb0                __sdram_bss_end = .

.bss            0xff900000     0x3da8
                0xff900000                __bss_start = .
 *(.dynbss)
 *(.bss .bss.* .gnu.linkonce.b.*)
 .bss           0xff900000        0x0 camera.o
 .bss           0xff900000       0x10 edit.o
 .bss           0xff900010        0x4 malloc.o
                0xff900010                allocp
 .bss           0xff900014      0x408 httpd.o
 .bss           0xff90041c        0x0 i2c.o
 .bss           0xff90041c        0x0 stm_m25p32.o
 .bss           0xff90041c        0x0 printf.o
 .bss           0xff90041c        0x0 xmodem.o
 .bss           0xff90041c        0x0 float.o
 .bss           0xff90041c        0x0 neural.o
 .bss           0xff90041c        0x8 gps.o
 .bss           0xff900424        0x0 myfunc.o
 .bss           0xff900424        0x0 main.o
 .bss           0xff900424        0x0 math.o
 .bss           0xff900424        0x4 string.o
 .bss           0xff900428        0xc srv.o
                0xff90042c                sonar_flag
                0xff900428                failsafe_mode
                0xff900430                uart1_flag
 .bss           0xff900434        0x4 uart.o
 .bss           0xff900438       0x50 colors.o
 .bss           0xff900488        0x8 jpeg.o
                0xff900488                lcode
                0xff90048c                bitindex
 .bss           0xff900490        0x0 r8x8dct.o
 .bss           0xff900490        0x0 motionvect.o
 .bss           0xff900490        0x0 stereo.o
 .bss           0xff900490        0x0 setjmp.o
 .bss           0xff900490        0x0 init.o
 .bss           0xff900490        0x0 sdcard.o
 .bss           0xff900490        0x0 picoc/picoc.o
 .bss           0xff900490        0x4 picoc/table.o
                0xff900490                StrEmpty
 .bss           0xff900494       0x3c picoc/lex.o
 .bss           0xff9004d0        0x4 picoc/parse.o
 .bss           0xff9004d4        0x0 picoc/expression.o
 .bss           0xff9004d4       0x24 picoc/heap.o
 .bss           0xff9004f8        0x0 picoc/type.o
 .bss           0xff9004f8        0x4 picoc/variable.o
                0xff9004f8                TopStackFrame
 .bss           0xff9004fc        0x4 picoc/clibrary.o
 .bss           0xff900500       0xcc picoc/library_surveyor.o
 .bss           0xff9005cc        0x0 picoc/platform.o
 .bss           0xff9005cc        0x0 picoc/platform_surveyor.o
 *(COMMON)
 COMMON         0xff9005cc       0x18 camera.o
                0xff9005cc                dlist2
                0xff9005d8                dlist1
 COMMON         0xff9005e4       0x14 malloc.o
                0xff9005e4                base
                0xff9005ec                heap_end
                0xff9005f0                heap_start
                0xff9005f4                heap_ptr
 COMMON         0xff9005f8      0x406 xmodem.o
                0xff9005f8                xbuff
 *fill*         0xff9009fe        0x2 00
 COMMON         0xff900a00     0x1640 neural.o
                0xff900a00                weights
                0xff901e00                teach_neurons
                0xff901e40                nerror
                0xff901ec0                neurons
 COMMON         0xff902040       0x18 gps.o
                0xff902040                gps_gga
 COMMON         0xff902058      0x13c srv.o
                0xff902058                imgWidth
                0xff90205c                rfailsafe
                0xff902060                j
                0xff902064                svs_calibration_offset_y
                0xff902068                x_acc
                0xff90206c                i
                0xff902070                invert_flag
                0xff902074                segmentation_flag
                0xff902078                move_stop_time
                0xff90207c                svs_enable_horizontal
                0xff902080                pwm2_init
                0xff902084                sonar_data
                0xff902098                svs_scale_num
                0xff90209c                y_acc0
                0xff9020a0                svs_height
                0xff9020a4                svs_disp_left
                0xff9020a8                svs_width
                0xff9020ac                svs_enable_mapping
                0xff9020b0                quality
                0xff9020b4                move_start_time
                0xff9020b8                y_acc
                0xff9020bc                output_start
                0xff9020c0                lcount
                0xff9020c4                pwm1_init
                0xff9020c8                image_size
                0xff9020cc                pwm1_mode
                0xff9020d0                svs_centre_of_disortion_x
                0xff9020d4                x_center
                0xff9020d8                svs_enable_ground_priors
                0xff9020dc                lfailsafe
                0xff9020e0                edge_thresh
                0xff9020e4                horizon_detect_flag
                0xff9020e8                master
                0xff9020ec                base_speed
                0xff9020f0                svs_coeff
                0xff9020f4                rspeed2
                0xff9020f8                lspeed
                0xff9020fc                overlay_flag
                0xff902100                lspeed2
                0xff902104                err1
                0xff902108                svs_disp_right
                0xff90210c                enable_stereo_flag
                0xff902110                cp
                0xff902114                svs_coeff_degree
                0xff902118                svs_ground_y_percent
                0xff90211c                output_end
                0xff902120                svs_ground_slope_percent
                0xff902124                pwm2_mode
                0xff902128                svs_sensor_width_mmx100
                0xff90212c                stereo_processing_flag
                0xff902130                obstacle_detect_flag
                0xff902134                framecount
                0xff902138                svs_scale_denom
                0xff90213c                svs_centre_of_disortion_y
                0xff902140                rcount
                0xff902144                x_acc0
                0xff902148                imgHead
                0xff902154                stereo_sync_flag
                0xff902158                edge_detect_flag
                0xff90215c                encoder_flag
                0xff902160                imgHeight
                0xff902164                failsafe_clock
                0xff902168                move_time_mS
                0xff90216c                svs_calibration_offset_x
                0xff902170                y_center
                0xff902174                svs_turn_tollerance_percent
                0xff902178                svs_right_turn_percent
                0xff90217c                svs_steer
                0xff902180                rspeed
                0xff902184                base_speed2
                0xff902188                frame_diff_flag
                0xff90218c                ix
                0xff902190                robot_moving
 COMMON         0xff902194      0xf8c colors.o
                0xff902194                blobcnt
                0xff902290                ymax
                0xff9022d4                blobx1
                0xff9023d0                umax
                0xff902414                hist0
                0xff902814                hist1
                0xff902c14                blobix
                0xff902d10                bloby2
                0xff902e0c                mean
                0xff902e18                vmax
                0xff902e5c                vmin
                0xff902ea0                bloby1
                0xff902f9c                blobx2
                0xff903098                ymin
                0xff9030dc                umin
 COMMON         0xff903120      0x584 jpeg.o
                0xff903120                Y2
                0xff9031a0                Temp
                0xff903220                Cqt
                0xff903260                Y3
                0xff9032e0                Y4
                0xff903360                ICqt
                0xff9033e0                ILqt
                0xff903460                CR
                0xff9034e0                Lqt
                0xff903520                CB
                0xff9035a0                fdct_temp
                0xff903620                read_format
                0xff903624                Y1
 COMMON         0xff9036a4       0x84 stereo.o
                0xff9036a4                disparity_plane_fit
                0xff9036a8                footline_dist_mm
                0xff9036ac                robot_x_mm
                0xff9036b0                map_y_mm
                0xff9036b4                robot_y_mm
                0xff9036b8                footline
                0xff9036bc                row_peaks
                0xff9036c0                map_coords
                0xff9036c4                feature_y
                0xff9036c8                svs_prev_width
                0xff9036cc                prev_dist_moved_mm
                0xff9036d0                robot_orientation_degrees
                0xff9036d4                calibration_map
                0xff9036d8                map_x_mm
                0xff9036dc                robot_speed_mmsec
                0xff9036e0                svs_matches
                0xff9036e4                svs_data_received
                0xff9036e8                disparity_histogram_plane
                0xff9036ec                row_sum
                0xff9036f0                no_of_planes
                0xff9036f4                features_per_col
                0xff9036f8                svs_data
                0xff9036fc                map_occupancy
                0xff903700                curr_ID
                0xff903704                plane
                0xff903708                min_occupancy
                0xff90370c                svs_data_previous
                0xff903710                dist_moved_mm
                0xff903714                prev_svs_enable_mapping
                0xff903718                curr_ID_hits
                0xff90371c                valid_quadrants
                0xff903720                max_occupancy
                0xff903724                disparity_priors
 COMMON         0xff903728      0x18c picoc/table.o
                0xff903728                StringHashTable
                0xff9038ac                StringTable
 COMMON         0xff9038b4      0x128 picoc/type.o
                0xff9038b4                CharArrayType
                0xff9038b8                FunctionType
                0xff9038dc                EnumType
                0xff903900                VoidType
                0xff903924                MacroType
                0xff903948                CharType
                0xff90396c                CharPtrType
                0xff903970                WordType
                0xff903994                IntType
                0xff9039b8                UberType
 COMMON         0xff9039dc      0x318 picoc/variable.o
                0xff9039dc                StringLiteralHashTable
                0xff903b60                GlobalHashTable
                0xff903ce4                GlobalTable
                0xff903cec                StringLiteralTable
 COMMON         0xff903cf4       0x10 picoc/clibrary.o
                0xff903cf4                CStdOut
 COMMON         0xff903d04       0xa4 picoc/platform_surveyor.o
                0xff903d04                ExitBuf
                0xff903da8                . = ALIGN (0x4)
                0xff903da8                __bss_end = .
                0xffb00ffc                . = 0xffb00ffc
                0xffb00ffc                PROVIDE (_supervisor_stack, .)
LOAD init.o
LOAD main.o
LOAD srv.o
LOAD uart.o
LOAD camera.o
LOAD jpeg.o
LOAD i2c.o
LOAD stm_m25p32.o
LOAD float.o
LOAD httpd.o
LOAD xmodem.o
LOAD colors.o
LOAD edit.o
LOAD malloc.o
LOAD string.o
LOAD stereo.o
LOAD printf.o
LOAD myfunc.o
LOAD neural.o
LOAD gps.o
LOAD sdcard.o
LOAD picoc/picoc.o
LOAD picoc/table.o
LOAD picoc/lex.o
LOAD picoc/parse.o
LOAD picoc/expression.o
LOAD picoc/heap.o
LOAD picoc/type.o
LOAD picoc/variable.o
LOAD picoc/clibrary.o
LOAD picoc/library_surveyor.o
LOAD picoc/platform.o
LOAD picoc/platform_surveyor.o
LOAD r8x8dct.o
LOAD math.o
LOAD setjmp.o
LOAD motionvect.o
OUTPUT(srv1.bin.stereo elf32-bfin)

.debug_abbrev   0x00000000     0x3336
 .debug_abbrev  0x00000000       0xcf camera.o
 .debug_abbrev  0x000000cf       0xeb edit.o
 .debug_abbrev  0x000001ba      0x14c malloc.o
 .debug_abbrev  0x00000306      0x1da httpd.o
 .debug_abbrev  0x000004e0       0x8a i2c.o
 .debug_abbrev  0x0000056a      0x1d8 stm_m25p32.o
 .debug_abbrev  0x00000742      0x124 printf.o
 .debug_abbrev  0x00000866      0x183 xmodem.o
 .debug_abbrev  0x000009e9      0x244 float.o
 .debug_abbrev  0x00000c2d      0x114 neural.o
 .debug_abbrev  0x00000d41      0x1b7 gps.o
 .debug_abbrev  0x00000ef8       0x43 myfunc.o
 .debug_abbrev  0x00000f3b       0x61 main.o
 .debug_abbrev  0x00000f9c      0x16c string.o
 .debug_abbrev  0x00001108      0x271 srv.o
 .debug_abbrev  0x00001379      0x128 uart.o
 .debug_abbrev  0x000014a1      0x1c3 colors.o
 .debug_abbrev  0x00001664      0x186 jpeg.o
 .debug_abbrev  0x000017ea      0x239 stereo.o
 .debug_abbrev  0x00001a23       0x45 init.o
 .debug_abbrev  0x00001a68       0xf3 sdcard.o
 .debug_abbrev  0x00001b5b      0x153 picoc/picoc.o
 .debug_abbrev  0x00001cae      0x239 picoc/table.o
 .debug_abbrev  0x00001ee7      0x276 picoc/lex.o
 .debug_abbrev  0x0000215d      0x269 picoc/parse.o
 .debug_abbrev  0x000023c6      0x245 picoc/expression.o
 .debug_abbrev  0x0000260b      0x151 picoc/heap.o
 .debug_abbrev  0x0000275c      0x252 picoc/type.o
 .debug_abbrev  0x000029ae      0x1fb picoc/variable.o
 .debug_abbrev  0x00002ba9      0x270 picoc/clibrary.o
 .debug_abbrev  0x00002e19      0x273 picoc/library_surveyor.o
 .debug_abbrev  0x0000308c      0x142 picoc/platform.o
 .debug_abbrev  0x000031ce      0x168 picoc/platform_surveyor.o

.debug_info     0x00000000    0x115ad
 .debug_info    0x00000000      0x136 camera.o
 .debug_info    0x00000136      0x1e7 edit.o
 .debug_info    0x0000031d      0x23a malloc.o
 .debug_info    0x00000557      0x43f httpd.o
 .debug_info    0x00000996      0x158 i2c.o
 .debug_info    0x00000aee      0x604 stm_m25p32.o
 .debug_info    0x000010f2      0x34a printf.o
 .debug_info    0x0000143c      0x3e3 xmodem.o
 .debug_info    0x0000181f      0x78d float.o
 .debug_info    0x00001fac      0x438 neural.o
 .debug_info    0x000023e4      0x5af gps.o
 .debug_info    0x00002993       0x54 myfunc.o
 .debug_info    0x000029e7       0xca main.o
 .debug_info    0x00002ab1      0x501 string.o
 .debug_info    0x00002fb2     0x1fc3 srv.o
 .debug_info    0x00004f75      0x42d uart.o
 .debug_info    0x000053a2      0xbfe colors.o
 .debug_info    0x00005fa0      0xb0b jpeg.o
 .debug_info    0x00006aab     0x2061 stereo.o
 .debug_info    0x00008b0c       0x64 init.o
 .debug_info    0x00008b70      0x391 sdcard.o
 .debug_info    0x00008f01      0x54f picoc/picoc.o
 .debug_info    0x00009450      0x8db picoc/table.o
 .debug_info    0x00009d2b      0xf3c picoc/lex.o
 .debug_info    0x0000ac67      0xc1e picoc/parse.o
 .debug_info    0x0000b885     0x12a0 picoc/expression.o
 .debug_info    0x0000cb25      0x29f picoc/heap.o
 .debug_info    0x0000cdc4      0xcda picoc/type.o
 .debug_info    0x0000da9e      0xb67 picoc/variable.o
 .debug_info    0x0000e605      0xaa1 picoc/clibrary.o
 .debug_info    0x0000f0a6     0x1fcd picoc/library_surveyor.o
 .debug_info    0x00011073      0x2fb picoc/platform.o
 .debug_info    0x0001136e      0x23f picoc/platform_surveyor.o

.debug_line     0x00000000     0x48e1
 .debug_line    0x00000000       0x72 camera.o
 .debug_line    0x00000072       0xd1 edit.o
 .debug_line    0x00000143       0xa6 malloc.o
 .debug_line    0x000001e9      0x161 httpd.o
 .debug_line    0x0000034a       0xa7 i2c.o
 .debug_line    0x000003f1      0x1ac stm_m25p32.o
 .debug_line    0x0000059d       0xf8 printf.o
 .debug_line    0x00000695      0x139 xmodem.o
 .debug_line    0x000007ce      0x30e float.o
 .debug_line    0x00000adc      0x11e neural.o
 .debug_line    0x00000bfa      0x2a7 gps.o
 .debug_line    0x00000ea1       0x3c myfunc.o
 .debug_line    0x00000edd      0x16d main.o
 .debug_line    0x0000104a      0x10d string.o
 .debug_line    0x00001157      0xb39 srv.o
 .debug_line    0x00001c90      0x125 uart.o
 .debug_line    0x00001db5      0x380 colors.o
 .debug_line    0x00002135      0x315 jpeg.o
 .debug_line    0x0000244a      0xc97 stereo.o
 .debug_line    0x000030e1       0x53 init.o
 .debug_line    0x00003134      0x10b sdcard.o
 .debug_line    0x0000323f       0x92 picoc/picoc.o
 .debug_line    0x000032d1       0xe3 picoc/table.o
 .debug_line    0x000033b4      0x36e picoc/lex.o
 .debug_line    0x00003722      0x26b picoc/parse.o
 .debug_line    0x0000398d      0x46f picoc/expression.o
 .debug_line    0x00003dfc       0xe9 picoc/heap.o
 .debug_line    0x00003ee5      0x1e4 picoc/type.o
 .debug_line    0x000040c9      0x1a2 picoc/variable.o
 .debug_line    0x0000426b      0x176 picoc/clibrary.o
 .debug_line    0x000043e1      0x3a9 picoc/library_surveyor.o
 .debug_line    0x0000478a       0xc7 picoc/platform.o
 .debug_line    0x00004851       0x90 picoc/platform_surveyor.o

.debug_frame    0x00000000     0x3dac
 .debug_frame   0x00000000       0x4c camera.o
 .debug_frame   0x0000004c      0x100 edit.o
 .debug_frame   0x0000014c       0x94 malloc.o
 .debug_frame   0x000001e0       0xb8 httpd.o
 .debug_frame   0x00000298       0x40 i2c.o
 .debug_frame   0x000002d8      0x214 stm_m25p32.o
 .debug_frame   0x000004ec       0xd4 printf.o
 .debug_frame   0x000005c0       0xc8 xmodem.o
 .debug_frame   0x00000688      0x244 float.o
 .debug_frame   0x000008cc      0x16c neural.o
 .debug_frame   0x00000a38      0x1ac gps.o
 .debug_frame   0x00000be4       0x28 myfunc.o
 .debug_frame   0x00000c0c       0x3c main.o
 .debug_frame   0x00000c48      0x174 string.o
 .debug_frame   0x00000dbc      0xb34 srv.o
 .debug_frame   0x000018f0      0x1e4 uart.o
 .debug_frame   0x00001ad4      0x274 colors.o
 .debug_frame   0x00001d48      0x1b0 jpeg.o
 .debug_frame   0x00001ef8      0x4b0 stereo.o
 .debug_frame   0x000023a8       0xa4 init.o
 .debug_frame   0x0000244c      0x1a8 sdcard.o
 .debug_frame   0x000025f4       0x74 picoc/picoc.o
 .debug_frame   0x00002668      0x14c picoc/table.o
 .debug_frame   0x000027b4      0x29c picoc/lex.o
 .debug_frame   0x00002a50      0x1b8 picoc/parse.o
 .debug_frame   0x00002c08      0x2e0 picoc/expression.o
 .debug_frame   0x00002ee8       0xbc picoc/heap.o
 .debug_frame   0x00002fa4      0x1dc picoc/type.o
 .debug_frame   0x00003180      0x2e0 picoc/variable.o
 .debug_frame   0x00003460      0x1b4 picoc/clibrary.o
 .debug_frame   0x00003614      0x690 picoc/library_surveyor.o
 .debug_frame   0x00003ca4       0x7c picoc/platform.o
 .debug_frame   0x00003d20       0x8c picoc/platform_surveyor.o

.debug_loc      0x00000000    0x164a7
 .debug_loc     0x00000000       0x5b camera.o
 .debug_loc     0x0000005b      0x2eb edit.o
 .debug_loc     0x00000346      0x1e1 malloc.o
 .debug_loc     0x00000527      0x463 httpd.o
 .debug_loc     0x0000098a      0x23f i2c.o
 .debug_loc     0x00000bc9      0x89e stm_m25p32.o
 .debug_loc     0x00001467      0x79d printf.o
 .debug_loc     0x00001c04      0x6ac xmodem.o
 .debug_loc     0x000022b0      0xf86 float.o
 .debug_loc     0x00003236      0x460 neural.o
 .debug_loc     0x00003696     0x102f gps.o
 .debug_loc     0x000046c5       0x3e myfunc.o
 .debug_loc     0x00004703       0x69 main.o
 .debug_loc     0x0000476c      0x65d string.o
 .debug_loc     0x00004dc9     0x25e5 srv.o
 .debug_loc     0x000073ae      0x641 uart.o
 .debug_loc     0x000079ef     0x1422 colors.o
 .debug_loc     0x00008e11     0x14f7 jpeg.o
 .debug_loc     0x0000a308     0x36a5 stereo.o
 .debug_loc     0x0000d9ad      0x122 init.o
 .debug_loc     0x0000dacf      0x6d6 sdcard.o
 .debug_loc     0x0000e1a5       0xfa picoc/picoc.o
 .debug_loc     0x0000e29f      0x614 picoc/table.o
 .debug_loc     0x0000e8b3      0xfb2 picoc/lex.o
 .debug_loc     0x0000f865      0xb63 picoc/parse.o
 .debug_loc     0x000103c8     0x1d8f picoc/expression.o
 .debug_loc     0x00012157      0x2e2 picoc/heap.o
 .debug_loc     0x00012439      0x946 picoc/type.o
 .debug_loc     0x00012d7f      0xd45 picoc/variable.o
 .debug_loc     0x00013ac4      0x8db picoc/clibrary.o
 .debug_loc     0x0001439f     0x1d5e picoc/library_surveyor.o
 .debug_loc     0x000160fd      0x20f picoc/platform.o
 .debug_loc     0x0001630c      0x19b picoc/platform_surveyor.o

.debug_pubnames
                0x00000000     0x2ef9
 .debug_pubnames
                0x00000000       0x59 camera.o
 .debug_pubnames
                0x00000059       0x98 edit.o
 .debug_pubnames
                0x000000f1       0x87 malloc.o
 .debug_pubnames
                0x00000178       0x7a httpd.o
 .debug_pubnames
                0x000001f2       0x39 i2c.o
 .debug_pubnames
                0x0000022b      0x120 stm_m25p32.o
 .debug_pubnames
                0x0000034b       0x29 printf.o
 .debug_pubnames
                0x00000374       0x5d xmodem.o
 .debug_pubnames
                0x000003d1      0x10f float.o
 .debug_pubnames
                0x000004e0      0x11a neural.o
 .debug_pubnames
                0x000005fa       0x9f gps.o
 .debug_pubnames
                0x00000699       0x1d myfunc.o
 .debug_pubnames
                0x000006b6       0x1b main.o
 .debug_pubnames
                0x000006d1       0xce string.o
 .debug_pubnames
                0x0000079f      0xcd4 srv.o
 .debug_pubnames
                0x00001473      0x150 uart.o
 .debug_pubnames
                0x000015c3      0x169 colors.o
 .debug_pubnames
                0x0000172c      0x2cc jpeg.o
 .debug_pubnames
                0x000019f8      0x524 stereo.o
 .debug_pubnames
                0x00001f1c       0x1f init.o
 .debug_pubnames
                0x00001f3b       0xd1 sdcard.o
 .debug_pubnames
                0x0000200c       0x37 picoc/picoc.o
 .debug_pubnames
                0x00002043       0xe1 picoc/table.o
 .debug_pubnames
                0x00002124      0x1b8 picoc/lex.o
 .debug_pubnames
                0x000022dc       0xe8 picoc/parse.o
 .debug_pubnames
                0x000023c4      0x208 picoc/expression.o
 .debug_pubnames
                0x000025cc       0xad picoc/heap.o
 .debug_pubnames
                0x00002679      0x1b6 picoc/type.o
 .debug_pubnames
                0x0000282f      0x274 picoc/variable.o
 .debug_pubnames
                0x00002aa3       0xd1 picoc/clibrary.o
 .debug_pubnames
                0x00002b74      0x2af picoc/library_surveyor.o
 .debug_pubnames
                0x00002e23       0x55 picoc/platform.o
 .debug_pubnames
                0x00002e78       0x81 picoc/platform_surveyor.o

.debug_aranges  0x00000000      0x420
 .debug_aranges
                0x00000000       0x20 camera.o
 .debug_aranges
                0x00000020       0x20 edit.o
 .debug_aranges
                0x00000040       0x20 malloc.o
 .debug_aranges
                0x00000060       0x20 httpd.o
 .debug_aranges
                0x00000080       0x20 i2c.o
 .debug_aranges
                0x000000a0       0x20 stm_m25p32.o
 .debug_aranges
                0x000000c0       0x20 printf.o
 .debug_aranges
                0x000000e0       0x20 xmodem.o
 .debug_aranges
                0x00000100       0x20 float.o
 .debug_aranges
                0x00000120       0x20 neural.o
 .debug_aranges
                0x00000140       0x20 gps.o
 .debug_aranges
                0x00000160       0x20 myfunc.o
 .debug_aranges
                0x00000180       0x20 main.o
 .debug_aranges
                0x000001a0       0x20 string.o
 .debug_aranges
                0x000001c0       0x20 srv.o
 .debug_aranges
                0x000001e0       0x20 uart.o
 .debug_aranges
                0x00000200       0x20 colors.o
 .debug_aranges
                0x00000220       0x20 jpeg.o
 .debug_aranges
                0x00000240       0x20 stereo.o
 .debug_aranges
                0x00000260       0x20 init.o
 .debug_aranges
                0x00000280       0x20 sdcard.o
 .debug_aranges
                0x000002a0       0x20 picoc/picoc.o
 .debug_aranges
                0x000002c0       0x20 picoc/table.o
 .debug_aranges
                0x000002e0       0x20 picoc/lex.o
 .debug_aranges
                0x00000300       0x20 picoc/parse.o
 .debug_aranges
                0x00000320       0x20 picoc/expression.o
 .debug_aranges
                0x00000340       0x20 picoc/heap.o
 .debug_aranges
                0x00000360       0x20 picoc/type.o
 .debug_aranges
                0x00000380       0x20 picoc/variable.o
 .debug_aranges
                0x000003a0       0x20 picoc/clibrary.o
 .debug_aranges
                0x000003c0       0x20 picoc/library_surveyor.o
 .debug_aranges
                0x000003e0       0x20 picoc/platform.o
 .debug_aranges
                0x00000400       0x20 picoc/platform_surveyor.o

.debug_str      0x00000000     0x4450
 .debug_str     0x00000000       0xe7 camera.o
                                 0xf4 (size before relaxing)
 .debug_str     0x000000e7       0x94 edit.o
                                 0xf2 (size before relaxing)
 .debug_str     0x0000017b       0x6a malloc.o
                                 0xdf (size before relaxing)
 .debug_str     0x000001e5      0x164 httpd.o
                                0x1fe (size before relaxing)
 .debug_str     0x00000349       0x55 i2c.o
                                 0xc6 (size before relaxing)
 .debug_str     0x0000039e      0x25c stm_m25p32.o
                                0x31d (size before relaxing)
 .debug_str     0x000005fa       0x4e printf.o
                                 0xdd (size before relaxing)
 .debug_str     0x00000648       0xce xmodem.o
                                0x164 (size before relaxing)
 .debug_str     0x00000716      0x161 float.o
                                0x208 (size before relaxing)
 .debug_str     0x00000877       0xf1 neural.o
                                0x176 (size before relaxing)
 .debug_str     0x00000968       0xb2 gps.o
                                0x15b (size before relaxing)
 .debug_str     0x00000a1a       0x10 myfunc.o
                                 0x6e (size before relaxing)
 .debug_str     0x00000a2a       0x4f main.o
                                0x103 (size before relaxing)
 .debug_str     0x00000a79       0xb0 string.o
                                0x141 (size before relaxing)
 .debug_str     0x00000b29      0xaa0 srv.o
                                0xce8 (size before relaxing)
 .debug_str     0x000015c9      0x12f uart.o
                                0x1f3 (size before relaxing)
 .debug_str     0x000016f8       0xc1 colors.o
                                0x214 (size before relaxing)
 .debug_str     0x000017b9      0x444 jpeg.o
                                0x51c (size before relaxing)
 .debug_str     0x00001bfd      0xba5 stereo.o
                                0xf46 (size before relaxing)
 .debug_str     0x000027a2       0x43 init.o
                                 0x93 (size before relaxing)
 .debug_str     0x000027e5       0xce sdcard.o
                                0x14e (size before relaxing)
 .debug_str     0x000028b3      0x232 picoc/picoc.o
                                0x372 (size before relaxing)
 .debug_str     0x00002ae5      0x11f picoc/table.o
                                0x425 (size before relaxing)
 .debug_str     0x00002c04      0x84b picoc/lex.o
                                0xb9b (size before relaxing)
 .debug_str     0x0000344f      0x248 picoc/parse.o
                                0xaaa (size before relaxing)
 .debug_str     0x00003697      0x459 picoc/expression.o
                                0xd66 (size before relaxing)
 .debug_str     0x00003af0       0xf8 picoc/heap.o
                                0x1a6 (size before relaxing)
 .debug_str     0x00003be8      0x18a picoc/type.o
                                0xa8c (size before relaxing)
 .debug_str     0x00003d72      0x25c picoc/variable.o
                                0x63e (size before relaxing)
 .debug_str     0x00003fce      0x16f picoc/clibrary.o
                                0x533 (size before relaxing)
 .debug_str     0x0000413d      0x24f picoc/library_surveyor.o
                                0x703 (size before relaxing)
 .debug_str     0x0000438c       0x54 picoc/platform.o
                                0x1e7 (size before relaxing)
 .debug_str     0x000043e0       0x70 picoc/platform_surveyor.o
                                0x1d2 (size before relaxing)

.comment        0x00000000      0x39c
 .comment       0x00000000       0x1c camera.o
 .comment       0x0000001c       0x1c edit.o
 .comment       0x00000038       0x1c malloc.o
 .comment       0x00000054       0x1c httpd.o
 .comment       0x00000070       0x1c i2c.o
 .comment       0x0000008c       0x1c stm_m25p32.o
 .comment       0x000000a8       0x1c printf.o
 .comment       0x000000c4       0x1c xmodem.o
 .comment       0x000000e0       0x1c float.o
 .comment       0x000000fc       0x1c neural.o
 .comment       0x00000118       0x1c gps.o
 .comment       0x00000134       0x1c myfunc.o
 .comment       0x00000150       0x1c main.o
 .comment       0x0000016c       0x1c string.o
 .comment       0x00000188       0x1c srv.o
 .comment       0x000001a4       0x1c uart.o
 .comment       0x000001c0       0x1c colors.o
 .comment       0x000001dc       0x1c jpeg.o
 .comment       0x000001f8       0x1c stereo.o
 .comment       0x00000214       0x1c init.o
 .comment       0x00000230       0x1c sdcard.o
 .comment       0x0000024c       0x1c picoc/picoc.o
 .comment       0x00000268       0x1c picoc/table.o
 .comment       0x00000284       0x1c picoc/lex.o
 .comment       0x000002a0       0x1c picoc/parse.o
 .comment       0x000002bc       0x1c picoc/expression.o
 .comment       0x000002d8       0x1c picoc/heap.o
 .comment       0x000002f4       0x1c picoc/type.o
 .comment       0x00000310       0x1c picoc/variable.o
 .comment       0x0000032c       0x1c picoc/clibrary.o
 .comment       0x00000348       0x1c picoc/library_surveyor.o
 .comment       0x00000364       0x1c picoc/platform.o
 .comment       0x00000380       0x1c picoc/platform_surveyor.o

.debug_ranges   0x00000000      0x640
 .debug_ranges  0x00000000       0x28 httpd.o
 .debug_ranges  0x00000028       0x28 printf.o
 .debug_ranges  0x00000050       0x70 xmodem.o
 .debug_ranges  0x000000c0       0x30 string.o
 .debug_ranges  0x000000f0      0x180 stereo.o
 .debug_ranges  0x00000270       0x38 init.o
 .debug_ranges  0x000002a8       0xb8 picoc/table.o
 .debug_ranges  0x00000360       0x80 picoc/lex.o
 .debug_ranges  0x000003e0       0x60 picoc/parse.o
 .debug_ranges  0x00000440      0x1d0 picoc/expression.o
 .debug_ranges  0x00000610       0x18 picoc/type.o
 .debug_ranges  0x00000628       0x18 picoc/clibrary.o
