
Allocating common symbols
Common symbol       size              file

imgWidth            0x4               srv.o
rfailsafe           0x4               srv.o
j                   0x4               srv.o
Y2                  0x80              jpeg.o
x_acc               0x4               srv.o
i                   0x4               srv.o
invert_flag         0x4               srv.o
blobcnt             0xfc              colors.o
segmentation_flag   0x4               srv.o
move_stop_time      0x4               srv.o
Temp                0x80              jpeg.o
Cqt                 0x40              jpeg.o
ymax                0x44              colors.o
blobx1              0xfc              colors.o
pwm2_init           0x4               srv.o
Y3                  0x80              jpeg.o
base                0x8               malloc.o
sonar_data          0x14              srv.o
weights             0x1400            neural.o
teach_neurons       0x40              neural.o
nerror              0x80              neural.o
CStdOut             0x10              picoc/clibrary.o
y_acc0              0x4               srv.o
StringHashTable     0x184             picoc/table.o
CharArrayType       0x4               picoc/type.o
Y4                  0x80              jpeg.o
FunctionType        0x24              picoc/type.o
TypeType            0x24              picoc/type.o
umax                0x44              colors.o
ICqt                0x80              jpeg.o
hist0               0x400             colors.o
heap_end            0x4               malloc.o
quality             0x4               srv.o
move_start_time     0x4               srv.o
ExitBuf             0xa4              picoc/platform_surveyor.o
y_acc               0x4               srv.o
output_start        0x4               srv.o
hist1               0x400             colors.o
lcount              0x4               srv.o
pwm1_init           0x4               srv.o
image_size          0x4               srv.o
ILqt                0x80              jpeg.o
heap_start          0x4               malloc.o
pwm1_mode           0x4               srv.o
neurons             0x180             neural.o
StringLiteralHashTable
                    0x184             picoc/variable.o
x_center            0x4               srv.o
blobix              0xfc              colors.o
EnumType            0x24              picoc/type.o
VoidType            0x24              picoc/type.o
lfailsafe           0x4               srv.o
edge_thresh         0x4               srv.o
compass_init        0x4               srv.o
horizon_detect_flag
                    0x4               srv.o
master              0x4               srv.o
bloby2              0xfc              colors.o
mean                0xc               colors.o
base_speed          0x4               srv.o
rspeed2             0x4               srv.o
lspeed              0x4               srv.o
GlobalHashTable     0x184             picoc/variable.o
vmax                0x44              colors.o
CR                  0x80              jpeg.o
overlay_flag        0x4               srv.o
StringTable         0x8               picoc/table.o
lspeed2             0x4               srv.o
err1                0x4               srv.o
cp                  0x4               srv.o
Lqt                 0x40              jpeg.o
ShortType           0x24              picoc/type.o
GlobalTable         0x8               picoc/variable.o
UnsignedCharType    0x24              picoc/type.o
MacroType           0x24              picoc/type.o
CharType            0x24              picoc/type.o
output_end          0x4               srv.o
CB                  0x80              jpeg.o
pwm2_mode           0x4               srv.o
CharPtrType         0x4               picoc/type.o
obstacle_detect_flag
                    0x4               srv.o
fdct_temp           0x80              jpeg.o
gps_gga             0x18              gps.o
StringLiteralTable  0x8               picoc/variable.o
framecount          0x4               srv.o
VoidPtrType         0x4               picoc/type.o
vmin                0x44              colors.o
heap_ptr            0x4               malloc.o
bloby1              0xfc              colors.o
rcount              0x4               srv.o
x_acc0              0x4               srv.o
IntType             0x24              picoc/type.o
imgHead             0xb               srv.o
read_format         0x4               jpeg.o
edge_detect_flag    0x4               srv.o
encoder_flag        0x4               srv.o
imgHeight           0x4               srv.o
UberType            0x24              picoc/type.o
failsafe_clock      0x4               srv.o
blobx2              0xfc              colors.o
move_time_mS        0x4               srv.o
dlist2              0xc               camera.o
y_center            0x4               srv.o
UnsignedIntType     0x24              picoc/type.o
UnsignedShortType   0x24              picoc/type.o
xbuff               0x406             xmodem.o
xwd_init            0x4               srv.o
dlist1              0xc               camera.o
ymin                0x44              colors.o
umin                0x44              colors.o
rspeed              0x4               srv.o
base_speed2         0x4               srv.o
frame_diff_flag     0x4               srv.o
ix                  0x4               srv.o
Y1                  0x80              jpeg.o
robot_moving        0x4               srv.o

Memory Configuration

Name             Origin             Length             Attributes
ram              0x00000000         0x02000000         xrw
l1code           0xffa00000         0x00010000         x
l1data_a         0xff800000         0x00008000         rw
l1data_b         0xff900000         0x00008000         rw
scratchpad       0xffb00000         0x00001000         rw
*default*        0x00000000         0xffffffff

Linker script and memory map


.sdram.text
 camera.o(.sdram.text)
 edit.o(.sdram.text)
 httpd.o(.sdram.text)
 i2c.o(.sdram.text)
 stm_m25p32.o(.sdram.text)
 printf.o(.sdram.text)
 xmodem.o(.sdram.text)
 float.o(.sdram.text)
 gps.o(.sdram.text)
 myfunc.o(.sdram.text)
 *(.gnu.warning)

.l1code         0xffa00000     0x85c8
 main.o(.text)
 .text          0xffa00000      0x36c main.o
                0xffa00000                main
 math.o(.text)
 .text          0xffa0036c      0x200 math.o
                0xffa00438                __umodsi3
                0xffa0046a                __divsi3
                0xffa0036c                __udivsi3
 malloc.o(.text)
 .text          0xffa0056c      0x1a4 malloc.o
                0xffa00648                morecore
                0xffa005c0                free
                0xffa0056c                init_heap
                0xffa005ac                sbrk
                0xffa0068c                malloc
 string.o(.text)
 .text          0xffa00710      0x584 string.o
                0xffa00710                strcmp
                0xffa0095c                memcpy2
                0xffa0078c                strncpy
                0xffa007c4                atoi
                0xffa00940                memcpy
                0xffa00980                memset
                0xffa00ac4                strtoksafe
                0xffa009d4                ctoi
                0xffa008a8                itoa
                0xffa00c6c                strdup
                0xffa00870                reverse
                0xffa00a1c                strpbrk
                0xffa00c4c                getUnaligned32
                0xffa00b78                strnstr
                0xffa00764                strchr
                0xffa0077c                strcpy
                0xffa00a54                strtok
                0xffa00730                strncmp
                0xffa00934                isdigit
                0xffa00850                strlen
                0xffa009ec                atoi_b16
                0xffa00994                memmove
                0xffa00bdc                strReplace
                0xffa00b28                strstr
 srv.o(.text)
 .text          0xffa00c94     0x42e8 srv.o
                0xffa02424                motor_command
                0xffa0306c                process_i2c
                0xffa028f8                restore_video
                0xffa0374c                xmodem_receive
                0xffa018f4                clearRTC
                0xffa01a88                delayUS
                0xffa040c8                motion_vect80x64
                0xffa02944                invert_video
                0xffa00f14                grab_reference_frame
                0xffa01904                delayMS
                0xffa02528                set_edge_thresh
                0xffa01af8                delayNS
                0xffa0145c                setPPM1
                0xffa01d9c                rand
                0xffa02210                testSD
                0xffa02fcc                tilt
                0xffa03670                read_user_sector
                0xffa01690                initRTC
                0xffa03a60                serial_out_flashbuffer
                0xffa00fb4                move_yuv422_to_planar
                0xffa037b4                camera_reset
                0xffa04f04                check_for_autorun
                0xffa0298c                init_tilt
                0xffa03480                write_boot_flash
                0xffa03040                read_tilt
                0xffa01110                initPWM
                0xffa011f8                init_sonar
                0xffa02f48                read_compass2x
                0xffa01b84                check_failsafe
                0xffa02200                show_stack_ptr
                0xffa044c0                process_colors
                0xffa029bc                laser_range
                0xffa021e8                show_heap_ptr
                0xffa02000                overlay_on
                0xffa013bc                setPWM2
                0xffa02164                lasers_off
                0xffa00da0                clear_sdram
                0xffa00de4                led1_on
                0xffa024dc                change_image_quality
                0xffa00dc8                stack_remaining
                0xffa015d4                check_bounds_0_100
                0xffa00eec                move_image
                0xffa03554                write_user_sector
                0xffa02558                process_neuralnet
                0xffa0236c                motor2_command
                0xffa022ac                ppm2_command
                0xffa012d0                setPWM
                0xffa01174                initPWM2
                0xffa01e48                read_encoders
                0xffa03368                init_analog
                0xffa02e20                show_laser_range
                0xffa03720                crc_flash_buffer
                0xffa03b4c                send_frame
                0xffa0213c                check_battery
                0xffa01f40                motor_increase_base_speed
                0xffa0210c                ping_sonar
                0xffa00f98                copy_image
                0xffa02080                enable_horizon_detect
                0xffa01c40                encoders
                0xffa01fb4                clear_flash_buffer
                0xffa02258                enable_failsafe
                0xffa02184                lasers_on
                0xffa0230c                ppm1_command
                0xffa01e8c                motor_action
                0xffa016b0                readRTC
                0xffa015f0                motor_trim_right
                0xffa00dd4                led0_on
                0xffa01640                motor_trim_left
                0xffa00c94                init_io
                0xffa021c0                serial_out_version
                0xffa01724                sonar
                0xffa01c08                init_encoders
                0xffa00df4                compute_frame_diff
                0xffa03744                launch_editor
                0xffa0424c                motion_vect_test
                0xffa020a8                enable_edge_detect
                0xffa04328                grab_frame
                0xffa02e3c                read_compass3x
                0xffa020d0                enable_segmentation
                0xffa035b4                write_user_flash
                0xffa03ac8                send_80x64planar
                0xffa01934                motor_set
                0xffa011c4                initTMR4
                0xffa01228                initPPM1
                0xffa01518                setPPM2
                0xffa01ecc                motor_decrease_base_speed
                0xffa0127c                initPPM2
                0xffa02058                enable_obstacle_detect
                0xffa035e0                read_double_sector
                0xffa021a4                serial_out_time
                0xffa00e4c                set_caption
                0xffa02018                disable_frame_diff
                0xffa00ff8                scale_image_to_80x64_planar
                0xffa00d74                reset_cpu
                0xffa036e0                read_user_flash
                0xffa034d4                write_double_sector
                0xffa031ec                analog
                0xffa01b6c                reset_failsafe_clock
                0xffa01e74                disable_failsafe
                0xffa0332c                read_analog
                0xffa01fe8                overlay_off
                0xffa020e8                enable_frame_diff
                0xffa0398c                camera_setup
                0xffa00f48                move_inverted
 uart.o(.text)
 .text          0xffa04f7c      0x4fc uart.o
                0xffa05190                uart1SendChar
                0xffa05204                uart1GetCh
                0xffa0515c                uart0GetChar
                0xffa0511c                uart0SendChars
                0xffa053fc                suartPutChar
                0xffa05140                uart0GetCh
                0xffa050f0                uart0SendString
                0xffa050c0                uart0SendChar
                0xffa05038                uart0_CTS
                0xffa051e0                uart1SendChars
                0xffa04fd4                init_uart0
                0xffa05180                uart0Signal
                0xffa04f7c                suartInit
                0xffa05254                printNumber
                0xffa0533c                suartGetChar
                0xffa051b4                uart1SendString
                0xffa05220                uart1GetChar
                0xffa05244                uart1Signal
                0xffa0505c                init_uart1
 colors.o(.text)
 .text          0xffa05478     0x1228 colors.o
                0xffa05624                vmean
                0xffa05998                edge_detect
                0xffa05898                vfind
                0xffa05b30                svs_segcode
                0xffa05f0c                vhorizon
                0xffa056e8                color_segment
                0xffa05dd0                addvect
                0xffa0618c                vblob
                0xffa054fc                blob_merge
                0xffa05d38                svs_segview
                0xffa05478                init_colors
                0xffa05c80                vscan
                0xffa05558                vhist
                0xffa05e5c                addline
                0xffa054c8                vpix
 jpeg.o(.text)
 .text          0xffa066a0      0xd9c jpeg.o
                0xffa0724c                DCT
                0xffa06c44                close_bitstream
                0xffa07260                encodeMCU
                0xffa0678c                huffman
                0xffa06cb8                write_markers
                0xffa0735c                encode_image
                0xffa06ed8                initialize_quantization_tables
                0xffa07098                read_422_format
                0xffa066a0                initialization
                0xffa0676c                levelshift
                0xffa06fc8                quantization
                0xffa07018                read_400_format
 r8x8dct.o(.text)
 *fill*         0xffa0743c        0x4 00
 .text          0xffa07440       0xf0 r8x8dct.o
                0xffa07440                _r8x8dct
 motionvect.o(.text)
 .text          0xffa07530      0x950 motionvect.o
                0xffa07998                hpel
                0xffa07cf8                _mve_core
                0xffa07ba8                _hpel_core2
                0xffa07a88                _hpel_core1
                0xffa07530                _motionvect
 uart.o(.text)
 setjmp.o(.text)
 .text          0xffa07e80      0x184 setjmp.o
                0xffa07e80                longjmp
                0xffa07f48                setjmp
 neural.o(.text)
 .text          0xffa08004      0x5c4 neural.o
                0xffa083a4                nnpack8x8
                0xffa08590                nninit_network
                0xffa08420                nndisplay
                0xffa0809c                f_logic
                0xffa080fc                nncalculate_network
                0xffa081e4                nncalculate_errors
                0xffa084b4                nntrain_network
                0xffa084a0                nninit_pattern
                0xffa08004                nnset_pattern
                0xffa08298                nnscale8x8

.text           0x00000000     0xa93c
 .text          0x00000000       0xf0 camera.o
                0x00000000                camera_init
                0x000000a8                camera_start
                0x000000cc                camera_stop
 .text          0x000000f0      0x33c edit.o
                0x00000288                insert_char
                0x00000138                find_next_line
                0x00000300                edit
                0x000001d4                find_buffer_end
                0x000000f0                delete_char
                0x0000021c                print_lines
                0x000002e0                print_help
                0x00000188                find_previous_line
 .text          0x0000042c      0xc68 httpd.o
                0x000006e4                httpd_request
                0x0000042c                clean_buffer
                0x00000618                adminBodyBuilder
 .text          0x00001094      0x290 i2c.o
                0x00001164                i2cwritex
                0x00001094                i2cwrite
                0x0000122c                i2cread
 .text          0x00001324      0x4d4 stm_m25p32.o
                0x00001400                SetupSPI
                0x000014c0                spi_read
                0x00001558                Wait_For_WEL
                0x000013e0                SPI_OFF
                0x000015c0                WriteFlash
                0x0000172c                spi_write
                0x00001330                spi_init_r
                0x000016b0                EraseBlock
                0x00001520                Wait_For_Status
                0x0000137c                GetSectorNumber
                0x0000165c                WriteData
                0x00001324                spi_init_f
                0x000014dc                ReadStatusRegister
                0x0000158c                SendSingleCommand
                0x00001430                ReadData
                0x0000133c                Wait_For_SPIF
                0x000013a4                udelay
 .text          0x000017f8      0x334 printf.o
                0x00001af4                sprintf
                0x00001b10                printf
 .text          0x00001b2c      0x4f8 xmodem.o
                0x00001bb8                xmodemTransmit
                0x00001b68                _inbyte
                0x00001b2c                crc16_ccitt
                0x00001e30                xmodemReceive
 .text          0x00002024      0xb9c float.o
                0x00002024                bytesToFloat
                0x0000290c                printFloat
                0x00002758                bigMulti
                0x000028f4                power
                0x000025c0                isOne
                0x00002054                minus
                0x00002aa4                printBinary
                0x0000266c                intToFloat
                0x00002060                divFloat
                0x00002048                parseFloat
                0x00002b54                printExponent
                0x00002b7c                printMantissa
                0x00002660                lteFloat
                0x0000211c                addFloat
                0x000027d4                mulFloat
                0x000025d0                gteFloat
                0x00002410                subFloat
                0x00002ae4                floatInBinary
 .text          0x00002bc0      0xedc gps.o
                0x00002d6c                tan
                0x00002f94                atan
                0x00003154                gps_dist
                0x00002e78                asin
                0x00003280                read_ublox
                0x00002f04                acos
                0x0000308c                gps_head
                0x00002c9c                cos
                0x00002bc0                sin
                0x000032c8                gps_parse
                0x000039f4                gps_show
                0x00003060                isqrt
 .text          0x00003a9c       0x28 myfunc.o
                0x00003a9c                myfunc
 .text          0x00003ac4       0xd0 init.o
                0x00003ac4                initcode
 .text          0x00003b94      0x4f8 sdcard.o
                0x00003d40                GetCardParams
                0x00003bd8                CloseSD
                0x00003f64                ReadMultipleBlocks
                0x00003e20                EraseBlocks
                0x00003ffc                WriteMultipleBlocks
                0x00003b94                InitSD
                0x00003cbc                GetToken
                0x00003e78                WriteSector
                0x00003cf8                CardInit
                0x00003efc                ReadSector
                0x00003c38                SendCommand
                0x00003be8                WriteByte
 .text          0x0000408c      0x128 picoc/picoc.o
                0x00004108                picoc
                0x000040ac                Initialise
                0x0000408c                Cleanup
 .text          0x000041b4      0x28c picoc/table.o
                0x00004388                TableStrRegister
                0x000041f0                TableGet
                0x00004274                TableStrFree
                0x000042b8                TableSetIdentifier
                0x000043f0                TableInitTable
                0x00004374                TableStrRegister2
                0x00004224                TableDelete
                0x000043a4                TableSet
                0x00004404                TableInit
 .text          0x00004440      0xf80 picoc/lex.o
                0x00004878                LexInteractiveClear
                0x00005394                LexInit
                0x00004a10                LexGetCharacterConstant
                0x000047ec                LexInitParser
                0x00004590                LexUnEscapeCharacterConstant
                0x00004a68                LexGetWord
                0x000048c4                LexCleanup
                0x00004440                LexCheckReservedWord
                0x0000481c                LexInteractiveCompleted
                0x000048cc                LexCopyTokens
                0x0000480c                LexInteractiveStatementPrompt
                0x00004638                LexUnEscapeCharacter
                0x00005360                LexToEndOfLine
                0x00004468                LexGetNumber
                0x00005058                LexAnalyse
                0x0000507c                LexGetToken
                0x00004738                LexSkipComment
                0x000047c4                LexTokenSize
                0x00004c18                LexScanGetToken
                0x00004f98                LexTokenise
                0x00004aec                LexGetStringConstant
 .text          0x000053c0      0xd50 picoc/parse.o
                0x0000548c                ParseFunctionDefinition
                0x00005ef8                ParseBlock
                0x000056f8                ParseDeclaration
                0x000053d4                ParseCleanup
                0x000053c0                ParserCopyPos
                0x00005f80                ParseStatementMaybeRun
                0x00005fb4                ParseFor
                0x00005e7c                Parse
                0x00005888                ParseStatement
                0x000053e8                ParseMacroDefinition
                0x00005df8                ParseInteractive
 .text          0x00006110     0x1620 picoc/expression.o
                0x00006438                ExpressionPostfixOperator
                0x00007460                ExpressionParseInt
                0x00006388                ExpressionPushInt
                0x000067cc                ExpressionAssignToPointer
                0x000068b0                ExpressionAssign
                0x0000611c                ExpressionCoerceInteger
                0x00006234                ExpressionGetStructElement
                0x000063c0                ExpressionStackPushDereference
                0x000065a0                ExpressionPrefixOperator
                0x000061e0                ExpressionStackPushOperator
                0x00006194                ExpressionAssignInt
                0x00006110                debugf
                0x00006e78                ExpressionStackCollapse
                0x00006408                ExpressionStackPushValueByType
                0x00006f94                ExpressionStackPushValue
                0x000074dc                ExpressionParseFunctionCall
                0x00006aa4                ExpressionInfixOperator
                0x00006158                ExpressionCoerceUnsignedInteger
                0x00006210                ExpressionStackPushValueNode
                0x00006fb8                ExpressionParse
                0x00006f64                ExpressionStackPushLValue
 .text          0x00007730      0x24c picoc/heap.o
                0x00007934                HeapAllocStack
                0x000077bc                HeapPushStackFrame
                0x000077dc                HeapPopStackFrame
                0x00007800                HeapFreeMem
                0x00007794                HeapPopStack
                0x0000777c                HeapUnpopStack
                0x00007730                HeapInit
                0x00007858                HeapAllocMem
 .text          0x0000797c      0x9cc picoc/type.o
                0x000079b0                TypeStackSizeValue
                0x00007aa4                TypeInit
                0x000082f8                TypeCleanupNode
                0x00007a34                TypeAddBaseType
                0x00007db4                TypeParseStruct
                0x000079cc                TypeLastAccessibleOffset
                0x00007a1c                TypeSizeAlignment
                0x0000833c                TypeCleanup
                0x000079f0                TypeSize
                0x00008110                TypeParse
                0x0000813c                TypeParseIdentPart
                0x00007bd8                TypeGetMatching
                0x00007f94                TypeParseFront
                0x0000797c                TypeSizeValue
                0x00007a64                TypeAdd
                0x00007c4c                TypeParseEnum
 .text          0x00008348      0x680 picoc/variable.o
                0x000084a0                VariableDefined
                0x000086d4                VariableStackPop
                0x000084f8                VariableStackFramePop
                0x000087dc                VariableAllocValueAndData
                0x00008814                VariableDefinePlatformVar
                0x00008614                VariableFree
                0x000086b4                VariableCleanup
                0x0000840c                VariableStringLiteralDefine
                0x000088f4                VariableAllocValueFromType
                0x00008670                VariableTableCleanup
                0x00008420                VariableStringLiteralGet
                0x000085c4                VariableInit
                0x00008548                VariableStackFrameAdd
                0x00008448                VariableGet
                0x000088b0                VariableAllocValueAndCopy
                0x000087b4                VariableAllocValueShared
                0x0000877c                VariableAllocValueFromExistingData
                0x00008734                VariableAlloc
                0x00008940                VariableDefine
                0x00008348                VariableDereferencePointer
 .text          0x000089c8      0x734 picoc/clibrary.o
                0x00008b64                PrintType
                0x00008fbc                LibPrintf
                0x00008b18                PrintInt
                0x00008c74                LibExit
                0x000089ec                PrintStr
                0x00008c90                LibGets
                0x000089c8                SPutc
                0x00008a14                PrintRepeatedChar
                0x00008a3c                PrintUnsigned
                0x00008f20                LibSPrintf
                0x00008cdc                GenericPrintf
                0x000089e0                PrintCh
                0x00009058                LibraryInit
                0x00008fe0                CLibraryInit
                0x00008c78                LibGetc
 .text          0x000090fc     0x1420 picoc/library_surveyor.o
                0x0000982c                Ctan
                0x00009eb4                Cvrcap
                0x0000988c                Cwritei2c
                0x00009f1c                Csonar
                0x00009700                Cnninit
                0x0000986c                Csin
                0x0000a1b4                Cencoders
                0x0000912c                Cioread
                0x00009494                Cnnmatchblob
                0x000091f4                Claser
                0x000098c0                Cvcam
                0x00009df4                Cvscan
                0x00009f00                Crange
                0x00009984                Cgps
                0x00009258                Cvcolor
                0x0000a074                Cmotors2
                0x00009704                Csqrt
                0x00009464                Cnnshow
                0x00009ffc                Cservos
                0x00009c0c                Cvsend
                0x0000984c                Ccos
                0x000097b4                Cacos
                0x00009f84                Cservos2
                0x00009b78                Ccompass
                0x00009300                Cautorun
                0x0000a114                Cmotors
                0x000099e4                Canalog
                0x000097f0                Casin
                0x000091b8                Cpoke
                0x00009eb8                Cvcap
                0x00009758                Cgps_head
                0x00009e68                Cvpix
                0x00009c5c                Cvjpeg
                0x00009238                Cbattery
                0x0000978c                Catan
                0x00009b40                Ctilt
                0x000093bc                Cnnlearnblob
                0x0000994c                Creadi2c
                0x0000990c                Creadi2c2
                0x00009164                Cpeek
                0x0000a204                Cinput
                0x0000a1dc                Crand
                0x000092e8                Ctime
                0x00009ebc                Cvfind
                0x00009678                Cnntrain
                0x000092d4                Cvdiff
                0x000090fc                Ciodir
                0x00009bf4                Cdelay
                0x00009cc0                Cvblob
                0x0000a24c                PlatformLibraryInit
                0x000095a8                Cnntest
                0x00009370                Cnnset
                0x00009144                Ciowrite
                0x00009724                Cgps_dist
                0x0000a220                Csignal
                0x00009db4                Cvmean
 .text          0x0000a51c      0x354 picoc/platform.o
                0x0000a61c                PlatformPrintf
                0x0000a75c                LexFail
                0x0000a638                PrintSourceTextErrorLine
                0x0000a7d8                AssignFail
                0x0000a51c                PlatformVPrintf
                0x0000a798                ProgramFail
 .text          0x0000a870       0xcc picoc/platform_surveyor.o
                0x0000a8a8                PlatformPutc
                0x0000a8d4                PlatformGetLine
                0x0000a870                PlatformCleanup
                0x0000a898                PlatformGetCharacter
                0x0000a87c                PlatformExit

.l1data         0xff800000     0x27ec
 *(.data)
 .data          0xff800000        0x0 camera.o
 .data          0xff800000        0x0 edit.o
 .data          0xff800000     0x10a4 httpd.o
                0xff800000                adminHtml
 .data          0xff8010a4        0x0 i2c.o
 .data          0xff8010a4        0x0 stm_m25p32.o
 .data          0xff8010a4        0x0 printf.o
 .data          0xff8010a4        0x0 xmodem.o
 .data          0xff8010a4        0x0 float.o
 .data          0xff8010a4        0x0 gps.o
 .data          0xff8010a4        0x0 myfunc.o
 .data          0xff8010a4        0x0 main.o
 .data          0xff8010a4        0x0 math.o
 .data          0xff8010a4        0x0 malloc.o
 .data          0xff8010a4        0x0 string.o
 .data          0xff8010a4      0xa74 srv.o
                0xff8014ac                version_string
                0xff8010ac                font8x8
                0xff8010a4                fontmask
                0xff8014e4                frame
                0xff801504                rand_seed
 .data          0xff801b18        0x0 uart.o
 .data          0xff801b18        0x0 colors.o
 .data          0xff801b18      0x8f0 jpeg.o
                0xff802348                zigzag_table
                0xff801b70                chrominance_dc_size_table
                0xff801e10                chrominance_ac_code_table
                0xff801ccc                luminance_ac_size_table
                0xff801b88                luminance_ac_code_table
                0xff801b40                luminance_dc_size_table
                0xff801b58                chrominance_dc_code_table
                0xff802388                luminance_quant_table
                0xff802198                markerdata
                0xff801b28                luminance_dc_code_table
                0xff801b18                fdct_coeff
                0xff8023c8                chrominance_quant_table
                0xff802098                bitsize
                0xff801f54                chrominance_ac_size_table
 .data          0xff802408        0x0 r8x8dct.o
 .data          0xff802408        0x0 motionvect.o
 .data          0xff802408        0x0 setjmp.o
 .data          0xff802408       0x8c neural.o
                0xff80240c                npattern
                0xff80248c                nmask
                0xff802408                learn
 .data          0xff802494        0x0 init.o
 .data          0xff802494        0x0 sdcard.o
 .data          0xff802494        0x0 picoc/picoc.o
 .data          0xff802494        0x0 picoc/table.o
 .data          0xff802494      0x154 picoc/lex.o
 .data          0xff8025e8        0x0 picoc/parse.o
 .data          0xff8025e8        0x0 picoc/expression.o
 .data          0xff8025e8       0x10 picoc/heap.o
                0xff8025ec                HeapMemStart
                0xff8025e8                HeapStackTop
 .data          0xff8025f8        0x0 picoc/type.o
 .data          0xff8025f8        0x0 picoc/variable.o
 .data          0xff8025f8       0x34 picoc/clibrary.o
                0xff8025f8                CLibrary
 .data          0xff80262c      0x1c0 picoc/library_surveyor.o
                0xff80262c                PlatformLibrary
 .data          0xff8027ec        0x0 picoc/platform.o
 .data          0xff8027ec        0x0 picoc/platform_surveyor.o
 *(.l1data)
 *(.l1data.a)

.l1data.b
 *(.l1data.b)

.rodata         0xff8027ec     0x3214
 *(.rodata .rodata.* .gnu.linkonce.r.*)
 .rodata.str1.4
                0xff8027ec       0xb6 edit.o
                                 0xb8 (size before relaxing)
 *fill*         0xff8028a2        0x2 00
 .rodata        0xff8028a4       0x5c edit.o
 .rodata.str1.4
                0xff802900      0x369 httpd.o
                                0x380 (size before relaxing)
 *fill*         0xff802c69        0x3 00
 .rodata        0xff802c6c      0x14c httpd.o
 .rodata.str1.4
                0xff802db8        0x7 printf.o
                                  0x8 (size before relaxing)
 *fill*         0xff802dbf        0x1 00
 .rodata        0xff802dc0      0x200 xmodem.o
 .rodata.str1.4
                0xff802fc0       0x3b float.o
                                 0x40 (size before relaxing)
 *fill*         0xff802ffb        0x1 00
 .rodata.str1.4
                0xff802ffc       0xa2 gps.o
                                 0xa4 (size before relaxing)
 *fill*         0xff80309e        0x2 00
 .rodata        0xff8030a0      0x16c gps.o
 .rodata.str1.4
                0xff80320c       0x14 myfunc.o
 .rodata        0xff803220      0x38c main.o
 .rodata        0xff8035ac      0x1c4 srv.o
 .rodata.str1.4
                0xff803770      0x801 srv.o
                                0x80c (size before relaxing)
 *fill*         0xff803f71        0x3 00
 .rodata        0xff803f74       0x10 uart.o
 .rodata.str1.4
                0xff803f84       0x53 colors.o
                                 0x54 (size before relaxing)
 *fill*         0xff803fd7        0x1 00
 .rodata.str1.4
                0xff803fd8        0x4 neural.o
                                  0xc (size before relaxing)
 .rodata.str1.4
                0xff803fdc       0x37 picoc/picoc.o
                                 0x38 (size before relaxing)
 *fill*         0xff804013        0x1 00
 .rodata.str1.4
                0xff804014        0xe picoc/table.o
                                 0x14 (size before relaxing)
 *fill*         0xff804022        0x2 00
 .rodata        0xff804024      0x2e8 picoc/lex.o
 .rodata.str1.4
                0xff80430c       0xee picoc/lex.o
                                0x110 (size before relaxing)
 *fill*         0xff8043fa        0x2 00
 .rodata.str1.4
                0xff8043fc      0x1c9 picoc/parse.o
                                0x1d0 (size before relaxing)
 *fill*         0xff8045c5        0x3 00
 .rodata        0xff8045c8       0xd4 picoc/parse.o
 .rodata        0xff80469c      0x2dc picoc/expression.o
 .rodata.str1.4
                0xff804978      0x3ba picoc/expression.o
                                0x414 (size before relaxing)
 *fill*         0xff804d32        0x2 00
 .rodata.str1.4
                0xff804d34      0x12d picoc/type.o
                                0x164 (size before relaxing)
 *fill*         0xff804e61        0x3 00
 .rodata        0xff804e64       0x2c picoc/type.o
 .rodata.str1.4
                0xff804e90       0x9b picoc/variable.o
                                 0xc4 (size before relaxing)
 *fill*         0xff804f2b        0x1 00
 .rodata.str1.4
                0xff804f2c      0x118 picoc/clibrary.o
                                0x140 (size before relaxing)
 .rodata        0xff805044       0x98 picoc/clibrary.o
 .rodata.str1.4
                0xff8050dc      0x8ce picoc/library_surveyor.o
                                0x8e4 (size before relaxing)
 .rodata        0xff8059aa       0x10 picoc/library_surveyor.o
 *fill*         0xff8059ba        0x2 00
 .rodata.str1.4
                0xff8059bc       0x44 picoc/platform.o
                                 0x50 (size before relaxing)
 .rodata.str1.4
                0x00000000       0x10 picoc/platform_surveyor.o

.data
 *(.data .data.* .gnu.linkonce.d.*)

.ctors
 *crtbegin*.o(.ctors)
 *(EXCLUDE_FILE(*crtend*.o) .ctors)
 *(SORT(.ctors.*))
 *(.ctors)

.dtors
 *crtbegin*.o(.dtors)
 *(EXCLUDE_FILE(*crtend*.o) .dtors)
 *(SORT(.dtors.*))
 *(.dtors)

.sdram.bss      0x0000a93c        0x0
                0x0000a93c                __sdram_bss_start = .
 *(.bss.sdram)
                0x0000a93c                . = ALIGN (0x4)
                0x0000a93c                __sdram_bss_end = .

.bss            0xff900000     0x43e4
                0xff900000                __bss_start = .
 *(.dynbss)
 *(.bss .bss.* .gnu.linkonce.b.*)
 .bss           0xff900000        0x0 camera.o
 .bss           0xff900000       0x10 edit.o
 .bss           0xff900010      0xa84 httpd.o
 .bss           0xff900a94        0x0 i2c.o
 .bss           0xff900a94        0x0 stm_m25p32.o
 .bss           0xff900a94        0x0 printf.o
 .bss           0xff900a94        0x0 xmodem.o
 .bss           0xff900a94        0x0 float.o
 .bss           0xff900a94        0x8 gps.o
 .bss           0xff900a9c        0x0 myfunc.o
 .bss           0xff900a9c        0x0 main.o
 .bss           0xff900a9c        0x0 math.o
 .bss           0xff900a9c        0x4 malloc.o
                0xff900a9c                allocp
 .bss           0xff900aa0        0x4 string.o
 .bss           0xff900aa4        0xc srv.o
                0xff900aa8                sonar_flag
                0xff900aa4                failsafe_mode
                0xff900aac                uart1_flag
 .bss           0xff900ab0        0x4 uart.o
 .bss           0xff900ab4       0x50 colors.o
 .bss           0xff900b04        0x8 jpeg.o
                0xff900b04                lcode
                0xff900b08                bitindex
 .bss           0xff900b0c        0x0 r8x8dct.o
 .bss           0xff900b0c        0x0 motionvect.o
 .bss           0xff900b0c        0x0 setjmp.o
 .bss           0xff900b0c        0x0 neural.o
 .bss           0xff900b0c        0x0 init.o
 .bss           0xff900b0c        0x0 sdcard.o
 .bss           0xff900b0c        0x0 picoc/picoc.o
 .bss           0xff900b0c        0x4 picoc/table.o
                0xff900b0c                StrEmpty
 .bss           0xff900b10       0x44 picoc/lex.o
 .bss           0xff900b54        0x4 picoc/parse.o
 .bss           0xff900b58        0x0 picoc/expression.o
 .bss           0xff900b58       0x24 picoc/heap.o
 .bss           0xff900b7c        0x0 picoc/type.o
 .bss           0xff900b7c        0x4 picoc/variable.o
                0xff900b7c                TopStackFrame
 .bss           0xff900b80        0x4 picoc/clibrary.o
 .bss           0xff900b84       0xcc picoc/library_surveyor.o
 .bss           0xff900c50        0x0 picoc/platform.o
 .bss           0xff900c50        0x0 picoc/platform_surveyor.o
 *(COMMON)
 COMMON         0xff900c50       0x18 camera.o
                0xff900c50                dlist2
                0xff900c5c                dlist1
 COMMON         0xff900c68      0x406 xmodem.o
                0xff900c68                xbuff
 *fill*         0xff90106e        0x2 00
 COMMON         0xff901070       0x18 gps.o
                0xff901070                gps_gga
 COMMON         0xff901088       0x14 malloc.o
                0xff901088                base
                0xff901090                heap_end
                0xff901094                heap_start
                0xff901098                heap_ptr
 COMMON         0xff90109c       0xe4 srv.o
                0xff90109c                imgWidth
                0xff9010a0                rfailsafe
                0xff9010a4                j
                0xff9010a8                x_acc
                0xff9010ac                i
                0xff9010b0                invert_flag
                0xff9010b4                segmentation_flag
                0xff9010b8                move_stop_time
                0xff9010bc                pwm2_init
                0xff9010c0                sonar_data
                0xff9010d4                y_acc0
                0xff9010d8                quality
                0xff9010dc                move_start_time
                0xff9010e0                y_acc
                0xff9010e4                output_start
                0xff9010e8                lcount
                0xff9010ec                pwm1_init
                0xff9010f0                image_size
                0xff9010f4                pwm1_mode
                0xff9010f8                x_center
                0xff9010fc                lfailsafe
                0xff901100                edge_thresh
                0xff901104                compass_init
                0xff901108                horizon_detect_flag
                0xff90110c                master
                0xff901110                base_speed
                0xff901114                rspeed2
                0xff901118                lspeed
                0xff90111c                overlay_flag
                0xff901120                lspeed2
                0xff901124                err1
                0xff901128                cp
                0xff90112c                output_end
                0xff901130                pwm2_mode
                0xff901134                obstacle_detect_flag
                0xff901138                framecount
                0xff90113c                rcount
                0xff901140                x_acc0
                0xff901144                imgHead
                0xff901150                edge_detect_flag
                0xff901154                encoder_flag
                0xff901158                imgHeight
                0xff90115c                failsafe_clock
                0xff901160                move_time_mS
                0xff901164                y_center
                0xff901168                xwd_init
                0xff90116c                rspeed
                0xff901170                base_speed2
                0xff901174                frame_diff_flag
                0xff901178                ix
                0xff90117c                robot_moving
 COMMON         0xff901180      0xf8c colors.o
                0xff901180                blobcnt
                0xff90127c                ymax
                0xff9012c0                blobx1
                0xff9013bc                umax
                0xff901400                hist0
                0xff901800                hist1
                0xff901c00                blobix
                0xff901cfc                bloby2
                0xff901df8                mean
                0xff901e04                vmax
                0xff901e48                vmin
                0xff901e8c                bloby1
                0xff901f88                blobx2
                0xff902084                ymin
                0xff9020c8                umin
 COMMON         0xff90210c      0x584 jpeg.o
                0xff90210c                Y2
                0xff90218c                Temp
                0xff90220c                Cqt
                0xff90224c                Y3
                0xff9022cc                Y4
                0xff90234c                ICqt
                0xff9023cc                ILqt
                0xff90244c                CR
                0xff9024cc                Lqt
                0xff90250c                CB
                0xff90258c                fdct_temp
                0xff90260c                read_format
                0xff902610                Y1
 COMMON         0xff902690     0x1640 neural.o
                0xff902690                weights
                0xff903a90                teach_neurons
                0xff903ad0                nerror
                0xff903b50                neurons
 COMMON         0xff903cd0      0x18c picoc/table.o
                0xff903cd0                StringHashTable
                0xff903e54                StringTable
 COMMON         0xff903e5c      0x1bc picoc/type.o
                0xff903e5c                CharArrayType
                0xff903e60                FunctionType
                0xff903e84                TypeType
                0xff903ea8                EnumType
                0xff903ecc                VoidType
                0xff903ef0                ShortType
                0xff903f14                UnsignedCharType
                0xff903f38                MacroType
                0xff903f5c                CharType
                0xff903f80                CharPtrType
                0xff903f84                VoidPtrType
                0xff903f88                IntType
                0xff903fac                UberType
                0xff903fd0                UnsignedIntType
                0xff903ff4                UnsignedShortType
 COMMON         0xff904018      0x318 picoc/variable.o
                0xff904018                StringLiteralHashTable
                0xff90419c                GlobalHashTable
                0xff904320                GlobalTable
                0xff904328                StringLiteralTable
 COMMON         0xff904330       0x10 picoc/clibrary.o
                0xff904330                CStdOut
 COMMON         0xff904340       0xa4 picoc/platform_surveyor.o
                0xff904340                ExitBuf
                0xff9043e4                . = ALIGN (0x4)
                0xff9043e4                __bss_end = .
                0xffb00ffc                . = 0xffb00ffc
                0xffb00ffc                PROVIDE (_supervisor_stack, .)
LOAD init.o
LOAD main.o
LOAD srv.o
LOAD uart.o
LOAD camera.o
LOAD jpeg.o
LOAD i2c.o
LOAD stm_m25p32.o
LOAD float.o
LOAD httpd.o
LOAD xmodem.o
LOAD colors.o
LOAD edit.o
LOAD malloc.o
LOAD string.o
LOAD printf.o
LOAD myfunc.o
LOAD neural.o
LOAD gps.o
LOAD sdcard.o
LOAD picoc/picoc.o
LOAD picoc/table.o
LOAD picoc/lex.o
LOAD picoc/parse.o
LOAD picoc/expression.o
LOAD picoc/heap.o
LOAD picoc/type.o
LOAD picoc/variable.o
LOAD picoc/clibrary.o
LOAD picoc/library_surveyor.o
LOAD picoc/platform.o
LOAD picoc/platform_surveyor.o
LOAD r8x8dct.o
LOAD math.o
LOAD setjmp.o
LOAD motionvect.o
OUTPUT(srv1.bin elf32-bfin)

.debug_abbrev   0x00000000     0x3356
 .debug_abbrev  0x00000000       0xcf camera.o
 .debug_abbrev  0x000000cf       0xeb edit.o
 .debug_abbrev  0x000001ba      0x231 httpd.o
 .debug_abbrev  0x000003eb       0x8a i2c.o
 .debug_abbrev  0x00000475      0x1d8 stm_m25p32.o
 .debug_abbrev  0x0000064d      0x124 printf.o
 .debug_abbrev  0x00000771      0x183 xmodem.o
 .debug_abbrev  0x000008f4      0x244 float.o
 .debug_abbrev  0x00000b38      0x1b7 gps.o
 .debug_abbrev  0x00000cef       0x43 myfunc.o
 .debug_abbrev  0x00000d32       0x6e main.o
 .debug_abbrev  0x00000da0      0x14c malloc.o
 .debug_abbrev  0x00000eec      0x222 string.o
 .debug_abbrev  0x0000110e      0x25c srv.o
 .debug_abbrev  0x0000136a      0x128 uart.o
 .debug_abbrev  0x00001492      0x1c3 colors.o
 .debug_abbrev  0x00001655      0x186 jpeg.o
 .debug_abbrev  0x000017db      0x114 neural.o
 .debug_abbrev  0x000018ef       0x45 init.o
 .debug_abbrev  0x00001934       0xf3 sdcard.o
 .debug_abbrev  0x00001a27      0x16c picoc/picoc.o
 .debug_abbrev  0x00001b93      0x234 picoc/table.o
 .debug_abbrev  0x00001dc7      0x271 picoc/lex.o
 .debug_abbrev  0x00002038      0x273 picoc/parse.o
 .debug_abbrev  0x000022ab      0x26c picoc/expression.o
 .debug_abbrev  0x00002517      0x168 picoc/heap.o
 .debug_abbrev  0x0000267f      0x256 picoc/type.o
 .debug_abbrev  0x000028d5      0x22b picoc/variable.o
 .debug_abbrev  0x00002b00      0x2b6 picoc/clibrary.o
 .debug_abbrev  0x00002db6      0x28c picoc/library_surveyor.o
 .debug_abbrev  0x00003042      0x193 picoc/platform.o
 .debug_abbrev  0x000031d5      0x181 picoc/platform_surveyor.o

.debug_info     0x00000000    0x10a9f
 .debug_info    0x00000000      0x136 camera.o
 .debug_info    0x00000136      0x1e7 edit.o
 .debug_info    0x0000031d      0x8ed httpd.o
 .debug_info    0x00000c0a      0x158 i2c.o
 .debug_info    0x00000d62      0x604 stm_m25p32.o
 .debug_info    0x00001366      0x34a printf.o
 .debug_info    0x000016b0      0x3e3 xmodem.o
 .debug_info    0x00001a93      0x78d float.o
 .debug_info    0x00002220      0x5af gps.o
 .debug_info    0x000027cf       0x54 myfunc.o
 .debug_info    0x00002823       0x75 main.o
 .debug_info    0x00002898      0x23a malloc.o
 .debug_info    0x00002ad2      0x823 string.o
 .debug_info    0x000032f5     0x1e78 srv.o
 .debug_info    0x0000516d      0x465 uart.o
 .debug_info    0x000055d2      0xbfe colors.o
 .debug_info    0x000061d0      0xb0b jpeg.o
 .debug_info    0x00006cdb      0x438 neural.o
 .debug_info    0x00007113       0x64 init.o
 .debug_info    0x00007177      0x391 sdcard.o
 .debug_info    0x00007508      0x5b8 picoc/picoc.o
 .debug_info    0x00007ac0      0x941 picoc/table.o
 .debug_info    0x00008401     0x101f picoc/lex.o
 .debug_info    0x00009420      0xce6 picoc/parse.o
 .debug_info    0x0000a106     0x14a5 picoc/expression.o
 .debug_info    0x0000b5ab      0x2d3 picoc/heap.o
 .debug_info    0x0000b87e      0xe12 picoc/type.o
 .debug_info    0x0000c690      0xc02 picoc/variable.o
 .debug_info    0x0000d292      0xca9 picoc/clibrary.o
 .debug_info    0x0000df3b     0x20eb picoc/library_surveyor.o
 .debug_info    0x00010026      0x80b picoc/platform.o
 .debug_info    0x00010831      0x26e picoc/platform_surveyor.o

.debug_line     0x00000000     0x402b
 .debug_line    0x00000000       0x72 camera.o
 .debug_line    0x00000072       0xd1 edit.o
 .debug_line    0x00000143      0x27c httpd.o
 .debug_line    0x000003bf       0xa7 i2c.o
 .debug_line    0x00000466      0x1ac stm_m25p32.o
 .debug_line    0x00000612       0xf8 printf.o
 .debug_line    0x0000070a      0x139 xmodem.o
 .debug_line    0x00000843      0x30e float.o
 .debug_line    0x00000b51      0x2a7 gps.o
 .debug_line    0x00000df8       0x3c myfunc.o
 .debug_line    0x00000e34      0x12e main.o
 .debug_line    0x00000f62       0xa6 malloc.o
 .debug_line    0x00001008      0x19d string.o
 .debug_line    0x000011a5      0xb4c srv.o
 .debug_line    0x00001cf1      0x12f uart.o
 .debug_line    0x00001e20      0x380 colors.o
 .debug_line    0x000021a0      0x315 jpeg.o
 .debug_line    0x000024b5      0x11e neural.o
 .debug_line    0x000025d3       0x53 init.o
 .debug_line    0x00002626      0x10b sdcard.o
 .debug_line    0x00002731       0x92 picoc/picoc.o
 .debug_line    0x000027c3       0xe3 picoc/table.o
 .debug_line    0x000028a6      0x3a5 picoc/lex.o
 .debug_line    0x00002c4b      0x29b picoc/parse.o
 .debug_line    0x00002ee6      0x55a picoc/expression.o
 .debug_line    0x00003440       0xf4 picoc/heap.o
 .debug_line    0x00003534      0x230 picoc/type.o
 .debug_line    0x00003764      0x1a0 picoc/variable.o
 .debug_line    0x00003904      0x1b9 picoc/clibrary.o
 .debug_line    0x00003abd      0x3bc picoc/library_surveyor.o
 .debug_line    0x00003e79      0x114 picoc/platform.o
 .debug_line    0x00003f8d       0x9e picoc/platform_surveyor.o

.debug_frame    0x00000000     0x3b80
 .debug_frame   0x00000000       0x4c camera.o
 .debug_frame   0x0000004c      0x100 edit.o
 .debug_frame   0x0000014c       0xd0 httpd.o
 .debug_frame   0x0000021c       0x40 i2c.o
 .debug_frame   0x0000025c      0x214 stm_m25p32.o
 .debug_frame   0x00000470       0xd4 printf.o
 .debug_frame   0x00000544       0xc8 xmodem.o
 .debug_frame   0x0000060c      0x244 float.o
 .debug_frame   0x00000850      0x1ac gps.o
 .debug_frame   0x000009fc       0x28 myfunc.o
 .debug_frame   0x00000a24       0x38 main.o
 .debug_frame   0x00000a5c       0x94 malloc.o
 .debug_frame   0x00000af0      0x220 string.o
 .debug_frame   0x00000d10      0xb44 srv.o
 .debug_frame   0x00001854      0x1f4 uart.o
 .debug_frame   0x00001a48      0x274 colors.o
 .debug_frame   0x00001cbc      0x1b0 jpeg.o
 .debug_frame   0x00001e6c      0x16c neural.o
 .debug_frame   0x00001fd8       0xa4 init.o
 .debug_frame   0x0000207c      0x1a8 sdcard.o
 .debug_frame   0x00002224       0x74 picoc/picoc.o
 .debug_frame   0x00002298      0x14c picoc/table.o
 .debug_frame   0x000023e4      0x2b4 picoc/lex.o
 .debug_frame   0x00002698      0x1b8 picoc/parse.o
 .debug_frame   0x00002850      0x340 picoc/expression.o
 .debug_frame   0x00002b90       0xcc picoc/heap.o
 .debug_frame   0x00002c5c      0x1ec picoc/type.o
 .debug_frame   0x00002e48      0x2e0 picoc/variable.o
 .debug_frame   0x00003128      0x220 picoc/clibrary.o
 .debug_frame   0x00003348      0x6c0 picoc/library_surveyor.o
 .debug_frame   0x00003a08       0xd8 picoc/platform.o
 .debug_frame   0x00003ae0       0xa0 picoc/platform_surveyor.o

.debug_loc      0x00000000    0x149d5
 .debug_loc     0x00000000       0x5b camera.o
 .debug_loc     0x0000005b      0x2eb edit.o
 .debug_loc     0x00000346      0xcf4 httpd.o
 .debug_loc     0x0000103a      0x23f i2c.o
 .debug_loc     0x00001279      0x89e stm_m25p32.o
 .debug_loc     0x00001b17      0x79d printf.o
 .debug_loc     0x000022b4      0x6ac xmodem.o
 .debug_loc     0x00002960      0xf70 float.o
 .debug_loc     0x000038d0     0x103a gps.o
 .debug_loc     0x0000490a       0x3e myfunc.o
 .debug_loc     0x00004948       0x2b main.o
 .debug_loc     0x00004973      0x1e1 malloc.o
 .debug_loc     0x00004b54      0xb2d string.o
 .debug_loc     0x00005681     0x2617 srv.o
 .debug_loc     0x00007c98      0x6d3 uart.o
 .debug_loc     0x0000836b     0x1422 colors.o
 .debug_loc     0x0000978d     0x14f7 jpeg.o
 .debug_loc     0x0000ac84      0x460 neural.o
 .debug_loc     0x0000b0e4      0x122 init.o
 .debug_loc     0x0000b206      0x6cb sdcard.o
 .debug_loc     0x0000b8d1       0xfa picoc/picoc.o
 .debug_loc     0x0000b9cb      0x614 picoc/table.o
 .debug_loc     0x0000bfdf     0x1128 picoc/lex.o
 .debug_loc     0x0000d107      0xb5c picoc/parse.o
 .debug_loc     0x0000dc63     0x2101 picoc/expression.o
 .debug_loc     0x0000fd64      0x2f5 picoc/heap.o
 .debug_loc     0x00010059      0x98b picoc/type.o
 .debug_loc     0x000109e4      0xd20 picoc/variable.o
 .debug_loc     0x00011704      0xc2e picoc/clibrary.o
 .debug_loc     0x00012332     0x1e8b picoc/library_surveyor.o
 .debug_loc     0x000141bd      0x5f7 picoc/platform.o
 .debug_loc     0x000147b4      0x221 picoc/platform_surveyor.o

.debug_pubnames
                0x00000000     0x2940
 .debug_pubnames
                0x00000000       0x59 camera.o
 .debug_pubnames
                0x00000059       0x98 edit.o
 .debug_pubnames
                0x000000f1       0x58 httpd.o
 .debug_pubnames
                0x00000149       0x39 i2c.o
 .debug_pubnames
                0x00000182      0x120 stm_m25p32.o
 .debug_pubnames
                0x000002a2       0x29 printf.o
 .debug_pubnames
                0x000002cb       0x5d xmodem.o
 .debug_pubnames
                0x00000328      0x10f float.o
 .debug_pubnames
                0x00000437       0x9f gps.o
 .debug_pubnames
                0x000004d6       0x1d myfunc.o
 .debug_pubnames
                0x000004f3       0x1b main.o
 .debug_pubnames
                0x0000050e       0x87 malloc.o
 .debug_pubnames
                0x00000595      0x12e string.o
 .debug_pubnames
                0x000006c3      0xaa3 srv.o
 .debug_pubnames
                0x00001166      0x150 uart.o
 .debug_pubnames
                0x000012b6      0x169 colors.o
 .debug_pubnames
                0x0000141f      0x2cc jpeg.o
 .debug_pubnames
                0x000016eb      0x11a neural.o
 .debug_pubnames
                0x00001805       0x1f init.o
 .debug_pubnames
                0x00001824       0xd1 sdcard.o
 .debug_pubnames
                0x000018f5       0x37 picoc/picoc.o
 .debug_pubnames
                0x0000192c       0xe1 picoc/table.o
 .debug_pubnames
                0x00001a0d      0x1c9 picoc/lex.o
 .debug_pubnames
                0x00001bd6       0xe8 picoc/parse.o
 .debug_pubnames
                0x00001cbe      0x25d picoc/expression.o
 .debug_pubnames
                0x00001f1b       0xc6 picoc/heap.o
 .debug_pubnames
                0x00001fe1      0x229 picoc/type.o
 .debug_pubnames
                0x0000220a      0x274 picoc/variable.o
 .debug_pubnames
                0x0000247e      0x105 picoc/clibrary.o
 .debug_pubnames
                0x00002583      0x2bb picoc/library_surveyor.o
 .debug_pubnames
                0x0000283e       0x81 picoc/platform.o
 .debug_pubnames
                0x000028bf       0x81 picoc/platform_surveyor.o

.debug_aranges  0x00000000      0x400
 .debug_aranges
                0x00000000       0x20 camera.o
 .debug_aranges
                0x00000020       0x20 edit.o
 .debug_aranges
                0x00000040       0x20 httpd.o
 .debug_aranges
                0x00000060       0x20 i2c.o
 .debug_aranges
                0x00000080       0x20 stm_m25p32.o
 .debug_aranges
                0x000000a0       0x20 printf.o
 .debug_aranges
                0x000000c0       0x20 xmodem.o
 .debug_aranges
                0x000000e0       0x20 float.o
 .debug_aranges
                0x00000100       0x20 gps.o
 .debug_aranges
                0x00000120       0x20 myfunc.o
 .debug_aranges
                0x00000140       0x20 main.o
 .debug_aranges
                0x00000160       0x20 malloc.o
 .debug_aranges
                0x00000180       0x20 string.o
 .debug_aranges
                0x000001a0       0x20 srv.o
 .debug_aranges
                0x000001c0       0x20 uart.o
 .debug_aranges
                0x000001e0       0x20 colors.o
 .debug_aranges
                0x00000200       0x20 jpeg.o
 .debug_aranges
                0x00000220       0x20 neural.o
 .debug_aranges
                0x00000240       0x20 init.o
 .debug_aranges
                0x00000260       0x20 sdcard.o
 .debug_aranges
                0x00000280       0x20 picoc/picoc.o
 .debug_aranges
                0x000002a0       0x20 picoc/table.o
 .debug_aranges
                0x000002c0       0x20 picoc/lex.o
 .debug_aranges
                0x000002e0       0x20 picoc/parse.o
 .debug_aranges
                0x00000300       0x20 picoc/expression.o
 .debug_aranges
                0x00000320       0x20 picoc/heap.o
 .debug_aranges
                0x00000340       0x20 picoc/type.o
 .debug_aranges
                0x00000360       0x20 picoc/variable.o
 .debug_aranges
                0x00000380       0x20 picoc/clibrary.o
 .debug_aranges
                0x000003a0       0x20 picoc/library_surveyor.o
 .debug_aranges
                0x000003c0       0x20 picoc/platform.o
 .debug_aranges
                0x000003e0       0x20 picoc/platform_surveyor.o

.debug_str      0x00000000     0x3c54
 .debug_str     0x00000000       0xc8 camera.o
                                 0xce (size before relaxing)
 .debug_str     0x000000c8       0x94 edit.o
                                 0xcc (size before relaxing)
 .debug_str     0x0000015c      0x381 httpd.o
                                0x3fb (size before relaxing)
 .debug_str     0x000004dd       0x55 i2c.o
                                 0xa0 (size before relaxing)
 .debug_str     0x00000532      0x263 stm_m25p32.o
                                0x2f7 (size before relaxing)
 .debug_str     0x00000795       0x4e printf.o
                                 0xb7 (size before relaxing)
 .debug_str     0x000007e3       0xce xmodem.o
                                0x13e (size before relaxing)
 .debug_str     0x000008b1      0x161 float.o
                                0x1e2 (size before relaxing)
 .debug_str     0x00000a12       0xb2 gps.o
                                0x135 (size before relaxing)
 .debug_str     0x00000ac4       0x10 myfunc.o
                                 0x48 (size before relaxing)
 .debug_str     0x00000ad4       0x15 main.o
                                 0x4d (size before relaxing)
 .debug_str     0x00000ae9       0x6a malloc.o
                                 0xb9 (size before relaxing)
 .debug_str     0x00000b53      0x128 string.o
                                0x1aa (size before relaxing)
 .debug_str     0x00000c7b      0x948 srv.o
                                0xaf9 (size before relaxing)
 .debug_str     0x000015c3      0x145 uart.o
                                0x1e3 (size before relaxing)
 .debug_str     0x00001708       0xd9 colors.o
                                0x1ee (size before relaxing)
 .debug_str     0x000017e1      0x439 jpeg.o
                                0x4f6 (size before relaxing)
 .debug_str     0x00001c1a       0xd9 neural.o
                                0x150 (size before relaxing)
 .debug_str     0x00001cf3       0x43 init.o
                                 0x6d (size before relaxing)
 .debug_str     0x00001d36       0xce sdcard.o
                                0x128 (size before relaxing)
 .debug_str     0x00001e04      0x295 picoc/picoc.o
                                0x3f5 (size before relaxing)
 .debug_str     0x00002099      0x11f picoc/table.o
                                0x4a8 (size before relaxing)
 .debug_str     0x000021b8      0x88e picoc/lex.o
                                0xc61 (size before relaxing)
 .debug_str     0x00002a46      0x28e picoc/parse.o
                                0xb86 (size before relaxing)
 .debug_str     0x00002cd4      0x50a picoc/expression.o
                                0xe98 (size before relaxing)
 .debug_str     0x000031de      0x10d picoc/heap.o
                                0x1a8 (size before relaxing)
 .debug_str     0x000032eb      0x1e0 picoc/type.o
                                0xb97 (size before relaxing)
 .debug_str     0x000034cb      0x25c picoc/variable.o
                                0x6cf (size before relaxing)
 .debug_str     0x00003727      0x1c1 picoc/clibrary.o
                                0x605 (size before relaxing)
 .debug_str     0x000038e8      0x257 picoc/library_surveyor.o
                                0x7a3 (size before relaxing)
 .debug_str     0x00003b3f       0xa5 picoc/platform.o
                                0x4af (size before relaxing)
 .debug_str     0x00003be4       0x70 picoc/platform_surveyor.o
                                0x1d7 (size before relaxing)

.comment        0x00000000      0x380
 .comment       0x00000000       0x1c camera.o
 .comment       0x0000001c       0x1c edit.o
 .comment       0x00000038       0x1c httpd.o
 .comment       0x00000054       0x1c i2c.o
 .comment       0x00000070       0x1c stm_m25p32.o
 .comment       0x0000008c       0x1c printf.o
 .comment       0x000000a8       0x1c xmodem.o
 .comment       0x000000c4       0x1c float.o
 .comment       0x000000e0       0x1c gps.o
 .comment       0x000000fc       0x1c myfunc.o
 .comment       0x00000118       0x1c main.o
 .comment       0x00000134       0x1c malloc.o
 .comment       0x00000150       0x1c string.o
 .comment       0x0000016c       0x1c srv.o
 .comment       0x00000188       0x1c uart.o
 .comment       0x000001a4       0x1c colors.o
 .comment       0x000001c0       0x1c jpeg.o
 .comment       0x000001dc       0x1c neural.o
 .comment       0x000001f8       0x1c init.o
 .comment       0x00000214       0x1c sdcard.o
 .comment       0x00000230       0x1c picoc/picoc.o
 .comment       0x0000024c       0x1c picoc/table.o
 .comment       0x00000268       0x1c picoc/lex.o
 .comment       0x00000284       0x1c picoc/parse.o
 .comment       0x000002a0       0x1c picoc/expression.o
 .comment       0x000002bc       0x1c picoc/heap.o
 .comment       0x000002d8       0x1c picoc/type.o
 .comment       0x000002f4       0x1c picoc/variable.o
 .comment       0x00000310       0x1c picoc/clibrary.o
 .comment       0x0000032c       0x1c picoc/library_surveyor.o
 .comment       0x00000348       0x1c picoc/platform.o
 .comment       0x00000364       0x1c picoc/platform_surveyor.o

.debug_ranges   0x00000000      0x770
 .debug_ranges  0x00000000      0x1e0 httpd.o
 .debug_ranges  0x000001e0       0x28 printf.o
 .debug_ranges  0x00000208       0x70 xmodem.o
 .debug_ranges  0x00000278       0x58 string.o
 .debug_ranges  0x000002d0       0x38 init.o
 .debug_ranges  0x00000308       0xb8 picoc/table.o
 .debug_ranges  0x000003c0       0x80 picoc/lex.o
 .debug_ranges  0x00000440       0x50 picoc/parse.o
 .debug_ranges  0x00000490      0x270 picoc/expression.o
 .debug_ranges  0x00000700       0x18 picoc/type.o
 .debug_ranges  0x00000718       0x58 picoc/clibrary.o
