
Allocating common symbols
Common symbol       size              file

disparity_plane_fit
                    0x4               stereo.o
imgWidth            0x4               srv.o
rfailsafe           0x4               srv.o
j                   0x4               srv.o
footline_dist_mm    0x4               stereo.o
robot_x_mm          0x4               stereo.o
svs_calibration_offset_y
                    0x4               srv.o
Y2                  0x80              jpeg.o
x_acc               0x4               srv.o
map_y_mm            0x4               stereo.o
robot_y_mm          0x4               stereo.o
i                   0x4               srv.o
blobcnt             0xfc              colors.o
segmentation_flag   0x4               srv.o
footline            0x4               stereo.o
move_stop_time      0x4               srv.o
Temp                0x80              jpeg.o
row_peaks           0x4               stereo.o
Cqt                 0x40              jpeg.o
ymax                0x44              colors.o
blobx1              0xfc              colors.o
svs_enable_horizontal
                    0x4               srv.o
map_coords          0x4               stereo.o
pwm2_init           0x4               srv.o
Y3                  0x80              jpeg.o
base                0x8               malloc.o
sonar_data          0x14              srv.o
svs_scale_num       0x4               srv.o
weights             0x1400            neural.o
teach_neurons       0x40              neural.o
nerror              0x80              neural.o
feature_y           0x4               stereo.o
CStdOut             0x10              picoc/clibrary.o
y_acc0              0x4               srv.o
svs_prev_width      0x4               stereo.o
StringHashTable     0x184             picoc/table.o
CharArrayType       0x4               picoc/type.o
Y4                  0x80              jpeg.o
prev_dist_moved_mm  0x4               stereo.o
FunctionType        0x24              picoc/type.o
umax                0x44              colors.o
robot_orientation_degrees
                    0x4               stereo.o
ICqt                0x80              jpeg.o
calibration_map     0x4               stereo.o
svs_height          0x4               srv.o
map_x_mm            0x4               stereo.o
hist0               0x400             colors.o
svs_disp_left       0x4               srv.o
svs_width           0x4               srv.o
svs_enable_mapping  0x4               srv.o
robot_speed_mmsec   0x4               stereo.o
heap_end            0x4               malloc.o
quality             0x4               srv.o
move_start_time     0x4               srv.o
ExitBuf             0xa4              picoc/platform_surveyor.o
y_acc               0x4               srv.o
output_start        0x4               srv.o
svs_matches         0x4               stereo.o
svs_data_received   0x4               stereo.o
hist1               0x400             colors.o
lcount              0x4               srv.o
pwm1_init           0x4               srv.o
image_size          0x4               srv.o
disparity_histogram_plane
                    0x4               stereo.o
ILqt                0x80              jpeg.o
heap_start          0x4               malloc.o
pwm1_mode           0x4               srv.o
neurons             0x180             neural.o
svs_centre_of_disortion_x
                    0x4               srv.o
StringLiteralHashTable
                    0x184             picoc/variable.o
x_center            0x4               srv.o
blobix              0xfc              colors.o
row_sum             0x4               stereo.o
svs_enable_ground_priors
                    0x4               srv.o
EnumType            0x24              picoc/type.o
VoidType            0x24              picoc/type.o
lfailsafe           0x4               srv.o
edge_thresh         0x4               srv.o
horizon_detect_flag
                    0x4               srv.o
master              0x4               srv.o
bloby2              0xfc              colors.o
mean                0xc               colors.o
base_speed          0x4               srv.o
svs_coeff           0x4               srv.o
rspeed2             0x4               srv.o
lspeed              0x4               srv.o
GlobalHashTable     0x184             picoc/variable.o
vmax                0x44              colors.o
CR                  0x80              jpeg.o
features_per_col    0x4               stereo.o
overlay_flag        0x4               srv.o
StringTable         0x8               picoc/table.o
lspeed2             0x4               srv.o
err1                0x4               srv.o
svs_disp_right      0x4               srv.o
enable_stereo_flag  0x4               srv.o
cp                  0x4               srv.o
svs_data            0x4               stereo.o
svs_coeff_degree    0x4               srv.o
Lqt                 0x40              jpeg.o
map_occupancy       0x4               stereo.o
svs_ground_y_percent
                    0x4               srv.o
GlobalTable         0x8               picoc/variable.o
MacroType           0x24              picoc/type.o
CharType            0x24              picoc/type.o
output_end          0x4               srv.o
svs_ground_slope_percent
                    0x4               srv.o
CB                  0x80              jpeg.o
curr_ID             0x4               stereo.o
pwm2_mode           0x4               srv.o
svs_sensor_width_mmx100
                    0x4               srv.o
CharPtrType         0x4               picoc/type.o
stereo_processing_flag
                    0x4               srv.o
obstacle_detect_flag
                    0x4               srv.o
fdct_temp           0x80              jpeg.o
min_occupancy       0x4               stereo.o
gps_gga             0x18              gps.o
StringLiteralTable  0x8               picoc/variable.o
framecount          0x4               srv.o
svs_data_previous   0x4               stereo.o
dist_moved_mm       0x4               stereo.o
vmin                0x44              colors.o
prev_svs_enable_mapping
                    0x4               stereo.o
heap_ptr            0x4               malloc.o
bloby1              0xfc              colors.o
curr_ID_hits        0x4               stereo.o
svs_scale_denom     0x4               srv.o
svs_centre_of_disortion_y
                    0x4               srv.o
WordType            0x24              picoc/type.o
rcount              0x4               srv.o
x_acc0              0x4               srv.o
IntType             0x24              picoc/type.o
imgHead             0xb               srv.o
read_format         0x4               jpeg.o
stereo_sync_flag    0x4               srv.o
edge_detect_flag    0x4               srv.o
encoder_flag        0x4               srv.o
imgHeight           0x4               srv.o
UberType            0x24              picoc/type.o
failsafe_clock      0x4               srv.o
blobx2              0xfc              colors.o
move_time_mS        0x4               srv.o
svs_calibration_offset_x
                    0x4               srv.o
dlist2              0xc               camera.o
y_center            0x4               srv.o
svs_turn_tollerance_percent
                    0x4               srv.o
valid_quadrants     0x4               stereo.o
max_occupancy       0x4               stereo.o
xbuff               0x406             xmodem.o
svs_right_turn_percent
                    0x4               srv.o
svs_steer           0x4               srv.o
dlist1              0xc               camera.o
disparity_priors    0x4               stereo.o
ymin                0x44              colors.o
umin                0x44              colors.o
rspeed              0x4               srv.o
base_speed2         0x4               srv.o
frame_diff_flag     0x4               srv.o
ix                  0x4               srv.o
Y1                  0x80              jpeg.o
robot_moving        0x4               srv.o

Memory Configuration

Name             Origin             Length             Attributes
ram              0x00000000         0x02000000         xrw
l1code           0xffa00000         0x00010000         x
l1data_a         0xff800000         0x00008000         rw
l1data_b         0xff900000         0x00008000         rw
scratchpad       0xffb00000         0x00001000         rw
*default*        0x00000000         0xffffffff

Linker script and memory map


.sdram.text
 camera.o(.sdram.text)
 edit.o(.sdram.text)
 httpd.o(.sdram.text)
 i2c.o(.sdram.text)
 stm_m25p32.o(.sdram.text)
 printf.o(.sdram.text)
 xmodem.o(.sdram.text)
 float.o(.sdram.text)
 gps.o(.sdram.text)
 myfunc.o(.sdram.text)
 *(.gnu.warning)

.l1code         0xffa00000     0xb868
 main.o(.text)
 .text          0xffa00000      0x424 main.o
                0xffa00000                main
 math.o(.text)
 .text          0xffa00424      0x200 math.o
                0xffa004f0                __umodsi3
                0xffa00522                __divsi3
                0xffa00424                __udivsi3
 malloc.o(.text)
 .text          0xffa00624      0x1a4 malloc.o
                0xffa00700                morecore
                0xffa00678                free
                0xffa00624                init_heap
                0xffa00664                sbrk
                0xffa00744                malloc
 srv.o(.text)
 .text          0xffa007c8     0x40d0 srv.o
                0xffa01fe4                motor_command
                0xffa02adc                process_i2c
                0xffa024b8                restore_video
                0xffa030a4                xmodem_receive
                0xffa0141c                clearRTC
                0xffa015b0                delayUS
                0xffa03a24                motion_vect80x64
                0xffa024e0                invert_video
                0xffa00a8c                grab_reference_frame
                0xffa0142c                delayMS
                0xffa020e8                set_edge_thresh
                0xffa01620                delayNS
                0xffa00f84                setPPM1
                0xffa018c4                rand
                0xffa01dd0                testSD
                0xffa02a3c                tilt
                0xffa02fe0                read_user_sector
                0xffa011b8                initRTC
                0xffa033bc                serial_out_flashbuffer
                0xffa00adc                move_yuv422_to_planar
                0xffa04820                check_for_autorun
                0xffa03110                camera_reset
                0xffa02508                init_tilt
                0xffa02ef0                write_boot_flash
                0xffa02ab0                read_tilt
                0xffa00c38                initPWM
                0xffa00d20                init_sonar
                0xffa016ac                check_failsafe
                0xffa01dc0                show_stack_ptr
                0xffa029b8                read_compass
                0xffa03de0                process_colors
                0xffa02538                laser_range
                0xffa01da8                show_heap_ptr
                0xffa01b54                overlay_on
                0xffa00ee4                setPWM2
                0xffa01cec                lasers_off
                0xffa00958                check_stereo_sync
                0xffa00904                clear_sdram
                0xffa00948                led1_on
                0xffa0209c                change_image_quality
                0xffa0092c                stack_remaining
                0xffa010fc                check_bounds_0_100
                0xffa00a64                move_image
                0xffa02f54                write_user_sector
                0xffa02118                process_neuralnet
                0xffa01f2c                motor2_command
                0xffa01e6c                ppm2_command
                0xffa00df8                setPWM
                0xffa00c9c                initPWM2
                0xffa01970                read_encoders
                0xffa02dd8                init_analog
                0xffa0299c                show_laser_range
                0xffa03078                crc_flash_buffer
                0xffa034a8                send_frame
                0xffa01cc4                check_battery
                0xffa01a94                motor_increase_base_speed
                0xffa01c94                ping_sonar
                0xffa00ac0                copy_image
                0xffa01c08                enable_horizon_detect
                0xffa01768                encoders
                0xffa01b08                clear_flash_buffer
                0xffa01e18                enable_failsafe
                0xffa01d0c                lasers_on
                0xffa01ecc                ppm1_command
                0xffa019b4                motor_action
                0xffa011d8                readRTC
                0xffa01118                motor_trim_right
                0xffa00938                led0_on
                0xffa01168                motor_trim_left
                0xffa007c8                init_io
                0xffa01d48                serial_out_version
                0xffa0124c                sonar
                0xffa01730                init_encoders
                0xffa0096c                compute_frame_diff
                0xffa0309c                launch_editor
                0xffa03ba8                motion_vect_test
                0xffa01c30                enable_edge_detect
                0xffa03c84                grab_frame
                0xffa01c58                enable_segmentation
                0xffa02fb4                write_user_flash
                0xffa03424                send_80x64planar
                0xffa0145c                motor_set
                0xffa00cec                initTMR4
                0xffa00d50                initPPM1
                0xffa01040                setPPM2
                0xffa01a20                motor_decrease_base_speed
                0xffa00da4                initPPM2
                0xffa01be0                enable_obstacle_detect
                0xffa01d2c                serial_out_time
                0xffa01bb8                enable_stereo_processing
                0xffa009c4                set_caption
                0xffa01b6c                disable_frame_diff
                0xffa00b20                scale_image_to_80x64_planar
                0xffa008d8                reset_cpu
                0xffa03038                read_user_flash
                0xffa02c5c                analog
                0xffa01694                reset_failsafe_clock
                0xffa0199c                disable_failsafe
                0xffa02d9c                read_analog
                0xffa01b3c                overlay_off
                0xffa01c70                enable_frame_diff
                0xffa032e8                camera_setup
 uart.o(.text)
 .text          0xffa04898      0x318 uart.o
                0xffa04a04                uart1SendChar
                0xffa04a78                uart1GetCh
                0xffa049d0                uart0GetChar
                0xffa04990                uart0SendChars
                0xffa049b4                uart0GetCh
                0xffa04964                uart0SendString
                0xffa04934                uart0SendChar
                0xffa04a54                uart1SendChars
                0xffa04898                init_uart0
                0xffa049f4                uart0Signal
                0xffa04ac8                printNumber
                0xffa04a28                uart1SendString
                0xffa04a94                uart1GetChar
                0xffa04ab8                uart1Signal
                0xffa048e4                init_uart1
 colors.o(.text)
 .text          0xffa04bb0     0x1228 colors.o
                0xffa04d5c                vmean
                0xffa050d0                edge_detect
                0xffa04fd0                vfind
                0xffa05268                svs_segcode
                0xffa05644                vhorizon
                0xffa04e20                color_segment
                0xffa05508                addvect
                0xffa058c4                vblob
                0xffa04c34                blob_merge
                0xffa05470                svs_segview
                0xffa04bb0                init_colors
                0xffa053b8                vscan
                0xffa04c90                vhist
                0xffa05594                addline
                0xffa04c00                vpix
 jpeg.o(.text)
 .text          0xffa05dd8      0xd9c jpeg.o
                0xffa06984                DCT
                0xffa0637c                close_bitstream
                0xffa06998                encodeMCU
                0xffa05ec4                huffman
                0xffa063f0                write_markers
                0xffa06a94                encode_image
                0xffa06610                initialize_quantization_tables
                0xffa067d0                read_422_format
                0xffa05dd8                initialization
                0xffa05ea4                levelshift
                0xffa06700                quantization
                0xffa06750                read_400_format
 r8x8dct.o(.text)
 *fill*         0xffa06b74        0x4 00
 .text          0xffa06b78       0xf0 r8x8dct.o
                0xffa06b78                _r8x8dct
 motionvect.o(.text)
 .text          0xffa06c68      0x950 motionvect.o
                0xffa070d0                hpel
                0xffa07430                _mve_core
                0xffa072e0                _hpel_core2
                0xffa071c0                _hpel_core1
                0xffa06c68                _motionvect
 stereo.o(.text)
 .text          0xffa075b8     0x3b68 stereo.o
                0xffa0a674                svs_rectify
                0xffa07828                svs_compute_descriptor
                0xffa0acdc                svs_grab
                0xffa09ac0                init_svs_matching_data
                0xffa08efc                update_pose
                0xffa0ae24                svs_master
                0xffa0aa8c                svs_read_calib_params
                0xffa0add0                svs_send_features
                0xffa07f08                svs_show_matches
                0xffa0a70c                svs_get_features_horizontal
                0xffa09168                svs_filter_plane
                0xffa0a934                svs_get_features_vertical
                0xffa0ac34                init_svs
                0xffa0a59c                svs_send_disparities
                0xffa08034                svs_make_map
                0xffa07afc                svs_footline_update
                0xffa09bc0                svs_match
                0xffa081fc                visual_odometry
                0xffa07c40                svs_ground_plane
                0xffa0afb4                svs_stereo
                0xffa08358                map_update
                0xffa099d4                init_map
                0xffa07660                svs_update_sums
                0xffa07d90                svs_show_footline
                0xffa0af38                svs_receive_features
                0xffa075b8                svs_slave
                0xffa097c4                map_recenter
                0xffa08c28                show_map
                0xffa07954                svs_show_features
                0xffa07748                svs_non_max
 uart.o(.text)
 setjmp.o(.text)
 .text          0xffa0b120      0x184 setjmp.o
                0xffa0b120                longjmp
                0xffa0b1e8                setjmp
 neural.o(.text)
 .text          0xffa0b2a4      0x5c4 neural.o
                0xffa0b644                nnpack8x8
                0xffa0b830                nninit_network
                0xffa0b6c0                nndisplay
                0xffa0b33c                f_logic
                0xffa0b39c                nncalculate_network
                0xffa0b484                nncalculate_errors
                0xffa0b754                nntrain_network
                0xffa0b740                nninit_pattern
                0xffa0b2a4                nnset_pattern
                0xffa0b538                nnscale8x8

.text           0x00000000     0x9510
 .text          0x00000000       0xf0 camera.o
                0x00000000                camera_init
                0x000000a8                camera_start
                0x000000cc                camera_stop
 .text          0x000000f0      0x33c edit.o
                0x00000288                insert_char
                0x00000138                find_next_line
                0x00000300                edit
                0x000001d4                find_buffer_end
                0x000000f0                delete_char
                0x0000021c                print_lines
                0x000002e0                print_help
                0x00000188                find_previous_line
 .text          0x0000042c      0x210 httpd.o
                0x0000042c                httpd
 .text          0x0000063c      0x290 i2c.o
                0x0000070c                i2cwritex
                0x0000063c                i2cwrite
                0x000007d4                i2cread
 .text          0x000008cc      0x4d4 stm_m25p32.o
                0x000009a8                SetupSPI
                0x00000a68                spi_read
                0x00000b00                Wait_For_WEL
                0x00000988                SPI_OFF
                0x00000b68                WriteFlash
                0x00000cd4                spi_write
                0x000008d8                spi_init_r
                0x00000c58                EraseBlock
                0x00000ac8                Wait_For_Status
                0x00000924                GetSectorNumber
                0x00000c04                WriteData
                0x000008cc                spi_init_f
                0x00000a84                ReadStatusRegister
                0x00000b34                SendSingleCommand
                0x000009d8                ReadData
                0x000008e4                Wait_For_SPIF
                0x0000094c                udelay
 .text          0x00000da0      0x334 printf.o
                0x0000109c                sprintf
                0x000010b8                printf
 .text          0x000010d4      0x4fc xmodem.o
                0x00001160                xmodemTransmit
                0x00001110                _inbyte
                0x000010d4                crc16_ccitt
                0x000013d8                xmodemReceive
 .text          0x000015d0      0xb9c float.o
                0x000015d0                bytesToFloat
                0x00001eb8                printFloat
                0x00001d04                bigMulti
                0x00001ea0                power
                0x00001b6c                isOne
                0x00001600                minus
                0x00002050                printBinary
                0x00001c18                intToFloat
                0x0000160c                divFloat
                0x000015f4                parseFloat
                0x00002100                printExponent
                0x00002128                printMantissa
                0x00001c0c                lteFloat
                0x000016c8                addFloat
                0x00001d80                mulFloat
                0x00001b7c                gteFloat
                0x000019bc                subFloat
                0x00002090                floatInBinary
 .text          0x0000216c      0xed8 gps.o
                0x00002318                tan
                0x00002540                atan
                0x00002700                gps_dist
                0x00002424                asin
                0x0000282c                read_ublox
                0x000024b0                acos
                0x00002638                gps_head
                0x00002248                cos
                0x0000216c                sin
                0x00002874                gps_parse
                0x00002f9c                gps_show
                0x0000260c                isqrt
 .text          0x00003044       0x28 myfunc.o
                0x00003044                myfunc
 .text          0x0000306c       0xd0 init.o
                0x0000306c                initcode
 .text          0x0000313c      0x3cc string.o
                0x0000313c                strcmp
                0x00003488                strtok_r
                0x000031b8                strncpy
                0x000031f0                atoi
                0x0000336c                memcpy
                0x000033b4                memset
                0x000033c8                ctoi
                0x000032d4                itoa
                0x000034e0                strdup
                0x0000329c                reverse
                0x00003410                strpbrk
                0x00003190                strchr
                0x000031a8                strcpy
                0x00003448                strspn
                0x0000315c                strncmp
                0x00003360                isdigit
                0x0000327c                strlen
                0x000033e0                atoi_b16
 .text          0x00003508      0x4f8 sdcard.o
                0x000036b4                GetCardParams
                0x0000354c                CloseSD
                0x000038d8                ReadMultipleBlocks
                0x00003794                EraseBlocks
                0x00003970                WriteMultipleBlocks
                0x00003508                InitSD
                0x00003630                GetToken
                0x000037ec                WriteSector
                0x0000366c                CardInit
                0x00003870                ReadSector
                0x000035ac                SendCommand
                0x0000355c                WriteByte
 .text          0x00003a00      0x140 picoc/picoc.o
                0x00003a7c                picoc
                0x00003a20                Initialise
                0x00003a00                Cleanup
 .text          0x00003b40      0x28c picoc/table.o
                0x00003d14                TableStrRegister
                0x00003b7c                TableGet
                0x00003c00                TableStrFree
                0x00003c44                TableSetIdentifier
                0x00003d7c                TableInitTable
                0x00003d00                TableStrRegister2
                0x00003bb0                TableDelete
                0x00003d30                TableSet
                0x00003d90                TableInit
 .text          0x00003dcc      0xdd4 picoc/lex.o
                0x00004130                LexInteractiveClear
                0x00004b74                LexInit
                0x000042c8                LexGetCharacterConstant
                0x000040ac                LexInitParser
                0x0000431c                LexGetWord
                0x0000417c                LexCleanup
                0x00003dcc                LexCheckReservedWord
                0x000040d4                LexInteractiveCompleted
                0x00004184                LexCopyTokens
                0x000040c4                LexInteractiveStatementPrompt
                0x00003f3c                LexUnEscapeCharacter
                0x00004b40                LexToEndOfLine
                0x00003e30                LexGetNumber
                0x00003df4                IsBaseDigit
                0x0000484c                LexAnalyse
                0x0000486c                LexGetToken
                0x0000400c                LexSkipComment
                0x00004084                LexTokenSize
                0x000044b0                LexScanGetToken
                0x0000479c                LexTokenise
                0x00004398                LexGetStringConstant
 .text          0x00004ba0      0xbd8 picoc/parse.o
                0x00004c68                ParseFunctionDefinition
                0x0000555c                ParseBlock
                0x00004e88                ParseDeclaration
                0x00004bb0                ParseCleanup
                0x00004ba0                ParserCopyPos
                0x000055e4                ParseStatementMaybeRun
                0x00005618                ParseFor
                0x000054d8                Parse
                0x00004ff8                ParseStatement
                0x00004bc4                ParseMacroDefinition
                0x00005464                ParseInteractive
 .text          0x00005778     0x1228 picoc/expression.o
                0x00005ae8                ExpressionPostfixOperator
                0x00006658                ExpressionParseInt
                0x00005a80                ExpressionPushInt
                0x000059b4                ExpressionAssignToPointer
                0x00005824                ExpressionGetStructElement
                0x0000596c                ExpressionStackPushDereference
                0x00005c44                ExpressionPrefixOperator
                0x000057d0                ExpressionStackPushOperator
                0x00005784                ExpressionAssignInt
                0x00005778                debugf
                0x00006274                ExpressionStackCollapse
                0x00005ab8                ExpressionStackPushValueByType
                0x00005e58                ExpressionStackPushValue
                0x000066d8                ExpressionParseFunctionCall
                0x00005e7c                ExpressionInfixOperator
                0x00005800                ExpressionStackPushValueNode
                0x00006360                ExpressionParse
                0x00005e28                ExpressionStackPushLValue
 .text          0x000069a0      0x238 picoc/heap.o
                0x00006a58                HeapFree
                0x00006b8c                HeapAllocStack
                0x00006a14                HeapPushStackFrame
                0x00006a34                HeapPopStackFrame
                0x00006ab0                HeapAlloc
                0x000069ec                HeapPopStack
                0x000069a0                HeapInit
 .text          0x00006bd8      0x7f0 picoc/type.o
                0x00006c08                TypeStackSizeValue
                0x00006cd8                TypeInit
                0x00007378                TypeCleanupNode
                0x00006c68                TypeAddBaseType
                0x00006f60                TypeParseStruct
                0x00006c1c                TypeLastAccessibleOffset
                0x000073bc                TypeCleanup
                0x00006c40                TypeSize
                0x000071b4                TypeParse
                0x000071e0                TypeParseIdentPart
                0x00006d90                TypeGetMatching
                0x0000711c                TypeParseFront
                0x00006bd8                TypeSizeValue
                0x00006c98                TypeAdd
                0x00006e04                TypeParseEnum
 .text          0x000073c8      0x658 picoc/variable.o
                0x0000750c                VariableDefined
                0x00007740                VariableStackPop
                0x00007564                VariableStackFramePop
                0x00007854                VariableAllocValueAndData
                0x0000788c                VariableDefinePlatformVar
                0x00007680                VariableFree
                0x00007720                VariableCleanup
                0x00007478                VariableStringLiteralDefine
                0x000079d8                VariableAllocValueFromType
                0x000076dc                VariableTableCleanup
                0x0000748c                VariableStringLiteralGet
                0x00007630                VariableInit
                0x000075b4                VariableStackFrameAdd
                0x000074b4                VariableGet
                0x00007928                VariableAllocValueAndCopy
                0x0000782c                VariableAllocValueShared
                0x000077f4                VariableAllocValueFromExistingData
                0x000077ac                VariableAlloc
                0x0000796c                VariableDefine
                0x000073c8                VariableDereferencePointer
 .text          0x00007a20      0x530 picoc/clibrary.o
                0x00007b04                PrintType
                0x00007e14                LibPrintf
                0x00007a6c                PrintInt
                0x00007a44                PrintStr
                0x00007bec                LibGets
                0x00007a20                SPutc
                0x00007d7c                LibSPrintf
                0x00007c38                GenericPrintf
                0x00007a38                PrintCh
                0x00007eb0                LibraryInit
                0x00007e38                CLibraryInit
                0x00007bd4                LibGetc
 .text          0x00007f50     0x1388 picoc/library_surveyor.o
                0x0000869c                Ctan
                0x00008c70                Cvrcap
                0x000086fc                Cwritei2c
                0x00008cd8                Csonar
                0x00008570                Cnninit
                0x000086dc                Csin
                0x00008f70                Cencoders
                0x00007f80                Cioread
                0x00008304                Cnnmatchblob
                0x00008048                Claser
                0x00008730                Cvcam
                0x00008bb0                Cvscan
                0x00008cbc                Crange
                0x000087f4                Cgps
                0x000080ac                Cvcolor
                0x00008e30                Cmotors2
                0x00008574                Csqrt
                0x000082d4                Cnnshow
                0x00008db8                Cservos
                0x000086bc                Ccos
                0x00008624                Cacos
                0x00008d40                Cservos2
                0x000089e8                Ccompass
                0x00008154                Cautorun
                0x00008ed0                Cmotors
                0x00008854                Canalog
                0x00008660                Casin
                0x0000800c                Cpoke
                0x00008c74                Cvcap
                0x000085c8                Cgps_head
                0x00008c24                Cvpix
                0x000081c4                Cexit
                0x0000808c                Cbattery
                0x000085fc                Catan
                0x000089b0                Ctilt
                0x0000822c                Cnnlearnblob
                0x000087bc                Creadi2c
                0x0000877c                Creadi2c2
                0x00007fb8                Cpeek
                0x00008fc0                Cinput
                0x00008f98                Crand
                0x0000813c                Ctime
                0x00008c78                Cvfind
                0x000084e8                Cnntrain
                0x00008128                Cvdiff
                0x00007f50                Ciodir
                0x00008a64                Cdelay
                0x00008a7c                Cvblob
                0x00009008                PlatformLibraryInit
                0x00008418                Cnntest
                0x000081e0                Cnnset
                0x00007f98                Ciowrite
                0x00008594                Cgps_dist
                0x00008fdc                Csignal
                0x00008b70                Cvmean
 .text          0x000092d8      0x190 picoc/platform.o
                0x000093cc                PlatformPrintf
                0x000093e8                LexFail
                0x000092d8                PlatformVPrintf
                0x00009424                ProgramFail
 .text          0x00009468       0xa8 picoc/platform_surveyor.o
                0x000094a0                PlatformPutc
                0x000094a8                PlatformGetLine
                0x00009468                PlatformCleanup
                0x00009490                PlatformGetCharacter
                0x00009474                PlatformExit

.l1data         0xff800000     0x3914
 *(.data)
 .data          0xff800000        0x0 camera.o
 .data          0xff800000        0x0 edit.o
 .data          0xff800000      0x16c httpd.o
                0xff800134                index_body2
                0xff800114                index_jpeg2
                0xff800000                index_head
                0xff8000c8                index_body1
                0xff8000f0                index_jpeg1
 .data          0xff80016c        0x0 i2c.o
 .data          0xff80016c        0x0 stm_m25p32.o
 .data          0xff80016c        0x0 printf.o
 .data          0xff80016c        0x0 xmodem.o
 .data          0xff80016c        0x0 float.o
 .data          0xff80016c        0x0 gps.o
 .data          0xff80016c        0x0 myfunc.o
 .data          0xff80016c        0x0 main.o
 .data          0xff80016c        0x0 math.o
 .data          0xff80016c        0x0 malloc.o
 .data          0xff80016c      0xa6c srv.o
                0xff800574                version_string
                0xff800174                font8x8
                0xff80016c                fontmask
                0xff8005a8                frame
                0xff8005c8                rand_seed
 .data          0xff800bd8        0x0 uart.o
 .data          0xff800bd8        0x0 colors.o
 .data          0xff800bd8      0x8f0 jpeg.o
                0xff801408                zigzag_table
                0xff800c30                chrominance_dc_size_table
                0xff800ed0                chrominance_ac_code_table
                0xff800d8c                luminance_ac_size_table
                0xff800c48                luminance_ac_code_table
                0xff800c00                luminance_dc_size_table
                0xff800c18                chrominance_dc_code_table
                0xff801448                luminance_quant_table
                0xff801258                markerdata
                0xff800be8                luminance_dc_code_table
                0xff800bd8                fdct_coeff
                0xff801488                chrominance_quant_table
                0xff801158                bitsize
                0xff801014                chrominance_ac_size_table
 .data          0xff8014c8        0x0 r8x8dct.o
 .data          0xff8014c8        0x0 motionvect.o
 .data          0xff8014c8     0x2084 stereo.o
                0xff8014c8                sensmodelindex
                0xff802fac                SinLookup
                0xff8016d4                sensmodel
 .data          0xff80354c        0x0 setjmp.o
 .data          0xff80354c       0x8c neural.o
                0xff803550                npattern
                0xff8035d0                nmask
                0xff80354c                learn
 .data          0xff8035d8        0x0 init.o
 .data          0xff8035d8        0x0 string.o
 .data          0xff8035d8        0x0 sdcard.o
 .data          0xff8035d8        0x0 picoc/picoc.o
 .data          0xff8035d8        0x0 picoc/table.o
 .data          0xff8035d8      0x148 picoc/lex.o
 .data          0xff803720        0x0 picoc/parse.o
 .data          0xff803720        0x0 picoc/expression.o
 .data          0xff803720       0x10 picoc/heap.o
                0xff803724                HeapMemStart
                0xff803720                HeapStackTop
 .data          0xff803730        0x0 picoc/type.o
 .data          0xff803730        0x0 picoc/variable.o
 .data          0xff803730       0x2c picoc/clibrary.o
                0xff803730                CLibrary
 .data          0xff80375c      0x1b8 picoc/library_surveyor.o
                0xff80375c                PlatformLibrary
 .data          0xff803914        0x0 picoc/platform.o
 .data          0xff803914        0x0 picoc/platform_surveyor.o
 *(.l1data)
 *(.l1data.a)

.l1data.b
 *(.l1data.b)

.rodata         0xff803914     0x2e38
 *(.rodata .rodata.* .gnu.linkonce.r.*)
 .rodata.str1.4
                0xff803914       0xb6 edit.o
                                 0xb8 (size before relaxing)
 *fill*         0xff8039ca        0x2 00
 .rodata        0xff8039cc       0x5c edit.o
 .rodata.str1.4
                0xff803a28       0x55 httpd.o
                                 0x5c (size before relaxing)
 .rodata        0xff803a7d       0x40 httpd.o
 *fill*         0xff803abd        0x3 00
 .rodata.str1.4
                0xff803ac0        0x7 printf.o
                                  0x8 (size before relaxing)
 *fill*         0xff803ac7        0x1 00
 .rodata        0xff803ac8      0x200 xmodem.o
 .rodata.str1.4
                0xff803cc8       0x3f float.o
                                 0x40 (size before relaxing)
 *fill*         0xff803d07        0x1 00
 .rodata.str1.4
                0xff803d08       0xa6 gps.o
                                 0xa8 (size before relaxing)
 *fill*         0xff803dae        0x2 00
 .rodata        0xff803db0      0x16c gps.o
 .rodata.str1.4
                0xff803f1c       0x14 myfunc.o
 .rodata.str1.4
                0xff803f30       0x46 main.o
                                 0x48 (size before relaxing)
 *fill*         0xff803f76        0x2 00
 .rodata        0xff803f78      0x3a0 main.o
 .rodata        0xff804318      0x1c4 srv.o
 .rodata.str1.4
                0xff8044dc      0x795 srv.o
                                0x7a0 (size before relaxing)
 *fill*         0xff804c71        0x3 00
 .rodata        0xff804c74       0x10 uart.o
 .rodata.str1.4
                0xff804c84       0x53 colors.o
                                 0x54 (size before relaxing)
 *fill*         0xff804cd7        0x1 00
 .rodata        0xff804cd8      0x220 stereo.o
                0xff804d04                pixel_offsets
                0xff804ef4                sensmodel_indexes
                0xff804df4                BitsSetTable256
 .rodata.str1.4
                0xff804ef8       0x9e stereo.o
                                 0xa0 (size before relaxing)
 *fill*         0xff804f96        0x2 00
 .rodata.str1.4
                0xff804f98        0x4 neural.o
                                  0xc (size before relaxing)
 .rodata.str1.4
                0xff804f9c       0x57 picoc/picoc.o
                                 0x58 (size before relaxing)
 *fill*         0xff804ff3        0x1 00
 .rodata.str1.4
                0xff804ff4        0xe picoc/table.o
                                 0x14 (size before relaxing)
 *fill*         0xff805002        0x2 00
 .rodata        0xff805004      0x2e0 picoc/lex.o
 .rodata.str1.4
                0xff8052e4       0xe6 picoc/lex.o
                                0x108 (size before relaxing)
 *fill*         0xff8053ca        0x2 00
 .rodata.str1.4
                0xff8053cc      0x1a1 picoc/parse.o
                                0x1a8 (size before relaxing)
 *fill*         0xff80556d        0x3 00
 .rodata        0xff805570       0x98 picoc/parse.o
 .rodata.str1.4
                0xff805608      0x366 picoc/expression.o
                                0x3b0 (size before relaxing)
 *fill*         0xff80596e        0x2 00
 .rodata        0xff805970      0x264 picoc/expression.o
 .rodata.str1.4
                0xff805bd4      0x12d picoc/type.o
                                0x164 (size before relaxing)
 *fill*         0xff805d01        0x3 00
 .rodata        0xff805d04       0x2c picoc/type.o
 .rodata.str1.4
                0xff805d30       0x9b picoc/variable.o
                                 0xc4 (size before relaxing)
 *fill*         0xff805dcb        0x1 00
 .rodata.str1.4
                0xff805dcc       0xd2 picoc/clibrary.o
                                 0xf4 (size before relaxing)
 *fill*         0xff805e9e        0x2 00
 .rodata        0xff805ea0       0x28 picoc/clibrary.o
 .rodata.str1.4
                0xff805ec8      0x86a picoc/library_surveyor.o
                                0x880 (size before relaxing)
 .rodata        0xff806732       0x10 picoc/library_surveyor.o
 *fill*         0xff806742        0x2 00
 .rodata.str1.4
                0xff806744        0x8 picoc/platform.o
                                  0xc (size before relaxing)
 .rodata.str1.4
                0x00000000       0x10 picoc/platform_surveyor.o

.data
 *(.data .data.* .gnu.linkonce.d.*)

.ctors
 *crtbegin*.o(.ctors)
 *(EXCLUDE_FILE(*crtend*.o) .ctors)
 *(SORT(.ctors.*))
 *(.ctors)

.dtors
 *crtbegin*.o(.dtors)
 *(EXCLUDE_FILE(*crtend*.o) .dtors)
 *(SORT(.dtors.*))
 *(.dtors)

.sdram.bss      0x00009510        0x0
                0x00009510                __sdram_bss_start = .
 *(.bss.sdram)
                0x00009510                . = ALIGN (0x4)
                0x00009510                __sdram_bss_end = .

.bss            0xff900000     0x3a90
                0xff900000                __bss_start = .
 *(.dynbss)
 *(.bss .bss.* .gnu.linkonce.b.*)
 .bss           0xff900000        0x0 camera.o
 .bss           0xff900000       0x10 edit.o
 .bss           0xff900010      0x104 httpd.o
 .bss           0xff900114        0x0 i2c.o
 .bss           0xff900114        0x0 stm_m25p32.o
 .bss           0xff900114        0x0 printf.o
 .bss           0xff900114        0x0 xmodem.o
 .bss           0xff900114        0x0 float.o
 .bss           0xff900114        0x8 gps.o
 .bss           0xff90011c        0x0 myfunc.o
 .bss           0xff90011c        0x0 main.o
 .bss           0xff90011c        0x0 math.o
 .bss           0xff90011c        0x4 malloc.o
                0xff90011c                allocp
 .bss           0xff900120        0xc srv.o
                0xff900124                sonar_flag
                0xff900120                failsafe_mode
                0xff900128                uart1_flag
 .bss           0xff90012c        0x0 uart.o
 .bss           0xff90012c       0x50 colors.o
 .bss           0xff90017c        0x8 jpeg.o
                0xff90017c                lcode
                0xff900180                bitindex
 .bss           0xff900184        0x0 r8x8dct.o
 .bss           0xff900184        0x0 motionvect.o
 .bss           0xff900184        0x0 stereo.o
 .bss           0xff900184        0x0 setjmp.o
 .bss           0xff900184        0x0 neural.o
 .bss           0xff900184        0x0 init.o
 .bss           0xff900184        0x0 string.o
 .bss           0xff900184        0x0 sdcard.o
 .bss           0xff900184        0x0 picoc/picoc.o
 .bss           0xff900184        0x4 picoc/table.o
                0xff900184                StrEmpty
 .bss           0xff900188       0x3c picoc/lex.o
 .bss           0xff9001c4        0x4 picoc/parse.o
 .bss           0xff9001c8        0x0 picoc/expression.o
 .bss           0xff9001c8       0x24 picoc/heap.o
 .bss           0xff9001ec        0x0 picoc/type.o
 .bss           0xff9001ec        0x4 picoc/variable.o
                0xff9001ec                TopStackFrame
 .bss           0xff9001f0        0x4 picoc/clibrary.o
 .bss           0xff9001f4       0xcc picoc/library_surveyor.o
 .bss           0xff9002c0        0x0 picoc/platform.o
 .bss           0xff9002c0        0x0 picoc/platform_surveyor.o
 *(COMMON)
 COMMON         0xff9002c0       0x18 camera.o
                0xff9002c0                dlist2
                0xff9002cc                dlist1
 COMMON         0xff9002d8      0x406 xmodem.o
                0xff9002d8                xbuff
 *fill*         0xff9006de        0x2 00
 COMMON         0xff9006e0       0x18 gps.o
                0xff9006e0                gps_gga
 COMMON         0xff9006f8       0x14 malloc.o
                0xff9006f8                base
                0xff900700                heap_end
                0xff900704                heap_start
                0xff900708                heap_ptr
 COMMON         0xff90070c      0x138 srv.o
                0xff90070c                imgWidth
                0xff900710                rfailsafe
                0xff900714                j
                0xff900718                svs_calibration_offset_y
                0xff90071c                x_acc
                0xff900720                i
                0xff900724                segmentation_flag
                0xff900728                move_stop_time
                0xff90072c                svs_enable_horizontal
                0xff900730                pwm2_init
                0xff900734                sonar_data
                0xff900748                svs_scale_num
                0xff90074c                y_acc0
                0xff900750                svs_height
                0xff900754                svs_disp_left
                0xff900758                svs_width
                0xff90075c                svs_enable_mapping
                0xff900760                quality
                0xff900764                move_start_time
                0xff900768                y_acc
                0xff90076c                output_start
                0xff900770                lcount
                0xff900774                pwm1_init
                0xff900778                image_size
                0xff90077c                pwm1_mode
                0xff900780                svs_centre_of_disortion_x
                0xff900784                x_center
                0xff900788                svs_enable_ground_priors
                0xff90078c                lfailsafe
                0xff900790                edge_thresh
                0xff900794                horizon_detect_flag
                0xff900798                master
                0xff90079c                base_speed
                0xff9007a0                svs_coeff
                0xff9007a4                rspeed2
                0xff9007a8                lspeed
                0xff9007ac                overlay_flag
                0xff9007b0                lspeed2
                0xff9007b4                err1
                0xff9007b8                svs_disp_right
                0xff9007bc                enable_stereo_flag
                0xff9007c0                cp
                0xff9007c4                svs_coeff_degree
                0xff9007c8                svs_ground_y_percent
                0xff9007cc                output_end
                0xff9007d0                svs_ground_slope_percent
                0xff9007d4                pwm2_mode
                0xff9007d8                svs_sensor_width_mmx100
                0xff9007dc                stereo_processing_flag
                0xff9007e0                obstacle_detect_flag
                0xff9007e4                framecount
                0xff9007e8                svs_scale_denom
                0xff9007ec                svs_centre_of_disortion_y
                0xff9007f0                rcount
                0xff9007f4                x_acc0
                0xff9007f8                imgHead
                0xff900804                stereo_sync_flag
                0xff900808                edge_detect_flag
                0xff90080c                encoder_flag
                0xff900810                imgHeight
                0xff900814                failsafe_clock
                0xff900818                move_time_mS
                0xff90081c                svs_calibration_offset_x
                0xff900820                y_center
                0xff900824                svs_turn_tollerance_percent
                0xff900828                svs_right_turn_percent
                0xff90082c                svs_steer
                0xff900830                rspeed
                0xff900834                base_speed2
                0xff900838                frame_diff_flag
                0xff90083c                ix
                0xff900840                robot_moving
 COMMON         0xff900844      0xf8c colors.o
                0xff900844                blobcnt
                0xff900940                ymax
                0xff900984                blobx1
                0xff900a80                umax
                0xff900ac4                hist0
                0xff900ec4                hist1
                0xff9012c4                blobix
                0xff9013c0                bloby2
                0xff9014bc                mean
                0xff9014c8                vmax
                0xff90150c                vmin
                0xff901550                bloby1
                0xff90164c                blobx2
                0xff901748                ymin
                0xff90178c                umin
 COMMON         0xff9017d0      0x584 jpeg.o
                0xff9017d0                Y2
                0xff901850                Temp
                0xff9018d0                Cqt
                0xff901910                Y3
                0xff901990                Y4
                0xff901a10                ICqt
                0xff901a90                ILqt
                0xff901b10                CR
                0xff901b90                Lqt
                0xff901bd0                CB
                0xff901c50                fdct_temp
                0xff901cd0                read_format
                0xff901cd4                Y1
 COMMON         0xff901d54       0x7c stereo.o
                0xff901d54                disparity_plane_fit
                0xff901d58                footline_dist_mm
                0xff901d5c                robot_x_mm
                0xff901d60                map_y_mm
                0xff901d64                robot_y_mm
                0xff901d68                footline
                0xff901d6c                row_peaks
                0xff901d70                map_coords
                0xff901d74                feature_y
                0xff901d78                svs_prev_width
                0xff901d7c                prev_dist_moved_mm
                0xff901d80                robot_orientation_degrees
                0xff901d84                calibration_map
                0xff901d88                map_x_mm
                0xff901d8c                robot_speed_mmsec
                0xff901d90                svs_matches
                0xff901d94                svs_data_received
                0xff901d98                disparity_histogram_plane
                0xff901d9c                row_sum
                0xff901da0                features_per_col
                0xff901da4                svs_data
                0xff901da8                map_occupancy
                0xff901dac                curr_ID
                0xff901db0                min_occupancy
                0xff901db4                svs_data_previous
                0xff901db8                dist_moved_mm
                0xff901dbc                prev_svs_enable_mapping
                0xff901dc0                curr_ID_hits
                0xff901dc4                valid_quadrants
                0xff901dc8                max_occupancy
                0xff901dcc                disparity_priors
 COMMON         0xff901dd0     0x1640 neural.o
                0xff901dd0                weights
                0xff9031d0                teach_neurons
                0xff903210                nerror
                0xff903290                neurons
 COMMON         0xff903410      0x18c picoc/table.o
                0xff903410                StringHashTable
                0xff903594                StringTable
 COMMON         0xff90359c      0x128 picoc/type.o
                0xff90359c                CharArrayType
                0xff9035a0                FunctionType
                0xff9035c4                EnumType
                0xff9035e8                VoidType
                0xff90360c                MacroType
                0xff903630                CharType
                0xff903654                CharPtrType
                0xff903658                WordType
                0xff90367c                IntType
                0xff9036a0                UberType
 COMMON         0xff9036c4      0x318 picoc/variable.o
                0xff9036c4                StringLiteralHashTable
                0xff903848                GlobalHashTable
                0xff9039cc                GlobalTable
                0xff9039d4                StringLiteralTable
 COMMON         0xff9039dc       0x10 picoc/clibrary.o
                0xff9039dc                CStdOut
 COMMON         0xff9039ec       0xa4 picoc/platform_surveyor.o
                0xff9039ec                ExitBuf
                0xff903a90                . = ALIGN (0x4)
                0xff903a90                __bss_end = .
                0xffb00ffc                . = 0xffb00ffc
                0xffb00ffc                PROVIDE (_supervisor_stack, .)
LOAD init.o
LOAD main.o
LOAD srv.o
LOAD uart.o
LOAD camera.o
LOAD jpeg.o
LOAD i2c.o
LOAD stm_m25p32.o
LOAD float.o
LOAD httpd.o
LOAD xmodem.o
LOAD colors.o
LOAD edit.o
LOAD malloc.o
LOAD string.o
LOAD stereo.o
LOAD printf.o
LOAD myfunc.o
LOAD neural.o
LOAD gps.o
LOAD sdcard.o
LOAD picoc/picoc.o
LOAD picoc/table.o
LOAD picoc/lex.o
LOAD picoc/parse.o
LOAD picoc/expression.o
LOAD picoc/heap.o
LOAD picoc/type.o
LOAD picoc/variable.o
LOAD picoc/clibrary.o
LOAD picoc/library_surveyor.o
LOAD picoc/platform.o
LOAD picoc/platform_surveyor.o
LOAD r8x8dct.o
LOAD math.o
LOAD setjmp.o
LOAD motionvect.o
OUTPUT(srv1.bin.stereo elf32-bfin)

.debug_abbrev   0x00000000     0x3242
 .debug_abbrev  0x00000000       0xcf camera.o
 .debug_abbrev  0x000000cf       0xeb edit.o
 .debug_abbrev  0x000001ba       0xd3 httpd.o
 .debug_abbrev  0x0000028d       0x8a i2c.o
 .debug_abbrev  0x00000317      0x1d8 stm_m25p32.o
 .debug_abbrev  0x000004ef      0x124 printf.o
 .debug_abbrev  0x00000613      0x183 xmodem.o
 .debug_abbrev  0x00000796      0x244 float.o
 .debug_abbrev  0x000009da      0x1b7 gps.o
 .debug_abbrev  0x00000b91       0x43 myfunc.o
 .debug_abbrev  0x00000bd4       0x61 main.o
 .debug_abbrev  0x00000c35      0x14c malloc.o
 .debug_abbrev  0x00000d81      0x271 srv.o
 .debug_abbrev  0x00000ff2      0x10f uart.o
 .debug_abbrev  0x00001101      0x1c3 colors.o
 .debug_abbrev  0x000012c4      0x186 jpeg.o
 .debug_abbrev  0x0000144a      0x270 stereo.o
 .debug_abbrev  0x000016ba      0x114 neural.o
 .debug_abbrev  0x000017ce       0x45 init.o
 .debug_abbrev  0x00001813      0x161 string.o
 .debug_abbrev  0x00001974       0xf3 sdcard.o
 .debug_abbrev  0x00001a67      0x153 picoc/picoc.o
 .debug_abbrev  0x00001bba      0x239 picoc/table.o
 .debug_abbrev  0x00001df3      0x276 picoc/lex.o
 .debug_abbrev  0x00002069      0x269 picoc/parse.o
 .debug_abbrev  0x000022d2      0x245 picoc/expression.o
 .debug_abbrev  0x00002517      0x151 picoc/heap.o
 .debug_abbrev  0x00002668      0x252 picoc/type.o
 .debug_abbrev  0x000028ba      0x1fb picoc/variable.o
 .debug_abbrev  0x00002ab5      0x270 picoc/clibrary.o
 .debug_abbrev  0x00002d25      0x273 picoc/library_surveyor.o
 .debug_abbrev  0x00002f98      0x142 picoc/platform.o
 .debug_abbrev  0x000030da      0x168 picoc/platform_surveyor.o

.debug_info     0x00000000    0x110a2
 .debug_info    0x00000000      0x136 camera.o
 .debug_info    0x00000136      0x1e7 edit.o
 .debug_info    0x0000031d      0x20c httpd.o
 .debug_info    0x00000529      0x158 i2c.o
 .debug_info    0x00000681      0x604 stm_m25p32.o
 .debug_info    0x00000c85      0x34a printf.o
 .debug_info    0x00000fcf      0x3e3 xmodem.o
 .debug_info    0x000013b2      0x78d float.o
 .debug_info    0x00001b3f      0x5af gps.o
 .debug_info    0x000020ee       0x54 myfunc.o
 .debug_info    0x00002142       0xca main.o
 .debug_info    0x0000220c      0x23a malloc.o
 .debug_info    0x00002446     0x1e3a srv.o
 .debug_info    0x00004280      0x338 uart.o
 .debug_info    0x000045b8      0xbfe colors.o
 .debug_info    0x000051b6      0xb0b jpeg.o
 .debug_info    0x00005cc1     0x1fc9 stereo.o
 .debug_info    0x00007c8a      0x438 neural.o
 .debug_info    0x000080c2       0x64 init.o
 .debug_info    0x00008126      0x53f string.o
 .debug_info    0x00008665      0x391 sdcard.o
 .debug_info    0x000089f6      0x54f picoc/picoc.o
 .debug_info    0x00008f45      0x8db picoc/table.o
 .debug_info    0x00009820      0xf3c picoc/lex.o
 .debug_info    0x0000a75c      0xc1e picoc/parse.o
 .debug_info    0x0000b37a     0x12a0 picoc/expression.o
 .debug_info    0x0000c61a      0x29f picoc/heap.o
 .debug_info    0x0000c8b9      0xcda picoc/type.o
 .debug_info    0x0000d593      0xb67 picoc/variable.o
 .debug_info    0x0000e0fa      0xaa1 picoc/clibrary.o
 .debug_info    0x0000eb9b     0x1fcd picoc/library_surveyor.o
 .debug_info    0x00010b68      0x2fb picoc/platform.o
 .debug_info    0x00010e63      0x23f picoc/platform_surveyor.o

.debug_line     0x00000000     0x46f4
 .debug_line    0x00000000       0x72 camera.o
 .debug_line    0x00000072       0xd1 edit.o
 .debug_line    0x00000143       0x86 httpd.o
 .debug_line    0x000001c9       0xa7 i2c.o
 .debug_line    0x00000270      0x1ac stm_m25p32.o
 .debug_line    0x0000041c       0xf8 printf.o
 .debug_line    0x00000514      0x139 xmodem.o
 .debug_line    0x0000064d      0x30e float.o
 .debug_line    0x0000095b      0x2a7 gps.o
 .debug_line    0x00000c02       0x3c myfunc.o
 .debug_line    0x00000c3e      0x157 main.o
 .debug_line    0x00000d95       0xa6 malloc.o
 .debug_line    0x00000e3b      0xad6 srv.o
 .debug_line    0x00001911       0xd5 uart.o
 .debug_line    0x000019e6      0x380 colors.o
 .debug_line    0x00001d66      0x315 jpeg.o
 .debug_line    0x0000207b      0xc40 stereo.o
 .debug_line    0x00002cbb      0x11e neural.o
 .debug_line    0x00002dd9       0x53 init.o
 .debug_line    0x00002e2c      0x119 string.o
 .debug_line    0x00002f45      0x10b sdcard.o
 .debug_line    0x00003050       0x94 picoc/picoc.o
 .debug_line    0x000030e4       0xe3 picoc/table.o
 .debug_line    0x000031c7      0x36e picoc/lex.o
 .debug_line    0x00003535      0x26b picoc/parse.o
 .debug_line    0x000037a0      0x46f picoc/expression.o
 .debug_line    0x00003c0f       0xe9 picoc/heap.o
 .debug_line    0x00003cf8      0x1e4 picoc/type.o
 .debug_line    0x00003edc      0x1a2 picoc/variable.o
 .debug_line    0x0000407e      0x176 picoc/clibrary.o
 .debug_line    0x000041f4      0x3a9 picoc/library_surveyor.o
 .debug_line    0x0000459d       0xc7 picoc/platform.o
 .debug_line    0x00004664       0x90 picoc/platform_surveyor.o

.debug_frame    0x00000000     0x3c44
 .debug_frame   0x00000000       0x4c camera.o
 .debug_frame   0x0000004c      0x100 edit.o
 .debug_frame   0x0000014c       0x3c httpd.o
 .debug_frame   0x00000188       0x40 i2c.o
 .debug_frame   0x000001c8      0x214 stm_m25p32.o
 .debug_frame   0x000003dc       0xd4 printf.o
 .debug_frame   0x000004b0       0xc8 xmodem.o
 .debug_frame   0x00000578      0x244 float.o
 .debug_frame   0x000007bc      0x1ac gps.o
 .debug_frame   0x00000968       0x28 myfunc.o
 .debug_frame   0x00000990       0x3c main.o
 .debug_frame   0x000009cc       0x94 malloc.o
 .debug_frame   0x00000a60      0xab4 srv.o
 .debug_frame   0x00001514      0x164 uart.o
 .debug_frame   0x00001678      0x274 colors.o
 .debug_frame   0x000018ec      0x1b0 jpeg.o
 .debug_frame   0x00001a9c      0x4a8 stereo.o
 .debug_frame   0x00001f44      0x16c neural.o
 .debug_frame   0x000020b0       0xa4 init.o
 .debug_frame   0x00002154      0x190 string.o
 .debug_frame   0x000022e4      0x1a8 sdcard.o
 .debug_frame   0x0000248c       0x74 picoc/picoc.o
 .debug_frame   0x00002500      0x14c picoc/table.o
 .debug_frame   0x0000264c      0x29c picoc/lex.o
 .debug_frame   0x000028e8      0x1b8 picoc/parse.o
 .debug_frame   0x00002aa0      0x2e0 picoc/expression.o
 .debug_frame   0x00002d80       0xbc picoc/heap.o
 .debug_frame   0x00002e3c      0x1dc picoc/type.o
 .debug_frame   0x00003018      0x2e0 picoc/variable.o
 .debug_frame   0x000032f8      0x1b4 picoc/clibrary.o
 .debug_frame   0x000034ac      0x690 picoc/library_surveyor.o
 .debug_frame   0x00003b3c       0x7c picoc/platform.o
 .debug_frame   0x00003bb8       0x8c picoc/platform_surveyor.o

.debug_loc      0x00000000    0x15d96
 .debug_loc     0x00000000       0x5b camera.o
 .debug_loc     0x0000005b      0x2eb edit.o
 .debug_loc     0x00000346       0xa3 httpd.o
 .debug_loc     0x000003e9      0x23f i2c.o
 .debug_loc     0x00000628      0x89e stm_m25p32.o
 .debug_loc     0x00000ec6      0x79d printf.o
 .debug_loc     0x00001663      0x6b7 xmodem.o
 .debug_loc     0x00001d1a      0xf65 float.o
 .debug_loc     0x00002c7f     0x102f gps.o
 .debug_loc     0x00003cae       0x3e myfunc.o
 .debug_loc     0x00003cec       0x69 main.o
 .debug_loc     0x00003d55      0x1e1 malloc.o
 .debug_loc     0x00003f36     0x22b6 srv.o
 .debug_loc     0x000061ec      0x4aa uart.o
 .debug_loc     0x00006696     0x1417 colors.o
 .debug_loc     0x00007aad     0x14f7 jpeg.o
 .debug_loc     0x00008fa4     0x3716 stereo.o
 .debug_loc     0x0000c6ba      0x460 neural.o
 .debug_loc     0x0000cb1a      0x122 init.o
 .debug_loc     0x0000cc3c      0x782 string.o
 .debug_loc     0x0000d3be      0x6b5 sdcard.o
 .debug_loc     0x0000da73       0xfa picoc/picoc.o
 .debug_loc     0x0000db6d      0x614 picoc/table.o
 .debug_loc     0x0000e181      0xfb2 picoc/lex.o
 .debug_loc     0x0000f133      0xb79 picoc/parse.o
 .debug_loc     0x0000fcac     0x1d8f picoc/expression.o
 .debug_loc     0x00011a3b      0x2e2 picoc/heap.o
 .debug_loc     0x00011d1d      0x951 picoc/type.o
 .debug_loc     0x0001266e      0xd45 picoc/variable.o
 .debug_loc     0x000133b3      0x8db picoc/clibrary.o
 .debug_loc     0x00013c8e     0x1d5e picoc/library_surveyor.o
 .debug_loc     0x000159ec      0x20f picoc/platform.o
 .debug_loc     0x00015bfb      0x19b picoc/platform_surveyor.o

.debug_pubnames
                0x00000000     0x2e52
 .debug_pubnames
                0x00000000       0x59 camera.o
 .debug_pubnames
                0x00000059       0x98 edit.o
 .debug_pubnames
                0x000000f1       0x6b httpd.o
 .debug_pubnames
                0x0000015c       0x39 i2c.o
 .debug_pubnames
                0x00000195      0x120 stm_m25p32.o
 .debug_pubnames
                0x000002b5       0x29 printf.o
 .debug_pubnames
                0x000002de       0x5d xmodem.o
 .debug_pubnames
                0x0000033b      0x10f float.o
 .debug_pubnames
                0x0000044a       0x9f gps.o
 .debug_pubnames
                0x000004e9       0x1d myfunc.o
 .debug_pubnames
                0x00000506       0x1b main.o
 .debug_pubnames
                0x00000521       0x87 malloc.o
 .debug_pubnames
                0x000005a8      0xc83 srv.o
 .debug_pubnames
                0x0000122b      0x112 uart.o
 .debug_pubnames
                0x0000133d      0x169 colors.o
 .debug_pubnames
                0x000014a6      0x2cc jpeg.o
 .debug_pubnames
                0x00001772      0x50e stereo.o
 .debug_pubnames
                0x00001c80      0x11a neural.o
 .debug_pubnames
                0x00001d9a       0x1f init.o
 .debug_pubnames
                0x00001db9       0xdb string.o
 .debug_pubnames
                0x00001e94       0xd1 sdcard.o
 .debug_pubnames
                0x00001f65       0x37 picoc/picoc.o
 .debug_pubnames
                0x00001f9c       0xe1 picoc/table.o
 .debug_pubnames
                0x0000207d      0x1b8 picoc/lex.o
 .debug_pubnames
                0x00002235       0xe8 picoc/parse.o
 .debug_pubnames
                0x0000231d      0x208 picoc/expression.o
 .debug_pubnames
                0x00002525       0xad picoc/heap.o
 .debug_pubnames
                0x000025d2      0x1b6 picoc/type.o
 .debug_pubnames
                0x00002788      0x274 picoc/variable.o
 .debug_pubnames
                0x000029fc       0xd1 picoc/clibrary.o
 .debug_pubnames
                0x00002acd      0x2af picoc/library_surveyor.o
 .debug_pubnames
                0x00002d7c       0x55 picoc/platform.o
 .debug_pubnames
                0x00002dd1       0x81 picoc/platform_surveyor.o

.debug_aranges  0x00000000      0x420
 .debug_aranges
                0x00000000       0x20 camera.o
 .debug_aranges
                0x00000020       0x20 edit.o
 .debug_aranges
                0x00000040       0x20 httpd.o
 .debug_aranges
                0x00000060       0x20 i2c.o
 .debug_aranges
                0x00000080       0x20 stm_m25p32.o
 .debug_aranges
                0x000000a0       0x20 printf.o
 .debug_aranges
                0x000000c0       0x20 xmodem.o
 .debug_aranges
                0x000000e0       0x20 float.o
 .debug_aranges
                0x00000100       0x20 gps.o
 .debug_aranges
                0x00000120       0x20 myfunc.o
 .debug_aranges
                0x00000140       0x20 main.o
 .debug_aranges
                0x00000160       0x20 malloc.o
 .debug_aranges
                0x00000180       0x20 srv.o
 .debug_aranges
                0x000001a0       0x20 uart.o
 .debug_aranges
                0x000001c0       0x20 colors.o
 .debug_aranges
                0x000001e0       0x20 jpeg.o
 .debug_aranges
                0x00000200       0x20 stereo.o
 .debug_aranges
                0x00000220       0x20 neural.o
 .debug_aranges
                0x00000240       0x20 init.o
 .debug_aranges
                0x00000260       0x20 string.o
 .debug_aranges
                0x00000280       0x20 sdcard.o
 .debug_aranges
                0x000002a0       0x20 picoc/picoc.o
 .debug_aranges
                0x000002c0       0x20 picoc/table.o
 .debug_aranges
                0x000002e0       0x20 picoc/lex.o
 .debug_aranges
                0x00000300       0x20 picoc/parse.o
 .debug_aranges
                0x00000320       0x20 picoc/expression.o
 .debug_aranges
                0x00000340       0x20 picoc/heap.o
 .debug_aranges
                0x00000360       0x20 picoc/type.o
 .debug_aranges
                0x00000380       0x20 picoc/variable.o
 .debug_aranges
                0x000003a0       0x20 picoc/clibrary.o
 .debug_aranges
                0x000003c0       0x20 picoc/library_surveyor.o
 .debug_aranges
                0x000003e0       0x20 picoc/platform.o
 .debug_aranges
                0x00000400       0x20 picoc/platform_surveyor.o

.debug_str      0x00000000     0x42af
 .debug_str     0x00000000       0xc0 camera.o
                                 0xcd (size before relaxing)
 .debug_str     0x000000c0       0x94 edit.o
                                 0xcb (size before relaxing)
 .debug_str     0x00000154       0x86 httpd.o
                                 0xf0 (size before relaxing)
 .debug_str     0x000001da       0x55 i2c.o
                                 0x9f (size before relaxing)
 .debug_str     0x0000022f      0x25c stm_m25p32.o
                                0x2f6 (size before relaxing)
 .debug_str     0x0000048b       0x4e printf.o
                                 0xb6 (size before relaxing)
 .debug_str     0x000004d9       0xce xmodem.o
                                0x13d (size before relaxing)
 .debug_str     0x000005a7      0x161 float.o
                                0x1e1 (size before relaxing)
 .debug_str     0x00000708       0xb2 gps.o
                                0x134 (size before relaxing)
 .debug_str     0x000007ba       0x10 myfunc.o
                                 0x47 (size before relaxing)
 .debug_str     0x000007ca       0x4f main.o
                                 0xdc (size before relaxing)
 .debug_str     0x00000819       0x6a malloc.o
                                 0xb8 (size before relaxing)
 .debug_str     0x00000883      0xa77 srv.o
                                0xc5d (size before relaxing)
 .debug_str     0x000012fa       0xe7 uart.o
                                0x169 (size before relaxing)
 .debug_str     0x000013e1       0xca colors.o
                                0x1ed (size before relaxing)
 .debug_str     0x000014ab      0x444 jpeg.o
                                0x4f5 (size before relaxing)
 .debug_str     0x000018ef      0xb7f stereo.o
                                0xee7 (size before relaxing)
 .debug_str     0x0000246e       0xd9 neural.o
                                0x14f (size before relaxing)
 .debug_str     0x00002547       0x43 init.o
                                 0x6c (size before relaxing)
 .debug_str     0x0000258a       0xba string.o
                                0x129 (size before relaxing)
 .debug_str     0x00002644       0xce sdcard.o
                                0x127 (size before relaxing)
 .debug_str     0x00002712      0x232 picoc/picoc.o
                                0x34b (size before relaxing)
 .debug_str     0x00002944      0x11f picoc/table.o
                                0x3fe (size before relaxing)
 .debug_str     0x00002a63      0x84b picoc/lex.o
                                0xb74 (size before relaxing)
 .debug_str     0x000032ae      0x248 picoc/parse.o
                                0xa83 (size before relaxing)
 .debug_str     0x000034f6      0x459 picoc/expression.o
                                0xd3f (size before relaxing)
 .debug_str     0x0000394f       0xf8 picoc/heap.o
                                0x17f (size before relaxing)
 .debug_str     0x00003a47      0x18a picoc/type.o
                                0xa65 (size before relaxing)
 .debug_str     0x00003bd1      0x25c picoc/variable.o
                                0x617 (size before relaxing)
 .debug_str     0x00003e2d      0x16f picoc/clibrary.o
                                0x50c (size before relaxing)
 .debug_str     0x00003f9c      0x24f picoc/library_surveyor.o
                                0x6dc (size before relaxing)
 .debug_str     0x000041eb       0x54 picoc/platform.o
                                0x1c0 (size before relaxing)
 .debug_str     0x0000423f       0x70 picoc/platform_surveyor.o
                                0x1ab (size before relaxing)

.comment        0x00000000      0x39c
 .comment       0x00000000       0x1c camera.o
 .comment       0x0000001c       0x1c edit.o
 .comment       0x00000038       0x1c httpd.o
 .comment       0x00000054       0x1c i2c.o
 .comment       0x00000070       0x1c stm_m25p32.o
 .comment       0x0000008c       0x1c printf.o
 .comment       0x000000a8       0x1c xmodem.o
 .comment       0x000000c4       0x1c float.o
 .comment       0x000000e0       0x1c gps.o
 .comment       0x000000fc       0x1c myfunc.o
 .comment       0x00000118       0x1c main.o
 .comment       0x00000134       0x1c malloc.o
 .comment       0x00000150       0x1c srv.o
 .comment       0x0000016c       0x1c uart.o
 .comment       0x00000188       0x1c colors.o
 .comment       0x000001a4       0x1c jpeg.o
 .comment       0x000001c0       0x1c stereo.o
 .comment       0x000001dc       0x1c neural.o
 .comment       0x000001f8       0x1c init.o
 .comment       0x00000214       0x1c string.o
 .comment       0x00000230       0x1c sdcard.o
 .comment       0x0000024c       0x1c picoc/picoc.o
 .comment       0x00000268       0x1c picoc/table.o
 .comment       0x00000284       0x1c picoc/lex.o
 .comment       0x000002a0       0x1c picoc/parse.o
 .comment       0x000002bc       0x1c picoc/expression.o
 .comment       0x000002d8       0x1c picoc/heap.o
 .comment       0x000002f4       0x1c picoc/type.o
 .comment       0x00000310       0x1c picoc/variable.o
 .comment       0x0000032c       0x1c picoc/clibrary.o
 .comment       0x00000348       0x1c picoc/library_surveyor.o
 .comment       0x00000364       0x1c picoc/platform.o
 .comment       0x00000380       0x1c picoc/platform_surveyor.o

.debug_ranges   0x00000000      0x610
 .debug_ranges  0x00000000       0x28 printf.o
 .debug_ranges  0x00000028       0x70 xmodem.o
 .debug_ranges  0x00000098      0x178 stereo.o
 .debug_ranges  0x00000210       0x38 init.o
 .debug_ranges  0x00000248       0x30 string.o
 .debug_ranges  0x00000278       0xb8 picoc/table.o
 .debug_ranges  0x00000330       0x80 picoc/lex.o
 .debug_ranges  0x000003b0       0x60 picoc/parse.o
 .debug_ranges  0x00000410      0x1d0 picoc/expression.o
 .debug_ranges  0x000005e0       0x18 picoc/type.o
 .debug_ranges  0x000005f8       0x18 picoc/clibrary.o
