
Allocating common symbols
Common symbol       size              file

disparity_plane_fit
                    0x4               stereo.o
imgWidth            0x4               srv.o
rfailsafe           0x4               srv.o
j                   0x4               srv.o
footline_dist_mm    0x4               stereo.o
robot_x_mm          0x4               stereo.o
svs_calibration_offset_y
                    0x4               srv.o
Y2                  0x80              jpeg.o
x_acc               0x4               srv.o
map_y_mm            0x4               stereo.o
robot_y_mm          0x4               stereo.o
i                   0x4               srv.o
blobcnt             0xfc              colors.o
segmentation_flag   0x4               srv.o
footline            0x4               stereo.o
move_stop_time      0x4               srv.o
Temp                0x80              jpeg.o
row_peaks           0x4               stereo.o
Cqt                 0x40              jpeg.o
ymax                0x44              colors.o
blobx1              0xfc              colors.o
svs_enable_horizontal
                    0x4               srv.o
map_coords          0x4               stereo.o
pwm2_init           0x4               srv.o
Y3                  0x80              jpeg.o
base                0x8               malloc.o
sonar_data          0x14              srv.o
svs_scale_num       0x4               srv.o
weights             0x1400            neural.o
teach_neurons       0x40              neural.o
nerror              0x80              neural.o
feature_y           0x4               stereo.o
CStdOut             0x10              picoc/clibrary.o
y_acc0              0x4               srv.o
svs_prev_width      0x4               stereo.o
StringHashTable     0x184             picoc/table.o
CharArrayType       0x4               picoc/type.o
Y4                  0x80              jpeg.o
prev_dist_moved_mm  0x4               stereo.o
FunctionType        0x24              picoc/type.o
umax                0x44              colors.o
robot_orientation_degrees
                    0x4               stereo.o
ICqt                0x80              jpeg.o
calibration_map     0x4               stereo.o
svs_height          0x4               srv.o
map_x_mm            0x4               stereo.o
hist0               0x400             colors.o
svs_disp_left       0x4               srv.o
svs_width           0x4               srv.o
svs_enable_mapping  0x4               srv.o
robot_speed_mmsec   0x4               stereo.o
heap_end            0x4               malloc.o
quality             0x4               srv.o
move_start_time     0x4               srv.o
ExitBuf             0xa4              picoc/platform_surveyor.o
y_acc               0x4               srv.o
output_start        0x4               srv.o
svs_matches         0x4               stereo.o
svs_data_received   0x4               stereo.o
hist1               0x400             colors.o
lcount              0x4               srv.o
pwm1_init           0x4               srv.o
image_size          0x4               srv.o
disparity_histogram_plane
                    0x4               stereo.o
ILqt                0x80              jpeg.o
heap_start          0x4               malloc.o
pwm1_mode           0x4               srv.o
neurons             0x180             neural.o
svs_centre_of_disortion_x
                    0x4               srv.o
StringLiteralHashTable
                    0x184             picoc/variable.o
x_center            0x4               srv.o
blobix              0xfc              colors.o
row_sum             0x4               stereo.o
svs_enable_ground_priors
                    0x4               srv.o
EnumType            0x24              picoc/type.o
VoidType            0x24              picoc/type.o
lfailsafe           0x4               srv.o
edge_thresh         0x4               srv.o
horizon_detect_flag
                    0x4               srv.o
master              0x4               srv.o
bloby2              0xfc              colors.o
mean                0xc               colors.o
base_speed          0x4               srv.o
svs_coeff           0x4               srv.o
rspeed2             0x4               srv.o
lspeed              0x4               srv.o
GlobalHashTable     0x184             picoc/variable.o
vmax                0x44              colors.o
CR                  0x80              jpeg.o
features_per_col    0x4               stereo.o
overlay_flag        0x4               srv.o
StringTable         0x8               picoc/table.o
lspeed2             0x4               srv.o
err1                0x4               srv.o
svs_disp_right      0x4               srv.o
enable_stereo_flag  0x4               srv.o
cp                  0x4               srv.o
svs_data            0x4               stereo.o
svs_coeff_degree    0x4               srv.o
Lqt                 0x40              jpeg.o
map_occupancy       0x4               stereo.o
svs_ground_y_percent
                    0x4               srv.o
GlobalTable         0x8               picoc/variable.o
MacroType           0x24              picoc/type.o
CharType            0x24              picoc/type.o
output_end          0x4               srv.o
svs_ground_slope_percent
                    0x4               srv.o
CB                  0x80              jpeg.o
curr_ID             0x4               stereo.o
pwm2_mode           0x4               srv.o
svs_sensor_width_mmx100
                    0x4               srv.o
CharPtrType         0x4               picoc/type.o
stereo_processing_flag
                    0x4               srv.o
obstacle_detect_flag
                    0x4               srv.o
fdct_temp           0x80              jpeg.o
min_occupancy       0x4               stereo.o
gps_gga             0x18              gps.o
StringLiteralTable  0x8               picoc/variable.o
framecount          0x4               srv.o
svs_data_previous   0x4               stereo.o
dist_moved_mm       0x4               stereo.o
vmin                0x44              colors.o
prev_svs_enable_mapping
                    0x4               stereo.o
heap_ptr            0x4               malloc.o
bloby1              0xfc              colors.o
curr_ID_hits        0x4               stereo.o
svs_scale_denom     0x4               srv.o
svs_centre_of_disortion_y
                    0x4               srv.o
WordType            0x24              picoc/type.o
rcount              0x4               srv.o
x_acc0              0x4               srv.o
IntType             0x24              picoc/type.o
imgHead             0xb               srv.o
read_format         0x4               jpeg.o
stereo_sync_flag    0x4               srv.o
edge_detect_flag    0x4               srv.o
encoder_flag        0x4               srv.o
imgHeight           0x4               srv.o
UberType            0x24              picoc/type.o
failsafe_clock      0x4               srv.o
blobx2              0xfc              colors.o
move_time_mS        0x4               srv.o
svs_calibration_offset_x
                    0x4               srv.o
dlist2              0xc               camera.o
y_center            0x4               srv.o
svs_turn_tollerance_percent
                    0x4               srv.o
valid_quadrants     0x4               stereo.o
max_occupancy       0x4               stereo.o
xbuff               0x406             xmodem.o
svs_right_turn_percent
                    0x4               srv.o
svs_steer           0x4               srv.o
dlist1              0xc               camera.o
disparity_priors    0x4               stereo.o
ymin                0x44              colors.o
umin                0x44              colors.o
rspeed              0x4               srv.o
base_speed2         0x4               srv.o
frame_diff_flag     0x4               srv.o
ix                  0x4               srv.o
Y1                  0x80              jpeg.o
robot_moving        0x4               srv.o

Memory Configuration

Name             Origin             Length             Attributes
ram              0x00000000         0x02000000         xrw
l1code           0xffa00000         0x00010000         x
l1data_a         0xff800000         0x00008000         rw
l1data_b         0xff900000         0x00008000         rw
scratchpad       0xffb00000         0x00001000         rw
*default*        0x00000000         0xffffffff

Linker script and memory map


.sdram.text
 camera.o(.sdram.text)
 edit.o(.sdram.text)
 malloc.o(.sdram.text)
 httpd.o(.sdram.text)
 i2c.o(.sdram.text)
 stm_m25p32.o(.sdram.text)
 printf.o(.sdram.text)
 xmodem.o(.sdram.text)
 float.o(.sdram.text)
 neural.o(.sdram.text)
 gps.o(.sdram.text)
 myfunc.o(.sdram.text)
 *(.gnu.warning)

.l1code         0xffa00000     0xb614
 main.o(.text)
 .text          0xffa00000      0x46c main.o
                0xffa00000                main
 math.o(.text)
 .text          0xffa0046c      0x200 math.o
                0xffa00538                __umodsi3
                0xffa0056a                __divsi3
                0xffa0046c                __udivsi3
 string.o(.text)
 .text          0xffa0066c      0x3a4 string.o
                0xffa0066c                strcmp
                0xffa006e8                strncpy
                0xffa00720                atoi
                0xffa0089c                memcpy
                0xffa008e4                memset
                0xffa008f8                ctoi
                0xffa00804                itoa
                0xffa009e8                strdup
                0xffa007cc                reverse
                0xffa00940                strpbrk
                0xffa006c0                strchr
                0xffa006d8                strcpy
                0xffa00978                strtok
                0xffa0068c                strncmp
                0xffa00890                isdigit
                0xffa007ac                strlen
                0xffa00910                atoi_b16
 srv.o(.text)
 .text          0xffa00a10     0x41f8 srv.o
                0xffa0222c                motor_command
                0xffa02d24                process_i2c
                0xffa02700                restore_video
                0xffa03414                xmodem_receive
                0xffa01664                clearRTC
                0xffa017f8                delayUS
                0xffa03d94                motion_vect80x64
                0xffa02728                invert_video
                0xffa00cd4                grab_reference_frame
                0xffa01674                delayMS
                0xffa02330                set_edge_thresh
                0xffa01868                delayNS
                0xffa011cc                setPPM1
                0xffa01b0c                rand
                0xffa02018                testSD
                0xffa02c84                tilt
                0xffa03338                read_user_sector
                0xffa01400                initRTC
                0xffa0372c                serial_out_flashbuffer
                0xffa00d24                move_yuv422_to_planar
                0xffa04b90                check_for_autorun
                0xffa03480                camera_reset
                0xffa02750                init_tilt
                0xffa03138                write_boot_flash
                0xffa02cf8                read_tilt
                0xffa00e80                initPWM
                0xffa00f68                init_sonar
                0xffa018f4                check_failsafe
                0xffa02008                show_stack_ptr
                0xffa02c00                read_compass
                0xffa04150                process_colors
                0xffa02780                laser_range
                0xffa01ff0                show_heap_ptr
                0xffa01d9c                overlay_on
                0xffa0112c                setPWM2
                0xffa01f34                lasers_off
                0xffa00ba0                check_stereo_sync
                0xffa00b4c                clear_sdram
                0xffa00b90                led1_on
                0xffa022e4                change_image_quality
                0xffa00b74                stack_remaining
                0xffa01344                check_bounds_0_100
                0xffa00cac                move_image
                0xffa0321c                write_user_sector
                0xffa02360                process_neuralnet
                0xffa02174                motor2_command
                0xffa020b4                ppm2_command
                0xffa01040                setPWM
                0xffa00ee4                initPWM2
                0xffa01bb8                read_encoders
                0xffa03020                init_analog
                0xffa02be4                show_laser_range
                0xffa033e8                crc_flash_buffer
                0xffa03818                send_frame
                0xffa01f0c                check_battery
                0xffa01cdc                motor_increase_base_speed
                0xffa01edc                ping_sonar
                0xffa00d08                copy_image
                0xffa01e50                enable_horizon_detect
                0xffa019b0                encoders
                0xffa01d50                clear_flash_buffer
                0xffa02060                enable_failsafe
                0xffa01f54                lasers_on
                0xffa02114                ppm1_command
                0xffa01bfc                motor_action
                0xffa01420                readRTC
                0xffa01360                motor_trim_right
                0xffa00b80                led0_on
                0xffa013b0                motor_trim_left
                0xffa00a10                init_io
                0xffa01f90                serial_out_version
                0xffa01494                sonar
                0xffa01978                init_encoders
                0xffa00bb4                compute_frame_diff
                0xffa0340c                launch_editor
                0xffa03f18                motion_vect_test
                0xffa01e78                enable_edge_detect
                0xffa03ff4                grab_frame
                0xffa01ea0                enable_segmentation
                0xffa0327c                write_user_flash
                0xffa03794                send_80x64planar
                0xffa016a4                motor_set
                0xffa00f34                initTMR4
                0xffa00f98                initPPM1
                0xffa01288                setPPM2
                0xffa01c68                motor_decrease_base_speed
                0xffa00fec                initPPM2
                0xffa01e28                enable_obstacle_detect
                0xffa032a8                read_double_sector
                0xffa01f74                serial_out_time
                0xffa01e00                enable_stereo_processing
                0xffa00c0c                set_caption
                0xffa01db4                disable_frame_diff
                0xffa00d68                scale_image_to_80x64_planar
                0xffa00b20                reset_cpu
                0xffa033a8                read_user_flash
                0xffa0319c                write_double_sector
                0xffa02ea4                analog
                0xffa018dc                reset_failsafe_clock
                0xffa01be4                disable_failsafe
                0xffa02fe4                read_analog
                0xffa01d84                overlay_off
                0xffa01eb8                enable_frame_diff
                0xffa03658                camera_setup
 uart.o(.text)
 .text          0xffa04c08      0x318 uart.o
                0xffa04d74                uart1SendChar
                0xffa04de8                uart1GetCh
                0xffa04d40                uart0GetChar
                0xffa04d00                uart0SendChars
                0xffa04d24                uart0GetCh
                0xffa04cd4                uart0SendString
                0xffa04ca4                uart0SendChar
                0xffa04dc4                uart1SendChars
                0xffa04c08                init_uart0
                0xffa04d64                uart0Signal
                0xffa04e38                printNumber
                0xffa04d98                uart1SendString
                0xffa04e04                uart1GetChar
                0xffa04e28                uart1Signal
                0xffa04c54                init_uart1
 colors.o(.text)
 .text          0xffa04f20     0x1228 colors.o
                0xffa050cc                vmean
                0xffa05440                edge_detect
                0xffa05340                vfind
                0xffa055d8                svs_segcode
                0xffa059b4                vhorizon
                0xffa05190                color_segment
                0xffa05878                addvect
                0xffa05c34                vblob
                0xffa04fa4                blob_merge
                0xffa057e0                svs_segview
                0xffa04f20                init_colors
                0xffa05728                vscan
                0xffa05000                vhist
                0xffa05904                addline
                0xffa04f70                vpix
 jpeg.o(.text)
 .text          0xffa06148      0xd9c jpeg.o
                0xffa06cf4                DCT
                0xffa066ec                close_bitstream
                0xffa06d08                encodeMCU
                0xffa06234                huffman
                0xffa06760                write_markers
                0xffa06e04                encode_image
                0xffa06980                initialize_quantization_tables
                0xffa06b40                read_422_format
                0xffa06148                initialization
                0xffa06214                levelshift
                0xffa06a70                quantization
                0xffa06ac0                read_400_format
 r8x8dct.o(.text)
 *fill*         0xffa06ee4        0x4 00
 .text          0xffa06ee8       0xf0 r8x8dct.o
                0xffa06ee8                _r8x8dct
 motionvect.o(.text)
 .text          0xffa06fd8      0x950 motionvect.o
                0xffa07440                hpel
                0xffa077a0                _mve_core
                0xffa07650                _hpel_core2
                0xffa07530                _hpel_core1
                0xffa06fd8                _motionvect
 stereo.o(.text)
 .text          0xffa07928     0x3b68 stereo.o
                0xffa0a9e4                svs_rectify
                0xffa07b98                svs_compute_descriptor
                0xffa0b04c                svs_grab
                0xffa09e30                init_svs_matching_data
                0xffa0926c                update_pose
                0xffa0b194                svs_master
                0xffa0adfc                svs_read_calib_params
                0xffa0b140                svs_send_features
                0xffa08278                svs_show_matches
                0xffa0aa7c                svs_get_features_horizontal
                0xffa094d8                svs_filter_plane
                0xffa0aca4                svs_get_features_vertical
                0xffa0afa4                init_svs
                0xffa0a90c                svs_send_disparities
                0xffa083a4                svs_make_map
                0xffa07e6c                svs_footline_update
                0xffa09f30                svs_match
                0xffa0856c                visual_odometry
                0xffa07fb0                svs_ground_plane
                0xffa0b324                svs_stereo
                0xffa086c8                map_update
                0xffa09d44                init_map
                0xffa079d0                svs_update_sums
                0xffa08100                svs_show_footline
                0xffa0b2a8                svs_receive_features
                0xffa07928                svs_slave
                0xffa09b34                map_recenter
                0xffa08f98                show_map
                0xffa07cc4                svs_show_features
                0xffa07ab8                svs_non_max
 uart.o(.text)
 setjmp.o(.text)
 .text          0xffa0b490      0x184 setjmp.o
                0xffa0b490                longjmp
                0xffa0b558                setjmp

.text           0x00000000     0x9ae4
 .text          0x00000000       0xf0 camera.o
                0x00000000                camera_init
                0x000000a8                camera_start
                0x000000cc                camera_stop
 .text          0x000000f0      0x33c edit.o
                0x00000288                insert_char
                0x00000138                find_next_line
                0x00000300                edit
                0x000001d4                find_buffer_end
                0x000000f0                delete_char
                0x0000021c                print_lines
                0x000002e0                print_help
                0x00000188                find_previous_line
 .text          0x0000042c      0x1a4 malloc.o
                0x00000508                morecore
                0x00000480                free
                0x0000042c                init_heap
                0x0000046c                sbrk
                0x0000054c                malloc
 .text          0x000005d0      0x44c httpd.o
                0x00000768                httpd_get
                0x00000620                base64_camera_frame
                0x000005d0                httpd_post
                0x000005dc                clean_buffer
 .text          0x00000a1c      0x290 i2c.o
                0x00000aec                i2cwritex
                0x00000a1c                i2cwrite
                0x00000bb4                i2cread
 .text          0x00000cac      0x4d4 stm_m25p32.o
                0x00000d88                SetupSPI
                0x00000e48                spi_read
                0x00000ee0                Wait_For_WEL
                0x00000d68                SPI_OFF
                0x00000f48                WriteFlash
                0x000010b4                spi_write
                0x00000cb8                spi_init_r
                0x00001038                EraseBlock
                0x00000ea8                Wait_For_Status
                0x00000d04                GetSectorNumber
                0x00000fe4                WriteData
                0x00000cac                spi_init_f
                0x00000e64                ReadStatusRegister
                0x00000f14                SendSingleCommand
                0x00000db8                ReadData
                0x00000cc4                Wait_For_SPIF
                0x00000d2c                udelay
 .text          0x00001180      0x334 printf.o
                0x0000147c                sprintf
                0x00001498                printf
 .text          0x000014b4      0x4f8 xmodem.o
                0x00001540                xmodemTransmit
                0x000014f0                _inbyte
                0x000014b4                crc16_ccitt
                0x000017b8                xmodemReceive
 .text          0x000019ac      0xb9c float.o
                0x000019ac                bytesToFloat
                0x00002294                printFloat
                0x000020e0                bigMulti
                0x0000227c                power
                0x00001f48                isOne
                0x000019dc                minus
                0x0000242c                printBinary
                0x00001ff4                intToFloat
                0x000019e8                divFloat
                0x000019d0                parseFloat
                0x000024dc                printExponent
                0x00002504                printMantissa
                0x00001fe8                lteFloat
                0x00001aa4                addFloat
                0x0000215c                mulFloat
                0x00001f58                gteFloat
                0x00001d98                subFloat
                0x0000246c                floatInBinary
 .text          0x00002548      0x5c4 neural.o
                0x000028e8                nnpack8x8
                0x00002ad4                nninit_network
                0x00002964                nndisplay
                0x000025e0                f_logic
                0x00002640                nncalculate_network
                0x00002728                nncalculate_errors
                0x000029f8                nntrain_network
                0x000029e4                nninit_pattern
                0x00002548                nnset_pattern
                0x000027dc                nnscale8x8
 .text          0x00002b0c      0xed8 gps.o
                0x00002cb8                tan
                0x00002ee0                atan
                0x000030a0                gps_dist
                0x00002dc4                asin
                0x000031cc                read_ublox
                0x00002e50                acos
                0x00002fd8                gps_head
                0x00002be8                cos
                0x00002b0c                sin
                0x00003214                gps_parse
                0x0000393c                gps_show
                0x00002fac                isqrt
 .text          0x000039e4       0x28 myfunc.o
                0x000039e4                myfunc
 .text          0x00003a0c       0xd0 init.o
                0x00003a0c                initcode
 .text          0x00003adc      0x4f8 sdcard.o
                0x00003c88                GetCardParams
                0x00003b20                CloseSD
                0x00003eac                ReadMultipleBlocks
                0x00003d68                EraseBlocks
                0x00003f44                WriteMultipleBlocks
                0x00003adc                InitSD
                0x00003c04                GetToken
                0x00003dc0                WriteSector
                0x00003c40                CardInit
                0x00003e44                ReadSector
                0x00003b80                SendCommand
                0x00003b30                WriteByte
 .text          0x00003fd4      0x140 picoc/picoc.o
                0x00004050                picoc
                0x00003ff4                Initialise
                0x00003fd4                Cleanup
 .text          0x00004114      0x28c picoc/table.o
                0x000042e8                TableStrRegister
                0x00004150                TableGet
                0x000041d4                TableStrFree
                0x00004218                TableSetIdentifier
                0x00004350                TableInitTable
                0x000042d4                TableStrRegister2
                0x00004184                TableDelete
                0x00004304                TableSet
                0x00004364                TableInit
 .text          0x000043a0      0xdd4 picoc/lex.o
                0x00004704                LexInteractiveClear
                0x00005148                LexInit
                0x0000489c                LexGetCharacterConstant
                0x00004680                LexInitParser
                0x000048f0                LexGetWord
                0x00004750                LexCleanup
                0x000043a0                LexCheckReservedWord
                0x000046a8                LexInteractiveCompleted
                0x00004758                LexCopyTokens
                0x00004698                LexInteractiveStatementPrompt
                0x00004510                LexUnEscapeCharacter
                0x00005114                LexToEndOfLine
                0x00004404                LexGetNumber
                0x000043c8                IsBaseDigit
                0x00004e20                LexAnalyse
                0x00004e40                LexGetToken
                0x000045e0                LexSkipComment
                0x00004658                LexTokenSize
                0x00004a84                LexScanGetToken
                0x00004d70                LexTokenise
                0x0000496c                LexGetStringConstant
 .text          0x00005174      0xbd8 picoc/parse.o
                0x0000523c                ParseFunctionDefinition
                0x00005b30                ParseBlock
                0x0000545c                ParseDeclaration
                0x00005184                ParseCleanup
                0x00005174                ParserCopyPos
                0x00005bb8                ParseStatementMaybeRun
                0x00005bec                ParseFor
                0x00005aac                Parse
                0x000055cc                ParseStatement
                0x00005198                ParseMacroDefinition
                0x00005a38                ParseInteractive
 .text          0x00005d4c     0x1228 picoc/expression.o
                0x000060bc                ExpressionPostfixOperator
                0x00006c2c                ExpressionParseInt
                0x00006054                ExpressionPushInt
                0x00005f88                ExpressionAssignToPointer
                0x00005df8                ExpressionGetStructElement
                0x00005f40                ExpressionStackPushDereference
                0x00006218                ExpressionPrefixOperator
                0x00005da4                ExpressionStackPushOperator
                0x00005d58                ExpressionAssignInt
                0x00005d4c                debugf
                0x00006848                ExpressionStackCollapse
                0x0000608c                ExpressionStackPushValueByType
                0x0000642c                ExpressionStackPushValue
                0x00006cac                ExpressionParseFunctionCall
                0x00006450                ExpressionInfixOperator
                0x00005dd4                ExpressionStackPushValueNode
                0x00006934                ExpressionParse
                0x000063fc                ExpressionStackPushLValue
 .text          0x00006f74      0x238 picoc/heap.o
                0x0000702c                HeapFree
                0x00007160                HeapAllocStack
                0x00006fe8                HeapPushStackFrame
                0x00007008                HeapPopStackFrame
                0x00007084                HeapAlloc
                0x00006fc0                HeapPopStack
                0x00006f74                HeapInit
 .text          0x000071ac      0x7f0 picoc/type.o
                0x000071dc                TypeStackSizeValue
                0x000072ac                TypeInit
                0x0000794c                TypeCleanupNode
                0x0000723c                TypeAddBaseType
                0x00007534                TypeParseStruct
                0x000071f0                TypeLastAccessibleOffset
                0x00007990                TypeCleanup
                0x00007214                TypeSize
                0x00007788                TypeParse
                0x000077b4                TypeParseIdentPart
                0x00007364                TypeGetMatching
                0x000076f0                TypeParseFront
                0x000071ac                TypeSizeValue
                0x0000726c                TypeAdd
                0x000073d8                TypeParseEnum
 .text          0x0000799c      0x658 picoc/variable.o
                0x00007ae0                VariableDefined
                0x00007d14                VariableStackPop
                0x00007b38                VariableStackFramePop
                0x00007e28                VariableAllocValueAndData
                0x00007e60                VariableDefinePlatformVar
                0x00007c54                VariableFree
                0x00007cf4                VariableCleanup
                0x00007a4c                VariableStringLiteralDefine
                0x00007fac                VariableAllocValueFromType
                0x00007cb0                VariableTableCleanup
                0x00007a60                VariableStringLiteralGet
                0x00007c04                VariableInit
                0x00007b88                VariableStackFrameAdd
                0x00007a88                VariableGet
                0x00007efc                VariableAllocValueAndCopy
                0x00007e00                VariableAllocValueShared
                0x00007dc8                VariableAllocValueFromExistingData
                0x00007d80                VariableAlloc
                0x00007f40                VariableDefine
                0x0000799c                VariableDereferencePointer
 .text          0x00007ff4      0x530 picoc/clibrary.o
                0x000080d8                PrintType
                0x000083e8                LibPrintf
                0x00008040                PrintInt
                0x00008018                PrintStr
                0x000081c0                LibGets
                0x00007ff4                SPutc
                0x00008350                LibSPrintf
                0x0000820c                GenericPrintf
                0x0000800c                PrintCh
                0x00008484                LibraryInit
                0x0000840c                CLibraryInit
                0x000081a8                LibGetc
 .text          0x00008524     0x1388 picoc/library_surveyor.o
                0x00008c70                Ctan
                0x00009244                Cvrcap
                0x00008cd0                Cwritei2c
                0x000092ac                Csonar
                0x00008b44                Cnninit
                0x00008cb0                Csin
                0x00009544                Cencoders
                0x00008554                Cioread
                0x000088d8                Cnnmatchblob
                0x0000861c                Claser
                0x00008d04                Cvcam
                0x00009184                Cvscan
                0x00009290                Crange
                0x00008dc8                Cgps
                0x00008680                Cvcolor
                0x00009404                Cmotors2
                0x00008b48                Csqrt
                0x000088a8                Cnnshow
                0x0000938c                Cservos
                0x00008c90                Ccos
                0x00008bf8                Cacos
                0x00009314                Cservos2
                0x00008fbc                Ccompass
                0x00008728                Cautorun
                0x000094a4                Cmotors
                0x00008e28                Canalog
                0x00008c34                Casin
                0x000085e0                Cpoke
                0x00009248                Cvcap
                0x00008b9c                Cgps_head
                0x000091f8                Cvpix
                0x00008798                Cexit
                0x00008660                Cbattery
                0x00008bd0                Catan
                0x00008f84                Ctilt
                0x00008800                Cnnlearnblob
                0x00008d90                Creadi2c
                0x00008d50                Creadi2c2
                0x0000858c                Cpeek
                0x00009594                Cinput
                0x0000956c                Crand
                0x00008710                Ctime
                0x0000924c                Cvfind
                0x00008abc                Cnntrain
                0x000086fc                Cvdiff
                0x00008524                Ciodir
                0x00009038                Cdelay
                0x00009050                Cvblob
                0x000095dc                PlatformLibraryInit
                0x000089ec                Cnntest
                0x000087b4                Cnnset
                0x0000856c                Ciowrite
                0x00008b68                Cgps_dist
                0x000095b0                Csignal
                0x00009144                Cvmean
 .text          0x000098ac      0x190 picoc/platform.o
                0x000099a0                PlatformPrintf
                0x000099bc                LexFail
                0x000098ac                PlatformVPrintf
                0x000099f8                ProgramFail
 .text          0x00009a3c       0xa8 picoc/platform_surveyor.o
                0x00009a74                PlatformPutc
                0x00009a7c                PlatformGetLine
                0x00009a3c                PlatformCleanup
                0x00009a64                PlatformGetCharacter
                0x00009a48                PlatformExit

.l1data         0xff800000     0x37d0
 *(.data)
 .data          0xff800000        0x0 camera.o
 .data          0xff800000        0x0 edit.o
 .data          0xff800000        0x0 malloc.o
 .data          0xff800000       0x28 httpd.o
                0xff800000                names
 .data          0xff800028        0x0 i2c.o
 .data          0xff800028        0x0 stm_m25p32.o
 .data          0xff800028        0x0 printf.o
 .data          0xff800028        0x0 xmodem.o
 .data          0xff800028        0x0 float.o
 .data          0xff800028       0x8c neural.o
                0xff80002c                npattern
                0xff8000ac                nmask
                0xff800028                learn
 .data          0xff8000b4        0x0 gps.o
 .data          0xff8000b4        0x0 myfunc.o
 .data          0xff8000b4        0x0 main.o
 .data          0xff8000b4        0x0 math.o
 .data          0xff8000b4        0x0 string.o
 .data          0xff8000b4      0xa6c srv.o
                0xff8004bc                version_string
                0xff8000bc                font8x8
                0xff8000b4                fontmask
                0xff8004f0                frame
                0xff800510                rand_seed
 .data          0xff800b20        0x0 uart.o
 .data          0xff800b20        0x0 colors.o
 .data          0xff800b20      0x8f0 jpeg.o
                0xff801350                zigzag_table
                0xff800b78                chrominance_dc_size_table
                0xff800e18                chrominance_ac_code_table
                0xff800cd4                luminance_ac_size_table
                0xff800b90                luminance_ac_code_table
                0xff800b48                luminance_dc_size_table
                0xff800b60                chrominance_dc_code_table
                0xff801390                luminance_quant_table
                0xff8011a0                markerdata
                0xff800b30                luminance_dc_code_table
                0xff800b20                fdct_coeff
                0xff8013d0                chrominance_quant_table
                0xff8010a0                bitsize
                0xff800f5c                chrominance_ac_size_table
 .data          0xff801410        0x0 r8x8dct.o
 .data          0xff801410        0x0 motionvect.o
 .data          0xff801410     0x2084 stereo.o
                0xff801410                sensmodelindex
                0xff802ef4                SinLookup
                0xff80161c                sensmodel
 .data          0xff803494        0x0 setjmp.o
 .data          0xff803494        0x0 init.o
 .data          0xff803494        0x0 sdcard.o
 .data          0xff803494        0x0 picoc/picoc.o
 .data          0xff803494        0x0 picoc/table.o
 .data          0xff803494      0x148 picoc/lex.o
 .data          0xff8035dc        0x0 picoc/parse.o
 .data          0xff8035dc        0x0 picoc/expression.o
 .data          0xff8035dc       0x10 picoc/heap.o
                0xff8035e0                HeapMemStart
                0xff8035dc                HeapStackTop
 .data          0xff8035ec        0x0 picoc/type.o
 .data          0xff8035ec        0x0 picoc/variable.o
 .data          0xff8035ec       0x2c picoc/clibrary.o
                0xff8035ec                CLibrary
 .data          0xff803618      0x1b8 picoc/library_surveyor.o
                0xff803618                PlatformLibrary
 .data          0xff8037d0        0x0 picoc/platform.o
 .data          0xff8037d0        0x0 picoc/platform_surveyor.o
 *(.l1data)
 *(.l1data.a)

.l1data.b
 *(.l1data.b)

.rodata         0xff8037d0     0x3100
 *(.rodata .rodata.* .gnu.linkonce.r.*)
 .rodata.str1.4
                0xff8037d0       0xb6 edit.o
                                 0xb8 (size before relaxing)
 *fill*         0xff803886        0x2 00
 .rodata        0xff803888       0x5c edit.o
 .rodata.str1.4
                0xff8038e4      0x1a5 httpd.o
                                0x1ac (size before relaxing)
 *fill*         0xff803a89        0x3 00
 .rodata        0xff803a8c      0x148 httpd.o
 .rodata.str1.4
                0xff803bd4        0x7 printf.o
                                  0x8 (size before relaxing)
 *fill*         0xff803bdb        0x1 00
 .rodata        0xff803bdc      0x200 xmodem.o
 .rodata.str1.4
                0xff803ddc       0x3f float.o
                                 0x40 (size before relaxing)
 *fill*         0xff803e1b        0x1 00
 .rodata.str1.4
                0xff803e1c        0x4 neural.o
                                  0xc (size before relaxing)
 .rodata.str1.4
                0xff803e20       0xa6 gps.o
                                 0xa8 (size before relaxing)
 *fill*         0xff803ec6        0x2 00
 .rodata        0xff803ec8      0x16c gps.o
 .rodata.str1.4
                0xff804034       0x14 myfunc.o
 .rodata.str1.4
                0xff804048       0x46 main.o
                                 0x48 (size before relaxing)
 *fill*         0xff80408e        0x2 00
 .rodata        0xff804090      0x3a8 main.o
 .rodata        0xff804438      0x1c4 srv.o
 .rodata.str1.4
                0xff8045fc      0x801 srv.o
                                0x80c (size before relaxing)
 *fill*         0xff804dfd        0x3 00
 .rodata        0xff804e00       0x10 uart.o
 .rodata.str1.4
                0xff804e10       0x53 colors.o
                                 0x54 (size before relaxing)
 *fill*         0xff804e63        0x1 00
 .rodata        0xff804e64      0x220 stereo.o
                0xff804e90                pixel_offsets
                0xff805080                sensmodel_indexes
                0xff804f80                BitsSetTable256
 .rodata.str1.4
                0xff805084       0x9e stereo.o
                                 0xa0 (size before relaxing)
 *fill*         0xff805122        0x2 00
 .rodata.str1.4
                0xff805124       0x57 picoc/picoc.o
                                 0x58 (size before relaxing)
 *fill*         0xff80517b        0x1 00
 .rodata.str1.4
                0xff80517c        0xe picoc/table.o
                                 0x14 (size before relaxing)
 *fill*         0xff80518a        0x2 00
 .rodata        0xff80518c      0x2e0 picoc/lex.o
 .rodata.str1.4
                0xff80546c       0xe6 picoc/lex.o
                                0x108 (size before relaxing)
 *fill*         0xff805552        0x2 00
 .rodata.str1.4
                0xff805554      0x1a1 picoc/parse.o
                                0x1a8 (size before relaxing)
 *fill*         0xff8056f5        0x3 00
 .rodata        0xff8056f8       0x98 picoc/parse.o
 .rodata.str1.4
                0xff805790      0x362 picoc/expression.o
                                0x3b0 (size before relaxing)
 *fill*         0xff805af2        0x2 00
 .rodata        0xff805af4      0x264 picoc/expression.o
 .rodata.str1.4
                0xff805d58      0x12d picoc/type.o
                                0x164 (size before relaxing)
 *fill*         0xff805e85        0x3 00
 .rodata        0xff805e88       0x2c picoc/type.o
 .rodata.str1.4
                0xff805eb4       0x9b picoc/variable.o
                                 0xc4 (size before relaxing)
 *fill*         0xff805f4f        0x1 00
 .rodata.str1.4
                0xff805f50       0xd2 picoc/clibrary.o
                                 0xf4 (size before relaxing)
 *fill*         0xff806022        0x2 00
 .rodata        0xff806024       0x28 picoc/clibrary.o
 .rodata.str1.4
                0xff80604c      0x86a picoc/library_surveyor.o
                                0x880 (size before relaxing)
 .rodata        0xff8068b6       0x10 picoc/library_surveyor.o
 *fill*         0xff8068c6        0x2 00
 .rodata.str1.4
                0xff8068c8        0x8 picoc/platform.o
                                  0xc (size before relaxing)
 .rodata.str1.4
                0x00000000       0x10 picoc/platform_surveyor.o

.data
 *(.data .data.* .gnu.linkonce.d.*)

.ctors
 *crtbegin*.o(.ctors)
 *(EXCLUDE_FILE(*crtend*.o) .ctors)
 *(SORT(.ctors.*))
 *(.ctors)

.dtors
 *crtbegin*.o(.dtors)
 *(EXCLUDE_FILE(*crtend*.o) .dtors)
 *(SORT(.dtors.*))
 *(.dtors)

.sdram.bss      0x00009ae4        0x0
                0x00009ae4                __sdram_bss_start = .
 *(.bss.sdram)
                0x00009ae4                . = ALIGN (0x4)
                0x00009ae4                __sdram_bss_end = .

.bss            0xff900000     0x3a94
                0xff900000                __bss_start = .
 *(.dynbss)
 *(.bss .bss.* .gnu.linkonce.b.*)
 .bss           0xff900000        0x0 camera.o
 .bss           0xff900000       0x10 edit.o
 .bss           0xff900010        0x4 malloc.o
                0xff900010                allocp
 .bss           0xff900014      0x104 httpd.o
 .bss           0xff900118        0x0 i2c.o
 .bss           0xff900118        0x0 stm_m25p32.o
 .bss           0xff900118        0x0 printf.o
 .bss           0xff900118        0x0 xmodem.o
 .bss           0xff900118        0x0 float.o
 .bss           0xff900118        0x0 neural.o
 .bss           0xff900118        0x8 gps.o
 .bss           0xff900120        0x0 myfunc.o
 .bss           0xff900120        0x0 main.o
 .bss           0xff900120        0x0 math.o
 .bss           0xff900120        0x4 string.o
 .bss           0xff900124        0xc srv.o
                0xff900128                sonar_flag
                0xff900124                failsafe_mode
                0xff90012c                uart1_flag
 .bss           0xff900130        0x0 uart.o
 .bss           0xff900130       0x50 colors.o
 .bss           0xff900180        0x8 jpeg.o
                0xff900180                lcode
                0xff900184                bitindex
 .bss           0xff900188        0x0 r8x8dct.o
 .bss           0xff900188        0x0 motionvect.o
 .bss           0xff900188        0x0 stereo.o
 .bss           0xff900188        0x0 setjmp.o
 .bss           0xff900188        0x0 init.o
 .bss           0xff900188        0x0 sdcard.o
 .bss           0xff900188        0x0 picoc/picoc.o
 .bss           0xff900188        0x4 picoc/table.o
                0xff900188                StrEmpty
 .bss           0xff90018c       0x3c picoc/lex.o
 .bss           0xff9001c8        0x4 picoc/parse.o
 .bss           0xff9001cc        0x0 picoc/expression.o
 .bss           0xff9001cc       0x24 picoc/heap.o
 .bss           0xff9001f0        0x0 picoc/type.o
 .bss           0xff9001f0        0x4 picoc/variable.o
                0xff9001f0                TopStackFrame
 .bss           0xff9001f4        0x4 picoc/clibrary.o
 .bss           0xff9001f8       0xcc picoc/library_surveyor.o
 .bss           0xff9002c4        0x0 picoc/platform.o
 .bss           0xff9002c4        0x0 picoc/platform_surveyor.o
 *(COMMON)
 COMMON         0xff9002c4       0x18 camera.o
                0xff9002c4                dlist2
                0xff9002d0                dlist1
 COMMON         0xff9002dc       0x14 malloc.o
                0xff9002dc                base
                0xff9002e4                heap_end
                0xff9002e8                heap_start
                0xff9002ec                heap_ptr
 COMMON         0xff9002f0      0x406 xmodem.o
                0xff9002f0                xbuff
 *fill*         0xff9006f6        0x2 00
 COMMON         0xff9006f8     0x1640 neural.o
                0xff9006f8                weights
                0xff901af8                teach_neurons
                0xff901b38                nerror
                0xff901bb8                neurons
 COMMON         0xff901d38       0x18 gps.o
                0xff901d38                gps_gga
 COMMON         0xff901d50      0x138 srv.o
                0xff901d50                imgWidth
                0xff901d54                rfailsafe
                0xff901d58                j
                0xff901d5c                svs_calibration_offset_y
                0xff901d60                x_acc
                0xff901d64                i
                0xff901d68                segmentation_flag
                0xff901d6c                move_stop_time
                0xff901d70                svs_enable_horizontal
                0xff901d74                pwm2_init
                0xff901d78                sonar_data
                0xff901d8c                svs_scale_num
                0xff901d90                y_acc0
                0xff901d94                svs_height
                0xff901d98                svs_disp_left
                0xff901d9c                svs_width
                0xff901da0                svs_enable_mapping
                0xff901da4                quality
                0xff901da8                move_start_time
                0xff901dac                y_acc
                0xff901db0                output_start
                0xff901db4                lcount
                0xff901db8                pwm1_init
                0xff901dbc                image_size
                0xff901dc0                pwm1_mode
                0xff901dc4                svs_centre_of_disortion_x
                0xff901dc8                x_center
                0xff901dcc                svs_enable_ground_priors
                0xff901dd0                lfailsafe
                0xff901dd4                edge_thresh
                0xff901dd8                horizon_detect_flag
                0xff901ddc                master
                0xff901de0                base_speed
                0xff901de4                svs_coeff
                0xff901de8                rspeed2
                0xff901dec                lspeed
                0xff901df0                overlay_flag
                0xff901df4                lspeed2
                0xff901df8                err1
                0xff901dfc                svs_disp_right
                0xff901e00                enable_stereo_flag
                0xff901e04                cp
                0xff901e08                svs_coeff_degree
                0xff901e0c                svs_ground_y_percent
                0xff901e10                output_end
                0xff901e14                svs_ground_slope_percent
                0xff901e18                pwm2_mode
                0xff901e1c                svs_sensor_width_mmx100
                0xff901e20                stereo_processing_flag
                0xff901e24                obstacle_detect_flag
                0xff901e28                framecount
                0xff901e2c                svs_scale_denom
                0xff901e30                svs_centre_of_disortion_y
                0xff901e34                rcount
                0xff901e38                x_acc0
                0xff901e3c                imgHead
                0xff901e48                stereo_sync_flag
                0xff901e4c                edge_detect_flag
                0xff901e50                encoder_flag
                0xff901e54                imgHeight
                0xff901e58                failsafe_clock
                0xff901e5c                move_time_mS
                0xff901e60                svs_calibration_offset_x
                0xff901e64                y_center
                0xff901e68                svs_turn_tollerance_percent
                0xff901e6c                svs_right_turn_percent
                0xff901e70                svs_steer
                0xff901e74                rspeed
                0xff901e78                base_speed2
                0xff901e7c                frame_diff_flag
                0xff901e80                ix
                0xff901e84                robot_moving
 COMMON         0xff901e88      0xf8c colors.o
                0xff901e88                blobcnt
                0xff901f84                ymax
                0xff901fc8                blobx1
                0xff9020c4                umax
                0xff902108                hist0
                0xff902508                hist1
                0xff902908                blobix
                0xff902a04                bloby2
                0xff902b00                mean
                0xff902b0c                vmax
                0xff902b50                vmin
                0xff902b94                bloby1
                0xff902c90                blobx2
                0xff902d8c                ymin
                0xff902dd0                umin
 COMMON         0xff902e14      0x584 jpeg.o
                0xff902e14                Y2
                0xff902e94                Temp
                0xff902f14                Cqt
                0xff902f54                Y3
                0xff902fd4                Y4
                0xff903054                ICqt
                0xff9030d4                ILqt
                0xff903154                CR
                0xff9031d4                Lqt
                0xff903214                CB
                0xff903294                fdct_temp
                0xff903314                read_format
                0xff903318                Y1
 COMMON         0xff903398       0x7c stereo.o
                0xff903398                disparity_plane_fit
                0xff90339c                footline_dist_mm
                0xff9033a0                robot_x_mm
                0xff9033a4                map_y_mm
                0xff9033a8                robot_y_mm
                0xff9033ac                footline
                0xff9033b0                row_peaks
                0xff9033b4                map_coords
                0xff9033b8                feature_y
                0xff9033bc                svs_prev_width
                0xff9033c0                prev_dist_moved_mm
                0xff9033c4                robot_orientation_degrees
                0xff9033c8                calibration_map
                0xff9033cc                map_x_mm
                0xff9033d0                robot_speed_mmsec
                0xff9033d4                svs_matches
                0xff9033d8                svs_data_received
                0xff9033dc                disparity_histogram_plane
                0xff9033e0                row_sum
                0xff9033e4                features_per_col
                0xff9033e8                svs_data
                0xff9033ec                map_occupancy
                0xff9033f0                curr_ID
                0xff9033f4                min_occupancy
                0xff9033f8                svs_data_previous
                0xff9033fc                dist_moved_mm
                0xff903400                prev_svs_enable_mapping
                0xff903404                curr_ID_hits
                0xff903408                valid_quadrants
                0xff90340c                max_occupancy
                0xff903410                disparity_priors
 COMMON         0xff903414      0x18c picoc/table.o
                0xff903414                StringHashTable
                0xff903598                StringTable
 COMMON         0xff9035a0      0x128 picoc/type.o
                0xff9035a0                CharArrayType
                0xff9035a4                FunctionType
                0xff9035c8                EnumType
                0xff9035ec                VoidType
                0xff903610                MacroType
                0xff903634                CharType
                0xff903658                CharPtrType
                0xff90365c                WordType
                0xff903680                IntType
                0xff9036a4                UberType
 COMMON         0xff9036c8      0x318 picoc/variable.o
                0xff9036c8                StringLiteralHashTable
                0xff90384c                GlobalHashTable
                0xff9039d0                GlobalTable
                0xff9039d8                StringLiteralTable
 COMMON         0xff9039e0       0x10 picoc/clibrary.o
                0xff9039e0                CStdOut
 COMMON         0xff9039f0       0xa4 picoc/platform_surveyor.o
                0xff9039f0                ExitBuf
                0xff903a94                . = ALIGN (0x4)
                0xff903a94                __bss_end = .
                0xffb00ffc                . = 0xffb00ffc
                0xffb00ffc                PROVIDE (_supervisor_stack, .)
LOAD init.o
LOAD main.o
LOAD srv.o
LOAD uart.o
LOAD camera.o
LOAD jpeg.o
LOAD i2c.o
LOAD stm_m25p32.o
LOAD float.o
LOAD httpd.o
LOAD xmodem.o
LOAD colors.o
LOAD edit.o
LOAD malloc.o
LOAD string.o
LOAD stereo.o
LOAD printf.o
LOAD myfunc.o
LOAD neural.o
LOAD gps.o
LOAD sdcard.o
LOAD picoc/picoc.o
LOAD picoc/table.o
LOAD picoc/lex.o
LOAD picoc/parse.o
LOAD picoc/expression.o
LOAD picoc/heap.o
LOAD picoc/type.o
LOAD picoc/variable.o
LOAD picoc/clibrary.o
LOAD picoc/library_surveyor.o
LOAD picoc/platform.o
LOAD picoc/platform_surveyor.o
LOAD r8x8dct.o
LOAD math.o
LOAD setjmp.o
LOAD motionvect.o
OUTPUT(srv1.bin.stereo elf32-bfin)

.debug_abbrev   0x00000000     0x3295
 .debug_abbrev  0x00000000       0xcf camera.o
 .debug_abbrev  0x000000cf       0xeb edit.o
 .debug_abbrev  0x000001ba      0x14c malloc.o
 .debug_abbrev  0x00000306      0x11b httpd.o
 .debug_abbrev  0x00000421       0x8a i2c.o
 .debug_abbrev  0x000004ab      0x1d8 stm_m25p32.o
 .debug_abbrev  0x00000683      0x124 printf.o
 .debug_abbrev  0x000007a7      0x183 xmodem.o
 .debug_abbrev  0x0000092a      0x244 float.o
 .debug_abbrev  0x00000b6e      0x114 neural.o
 .debug_abbrev  0x00000c82      0x1b7 gps.o
 .debug_abbrev  0x00000e39       0x43 myfunc.o
 .debug_abbrev  0x00000e7c       0x61 main.o
 .debug_abbrev  0x00000edd      0x16c string.o
 .debug_abbrev  0x00001049      0x271 srv.o
 .debug_abbrev  0x000012ba      0x10f uart.o
 .debug_abbrev  0x000013c9      0x1c3 colors.o
 .debug_abbrev  0x0000158c      0x186 jpeg.o
 .debug_abbrev  0x00001712      0x270 stereo.o
 .debug_abbrev  0x00001982       0x45 init.o
 .debug_abbrev  0x000019c7       0xf3 sdcard.o
 .debug_abbrev  0x00001aba      0x153 picoc/picoc.o
 .debug_abbrev  0x00001c0d      0x239 picoc/table.o
 .debug_abbrev  0x00001e46      0x276 picoc/lex.o
 .debug_abbrev  0x000020bc      0x269 picoc/parse.o
 .debug_abbrev  0x00002325      0x245 picoc/expression.o
 .debug_abbrev  0x0000256a      0x151 picoc/heap.o
 .debug_abbrev  0x000026bb      0x252 picoc/type.o
 .debug_abbrev  0x0000290d      0x1fb picoc/variable.o
 .debug_abbrev  0x00002b08      0x270 picoc/clibrary.o
 .debug_abbrev  0x00002d78      0x273 picoc/library_surveyor.o
 .debug_abbrev  0x00002feb      0x142 picoc/platform.o
 .debug_abbrev  0x0000312d      0x168 picoc/platform_surveyor.o

.debug_info     0x00000000    0x11166
 .debug_info    0x00000000      0x136 camera.o
 .debug_info    0x00000136      0x1e7 edit.o
 .debug_info    0x0000031d      0x23a malloc.o
 .debug_info    0x00000557      0x27a httpd.o
 .debug_info    0x000007d1      0x158 i2c.o
 .debug_info    0x00000929      0x604 stm_m25p32.o
 .debug_info    0x00000f2d      0x34a printf.o
 .debug_info    0x00001277      0x3e3 xmodem.o
 .debug_info    0x0000165a      0x78d float.o
 .debug_info    0x00001de7      0x438 neural.o
 .debug_info    0x0000221f      0x5af gps.o
 .debug_info    0x000027ce       0x54 myfunc.o
 .debug_info    0x00002822       0xca main.o
 .debug_info    0x000028ec      0x501 string.o
 .debug_info    0x00002ded     0x1ece srv.o
 .debug_info    0x00004cbb      0x338 uart.o
 .debug_info    0x00004ff3      0xbfe colors.o
 .debug_info    0x00005bf1      0xb0b jpeg.o
 .debug_info    0x000066fc     0x1fc9 stereo.o
 .debug_info    0x000086c5       0x64 init.o
 .debug_info    0x00008729      0x391 sdcard.o
 .debug_info    0x00008aba      0x54f picoc/picoc.o
 .debug_info    0x00009009      0x8db picoc/table.o
 .debug_info    0x000098e4      0xf3c picoc/lex.o
 .debug_info    0x0000a820      0xc1e picoc/parse.o
 .debug_info    0x0000b43e     0x12a0 picoc/expression.o
 .debug_info    0x0000c6de      0x29f picoc/heap.o
 .debug_info    0x0000c97d      0xcda picoc/type.o
 .debug_info    0x0000d657      0xb67 picoc/variable.o
 .debug_info    0x0000e1be      0xaa1 picoc/clibrary.o
 .debug_info    0x0000ec5f     0x1fcd picoc/library_surveyor.o
 .debug_info    0x00010c2c      0x2fb picoc/platform.o
 .debug_info    0x00010f27      0x23f picoc/platform_surveyor.o

.debug_line     0x00000000     0x479e
 .debug_line    0x00000000       0x72 camera.o
 .debug_line    0x00000072       0xd1 edit.o
 .debug_line    0x00000143       0xa6 malloc.o
 .debug_line    0x000001e9       0xf9 httpd.o
 .debug_line    0x000002e2       0xa7 i2c.o
 .debug_line    0x00000389      0x1ac stm_m25p32.o
 .debug_line    0x00000535       0xf8 printf.o
 .debug_line    0x0000062d      0x139 xmodem.o
 .debug_line    0x00000766      0x30e float.o
 .debug_line    0x00000a74      0x11e neural.o
 .debug_line    0x00000b92      0x2a7 gps.o
 .debug_line    0x00000e39       0x3c myfunc.o
 .debug_line    0x00000e75      0x164 main.o
 .debug_line    0x00000fd9      0x10d string.o
 .debug_line    0x000010e6      0xb0c srv.o
 .debug_line    0x00001bf2       0xd5 uart.o
 .debug_line    0x00001cc7      0x380 colors.o
 .debug_line    0x00002047      0x315 jpeg.o
 .debug_line    0x0000235c      0xc40 stereo.o
 .debug_line    0x00002f9c       0x53 init.o
 .debug_line    0x00002fef      0x10b sdcard.o
 .debug_line    0x000030fa       0x94 picoc/picoc.o
 .debug_line    0x0000318e       0xe3 picoc/table.o
 .debug_line    0x00003271      0x36e picoc/lex.o
 .debug_line    0x000035df      0x26b picoc/parse.o
 .debug_line    0x0000384a      0x46f picoc/expression.o
 .debug_line    0x00003cb9       0xe9 picoc/heap.o
 .debug_line    0x00003da2      0x1e4 picoc/type.o
 .debug_line    0x00003f86      0x1a2 picoc/variable.o
 .debug_line    0x00004128      0x176 picoc/clibrary.o
 .debug_line    0x0000429e      0x3a9 picoc/library_surveyor.o
 .debug_line    0x00004647       0xc7 picoc/platform.o
 .debug_line    0x0000470e       0x90 picoc/platform_surveyor.o

.debug_frame    0x00000000     0x3cc4
 .debug_frame   0x00000000       0x4c camera.o
 .debug_frame   0x0000004c      0x100 edit.o
 .debug_frame   0x0000014c       0x94 malloc.o
 .debug_frame   0x000001e0       0x88 httpd.o
 .debug_frame   0x00000268       0x40 i2c.o
 .debug_frame   0x000002a8      0x214 stm_m25p32.o
 .debug_frame   0x000004bc       0xd4 printf.o
 .debug_frame   0x00000590       0xc8 xmodem.o
 .debug_frame   0x00000658      0x244 float.o
 .debug_frame   0x0000089c      0x16c neural.o
 .debug_frame   0x00000a08      0x1ac gps.o
 .debug_frame   0x00000bb4       0x28 myfunc.o
 .debug_frame   0x00000bdc       0x3c main.o
 .debug_frame   0x00000c18      0x174 string.o
 .debug_frame   0x00000d8c      0xb04 srv.o
 .debug_frame   0x00001890      0x164 uart.o
 .debug_frame   0x000019f4      0x274 colors.o
 .debug_frame   0x00001c68      0x1b0 jpeg.o
 .debug_frame   0x00001e18      0x4a8 stereo.o
 .debug_frame   0x000022c0       0xa4 init.o
 .debug_frame   0x00002364      0x1a8 sdcard.o
 .debug_frame   0x0000250c       0x74 picoc/picoc.o
 .debug_frame   0x00002580      0x14c picoc/table.o
 .debug_frame   0x000026cc      0x29c picoc/lex.o
 .debug_frame   0x00002968      0x1b8 picoc/parse.o
 .debug_frame   0x00002b20      0x2e0 picoc/expression.o
 .debug_frame   0x00002e00       0xbc picoc/heap.o
 .debug_frame   0x00002ebc      0x1dc picoc/type.o
 .debug_frame   0x00003098      0x2e0 picoc/variable.o
 .debug_frame   0x00003378      0x1b4 picoc/clibrary.o
 .debug_frame   0x0000352c      0x690 picoc/library_surveyor.o
 .debug_frame   0x00003bbc       0x7c picoc/platform.o
 .debug_frame   0x00003c38       0x8c picoc/platform_surveyor.o

.debug_loc      0x00000000    0x16033
 .debug_loc     0x00000000       0x5b camera.o
 .debug_loc     0x0000005b      0x2eb edit.o
 .debug_loc     0x00000346      0x1e1 malloc.o
 .debug_loc     0x00000527      0x21f httpd.o
 .debug_loc     0x00000746      0x23f i2c.o
 .debug_loc     0x00000985      0x89e stm_m25p32.o
 .debug_loc     0x00001223      0x79d printf.o
 .debug_loc     0x000019c0      0x6b7 xmodem.o
 .debug_loc     0x00002077      0xf65 float.o
 .debug_loc     0x00002fdc      0x460 neural.o
 .debug_loc     0x0000343c     0x1045 gps.o
 .debug_loc     0x00004481       0x3e myfunc.o
 .debug_loc     0x000044bf       0x69 main.o
 .debug_loc     0x00004528      0x65d string.o
 .debug_loc     0x00004b85     0x24fc srv.o
 .debug_loc     0x00007081      0x4aa uart.o
 .debug_loc     0x0000752b     0x1417 colors.o
 .debug_loc     0x00008942     0x14f7 jpeg.o
 .debug_loc     0x00009e39     0x3700 stereo.o
 .debug_loc     0x0000d539      0x122 init.o
 .debug_loc     0x0000d65b      0x6cb sdcard.o
 .debug_loc     0x0000dd26       0xfa picoc/picoc.o
 .debug_loc     0x0000de20      0x614 picoc/table.o
 .debug_loc     0x0000e434      0xfb2 picoc/lex.o
 .debug_loc     0x0000f3e6      0xb6e picoc/parse.o
 .debug_loc     0x0000ff54     0x1d8f picoc/expression.o
 .debug_loc     0x00011ce3      0x2e2 picoc/heap.o
 .debug_loc     0x00011fc5      0x946 picoc/type.o
 .debug_loc     0x0001290b      0xd45 picoc/variable.o
 .debug_loc     0x00013650      0x8db picoc/clibrary.o
 .debug_loc     0x00013f2b     0x1d5e picoc/library_surveyor.o
 .debug_loc     0x00015c89      0x20f picoc/platform.o
 .debug_loc     0x00015e98      0x19b picoc/platform_surveyor.o

.debug_pubnames
                0x00000000     0x2e6b
 .debug_pubnames
                0x00000000       0x59 camera.o
 .debug_pubnames
                0x00000059       0x98 edit.o
 .debug_pubnames
                0x000000f1       0x87 malloc.o
 .debug_pubnames
                0x00000178       0x62 httpd.o
 .debug_pubnames
                0x000001da       0x39 i2c.o
 .debug_pubnames
                0x00000213      0x120 stm_m25p32.o
 .debug_pubnames
                0x00000333       0x29 printf.o
 .debug_pubnames
                0x0000035c       0x5d xmodem.o
 .debug_pubnames
                0x000003b9      0x10f float.o
 .debug_pubnames
                0x000004c8      0x11a neural.o
 .debug_pubnames
                0x000005e2       0x9f gps.o
 .debug_pubnames
                0x00000681       0x1d myfunc.o
 .debug_pubnames
                0x0000069e       0x1b main.o
 .debug_pubnames
                0x000006b9       0xce string.o
 .debug_pubnames
                0x00000787      0xcb2 srv.o
 .debug_pubnames
                0x00001439      0x112 uart.o
 .debug_pubnames
                0x0000154b      0x169 colors.o
 .debug_pubnames
                0x000016b4      0x2cc jpeg.o
 .debug_pubnames
                0x00001980      0x50e stereo.o
 .debug_pubnames
                0x00001e8e       0x1f init.o
 .debug_pubnames
                0x00001ead       0xd1 sdcard.o
 .debug_pubnames
                0x00001f7e       0x37 picoc/picoc.o
 .debug_pubnames
                0x00001fb5       0xe1 picoc/table.o
 .debug_pubnames
                0x00002096      0x1b8 picoc/lex.o
 .debug_pubnames
                0x0000224e       0xe8 picoc/parse.o
 .debug_pubnames
                0x00002336      0x208 picoc/expression.o
 .debug_pubnames
                0x0000253e       0xad picoc/heap.o
 .debug_pubnames
                0x000025eb      0x1b6 picoc/type.o
 .debug_pubnames
                0x000027a1      0x274 picoc/variable.o
 .debug_pubnames
                0x00002a15       0xd1 picoc/clibrary.o
 .debug_pubnames
                0x00002ae6      0x2af picoc/library_surveyor.o
 .debug_pubnames
                0x00002d95       0x55 picoc/platform.o
 .debug_pubnames
                0x00002dea       0x81 picoc/platform_surveyor.o

.debug_aranges  0x00000000      0x420
 .debug_aranges
                0x00000000       0x20 camera.o
 .debug_aranges
                0x00000020       0x20 edit.o
 .debug_aranges
                0x00000040       0x20 malloc.o
 .debug_aranges
                0x00000060       0x20 httpd.o
 .debug_aranges
                0x00000080       0x20 i2c.o
 .debug_aranges
                0x000000a0       0x20 stm_m25p32.o
 .debug_aranges
                0x000000c0       0x20 printf.o
 .debug_aranges
                0x000000e0       0x20 xmodem.o
 .debug_aranges
                0x00000100       0x20 float.o
 .debug_aranges
                0x00000120       0x20 neural.o
 .debug_aranges
                0x00000140       0x20 gps.o
 .debug_aranges
                0x00000160       0x20 myfunc.o
 .debug_aranges
                0x00000180       0x20 main.o
 .debug_aranges
                0x000001a0       0x20 string.o
 .debug_aranges
                0x000001c0       0x20 srv.o
 .debug_aranges
                0x000001e0       0x20 uart.o
 .debug_aranges
                0x00000200       0x20 colors.o
 .debug_aranges
                0x00000220       0x20 jpeg.o
 .debug_aranges
                0x00000240       0x20 stereo.o
 .debug_aranges
                0x00000260       0x20 init.o
 .debug_aranges
                0x00000280       0x20 sdcard.o
 .debug_aranges
                0x000002a0       0x20 picoc/picoc.o
 .debug_aranges
                0x000002c0       0x20 picoc/table.o
 .debug_aranges
                0x000002e0       0x20 picoc/lex.o
 .debug_aranges
                0x00000300       0x20 picoc/parse.o
 .debug_aranges
                0x00000320       0x20 picoc/expression.o
 .debug_aranges
                0x00000340       0x20 picoc/heap.o
 .debug_aranges
                0x00000360       0x20 picoc/type.o
 .debug_aranges
                0x00000380       0x20 picoc/variable.o
 .debug_aranges
                0x000003a0       0x20 picoc/clibrary.o
 .debug_aranges
                0x000003c0       0x20 picoc/library_surveyor.o
 .debug_aranges
                0x000003e0       0x20 picoc/platform.o
 .debug_aranges
                0x00000400       0x20 picoc/platform_surveyor.o

.debug_str      0x00000000     0x42d8
 .debug_str     0x00000000       0xc0 camera.o
                                 0xcd (size before relaxing)
 .debug_str     0x000000c0       0x94 edit.o
                                 0xcb (size before relaxing)
 .debug_str     0x00000154       0x6a malloc.o
                                 0xb8 (size before relaxing)
 .debug_str     0x000001be       0xb8 httpd.o
                                0x12d (size before relaxing)
 .debug_str     0x00000276       0x55 i2c.o
                                 0x9f (size before relaxing)
 .debug_str     0x000002cb      0x25c stm_m25p32.o
                                0x2f6 (size before relaxing)
 .debug_str     0x00000527       0x4e printf.o
                                 0xb6 (size before relaxing)
 .debug_str     0x00000575       0xce xmodem.o
                                0x13d (size before relaxing)
 .debug_str     0x00000643      0x161 float.o
                                0x1e1 (size before relaxing)
 .debug_str     0x000007a4       0xf1 neural.o
                                0x14f (size before relaxing)
 .debug_str     0x00000895       0xb2 gps.o
                                0x134 (size before relaxing)
 .debug_str     0x00000947       0x10 myfunc.o
                                 0x47 (size before relaxing)
 .debug_str     0x00000957       0x4f main.o
                                 0xdc (size before relaxing)
 .debug_str     0x000009a6       0xb0 string.o
                                0x11a (size before relaxing)
 .debug_str     0x00000a56      0xa69 srv.o
                                0xc8a (size before relaxing)
 .debug_str     0x000014bf       0xe7 uart.o
                                0x169 (size before relaxing)
 .debug_str     0x000015a6       0xc1 colors.o
                                0x1ed (size before relaxing)
 .debug_str     0x00001667      0x444 jpeg.o
                                0x4f5 (size before relaxing)
 .debug_str     0x00001aab      0xb7f stereo.o
                                0xee7 (size before relaxing)
 .debug_str     0x0000262a       0x43 init.o
                                 0x6c (size before relaxing)
 .debug_str     0x0000266d       0xce sdcard.o
                                0x127 (size before relaxing)
 .debug_str     0x0000273b      0x232 picoc/picoc.o
                                0x34b (size before relaxing)
 .debug_str     0x0000296d      0x11f picoc/table.o
                                0x3fe (size before relaxing)
 .debug_str     0x00002a8c      0x84b picoc/lex.o
                                0xb74 (size before relaxing)
 .debug_str     0x000032d7      0x248 picoc/parse.o
                                0xa83 (size before relaxing)
 .debug_str     0x0000351f      0x459 picoc/expression.o
                                0xd3f (size before relaxing)
 .debug_str     0x00003978       0xf8 picoc/heap.o
                                0x17f (size before relaxing)
 .debug_str     0x00003a70      0x18a picoc/type.o
                                0xa65 (size before relaxing)
 .debug_str     0x00003bfa      0x25c picoc/variable.o
                                0x617 (size before relaxing)
 .debug_str     0x00003e56      0x16f picoc/clibrary.o
                                0x50c (size before relaxing)
 .debug_str     0x00003fc5      0x24f picoc/library_surveyor.o
                                0x6dc (size before relaxing)
 .debug_str     0x00004214       0x54 picoc/platform.o
                                0x1c0 (size before relaxing)
 .debug_str     0x00004268       0x70 picoc/platform_surveyor.o
                                0x1ab (size before relaxing)

.comment        0x00000000      0x39c
 .comment       0x00000000       0x1c camera.o
 .comment       0x0000001c       0x1c edit.o
 .comment       0x00000038       0x1c malloc.o
 .comment       0x00000054       0x1c httpd.o
 .comment       0x00000070       0x1c i2c.o
 .comment       0x0000008c       0x1c stm_m25p32.o
 .comment       0x000000a8       0x1c printf.o
 .comment       0x000000c4       0x1c xmodem.o
 .comment       0x000000e0       0x1c float.o
 .comment       0x000000fc       0x1c neural.o
 .comment       0x00000118       0x1c gps.o
 .comment       0x00000134       0x1c myfunc.o
 .comment       0x00000150       0x1c main.o
 .comment       0x0000016c       0x1c string.o
 .comment       0x00000188       0x1c srv.o
 .comment       0x000001a4       0x1c uart.o
 .comment       0x000001c0       0x1c colors.o
 .comment       0x000001dc       0x1c jpeg.o
 .comment       0x000001f8       0x1c stereo.o
 .comment       0x00000214       0x1c init.o
 .comment       0x00000230       0x1c sdcard.o
 .comment       0x0000024c       0x1c picoc/picoc.o
 .comment       0x00000268       0x1c picoc/table.o
 .comment       0x00000284       0x1c picoc/lex.o
 .comment       0x000002a0       0x1c picoc/parse.o
 .comment       0x000002bc       0x1c picoc/expression.o
 .comment       0x000002d8       0x1c picoc/heap.o
 .comment       0x000002f4       0x1c picoc/type.o
 .comment       0x00000310       0x1c picoc/variable.o
 .comment       0x0000032c       0x1c picoc/clibrary.o
 .comment       0x00000348       0x1c picoc/library_surveyor.o
 .comment       0x00000364       0x1c picoc/platform.o
 .comment       0x00000380       0x1c picoc/platform_surveyor.o

.debug_ranges   0x00000000      0x610
 .debug_ranges  0x00000000       0x28 printf.o
 .debug_ranges  0x00000028       0x70 xmodem.o
 .debug_ranges  0x00000098       0x30 string.o
 .debug_ranges  0x000000c8      0x178 stereo.o
 .debug_ranges  0x00000240       0x38 init.o
 .debug_ranges  0x00000278       0xb8 picoc/table.o
 .debug_ranges  0x00000330       0x80 picoc/lex.o
 .debug_ranges  0x000003b0       0x60 picoc/parse.o
 .debug_ranges  0x00000410      0x1d0 picoc/expression.o
 .debug_ranges  0x000005e0       0x18 picoc/type.o
 .debug_ranges  0x000005f8       0x18 picoc/clibrary.o
