
Allocating common symbols
Common symbol       size              file

imgWidth            0x4               srv.o
rfailsafe           0x4               srv.o
j                   0x4               srv.o
Y2                  0x80              jpeg.o
x_acc               0x4               srv.o
i                   0x4               srv.o
blobcnt             0xfc              colors.o
segmentation_flag   0x4               srv.o
Temp                0x80              jpeg.o
Cqt                 0x40              jpeg.o
ymax                0x44              colors.o
blobx1              0xfc              colors.o
pwm2_init           0x4               srv.o
Y3                  0x80              jpeg.o
base                0x8               malloc.o
sonar_data          0x14              srv.o
weights             0x1400            neural.o
teach_neurons       0x40              neural.o
nerror              0x80              neural.o
CStdOut             0x10              picoc/clibrary.o
y_acc0              0x4               srv.o
StringHashTable     0x184             picoc/table.o
CharArrayType       0x4               picoc/type.o
Y4                  0x80              jpeg.o
FunctionType        0x24              picoc/type.o
umax                0x44              colors.o
ICqt                0x80              jpeg.o
hist0               0x400             colors.o
heap_end            0x4               malloc.o
quality             0x4               srv.o
ExitBuf             0xa4              picoc/platform_surveyor.o
y_acc               0x4               srv.o
output_start        0x4               srv.o
hist1               0x400             colors.o
lcount              0x4               srv.o
pwm1_init           0x4               srv.o
image_size          0x4               srv.o
ILqt                0x80              jpeg.o
heap_start          0x4               malloc.o
pwm1_mode           0x4               srv.o
neurons             0x180             neural.o
StringLiteralHashTable
                    0x184             picoc/variable.o
x_center            0x4               srv.o
blobix              0xfc              colors.o
EnumType            0x24              picoc/type.o
VoidType            0x24              picoc/type.o
lfailsafe           0x4               srv.o
edge_thresh         0x4               srv.o
horizon_detect_flag
                    0x4               srv.o
master              0x4               srv.o
bloby2              0xfc              colors.o
mean                0xc               colors.o
base_speed          0x4               srv.o
rspeed2             0x4               srv.o
lspeed              0x4               srv.o
GlobalHashTable     0x184             picoc/variable.o
vmax                0x44              colors.o
CR                  0x80              jpeg.o
overlay_flag        0x4               srv.o
StringTable         0x8               picoc/table.o
lspeed2             0x4               srv.o
err1                0x4               srv.o
cp                  0x4               srv.o
Lqt                 0x40              jpeg.o
GlobalTable         0x8               picoc/variable.o
MacroType           0x24              picoc/type.o
CharType            0x24              picoc/type.o
output_end          0x4               srv.o
CB                  0x80              jpeg.o
pwm2_mode           0x4               srv.o
CharPtrType         0x4               picoc/type.o
obstacle_detect_flag
                    0x4               srv.o
fdct_temp           0x80              jpeg.o
gps_gga             0x18              gps.o
StringLiteralTable  0x8               picoc/variable.o
framecount          0x4               srv.o
vmin                0x44              colors.o
heap_ptr            0x4               malloc.o
bloby1              0xfc              colors.o
WordType            0x24              picoc/type.o
rcount              0x4               srv.o
x_acc0              0x4               srv.o
IntType             0x24              picoc/type.o
imgHead             0xb               srv.o
read_format         0x4               jpeg.o
edge_detect_flag    0x4               srv.o
encoder_flag        0x4               srv.o
imgHeight           0x4               srv.o
UberType            0x24              picoc/type.o
failsafe_clock      0x4               srv.o
blobx2              0xfc              colors.o
dlist2              0xc               camera.o
y_center            0x4               srv.o
xbuff               0x406             xmodem.o
dlist1              0xc               camera.o
ymin                0x44              colors.o
umin                0x44              colors.o
rspeed              0x4               srv.o
base_speed2         0x4               srv.o
frame_diff_flag     0x4               srv.o
ix                  0x4               srv.o
Y1                  0x80              jpeg.o

Memory Configuration

Name             Origin             Length             Attributes
ram              0x00000000         0x02000000         xrw
l1code           0xffa00000         0x00010000         x
l1data_a         0xff800000         0x00008000         rw
l1data_b         0xff900000         0x00008000         rw
scratchpad       0xffb00000         0x00001000         rw
*default*        0x00000000         0xffffffff

Linker script and memory map


.sdram.text
 camera.o(.sdram.text)
 edit.o(.sdram.text)
 httpd.o(.sdram.text)
 i2c.o(.sdram.text)
 stm_m25p32.o(.sdram.text)
 printf.o(.sdram.text)
 xmodem.o(.sdram.text)
 float.o(.sdram.text)
 gps.o(.sdram.text)
 myfunc.o(.sdram.text)
 *(.gnu.warning)

.l1code         0xffa00000     0x7a18
 main.o(.text)
 .text          0xffa00000      0x2b8 main.o
                0xffa00000                main
 math.o(.text)
 .text          0xffa002b8      0x200 math.o
                0xffa00384                __umodsi3
                0xffa003b6                __divsi3
                0xffa002b8                __udivsi3
 malloc.o(.text)
 .text          0xffa004b8      0x1a4 malloc.o
                0xffa00594                morecore
                0xffa0050c                free
                0xffa004b8                init_heap
                0xffa004f8                sbrk
                0xffa005d8                malloc
 srv.o(.text)
 .text          0xffa0065c     0x3f54 srv.o
                0xffa01d08                motor_command
                0xffa02800                process_i2c
                0xffa021dc                restore_video
                0xffa02dc8                xmodem_receive
                0xffa01250                clearRTC
                0xffa0136c                delayUS
                0xffa03748                motion_vect80x64
                0xffa02204                invert_video
                0xffa008c0                grab_reference_frame
                0xffa01260                delayMS
                0xffa01e0c                set_edge_thresh
                0xffa013dc                delayNS
                0xffa00db8                setPPM1
                0xffa01680                rand
                0xffa01af4                testSD
                0xffa02760                tilt
                0xffa02d04                read_user_sector
                0xffa00fec                initRTC
                0xffa030e0                serial_out_flashbuffer
                0xffa00910                move_yuv422_to_planar
                0xffa02e34                camera_reset
                0xffa04538                check_for_autorun
                0xffa0222c                init_tilt
                0xffa02c14                write_boot_flash
                0xffa027d4                read_tilt
                0xffa00a6c                initPWM
                0xffa00b54                init_sonar
                0xffa01468                check_failsafe
                0xffa01ae4                show_stack_ptr
                0xffa026dc                read_compass
                0xffa03afc                process_colors
                0xffa0225c                laser_range
                0xffa01acc                show_heap_ptr
                0xffa018e4                overlay_on
                0xffa00d18                setPWM2
                0xffa01a48                lasers_off
                0xffa0074c                clear_sdram
                0xffa00790                led1_on
                0xffa01dc0                change_image_quality
                0xffa00774                stack_remaining
                0xffa00f30                check_bounds_0_100
                0xffa00898                move_image
                0xffa02c78                write_user_sector
                0xffa01e3c                process_neuralnet
                0xffa01c50                motor2_command
                0xffa01b90                ppm2_command
                0xffa00c2c                setPWM
                0xffa00ad0                initPWM2
                0xffa0172c                read_encoders
                0xffa02afc                init_analog
                0xffa026c0                show_laser_range
                0xffa02d9c                crc_flash_buffer
                0xffa031cc                send_frame
                0xffa01a20                check_battery
                0xffa01824                motor_increase_base_speed
                0xffa019f0                ping_sonar
                0xffa008f4                copy_image
                0xffa01964                enable_horizon_detect
                0xffa01524                encoders
                0xffa01898                clear_flash_buffer
                0xffa01b3c                enable_failsafe
                0xffa01a68                lasers_on
                0xffa01bf0                ppm1_command
                0xffa01770                motor_action
                0xffa0100c                readRTC
                0xffa00f4c                motor_trim_right
                0xffa00780                led0_on
                0xffa00f9c                motor_trim_left
                0xffa0065c                init_io
                0xffa01aa4                serial_out_version
                0xffa01080                sonar
                0xffa014ec                init_encoders
                0xffa007a0                compute_frame_diff
                0xffa02dc0                launch_editor
                0xffa038cc                motion_vect_test
                0xffa0198c                enable_edge_detect
                0xffa039a8                grab_frame
                0xffa019b4                enable_segmentation
                0xffa02cd8                write_user_flash
                0xffa03148                send_80x64planar
                0xffa01290                motor_set
                0xffa00b20                initTMR4
                0xffa00b84                initPPM1
                0xffa00e74                setPPM2
                0xffa017b0                motor_decrease_base_speed
                0xffa00bd8                initPPM2
                0xffa0193c                enable_obstacle_detect
                0xffa01a88                serial_out_time
                0xffa007f8                set_caption
                0xffa018fc                disable_frame_diff
                0xffa00954                scale_image_to_80x64_planar
                0xffa00720                reset_cpu
                0xffa02d5c                read_user_flash
                0xffa02980                analog
                0xffa01450                reset_failsafe_clock
                0xffa01758                disable_failsafe
                0xffa02ac0                read_analog
                0xffa018cc                overlay_off
                0xffa019cc                enable_frame_diff
                0xffa0300c                camera_setup
 uart.o(.text)
 .text          0xffa045b0      0x318 uart.o
                0xffa0471c                uart1SendChar
                0xffa04790                uart1GetCh
                0xffa046e8                uart0GetChar
                0xffa046a8                uart0SendChars
                0xffa046cc                uart0GetCh
                0xffa0467c                uart0SendString
                0xffa0464c                uart0SendChar
                0xffa0476c                uart1SendChars
                0xffa045b0                init_uart0
                0xffa0470c                uart0Signal
                0xffa047e0                printNumber
                0xffa04740                uart1SendString
                0xffa047ac                uart1GetChar
                0xffa047d0                uart1Signal
                0xffa045fc                init_uart1
 colors.o(.text)
 .text          0xffa048c8     0x1228 colors.o
                0xffa04a74                vmean
                0xffa04de8                edge_detect
                0xffa04ce8                vfind
                0xffa04f80                svs_segcode
                0xffa0535c                vhorizon
                0xffa04b38                color_segment
                0xffa05220                addvect
                0xffa055dc                vblob
                0xffa0494c                blob_merge
                0xffa05188                svs_segview
                0xffa048c8                init_colors
                0xffa050d0                vscan
                0xffa049a8                vhist
                0xffa052ac                addline
                0xffa04918                vpix
 jpeg.o(.text)
 .text          0xffa05af0      0xd9c jpeg.o
                0xffa0669c                DCT
                0xffa06094                close_bitstream
                0xffa066b0                encodeMCU
                0xffa05bdc                huffman
                0xffa06108                write_markers
                0xffa067ac                encode_image
                0xffa06328                initialize_quantization_tables
                0xffa064e8                read_422_format
                0xffa05af0                initialization
                0xffa05bbc                levelshift
                0xffa06418                quantization
                0xffa06468                read_400_format
 r8x8dct.o(.text)
 *fill*         0xffa0688c        0x4 00
 .text          0xffa06890       0xf0 r8x8dct.o
                0xffa06890                _r8x8dct
 motionvect.o(.text)
 .text          0xffa06980      0x950 motionvect.o
                0xffa06de8                hpel
                0xffa07148                _mve_core
                0xffa06ff8                _hpel_core2
                0xffa06ed8                _hpel_core1
                0xffa06980                _motionvect
 uart.o(.text)
 setjmp.o(.text)
 .text          0xffa072d0      0x184 setjmp.o
                0xffa072d0                longjmp
                0xffa07398                setjmp
 neural.o(.text)
 .text          0xffa07454      0x5c4 neural.o
                0xffa077f4                nnpack8x8
                0xffa079e0                nninit_network
                0xffa07870                nndisplay
                0xffa074ec                f_logic
                0xffa0754c                nncalculate_network
                0xffa07634                nncalculate_errors
                0xffa07904                nntrain_network
                0xffa078f0                nninit_pattern
                0xffa07454                nnset_pattern
                0xffa076e8                nnscale8x8

.text           0x00000000     0x9db4
 .text          0x00000000       0xf0 camera.o
                0x00000000                camera_init
                0x000000a8                camera_start
                0x000000cc                camera_stop
 .text          0x000000f0      0x33c edit.o
                0x00000288                insert_char
                0x00000138                find_next_line
                0x00000300                edit
                0x000001d4                find_buffer_end
                0x000000f0                delete_char
                0x0000021c                print_lines
                0x000002e0                print_help
                0x00000188                find_previous_line
 .text          0x0000042c      0x210 httpd.o
                0x0000042c                httpd
 .text          0x0000063c      0x290 i2c.o
                0x0000070c                i2cwritex
                0x0000063c                i2cwrite
                0x000007d4                i2cread
 .text          0x000008cc      0x4d4 stm_m25p32.o
                0x000009a8                SetupSPI
                0x00000a68                spi_read
                0x00000b00                Wait_For_WEL
                0x00000988                SPI_OFF
                0x00000b68                WriteFlash
                0x00000cd4                spi_write
                0x000008d8                spi_init_r
                0x00000c58                EraseBlock
                0x00000ac8                Wait_For_Status
                0x00000924                GetSectorNumber
                0x00000c04                WriteData
                0x000008cc                spi_init_f
                0x00000a84                ReadStatusRegister
                0x00000b34                SendSingleCommand
                0x000009d8                ReadData
                0x000008e4                Wait_For_SPIF
                0x0000094c                udelay
 .text          0x00000da0      0x334 printf.o
                0x0000109c                sprintf
                0x000010b8                printf
 .text          0x000010d4      0x4fc xmodem.o
                0x00001160                xmodemTransmit
                0x00001110                _inbyte
                0x000010d4                crc16_ccitt
                0x000013d8                xmodemReceive
 .text          0x000015d0      0xb9c float.o
                0x000015d0                bytesToFloat
                0x00001eb8                printFloat
                0x00001d04                bigMulti
                0x00001ea0                power
                0x00001b6c                isOne
                0x00001600                minus
                0x00002050                printBinary
                0x00001c18                intToFloat
                0x0000160c                divFloat
                0x000015f4                parseFloat
                0x00002100                printExponent
                0x00002128                printMantissa
                0x00001c0c                lteFloat
                0x000016c8                addFloat
                0x00001d80                mulFloat
                0x00001b7c                gteFloat
                0x000019bc                subFloat
                0x00002090                floatInBinary
 .text          0x0000216c      0xed8 gps.o
                0x00002318                tan
                0x00002540                atan
                0x00002700                gps_dist
                0x00002424                asin
                0x0000282c                read_ublox
                0x000024b0                acos
                0x00002638                gps_head
                0x00002248                cos
                0x0000216c                sin
                0x00002874                gps_parse
                0x00002f9c                gps_show
                0x0000260c                isqrt
 .text          0x00003044       0x28 myfunc.o
                0x00003044                myfunc
 .text          0x0000306c       0xd0 init.o
                0x0000306c                initcode
 .text          0x0000313c      0x3cc string.o
                0x0000313c                strcmp
                0x00003488                strtok_r
                0x000031b8                strncpy
                0x000031f0                atoi
                0x0000336c                memcpy
                0x000033b4                memset
                0x000033c8                ctoi
                0x000032d4                itoa
                0x000034e0                strdup
                0x0000329c                reverse
                0x00003410                strpbrk
                0x00003190                strchr
                0x000031a8                strcpy
                0x00003448                strspn
                0x0000315c                strncmp
                0x00003360                isdigit
                0x0000327c                strlen
                0x000033e0                atoi_b16
 .text          0x00003508      0x4f8 sdcard.o
                0x000036b4                GetCardParams
                0x0000354c                CloseSD
                0x000038d8                ReadMultipleBlocks
                0x00003794                EraseBlocks
                0x00003970                WriteMultipleBlocks
                0x00003508                InitSD
                0x00003630                GetToken
                0x000037ec                WriteSector
                0x0000366c                CardInit
                0x00003870                ReadSector
                0x000035ac                SendCommand
                0x0000355c                WriteByte
 .text          0x00003a00      0x140 picoc/picoc.o
                0x00003a7c                picoc
                0x00003a20                Initialise
                0x00003a00                Cleanup
 .text          0x00003b40      0x28c picoc/table.o
                0x00003d14                TableStrRegister
                0x00003b7c                TableGet
                0x00003c00                TableStrFree
                0x00003c44                TableSetIdentifier
                0x00003d7c                TableInitTable
                0x00003d00                TableStrRegister2
                0x00003bb0                TableDelete
                0x00003d30                TableSet
                0x00003d90                TableInit
 .text          0x00003dcc      0xf80 picoc/lex.o
                0x00004204                LexInteractiveClear
                0x00004d20                LexInit
                0x0000439c                LexGetCharacterConstant
                0x00004178                LexInitParser
                0x00003f1c                LexUnEscapeCharacterConstant
                0x000043f4                LexGetWord
                0x00004250                LexCleanup
                0x00003dcc                LexCheckReservedWord
                0x000041a8                LexInteractiveCompleted
                0x00004258                LexCopyTokens
                0x00004198                LexInteractiveStatementPrompt
                0x00003fc4                LexUnEscapeCharacter
                0x00004cec                LexToEndOfLine
                0x00003df4                LexGetNumber
                0x000049e4                LexAnalyse
                0x00004a08                LexGetToken
                0x000040c4                LexSkipComment
                0x00004150                LexTokenSize
                0x000045a4                LexScanGetToken
                0x00004924                LexTokenise
                0x00004478                LexGetStringConstant
 .text          0x00004d4c      0xd44 picoc/parse.o
                0x00004e18                ParseFunctionDefinition
                0x00005878                ParseBlock
                0x00005084                ParseDeclaration
                0x00004d60                ParseCleanup
                0x00004d4c                ParserCopyPos
                0x00005900                ParseStatementMaybeRun
                0x00005934                ParseFor
                0x000057fc                Parse
                0x0000520c                ParseStatement
                0x00004d74                ParseMacroDefinition
                0x00005778                ParseInteractive
 .text          0x00005a90     0x13ec picoc/expression.o
                0x00005d40                ExpressionPostfixOperator
                0x00006bb0                ExpressionParseInt
                0x00005c90                ExpressionPushInt
                0x000060ac                ExpressionAssignToPointer
                0x00006188                ExpressionAssign
                0x00005b3c                ExpressionGetStructElement
                0x00005cc8                ExpressionStackPushDereference
                0x00005eac                ExpressionPrefixOperator
                0x00005ae8                ExpressionStackPushOperator
                0x00005a9c                ExpressionAssignInt
                0x00005a90                debugf
                0x000066fc                ExpressionStackCollapse
                0x00005d10                ExpressionStackPushValueByType
                0x00006818                ExpressionStackPushValue
                0x00006c30                ExpressionParseFunctionCall
                0x00006360                ExpressionInfixOperator
                0x00005b18                ExpressionStackPushValueNode
                0x0000683c                ExpressionParse
                0x000067e8                ExpressionStackPushLValue
 .text          0x00006e7c      0x24c picoc/heap.o
                0x00007080                HeapAllocStack
                0x00006f08                HeapPushStackFrame
                0x00006f28                HeapPopStackFrame
                0x00006f4c                HeapFreeMem
                0x00006ee0                HeapPopStack
                0x00006ec8                HeapUnpopStack
                0x00006e7c                HeapInit
                0x00006fa4                HeapAllocMem
 .text          0x000070c8      0x8b0 picoc/type.o
                0x000070f8                TypeStackSizeValue
                0x000071d0                TypeInit
                0x00007928                TypeCleanupNode
                0x00007160                TypeAddBaseType
                0x00007464                TypeParseStruct
                0x00007114                TypeLastAccessibleOffset
                0x0000796c                TypeCleanup
                0x00007138                TypeSize
                0x00007740                TypeParse
                0x0000776c                TypeParseIdentPart
                0x00007288                TypeGetMatching
                0x00007620                TypeParseFront
                0x000070c8                TypeSizeValue
                0x00007190                TypeAdd
                0x000072fc                TypeParseEnum
 .text          0x00007978      0x680 picoc/variable.o
                0x00007ad0                VariableDefined
                0x00007d04                VariableStackPop
                0x00007b28                VariableStackFramePop
                0x00007e0c                VariableAllocValueAndData
                0x00007e44                VariableDefinePlatformVar
                0x00007c44                VariableFree
                0x00007ce4                VariableCleanup
                0x00007a3c                VariableStringLiteralDefine
                0x00007f24                VariableAllocValueFromType
                0x00007ca0                VariableTableCleanup
                0x00007a50                VariableStringLiteralGet
                0x00007bf4                VariableInit
                0x00007b78                VariableStackFrameAdd
                0x00007a78                VariableGet
                0x00007ee0                VariableAllocValueAndCopy
                0x00007de4                VariableAllocValueShared
                0x00007dac                VariableAllocValueFromExistingData
                0x00007d64                VariableAlloc
                0x00007f70                VariableDefine
                0x00007978                VariableDereferencePointer
 .text          0x00007ff8      0x644 picoc/clibrary.o
                0x000080fc                PrintType
                0x000084fc                LibPrintf
                0x000080c4                PrintInt
                0x000081cc                LibExit
                0x0000801c                PrintStr
                0x000081e8                LibGets
                0x00007ff8                SPutc
                0x00008044                PrintUnsigned
                0x00008460                LibSPrintf
                0x00008234                GenericPrintf
                0x00008010                PrintCh
                0x00008598                LibraryInit
                0x00008520                CLibraryInit
                0x000081d0                LibGetc
 .text          0x0000863c     0x1388 picoc/library_surveyor.o
                0x00008d88                Ctan
                0x0000935c                Cvrcap
                0x00008de8                Cwritei2c
                0x000093c4                Csonar
                0x00008c5c                Cnninit
                0x00008dc8                Csin
                0x0000965c                Cencoders
                0x0000866c                Cioread
                0x000089f0                Cnnmatchblob
                0x00008734                Claser
                0x00008e1c                Cvcam
                0x0000929c                Cvscan
                0x000093a8                Crange
                0x00008ee0                Cgps
                0x00008798                Cvcolor
                0x0000951c                Cmotors2
                0x00008c60                Csqrt
                0x000089c0                Cnnshow
                0x000094a4                Cservos
                0x00008da8                Ccos
                0x00008d10                Cacos
                0x0000942c                Cservos2
                0x000090d4                Ccompass
                0x00008840                Cautorun
                0x000095bc                Cmotors
                0x00008f40                Canalog
                0x00008d4c                Casin
                0x000086f8                Cpoke
                0x00009360                Cvcap
                0x00008cb4                Cgps_head
                0x00009310                Cvpix
                0x000088b0                Cexit
                0x00008778                Cbattery
                0x00008ce8                Catan
                0x0000909c                Ctilt
                0x00008918                Cnnlearnblob
                0x00008ea8                Creadi2c
                0x00008e68                Creadi2c2
                0x000086a4                Cpeek
                0x000096ac                Cinput
                0x00009684                Crand
                0x00008828                Ctime
                0x00009364                Cvfind
                0x00008bd4                Cnntrain
                0x00008814                Cvdiff
                0x0000863c                Ciodir
                0x00009150                Cdelay
                0x00009168                Cvblob
                0x000096f4                PlatformLibraryInit
                0x00008b04                Cnntest
                0x000088cc                Cnnset
                0x00008684                Ciowrite
                0x00008c80                Cgps_dist
                0x000096c8                Csignal
                0x0000925c                Cvmean
 .text          0x000099c4      0x348 picoc/platform.o
                0x00009ab8                PlatformPrintf
                0x00009bf8                LexFail
                0x00009ad4                PrintSourceTextErrorLine
                0x00009c74                AssignFail
                0x000099c4                PlatformVPrintf
                0x00009c34                ProgramFail
 .text          0x00009d0c       0xa8 picoc/platform_surveyor.o
                0x00009d44                PlatformPutc
                0x00009d4c                PlatformGetLine
                0x00009d0c                PlatformCleanup
                0x00009d34                PlatformGetCharacter
                0x00009d18                PlatformExit

.l1data         0xff800000     0x1890
 *(.data)
 .data          0xff800000        0x0 camera.o
 .data          0xff800000        0x0 edit.o
 .data          0xff800000      0x16c httpd.o
                0xff800134                index_body2
                0xff800114                index_jpeg2
                0xff800000                index_head
                0xff8000c8                index_body1
                0xff8000f0                index_jpeg1
 .data          0xff80016c        0x0 i2c.o
 .data          0xff80016c        0x0 stm_m25p32.o
 .data          0xff80016c        0x0 printf.o
 .data          0xff80016c        0x0 xmodem.o
 .data          0xff80016c        0x0 float.o
 .data          0xff80016c        0x0 gps.o
 .data          0xff80016c        0x0 myfunc.o
 .data          0xff80016c        0x0 main.o
 .data          0xff80016c        0x0 math.o
 .data          0xff80016c        0x0 malloc.o
 .data          0xff80016c      0xa6c srv.o
                0xff800574                version_string
                0xff800174                font8x8
                0xff80016c                fontmask
                0xff8005a8                frame
                0xff8005c8                rand_seed
 .data          0xff800bd8        0x0 uart.o
 .data          0xff800bd8        0x0 colors.o
 .data          0xff800bd8      0x8f0 jpeg.o
                0xff801408                zigzag_table
                0xff800c30                chrominance_dc_size_table
                0xff800ed0                chrominance_ac_code_table
                0xff800d8c                luminance_ac_size_table
                0xff800c48                luminance_ac_code_table
                0xff800c00                luminance_dc_size_table
                0xff800c18                chrominance_dc_code_table
                0xff801448                luminance_quant_table
                0xff801258                markerdata
                0xff800be8                luminance_dc_code_table
                0xff800bd8                fdct_coeff
                0xff801488                chrominance_quant_table
                0xff801158                bitsize
                0xff801014                chrominance_ac_size_table
 .data          0xff8014c8        0x0 r8x8dct.o
 .data          0xff8014c8        0x0 motionvect.o
 .data          0xff8014c8        0x0 setjmp.o
 .data          0xff8014c8       0x8c neural.o
                0xff8014cc                npattern
                0xff80154c                nmask
                0xff8014c8                learn
 .data          0xff801554        0x0 init.o
 .data          0xff801554        0x0 string.o
 .data          0xff801554        0x0 sdcard.o
 .data          0xff801554        0x0 picoc/picoc.o
 .data          0xff801554        0x0 picoc/table.o
 .data          0xff801554      0x148 picoc/lex.o
 .data          0xff80169c        0x0 picoc/parse.o
 .data          0xff80169c        0x0 picoc/expression.o
 .data          0xff80169c       0x10 picoc/heap.o
                0xff8016a0                HeapMemStart
                0xff80169c                HeapStackTop
 .data          0xff8016ac        0x0 picoc/type.o
 .data          0xff8016ac        0x0 picoc/variable.o
 .data          0xff8016ac       0x34 picoc/clibrary.o
                0xff8016ac                CLibrary
 .data          0xff8016e0      0x1b0 picoc/library_surveyor.o
                0xff8016e0                PlatformLibrary
 .data          0xff801890        0x0 picoc/platform.o
 .data          0xff801890        0x0 picoc/platform_surveyor.o
 *(.l1data)
 *(.l1data.a)

.l1data.b
 *(.l1data.b)

.rodata         0xff801890     0x2c54
 *(.rodata .rodata.* .gnu.linkonce.r.*)
 .rodata.str1.4
                0xff801890       0xb2 edit.o
                                 0xb4 (size before relaxing)
 *fill*         0xff801942        0x2 00
 .rodata        0xff801944       0x5c edit.o
 .rodata.str1.4
                0xff8019a0       0x55 httpd.o
                                 0x5c (size before relaxing)
 .rodata        0xff8019f5       0x40 httpd.o
 *fill*         0xff801a35        0x3 00
 .rodata.str1.4
                0xff801a38        0x7 printf.o
                                  0x8 (size before relaxing)
 *fill*         0xff801a3f        0x1 00
 .rodata        0xff801a40      0x200 xmodem.o
 .rodata.str1.4
                0xff801c40       0x3b float.o
                                 0x40 (size before relaxing)
 *fill*         0xff801c7b        0x1 00
 .rodata.str1.4
                0xff801c7c       0xa6 gps.o
                                 0xa8 (size before relaxing)
 *fill*         0xff801d22        0x2 00
 .rodata        0xff801d24      0x16c gps.o
 .rodata.str1.4
                0xff801e90       0x14 myfunc.o
 .rodata        0xff801ea4      0x384 main.o
 .rodata        0xff802228      0x1c4 srv.o
 .rodata.str1.4
                0xff8023ec      0x778 srv.o
                                0x780 (size before relaxing)
 .rodata        0xff802b64       0x10 uart.o
 .rodata.str1.4
                0xff802b74       0x53 colors.o
                                 0x54 (size before relaxing)
 *fill*         0xff802bc7        0x1 00
 .rodata.str1.4
                0xff802bc8        0x4 neural.o
                                  0xc (size before relaxing)
 .rodata.str1.4
                0xff802bcc       0x57 picoc/picoc.o
                                 0x58 (size before relaxing)
 *fill*         0xff802c23        0x1 00
 .rodata.str1.4
                0xff802c24        0xe picoc/table.o
                                 0x14 (size before relaxing)
 *fill*         0xff802c32        0x2 00
 .rodata        0xff802c34      0x2e8 picoc/lex.o
 .rodata.str1.4
                0xff802f1c       0xe6 picoc/lex.o
                                0x108 (size before relaxing)
 *fill*         0xff803002        0x2 00
 .rodata.str1.4
                0xff803004      0x1c9 picoc/parse.o
                                0x1d0 (size before relaxing)
 *fill*         0xff8031cd        0x3 00
 .rodata        0xff8031d0       0xd0 picoc/parse.o
 .rodata.str1.4
                0xff8032a0      0x3a6 picoc/expression.o
                                0x3f4 (size before relaxing)
 *fill*         0xff803646        0x2 00
 .rodata        0xff803648      0x288 picoc/expression.o
 .rodata.str1.4
                0xff8038d0      0x12d picoc/type.o
                                0x164 (size before relaxing)
 *fill*         0xff8039fd        0x3 00
 .rodata        0xff803a00       0x30 picoc/type.o
 .rodata.str1.4
                0xff803a30       0x9b picoc/variable.o
                                 0xc4 (size before relaxing)
 *fill*         0xff803acb        0x1 00
 .rodata.str1.4
                0xff803acc       0xe0 picoc/clibrary.o
                                0x100 (size before relaxing)
 .rodata        0xff803bac       0x84 picoc/clibrary.o
 .rodata.str1.4
                0xff803c30      0x85e picoc/library_surveyor.o
                                0x874 (size before relaxing)
 .rodata        0xff80448e       0x10 picoc/library_surveyor.o
 *fill*         0xff80449e        0x2 00
 .rodata.str1.4
                0xff8044a0       0x44 picoc/platform.o
                                 0x50 (size before relaxing)
 .rodata.str1.4
                0x00000000       0x10 picoc/platform_surveyor.o

.data
 *(.data .data.* .gnu.linkonce.d.*)

.ctors
 *crtbegin*.o(.ctors)
 *(EXCLUDE_FILE(*crtend*.o) .ctors)
 *(SORT(.ctors.*))
 *(.ctors)

.dtors
 *crtbegin*.o(.dtors)
 *(EXCLUDE_FILE(*crtend*.o) .dtors)
 *(SORT(.dtors.*))
 *(.dtors)

.sdram.bss      0x00009db4        0x0
                0x00009db4                __sdram_bss_start = .
 *(.bss.sdram)
                0x00009db4                . = ALIGN (0x4)
                0x00009db4                __sdram_bss_end = .

.bss            0xff900000     0x39ac
                0xff900000                __bss_start = .
 *(.dynbss)
 *(.bss .bss.* .gnu.linkonce.b.*)
 .bss           0xff900000        0x0 camera.o
 .bss           0xff900000       0x10 edit.o
 .bss           0xff900010      0x104 httpd.o
 .bss           0xff900114        0x0 i2c.o
 .bss           0xff900114        0x0 stm_m25p32.o
 .bss           0xff900114        0x0 printf.o
 .bss           0xff900114        0x0 xmodem.o
 .bss           0xff900114        0x0 float.o
 .bss           0xff900114        0x8 gps.o
 .bss           0xff90011c        0x0 myfunc.o
 .bss           0xff90011c        0x0 main.o
 .bss           0xff90011c        0x0 math.o
 .bss           0xff90011c        0x4 malloc.o
                0xff90011c                allocp
 .bss           0xff900120        0xc srv.o
                0xff900124                sonar_flag
                0xff900120                failsafe_mode
                0xff900128                uart1_flag
 .bss           0xff90012c        0x0 uart.o
 .bss           0xff90012c       0x50 colors.o
 .bss           0xff90017c        0x8 jpeg.o
                0xff90017c                lcode
                0xff900180                bitindex
 .bss           0xff900184        0x0 r8x8dct.o
 .bss           0xff900184        0x0 motionvect.o
 .bss           0xff900184        0x0 setjmp.o
 .bss           0xff900184        0x0 neural.o
 .bss           0xff900184        0x0 init.o
 .bss           0xff900184        0x0 string.o
 .bss           0xff900184        0x0 sdcard.o
 .bss           0xff900184        0x0 picoc/picoc.o
 .bss           0xff900184        0x4 picoc/table.o
                0xff900184                StrEmpty
 .bss           0xff900188       0x44 picoc/lex.o
 .bss           0xff9001cc        0x4 picoc/parse.o
 .bss           0xff9001d0        0x0 picoc/expression.o
 .bss           0xff9001d0       0x24 picoc/heap.o
 .bss           0xff9001f4        0x0 picoc/type.o
 .bss           0xff9001f4        0x4 picoc/variable.o
                0xff9001f4                TopStackFrame
 .bss           0xff9001f8        0x4 picoc/clibrary.o
 .bss           0xff9001fc       0xcc picoc/library_surveyor.o
 .bss           0xff9002c8        0x0 picoc/platform.o
 .bss           0xff9002c8        0x0 picoc/platform_surveyor.o
 *(COMMON)
 COMMON         0xff9002c8       0x18 camera.o
                0xff9002c8                dlist2
                0xff9002d4                dlist1
 COMMON         0xff9002e0      0x406 xmodem.o
                0xff9002e0                xbuff
 *fill*         0xff9006e6        0x2 00
 COMMON         0xff9006e8       0x18 gps.o
                0xff9006e8                gps_gga
 COMMON         0xff900700       0x14 malloc.o
                0xff900700                base
                0xff900708                heap_end
                0xff90070c                heap_start
                0xff900710                heap_ptr
 COMMON         0xff900714       0xc8 srv.o
                0xff900714                imgWidth
                0xff900718                rfailsafe
                0xff90071c                j
                0xff900720                x_acc
                0xff900724                i
                0xff900728                segmentation_flag
                0xff90072c                pwm2_init
                0xff900730                sonar_data
                0xff900744                y_acc0
                0xff900748                quality
                0xff90074c                y_acc
                0xff900750                output_start
                0xff900754                lcount
                0xff900758                pwm1_init
                0xff90075c                image_size
                0xff900760                pwm1_mode
                0xff900764                x_center
                0xff900768                lfailsafe
                0xff90076c                edge_thresh
                0xff900770                horizon_detect_flag
                0xff900774                master
                0xff900778                base_speed
                0xff90077c                rspeed2
                0xff900780                lspeed
                0xff900784                overlay_flag
                0xff900788                lspeed2
                0xff90078c                err1
                0xff900790                cp
                0xff900794                output_end
                0xff900798                pwm2_mode
                0xff90079c                obstacle_detect_flag
                0xff9007a0                framecount
                0xff9007a4                rcount
                0xff9007a8                x_acc0
                0xff9007ac                imgHead
                0xff9007b8                edge_detect_flag
                0xff9007bc                encoder_flag
                0xff9007c0                imgHeight
                0xff9007c4                failsafe_clock
                0xff9007c8                y_center
                0xff9007cc                rspeed
                0xff9007d0                base_speed2
                0xff9007d4                frame_diff_flag
                0xff9007d8                ix
 COMMON         0xff9007dc      0xf8c colors.o
                0xff9007dc                blobcnt
                0xff9008d8                ymax
                0xff90091c                blobx1
                0xff900a18                umax
                0xff900a5c                hist0
                0xff900e5c                hist1
                0xff90125c                blobix
                0xff901358                bloby2
                0xff901454                mean
                0xff901460                vmax
                0xff9014a4                vmin
                0xff9014e8                bloby1
                0xff9015e4                blobx2
                0xff9016e0                ymin
                0xff901724                umin
 COMMON         0xff901768      0x584 jpeg.o
                0xff901768                Y2
                0xff9017e8                Temp
                0xff901868                Cqt
                0xff9018a8                Y3
                0xff901928                Y4
                0xff9019a8                ICqt
                0xff901a28                ILqt
                0xff901aa8                CR
                0xff901b28                Lqt
                0xff901b68                CB
                0xff901be8                fdct_temp
                0xff901c68                read_format
                0xff901c6c                Y1
 COMMON         0xff901cec     0x1640 neural.o
                0xff901cec                weights
                0xff9030ec                teach_neurons
                0xff90312c                nerror
                0xff9031ac                neurons
 COMMON         0xff90332c      0x18c picoc/table.o
                0xff90332c                StringHashTable
                0xff9034b0                StringTable
 COMMON         0xff9034b8      0x128 picoc/type.o
                0xff9034b8                CharArrayType
                0xff9034bc                FunctionType
                0xff9034e0                EnumType
                0xff903504                VoidType
                0xff903528                MacroType
                0xff90354c                CharType
                0xff903570                CharPtrType
                0xff903574                WordType
                0xff903598                IntType
                0xff9035bc                UberType
 COMMON         0xff9035e0      0x318 picoc/variable.o
                0xff9035e0                StringLiteralHashTable
                0xff903764                GlobalHashTable
                0xff9038e8                GlobalTable
                0xff9038f0                StringLiteralTable
 COMMON         0xff9038f8       0x10 picoc/clibrary.o
                0xff9038f8                CStdOut
 COMMON         0xff903908       0xa4 picoc/platform_surveyor.o
                0xff903908                ExitBuf
                0xff9039ac                . = ALIGN (0x4)
                0xff9039ac                __bss_end = .
                0xffb00ffc                . = 0xffb00ffc
                0xffb00ffc                PROVIDE (_supervisor_stack, .)
LOAD init.o
LOAD main.o
LOAD srv.o
LOAD uart.o
LOAD camera.o
LOAD jpeg.o
LOAD i2c.o
LOAD stm_m25p32.o
LOAD float.o
LOAD httpd.o
LOAD xmodem.o
LOAD colors.o
LOAD edit.o
LOAD malloc.o
LOAD string.o
LOAD printf.o
LOAD myfunc.o
LOAD neural.o
LOAD gps.o
LOAD sdcard.o
LOAD picoc/picoc.o
LOAD picoc/table.o
LOAD picoc/lex.o
LOAD picoc/parse.o
LOAD picoc/expression.o
LOAD picoc/heap.o
LOAD picoc/type.o
LOAD picoc/variable.o
LOAD picoc/clibrary.o
LOAD picoc/library_surveyor.o
LOAD picoc/platform.o
LOAD picoc/platform_surveyor.o
LOAD r8x8dct.o
LOAD math.o
LOAD setjmp.o
LOAD motionvect.o
OUTPUT(srv1.bin elf32-bfin)

.debug_abbrev   0x00000000     0x3053
 .debug_abbrev  0x00000000       0xcf camera.o
 .debug_abbrev  0x000000cf       0xeb edit.o
 .debug_abbrev  0x000001ba       0xd3 httpd.o
 .debug_abbrev  0x0000028d       0x8a i2c.o
 .debug_abbrev  0x00000317      0x1d8 stm_m25p32.o
 .debug_abbrev  0x000004ef      0x124 printf.o
 .debug_abbrev  0x00000613      0x183 xmodem.o
 .debug_abbrev  0x00000796      0x244 float.o
 .debug_abbrev  0x000009da      0x1b7 gps.o
 .debug_abbrev  0x00000b91       0x43 myfunc.o
 .debug_abbrev  0x00000bd4       0x5d main.o
 .debug_abbrev  0x00000c31      0x14c malloc.o
 .debug_abbrev  0x00000d7d      0x282 srv.o
 .debug_abbrev  0x00000fff      0x10f uart.o
 .debug_abbrev  0x0000110e      0x1c3 colors.o
 .debug_abbrev  0x000012d1      0x186 jpeg.o
 .debug_abbrev  0x00001457      0x114 neural.o
 .debug_abbrev  0x0000156b       0x45 init.o
 .debug_abbrev  0x000015b0      0x161 string.o
 .debug_abbrev  0x00001711       0xf3 sdcard.o
 .debug_abbrev  0x00001804      0x14e picoc/picoc.o
 .debug_abbrev  0x00001952      0x234 picoc/table.o
 .debug_abbrev  0x00001b86      0x253 picoc/lex.o
 .debug_abbrev  0x00001dd9      0x273 picoc/parse.o
 .debug_abbrev  0x0000204c      0x237 picoc/expression.o
 .debug_abbrev  0x00002283      0x168 picoc/heap.o
 .debug_abbrev  0x000023eb      0x24f picoc/type.o
 .debug_abbrev  0x0000263a      0x214 picoc/variable.o
 .debug_abbrev  0x0000284e      0x2a1 picoc/clibrary.o
 .debug_abbrev  0x00002aef      0x26e picoc/library_surveyor.o
 .debug_abbrev  0x00002d5d      0x184 picoc/platform.o
 .debug_abbrev  0x00002ee1      0x172 picoc/platform_surveyor.o

.debug_info     0x00000000     0xf689
 .debug_info    0x00000000      0x136 camera.o
 .debug_info    0x00000136      0x1e7 edit.o
 .debug_info    0x0000031d      0x20c httpd.o
 .debug_info    0x00000529      0x158 i2c.o
 .debug_info    0x00000681      0x604 stm_m25p32.o
 .debug_info    0x00000c85      0x34a printf.o
 .debug_info    0x00000fcf      0x3e3 xmodem.o
 .debug_info    0x000013b2      0x78d float.o
 .debug_info    0x00001b3f      0x5af gps.o
 .debug_info    0x000020ee       0x54 myfunc.o
 .debug_info    0x00002142       0x68 main.o
 .debug_info    0x000021aa      0x23a malloc.o
 .debug_info    0x000023e4     0x1c00 srv.o
 .debug_info    0x00003fe4      0x338 uart.o
 .debug_info    0x0000431c      0xbfe colors.o
 .debug_info    0x00004f1a      0xb0b jpeg.o
 .debug_info    0x00005a25      0x438 neural.o
 .debug_info    0x00005e5d       0x64 init.o
 .debug_info    0x00005ec1      0x53f string.o
 .debug_info    0x00006400      0x391 sdcard.o
 .debug_info    0x00006791      0x56f picoc/picoc.o
 .debug_info    0x00006d00      0x8fb picoc/table.o
 .debug_info    0x000075fb      0xfcc picoc/lex.o
 .debug_info    0x000085c7      0xc8a picoc/parse.o
 .debug_info    0x00009251     0x130d picoc/expression.o
 .debug_info    0x0000a55e      0x2cc picoc/heap.o
 .debug_info    0x0000a82a      0xd04 picoc/type.o
 .debug_info    0x0000b52e      0xbba picoc/variable.o
 .debug_info    0x0000c0e8      0xb94 picoc/clibrary.o
 .debug_info    0x0000cc7c     0x1fed picoc/library_surveyor.o
 .debug_info    0x0000ec69      0x7bd picoc/platform.o
 .debug_info    0x0000f426      0x263 picoc/platform_surveyor.o

.debug_line     0x00000000     0x3b76
 .debug_line    0x00000000       0x72 camera.o
 .debug_line    0x00000072       0xd1 edit.o
 .debug_line    0x00000143       0x86 httpd.o
 .debug_line    0x000001c9       0xa7 i2c.o
 .debug_line    0x00000270      0x1ac stm_m25p32.o
 .debug_line    0x0000041c       0xf8 printf.o
 .debug_line    0x00000514      0x139 xmodem.o
 .debug_line    0x0000064d      0x30e float.o
 .debug_line    0x0000095b      0x2a7 gps.o
 .debug_line    0x00000c02       0x3c myfunc.o
 .debug_line    0x00000c3e      0x10c main.o
 .debug_line    0x00000d4a       0xa6 malloc.o
 .debug_line    0x00000df0      0xab2 srv.o
 .debug_line    0x000018a2       0xd5 uart.o
 .debug_line    0x00001977      0x380 colors.o
 .debug_line    0x00001cf7      0x315 jpeg.o
 .debug_line    0x0000200c      0x11e neural.o
 .debug_line    0x0000212a       0x53 init.o
 .debug_line    0x0000217d      0x119 string.o
 .debug_line    0x00002296      0x10b sdcard.o
 .debug_line    0x000023a1       0x94 picoc/picoc.o
 .debug_line    0x00002435       0xe3 picoc/table.o
 .debug_line    0x00002518      0x3a4 picoc/lex.o
 .debug_line    0x000028bc      0x299 picoc/parse.o
 .debug_line    0x00002b55      0x4ae picoc/expression.o
 .debug_line    0x00003003       0xf4 picoc/heap.o
 .debug_line    0x000030f7      0x207 picoc/type.o
 .debug_line    0x000032fe      0x19a picoc/variable.o
 .debug_line    0x00003498      0x192 picoc/clibrary.o
 .debug_line    0x0000362a      0x3a9 picoc/library_surveyor.o
 .debug_line    0x000039d3      0x113 picoc/platform.o
 .debug_line    0x00003ae6       0x90 picoc/platform_surveyor.o

.debug_frame    0x00000000     0x3868
 .debug_frame   0x00000000       0x4c camera.o
 .debug_frame   0x0000004c      0x100 edit.o
 .debug_frame   0x0000014c       0x3c httpd.o
 .debug_frame   0x00000188       0x40 i2c.o
 .debug_frame   0x000001c8      0x214 stm_m25p32.o
 .debug_frame   0x000003dc       0xd4 printf.o
 .debug_frame   0x000004b0       0xc8 xmodem.o
 .debug_frame   0x00000578      0x244 float.o
 .debug_frame   0x000007bc      0x1ac gps.o
 .debug_frame   0x00000968       0x28 myfunc.o
 .debug_frame   0x00000990       0x38 main.o
 .debug_frame   0x000009c8       0x94 malloc.o
 .debug_frame   0x00000a5c      0xa94 srv.o
 .debug_frame   0x000014f0      0x164 uart.o
 .debug_frame   0x00001654      0x274 colors.o
 .debug_frame   0x000018c8      0x1b0 jpeg.o
 .debug_frame   0x00001a78      0x16c neural.o
 .debug_frame   0x00001be4       0xa4 init.o
 .debug_frame   0x00001c88      0x190 string.o
 .debug_frame   0x00001e18      0x1a8 sdcard.o
 .debug_frame   0x00001fc0       0x74 picoc/picoc.o
 .debug_frame   0x00002034      0x14c picoc/table.o
 .debug_frame   0x00002180      0x2b4 picoc/lex.o
 .debug_frame   0x00002434      0x1b8 picoc/parse.o
 .debug_frame   0x000025ec      0x318 picoc/expression.o
 .debug_frame   0x00002904       0xcc picoc/heap.o
 .debug_frame   0x000029d0      0x1d4 picoc/type.o
 .debug_frame   0x00002ba4      0x2e0 picoc/variable.o
 .debug_frame   0x00002e84      0x1f0 picoc/clibrary.o
 .debug_frame   0x00003074      0x690 picoc/library_surveyor.o
 .debug_frame   0x00003704       0xd8 picoc/platform.o
 .debug_frame   0x000037dc       0x8c picoc/platform_surveyor.o

.debug_loc      0x00000000    0x12ce4
 .debug_loc     0x00000000       0x5b camera.o
 .debug_loc     0x0000005b      0x2eb edit.o
 .debug_loc     0x00000346       0xa3 httpd.o
 .debug_loc     0x000003e9      0x23f i2c.o
 .debug_loc     0x00000628      0x89e stm_m25p32.o
 .debug_loc     0x00000ec6      0x79d printf.o
 .debug_loc     0x00001663      0x6b7 xmodem.o
 .debug_loc     0x00001d1a      0xf65 float.o
 .debug_loc     0x00002c7f     0x1024 gps.o
 .debug_loc     0x00003ca3       0x3e myfunc.o
 .debug_loc     0x00003ce1       0x2b main.o
 .debug_loc     0x00003d0c      0x1e1 malloc.o
 .debug_loc     0x00003eed     0x21eb srv.o
 .debug_loc     0x000060d8      0x4aa uart.o
 .debug_loc     0x00006582     0x1417 colors.o
 .debug_loc     0x00007999     0x14f7 jpeg.o
 .debug_loc     0x00008e90      0x460 neural.o
 .debug_loc     0x000092f0      0x122 init.o
 .debug_loc     0x00009412      0x782 string.o
 .debug_loc     0x00009b94      0x6cb sdcard.o
 .debug_loc     0x0000a25f       0xfa picoc/picoc.o
 .debug_loc     0x0000a359      0x614 picoc/table.o
 .debug_loc     0x0000a96d     0x1128 picoc/lex.o
 .debug_loc     0x0000ba95      0xb30 picoc/parse.o
 .debug_loc     0x0000c5c5     0x1e97 picoc/expression.o
 .debug_loc     0x0000e45c      0x2f5 picoc/heap.o
 .debug_loc     0x0000e751      0x994 picoc/type.o
 .debug_loc     0x0000f0e5      0xd20 picoc/variable.o
 .debug_loc     0x0000fe05      0x9ef picoc/clibrary.o
 .debug_loc     0x000107f4     0x1d5e picoc/library_surveyor.o
 .debug_loc     0x00012552      0x5f7 picoc/platform.o
 .debug_loc     0x00012b49      0x19b picoc/platform_surveyor.o

.debug_pubnames
                0x00000000     0x2720
 .debug_pubnames
                0x00000000       0x59 camera.o
 .debug_pubnames
                0x00000059       0x98 edit.o
 .debug_pubnames
                0x000000f1       0x6b httpd.o
 .debug_pubnames
                0x0000015c       0x39 i2c.o
 .debug_pubnames
                0x00000195      0x120 stm_m25p32.o
 .debug_pubnames
                0x000002b5       0x29 printf.o
 .debug_pubnames
                0x000002de       0x5d xmodem.o
 .debug_pubnames
                0x0000033b      0x10f float.o
 .debug_pubnames
                0x0000044a       0x9f gps.o
 .debug_pubnames
                0x000004e9       0x1d myfunc.o
 .debug_pubnames
                0x00000506       0x1b main.o
 .debug_pubnames
                0x00000521       0x87 malloc.o
 .debug_pubnames
                0x000005a8      0x9d6 srv.o
 .debug_pubnames
                0x00000f7e      0x112 uart.o
 .debug_pubnames
                0x00001090      0x169 colors.o
 .debug_pubnames
                0x000011f9      0x2cc jpeg.o
 .debug_pubnames
                0x000014c5      0x11a neural.o
 .debug_pubnames
                0x000015df       0x1f init.o
 .debug_pubnames
                0x000015fe       0xdb string.o
 .debug_pubnames
                0x000016d9       0xd1 sdcard.o
 .debug_pubnames
                0x000017aa       0x37 picoc/picoc.o
 .debug_pubnames
                0x000017e1       0xe1 picoc/table.o
 .debug_pubnames
                0x000018c2      0x1c9 picoc/lex.o
 .debug_pubnames
                0x00001a8b       0xe8 picoc/parse.o
 .debug_pubnames
                0x00001b73      0x21d picoc/expression.o
 .debug_pubnames
                0x00001d90       0xc6 picoc/heap.o
 .debug_pubnames
                0x00001e56      0x1b6 picoc/type.o
 .debug_pubnames
                0x0000200c      0x274 picoc/variable.o
 .debug_pubnames
                0x00002280       0xef picoc/clibrary.o
 .debug_pubnames
                0x0000236f      0x2af picoc/library_surveyor.o
 .debug_pubnames
                0x0000261e       0x81 picoc/platform.o
 .debug_pubnames
                0x0000269f       0x81 picoc/platform_surveyor.o

.debug_aranges  0x00000000      0x400
 .debug_aranges
                0x00000000       0x20 camera.o
 .debug_aranges
                0x00000020       0x20 edit.o
 .debug_aranges
                0x00000040       0x20 httpd.o
 .debug_aranges
                0x00000060       0x20 i2c.o
 .debug_aranges
                0x00000080       0x20 stm_m25p32.o
 .debug_aranges
                0x000000a0       0x20 printf.o
 .debug_aranges
                0x000000c0       0x20 xmodem.o
 .debug_aranges
                0x000000e0       0x20 float.o
 .debug_aranges
                0x00000100       0x20 gps.o
 .debug_aranges
                0x00000120       0x20 myfunc.o
 .debug_aranges
                0x00000140       0x20 main.o
 .debug_aranges
                0x00000160       0x20 malloc.o
 .debug_aranges
                0x00000180       0x20 srv.o
 .debug_aranges
                0x000001a0       0x20 uart.o
 .debug_aranges
                0x000001c0       0x20 colors.o
 .debug_aranges
                0x000001e0       0x20 jpeg.o
 .debug_aranges
                0x00000200       0x20 neural.o
 .debug_aranges
                0x00000220       0x20 init.o
 .debug_aranges
                0x00000240       0x20 string.o
 .debug_aranges
                0x00000260       0x20 sdcard.o
 .debug_aranges
                0x00000280       0x20 picoc/picoc.o
 .debug_aranges
                0x000002a0       0x20 picoc/table.o
 .debug_aranges
                0x000002c0       0x20 picoc/lex.o
 .debug_aranges
                0x000002e0       0x20 picoc/parse.o
 .debug_aranges
                0x00000300       0x20 picoc/expression.o
 .debug_aranges
                0x00000320       0x20 picoc/heap.o
 .debug_aranges
                0x00000340       0x20 picoc/type.o
 .debug_aranges
                0x00000360       0x20 picoc/variable.o
 .debug_aranges
                0x00000380       0x20 picoc/clibrary.o
 .debug_aranges
                0x000003a0       0x20 picoc/library_surveyor.o
 .debug_aranges
                0x000003c0       0x20 picoc/platform.o
 .debug_aranges
                0x000003e0       0x20 picoc/platform_surveyor.o

.debug_str      0x00000000     0x3653
 .debug_str     0x00000000       0xc7 camera.o
                                 0xcd (size before relaxing)
 .debug_str     0x000000c7       0x94 edit.o
                                 0xcb (size before relaxing)
 .debug_str     0x0000015b       0x86 httpd.o
                                 0xf0 (size before relaxing)
 .debug_str     0x000001e1       0x55 i2c.o
                                 0x9f (size before relaxing)
 .debug_str     0x00000236      0x263 stm_m25p32.o
                                0x2f6 (size before relaxing)
 .debug_str     0x00000499       0x4e printf.o
                                 0xb6 (size before relaxing)
 .debug_str     0x000004e7       0xce xmodem.o
                                0x13d (size before relaxing)
 .debug_str     0x000005b5      0x161 float.o
                                0x1e1 (size before relaxing)
 .debug_str     0x00000716       0xb2 gps.o
                                0x134 (size before relaxing)
 .debug_str     0x000007c8       0x10 myfunc.o
                                 0x47 (size before relaxing)
 .debug_str     0x000007d8        0xc main.o
                                 0x43 (size before relaxing)
 .debug_str     0x000007e4       0x6a malloc.o
                                 0xb8 (size before relaxing)
 .debug_str     0x0000084e      0x89f srv.o
                                0xa15 (size before relaxing)
 .debug_str     0x000010ed       0xe7 uart.o
                                0x169 (size before relaxing)
 .debug_str     0x000011d4       0xd9 colors.o
                                0x1ed (size before relaxing)
 .debug_str     0x000012ad      0x444 jpeg.o
                                0x4f5 (size before relaxing)
 .debug_str     0x000016f1       0xd9 neural.o
                                0x14f (size before relaxing)
 .debug_str     0x000017ca       0x43 init.o
                                 0x6c (size before relaxing)
 .debug_str     0x0000180d       0xba string.o
                                0x129 (size before relaxing)
 .debug_str     0x000018c7       0xce sdcard.o
                                0x127 (size before relaxing)
 .debug_str     0x00001995      0x234 picoc/picoc.o
                                0x363 (size before relaxing)
 .debug_str     0x00001bc9      0x11f picoc/table.o
                                0x416 (size before relaxing)
 .debug_str     0x00001ce8      0x884 picoc/lex.o
                                0xbc5 (size before relaxing)
 .debug_str     0x0000256c      0x28e picoc/parse.o
                                0xae1 (size before relaxing)
 .debug_str     0x000027fa      0x47b picoc/expression.o
                                0xd70 (size before relaxing)
 .debug_str     0x00002c75      0x10d picoc/heap.o
                                0x194 (size before relaxing)
 .debug_str     0x00002d82      0x18a picoc/type.o
                                0xa7d (size before relaxing)
 .debug_str     0x00002f0c      0x25c picoc/variable.o
                                0x63d (size before relaxing)
 .debug_str     0x00003168      0x187 picoc/clibrary.o
                                0x532 (size before relaxing)
 .debug_str     0x000032ef      0x24f picoc/library_surveyor.o
                                0x6f4 (size before relaxing)
 .debug_str     0x0000353e       0xa5 picoc/platform.o
                                0x41d (size before relaxing)
 .debug_str     0x000035e3       0x70 picoc/platform_surveyor.o
                                0x1c3 (size before relaxing)

.comment        0x00000000      0x380
 .comment       0x00000000       0x1c camera.o
 .comment       0x0000001c       0x1c edit.o
 .comment       0x00000038       0x1c httpd.o
 .comment       0x00000054       0x1c i2c.o
 .comment       0x00000070       0x1c stm_m25p32.o
 .comment       0x0000008c       0x1c printf.o
 .comment       0x000000a8       0x1c xmodem.o
 .comment       0x000000c4       0x1c float.o
 .comment       0x000000e0       0x1c gps.o
 .comment       0x000000fc       0x1c myfunc.o
 .comment       0x00000118       0x1c main.o
 .comment       0x00000134       0x1c malloc.o
 .comment       0x00000150       0x1c srv.o
 .comment       0x0000016c       0x1c uart.o
 .comment       0x00000188       0x1c colors.o
 .comment       0x000001a4       0x1c jpeg.o
 .comment       0x000001c0       0x1c neural.o
 .comment       0x000001dc       0x1c init.o
 .comment       0x000001f8       0x1c string.o
 .comment       0x00000214       0x1c sdcard.o
 .comment       0x00000230       0x1c picoc/picoc.o
 .comment       0x0000024c       0x1c picoc/table.o
 .comment       0x00000268       0x1c picoc/lex.o
 .comment       0x00000284       0x1c picoc/parse.o
 .comment       0x000002a0       0x1c picoc/expression.o
 .comment       0x000002bc       0x1c picoc/heap.o
 .comment       0x000002d8       0x1c picoc/type.o
 .comment       0x000002f4       0x1c picoc/variable.o
 .comment       0x00000310       0x1c picoc/clibrary.o
 .comment       0x0000032c       0x1c picoc/library_surveyor.o
 .comment       0x00000348       0x1c picoc/platform.o
 .comment       0x00000364       0x1c picoc/platform_surveyor.o

.debug_ranges   0x00000000      0x4d0
 .debug_ranges  0x00000000       0x28 printf.o
 .debug_ranges  0x00000028       0x70 xmodem.o
 .debug_ranges  0x00000098       0x38 init.o
 .debug_ranges  0x000000d0       0x30 string.o
 .debug_ranges  0x00000100       0xb8 picoc/table.o
 .debug_ranges  0x000001b8       0x80 picoc/lex.o
 .debug_ranges  0x00000238       0x50 picoc/parse.o
 .debug_ranges  0x00000288      0x208 picoc/expression.o
 .debug_ranges  0x00000490       0x40 picoc/clibrary.o
