
Allocating common symbols
Common symbol       size              file

imgWidth            0x4               srv.o
rfailsafe           0x4               srv.o
j                   0x4               srv.o
Y2                  0x80              jpeg.o
x_acc               0x4               srv.o
i                   0x4               srv.o
invert_flag         0x4               srv.o
blobcnt             0xfc              colors.o
segmentation_flag   0x4               srv.o
move_stop_time      0x4               srv.o
Temp                0x80              jpeg.o
Cqt                 0x40              jpeg.o
ymax                0x44              colors.o
blobx1              0xfc              colors.o
pwm2_init           0x4               srv.o
Y3                  0x80              jpeg.o
base                0x8               malloc.o
sonar_data          0x14              srv.o
weights             0x1400            neural.o
teach_neurons       0x40              neural.o
nerror              0x80              neural.o
CStdOut             0x10              picoc/clibrary.o
y_acc0              0x4               srv.o
StringHashTable     0x184             picoc/table.o
CharArrayType       0x4               picoc/type.o
Y4                  0x80              jpeg.o
FunctionType        0x24              picoc/type.o
umax                0x44              colors.o
ICqt                0x80              jpeg.o
hist0               0x400             colors.o
heap_end            0x4               malloc.o
quality             0x4               srv.o
move_start_time     0x4               srv.o
ExitBuf             0xa4              picoc/platform_surveyor.o
y_acc               0x4               srv.o
output_start        0x4               srv.o
hist1               0x400             colors.o
lcount              0x4               srv.o
pwm1_init           0x4               srv.o
image_size          0x4               srv.o
ILqt                0x80              jpeg.o
heap_start          0x4               malloc.o
pwm1_mode           0x4               srv.o
neurons             0x180             neural.o
StringLiteralHashTable
                    0x184             picoc/variable.o
x_center            0x4               srv.o
blobix              0xfc              colors.o
EnumType            0x24              picoc/type.o
VoidType            0x24              picoc/type.o
lfailsafe           0x4               srv.o
edge_thresh         0x4               srv.o
horizon_detect_flag
                    0x4               srv.o
master              0x4               srv.o
bloby2              0xfc              colors.o
mean                0xc               colors.o
base_speed          0x4               srv.o
rspeed2             0x4               srv.o
lspeed              0x4               srv.o
GlobalHashTable     0x184             picoc/variable.o
vmax                0x44              colors.o
CR                  0x80              jpeg.o
overlay_flag        0x4               srv.o
StringTable         0x8               picoc/table.o
lspeed2             0x4               srv.o
err1                0x4               srv.o
cp                  0x4               srv.o
Lqt                 0x40              jpeg.o
GlobalTable         0x8               picoc/variable.o
MacroType           0x24              picoc/type.o
CharType            0x24              picoc/type.o
output_end          0x4               srv.o
CB                  0x80              jpeg.o
pwm2_mode           0x4               srv.o
CharPtrType         0x4               picoc/type.o
obstacle_detect_flag
                    0x4               srv.o
fdct_temp           0x80              jpeg.o
gps_gga             0x18              gps.o
StringLiteralTable  0x8               picoc/variable.o
framecount          0x4               srv.o
vmin                0x44              colors.o
heap_ptr            0x4               malloc.o
bloby1              0xfc              colors.o
WordType            0x24              picoc/type.o
rcount              0x4               srv.o
x_acc0              0x4               srv.o
IntType             0x24              picoc/type.o
imgHead             0xb               srv.o
read_format         0x4               jpeg.o
edge_detect_flag    0x4               srv.o
encoder_flag        0x4               srv.o
imgHeight           0x4               srv.o
UberType            0x24              picoc/type.o
failsafe_clock      0x4               srv.o
blobx2              0xfc              colors.o
move_time_mS        0x4               srv.o
dlist2              0xc               camera.o
y_center            0x4               srv.o
xbuff               0x406             xmodem.o
dlist1              0xc               camera.o
ymin                0x44              colors.o
umin                0x44              colors.o
rspeed              0x4               srv.o
base_speed2         0x4               srv.o
frame_diff_flag     0x4               srv.o
ix                  0x4               srv.o
Y1                  0x80              jpeg.o
robot_moving        0x4               srv.o

Memory Configuration

Name             Origin             Length             Attributes
ram              0x00000000         0x02000000         xrw
l1code           0xffa00000         0x00010000         x
l1data_a         0xff800000         0x00008000         rw
l1data_b         0xff900000         0x00008000         rw
scratchpad       0xffb00000         0x00001000         rw
*default*        0x00000000         0xffffffff

Linker script and memory map


.sdram.text
 camera.o(.sdram.text)
 edit.o(.sdram.text)
 httpd.o(.sdram.text)
 i2c.o(.sdram.text)
 stm_m25p32.o(.sdram.text)
 printf.o(.sdram.text)
 xmodem.o(.sdram.text)
 float.o(.sdram.text)
 gps.o(.sdram.text)
 myfunc.o(.sdram.text)
 *(.gnu.warning)

.l1code         0xffa00000     0x8270
 main.o(.text)
 .text          0xffa00000      0x334 main.o
                0xffa00000                main
 math.o(.text)
 .text          0xffa00334      0x200 math.o
                0xffa00400                __umodsi3
                0xffa00432                __divsi3
                0xffa00334                __udivsi3
 malloc.o(.text)
 .text          0xffa00534      0x1a4 malloc.o
                0xffa00610                morecore
                0xffa00588                free
                0xffa00534                init_heap
                0xffa00574                sbrk
                0xffa00654                malloc
 string.o(.text)
 .text          0xffa006d8      0x3a4 string.o
                0xffa006d8                strcmp
                0xffa00754                strncpy
                0xffa0078c                atoi
                0xffa00908                memcpy
                0xffa00950                memset
                0xffa00964                ctoi
                0xffa00870                itoa
                0xffa00a54                strdup
                0xffa00838                reverse
                0xffa009ac                strpbrk
                0xffa0072c                strchr
                0xffa00744                strcpy
                0xffa009e4                strtok
                0xffa006f8                strncmp
                0xffa008fc                isdigit
                0xffa00818                strlen
                0xffa0097c                atoi_b16
 srv.o(.text)
 .text          0xffa00a7c     0x41d8 srv.o
                0xffa021f8                motor_command
                0xffa02d34                process_i2c
                0xffa026cc                restore_video
                0xffa03424                xmodem_receive
                0xffa016c8                clearRTC
                0xffa0185c                delayUS
                0xffa03da4                motion_vect80x64
                0xffa02718                invert_video
                0xffa00ce8                grab_reference_frame
                0xffa016d8                delayMS
                0xffa022fc                set_edge_thresh
                0xffa018cc                delayNS
                0xffa01230                setPPM1
                0xffa01b70                rand
                0xffa01fe4                testSD
                0xffa02c94                tilt
                0xffa03348                read_user_sector
                0xffa01464                initRTC
                0xffa0373c                serial_out_flashbuffer
                0xffa00d88                move_yuv422_to_planar
                0xffa03490                camera_reset
                0xffa04bdc                check_for_autorun
                0xffa02760                init_tilt
                0xffa03148                write_boot_flash
                0xffa02d08                read_tilt
                0xffa00ee4                initPWM
                0xffa00fcc                init_sonar
                0xffa01958                check_failsafe
                0xffa01fd4                show_stack_ptr
                0xffa02c10                read_compass
                0xffa0419c                process_colors
                0xffa02790                laser_range
                0xffa01fbc                show_heap_ptr
                0xffa01dd4                overlay_on
                0xffa01190                setPWM2
                0xffa01f38                lasers_off
                0xffa00b74                clear_sdram
                0xffa00bb8                led1_on
                0xffa022b0                change_image_quality
                0xffa00b9c                stack_remaining
                0xffa013a8                check_bounds_0_100
                0xffa00cc0                move_image
                0xffa0322c                write_user_sector
                0xffa0232c                process_neuralnet
                0xffa02140                motor2_command
                0xffa02080                ppm2_command
                0xffa010a4                setPWM
                0xffa00f48                initPWM2
                0xffa01c1c                read_encoders
                0xffa03030                init_analog
                0xffa02bf4                show_laser_range
                0xffa033f8                crc_flash_buffer
                0xffa03828                send_frame
                0xffa01f10                check_battery
                0xffa01d14                motor_increase_base_speed
                0xffa01ee0                ping_sonar
                0xffa00d6c                copy_image
                0xffa01e54                enable_horizon_detect
                0xffa01a14                encoders
                0xffa01d88                clear_flash_buffer
                0xffa0202c                enable_failsafe
                0xffa01f58                lasers_on
                0xffa020e0                ppm1_command
                0xffa01c60                motor_action
                0xffa01484                readRTC
                0xffa013c4                motor_trim_right
                0xffa00ba8                led0_on
                0xffa01414                motor_trim_left
                0xffa00a7c                init_io
                0xffa01f94                serial_out_version
                0xffa014f8                sonar
                0xffa019dc                init_encoders
                0xffa00bc8                compute_frame_diff
                0xffa0341c                launch_editor
                0xffa03f28                motion_vect_test
                0xffa01e7c                enable_edge_detect
                0xffa04004                grab_frame
                0xffa01ea4                enable_segmentation
                0xffa0328c                write_user_flash
                0xffa037a4                send_80x64planar
                0xffa01708                motor_set
                0xffa00f98                initTMR4
                0xffa00ffc                initPPM1
                0xffa012ec                setPPM2
                0xffa01ca0                motor_decrease_base_speed
                0xffa01050                initPPM2
                0xffa01e2c                enable_obstacle_detect
                0xffa032b8                read_double_sector
                0xffa01f78                serial_out_time
                0xffa00c20                set_caption
                0xffa01dec                disable_frame_diff
                0xffa00dcc                scale_image_to_80x64_planar
                0xffa00b48                reset_cpu
                0xffa033b8                read_user_flash
                0xffa031ac                write_double_sector
                0xffa02eb4                analog
                0xffa01940                reset_failsafe_clock
                0xffa01c48                disable_failsafe
                0xffa02ff4                read_analog
                0xffa01dbc                overlay_off
                0xffa01ebc                enable_frame_diff
                0xffa03668                camera_setup
                0xffa00d1c                move_inverted
 uart.o(.text)
 .text          0xffa04c54      0x4d0 uart.o
                0xffa04e3c                uart1SendChar
                0xffa04eb0                uart1GetCh
                0xffa04e08                uart0GetChar
                0xffa04dc8                uart0SendChars
                0xffa050a8                suartPutChar
                0xffa04dec                uart0GetCh
                0xffa04d9c                uart0SendString
                0xffa04d6c                uart0SendChar
                0xffa04cf8                uart0_CTS
                0xffa04e8c                uart1SendChars
                0xffa04cac                init_uart0
                0xffa04e2c                uart0Signal
                0xffa04c54                suartInit
                0xffa04f00                printNumber
                0xffa04fe8                suartGetChar
                0xffa04e60                uart1SendString
                0xffa04ecc                uart1GetChar
                0xffa04ef0                uart1Signal
                0xffa04d1c                init_uart1
 colors.o(.text)
 .text          0xffa05124     0x1228 colors.o
                0xffa052d0                vmean
                0xffa05644                edge_detect
                0xffa05544                vfind
                0xffa057dc                svs_segcode
                0xffa05bb8                vhorizon
                0xffa05394                color_segment
                0xffa05a7c                addvect
                0xffa05e38                vblob
                0xffa051a8                blob_merge
                0xffa059e4                svs_segview
                0xffa05124                init_colors
                0xffa0592c                vscan
                0xffa05204                vhist
                0xffa05b08                addline
                0xffa05174                vpix
 jpeg.o(.text)
 .text          0xffa0634c      0xd9c jpeg.o
                0xffa06ef8                DCT
                0xffa068f0                close_bitstream
                0xffa06f0c                encodeMCU
                0xffa06438                huffman
                0xffa06964                write_markers
                0xffa07008                encode_image
                0xffa06b84                initialize_quantization_tables
                0xffa06d44                read_422_format
                0xffa0634c                initialization
                0xffa06418                levelshift
                0xffa06c74                quantization
                0xffa06cc4                read_400_format
 r8x8dct.o(.text)
 .text          0xffa070e8       0xf0 r8x8dct.o
                0xffa070e8                _r8x8dct
 motionvect.o(.text)
 .text          0xffa071d8      0x950 motionvect.o
                0xffa07640                hpel
                0xffa079a0                _mve_core
                0xffa07850                _hpel_core2
                0xffa07730                _hpel_core1
                0xffa071d8                _motionvect
 uart.o(.text)
 setjmp.o(.text)
 .text          0xffa07b28      0x184 setjmp.o
                0xffa07b28                longjmp
                0xffa07bf0                setjmp
 neural.o(.text)
 .text          0xffa07cac      0x5c4 neural.o
                0xffa0804c                nnpack8x8
                0xffa08238                nninit_network
                0xffa080c8                nndisplay
                0xffa07d44                f_logic
                0xffa07da4                nncalculate_network
                0xffa07e8c                nncalculate_errors
                0xffa0815c                nntrain_network
                0xffa08148                nninit_pattern
                0xffa07cac                nnset_pattern
                0xffa07f40                nnscale8x8

.text           0x00000000     0x9548
 .text          0x00000000       0xf0 camera.o
                0x00000000                camera_init
                0x000000a8                camera_start
                0x000000cc                camera_stop
 .text          0x000000f0      0x33c edit.o
                0x00000288                insert_char
                0x00000138                find_next_line
                0x00000300                edit
                0x000001d4                find_buffer_end
                0x000000f0                delete_char
                0x0000021c                print_lines
                0x000002e0                print_help
                0x00000188                find_previous_line
 .text          0x0000042c      0x62c httpd.o
                0x00000600                binary_camera_frame
                0x00000678                httpd_get
                0x00000490                base64_camera_frame
                0x0000042c                httpd_post
                0x00000438                clean_buffer
 .text          0x00000a58      0x290 i2c.o
                0x00000b28                i2cwritex
                0x00000a58                i2cwrite
                0x00000bf0                i2cread
 .text          0x00000ce8      0x4d4 stm_m25p32.o
                0x00000dc4                SetupSPI
                0x00000e84                spi_read
                0x00000f1c                Wait_For_WEL
                0x00000da4                SPI_OFF
                0x00000f84                WriteFlash
                0x000010f0                spi_write
                0x00000cf4                spi_init_r
                0x00001074                EraseBlock
                0x00000ee4                Wait_For_Status
                0x00000d40                GetSectorNumber
                0x00001020                WriteData
                0x00000ce8                spi_init_f
                0x00000ea0                ReadStatusRegister
                0x00000f50                SendSingleCommand
                0x00000df4                ReadData
                0x00000d00                Wait_For_SPIF
                0x00000d68                udelay
 .text          0x000011bc      0x334 printf.o
                0x000014b8                sprintf
                0x000014d4                printf
 .text          0x000014f0      0x4fc xmodem.o
                0x0000157c                xmodemTransmit
                0x0000152c                _inbyte
                0x000014f0                crc16_ccitt
                0x000017f4                xmodemReceive
 .text          0x000019ec      0xb9c float.o
                0x000019ec                bytesToFloat
                0x000022d4                printFloat
                0x00002120                bigMulti
                0x000022bc                power
                0x00001f88                isOne
                0x00001a1c                minus
                0x0000246c                printBinary
                0x00002034                intToFloat
                0x00001a28                divFloat
                0x00001a10                parseFloat
                0x0000251c                printExponent
                0x00002544                printMantissa
                0x00002028                lteFloat
                0x00001ae4                addFloat
                0x0000219c                mulFloat
                0x00001f98                gteFloat
                0x00001dd8                subFloat
                0x000024ac                floatInBinary
 .text          0x00002588      0xed8 gps.o
                0x00002734                tan
                0x0000295c                atan
                0x00002b1c                gps_dist
                0x00002840                asin
                0x00002c48                read_ublox
                0x000028cc                acos
                0x00002a54                gps_head
                0x00002664                cos
                0x00002588                sin
                0x00002c90                gps_parse
                0x000033b8                gps_show
                0x00002a28                isqrt
 .text          0x00003460       0x28 myfunc.o
                0x00003460                myfunc
 .text          0x00003488       0xd0 init.o
                0x00003488                initcode
 .text          0x00003558      0x4f8 sdcard.o
                0x00003704                GetCardParams
                0x0000359c                CloseSD
                0x00003928                ReadMultipleBlocks
                0x000037e4                EraseBlocks
                0x000039c0                WriteMultipleBlocks
                0x00003558                InitSD
                0x00003680                GetToken
                0x0000383c                WriteSector
                0x000036bc                CardInit
                0x000038c0                ReadSector
                0x000035fc                SendCommand
                0x000035ac                WriteByte
 .text          0x00003a50      0x128 picoc/picoc.o
                0x00003acc                picoc
                0x00003a70                Initialise
                0x00003a50                Cleanup
 .text          0x00003b78      0x28c picoc/table.o
                0x00003d4c                TableStrRegister
                0x00003bb4                TableGet
                0x00003c38                TableStrFree
                0x00003c7c                TableSetIdentifier
                0x00003db4                TableInitTable
                0x00003d38                TableStrRegister2
                0x00003be8                TableDelete
                0x00003d68                TableSet
                0x00003dc8                TableInit
 .text          0x00003e04      0xdd4 picoc/lex.o
                0x00004168                LexInteractiveClear
                0x00004bac                LexInit
                0x00004300                LexGetCharacterConstant
                0x000040e4                LexInitParser
                0x00004354                LexGetWord
                0x000041b4                LexCleanup
                0x00003e04                LexCheckReservedWord
                0x0000410c                LexInteractiveCompleted
                0x000041bc                LexCopyTokens
                0x000040fc                LexInteractiveStatementPrompt
                0x00003f74                LexUnEscapeCharacter
                0x00004b78                LexToEndOfLine
                0x00003e68                LexGetNumber
                0x00003e2c                IsBaseDigit
                0x00004884                LexAnalyse
                0x000048a4                LexGetToken
                0x00004044                LexSkipComment
                0x000040bc                LexTokenSize
                0x000044e8                LexScanGetToken
                0x000047d4                LexTokenise
                0x000043d0                LexGetStringConstant
 .text          0x00004bd8      0xbd8 picoc/parse.o
                0x00004ca0                ParseFunctionDefinition
                0x00005594                ParseBlock
                0x00004ec0                ParseDeclaration
                0x00004be8                ParseCleanup
                0x00004bd8                ParserCopyPos
                0x0000561c                ParseStatementMaybeRun
                0x00005650                ParseFor
                0x00005510                Parse
                0x00005030                ParseStatement
                0x00004bfc                ParseMacroDefinition
                0x0000549c                ParseInteractive
 .text          0x000057b0     0x1228 picoc/expression.o
                0x00005b20                ExpressionPostfixOperator
                0x00006690                ExpressionParseInt
                0x00005ab8                ExpressionPushInt
                0x000059ec                ExpressionAssignToPointer
                0x0000585c                ExpressionGetStructElement
                0x000059a4                ExpressionStackPushDereference
                0x00005c7c                ExpressionPrefixOperator
                0x00005808                ExpressionStackPushOperator
                0x000057bc                ExpressionAssignInt
                0x000057b0                debugf
                0x000062ac                ExpressionStackCollapse
                0x00005af0                ExpressionStackPushValueByType
                0x00005e90                ExpressionStackPushValue
                0x00006710                ExpressionParseFunctionCall
                0x00005eb4                ExpressionInfixOperator
                0x00005838                ExpressionStackPushValueNode
                0x00006398                ExpressionParse
                0x00005e60                ExpressionStackPushLValue
 .text          0x000069d8      0x238 picoc/heap.o
                0x00006a90                HeapFree
                0x00006bc4                HeapAllocStack
                0x00006a4c                HeapPushStackFrame
                0x00006a6c                HeapPopStackFrame
                0x00006ae8                HeapAlloc
                0x00006a24                HeapPopStack
                0x000069d8                HeapInit
 .text          0x00006c10      0x7f0 picoc/type.o
                0x00006c40                TypeStackSizeValue
                0x00006d10                TypeInit
                0x000073b0                TypeCleanupNode
                0x00006ca0                TypeAddBaseType
                0x00006f98                TypeParseStruct
                0x00006c54                TypeLastAccessibleOffset
                0x000073f4                TypeCleanup
                0x00006c78                TypeSize
                0x000071ec                TypeParse
                0x00007218                TypeParseIdentPart
                0x00006dc8                TypeGetMatching
                0x00007154                TypeParseFront
                0x00006c10                TypeSizeValue
                0x00006cd0                TypeAdd
                0x00006e3c                TypeParseEnum
 .text          0x00007400      0x658 picoc/variable.o
                0x00007544                VariableDefined
                0x00007778                VariableStackPop
                0x0000759c                VariableStackFramePop
                0x0000788c                VariableAllocValueAndData
                0x000078c4                VariableDefinePlatformVar
                0x000076b8                VariableFree
                0x00007758                VariableCleanup
                0x000074b0                VariableStringLiteralDefine
                0x00007a10                VariableAllocValueFromType
                0x00007714                VariableTableCleanup
                0x000074c4                VariableStringLiteralGet
                0x00007668                VariableInit
                0x000075ec                VariableStackFrameAdd
                0x000074ec                VariableGet
                0x00007960                VariableAllocValueAndCopy
                0x00007864                VariableAllocValueShared
                0x0000782c                VariableAllocValueFromExistingData
                0x000077e4                VariableAlloc
                0x000079a4                VariableDefine
                0x00007400                VariableDereferencePointer
 .text          0x00007a58      0x530 picoc/clibrary.o
                0x00007b3c                PrintType
                0x00007e4c                LibPrintf
                0x00007aa4                PrintInt
                0x00007a7c                PrintStr
                0x00007c24                LibGets
                0x00007a58                SPutc
                0x00007db4                LibSPrintf
                0x00007c70                GenericPrintf
                0x00007a70                PrintCh
                0x00007ee8                LibraryInit
                0x00007e70                CLibraryInit
                0x00007c0c                LibGetc
 .text          0x00007f88     0x1388 picoc/library_surveyor.o
                0x000086d4                Ctan
                0x00008ca8                Cvrcap
                0x00008734                Cwritei2c
                0x00008d10                Csonar
                0x000085a8                Cnninit
                0x00008714                Csin
                0x00008fa8                Cencoders
                0x00007fb8                Cioread
                0x0000833c                Cnnmatchblob
                0x00008080                Claser
                0x00008768                Cvcam
                0x00008be8                Cvscan
                0x00008cf4                Crange
                0x0000882c                Cgps
                0x000080e4                Cvcolor
                0x00008e68                Cmotors2
                0x000085ac                Csqrt
                0x0000830c                Cnnshow
                0x00008df0                Cservos
                0x000086f4                Ccos
                0x0000865c                Cacos
                0x00008d78                Cservos2
                0x00008a20                Ccompass
                0x0000818c                Cautorun
                0x00008f08                Cmotors
                0x0000888c                Canalog
                0x00008698                Casin
                0x00008044                Cpoke
                0x00008cac                Cvcap
                0x00008600                Cgps_head
                0x00008c5c                Cvpix
                0x000081fc                Cexit
                0x000080c4                Cbattery
                0x00008634                Catan
                0x000089e8                Ctilt
                0x00008264                Cnnlearnblob
                0x000087f4                Creadi2c
                0x000087b4                Creadi2c2
                0x00007ff0                Cpeek
                0x00008ff8                Cinput
                0x00008fd0                Crand
                0x00008174                Ctime
                0x00008cb0                Cvfind
                0x00008520                Cnntrain
                0x00008160                Cvdiff
                0x00007f88                Ciodir
                0x00008a9c                Cdelay
                0x00008ab4                Cvblob
                0x00009040                PlatformLibraryInit
                0x00008450                Cnntest
                0x00008218                Cnnset
                0x00007fd0                Ciowrite
                0x000085cc                Cgps_dist
                0x00009014                Csignal
                0x00008ba8                Cvmean
 .text          0x00009310      0x190 picoc/platform.o
                0x00009404                PlatformPrintf
                0x00009420                LexFail
                0x00009310                PlatformVPrintf
                0x0000945c                ProgramFail
 .text          0x000094a0       0xa8 picoc/platform_surveyor.o
                0x000094d8                PlatformPutc
                0x000094e0                PlatformGetLine
                0x000094a0                PlatformCleanup
                0x000094c8                PlatformGetCharacter
                0x000094ac                PlatformExit

.l1data         0xff800000     0x178c
 *(.data)
 .data          0xff800000        0x0 camera.o
 .data          0xff800000        0x0 edit.o
 .data          0xff800000       0x64 httpd.o
                0xff800000                names
 .data          0xff800064        0x0 i2c.o
 .data          0xff800064        0x0 stm_m25p32.o
 .data          0xff800064        0x0 printf.o
 .data          0xff800064        0x0 xmodem.o
 .data          0xff800064        0x0 float.o
 .data          0xff800064        0x0 gps.o
 .data          0xff800064        0x0 myfunc.o
 .data          0xff800064        0x0 main.o
 .data          0xff800064        0x0 math.o
 .data          0xff800064        0x0 malloc.o
 .data          0xff800064        0x0 string.o
 .data          0xff800064      0xa70 srv.o
                0xff80046c                version_string
                0xff80006c                font8x8
                0xff800064                fontmask
                0xff8004a0                frame
                0xff8004c0                rand_seed
 .data          0xff800ad4        0x0 uart.o
 .data          0xff800ad4        0x0 colors.o
 .data          0xff800ad4      0x8f0 jpeg.o
                0xff801304                zigzag_table
                0xff800b2c                chrominance_dc_size_table
                0xff800dcc                chrominance_ac_code_table
                0xff800c88                luminance_ac_size_table
                0xff800b44                luminance_ac_code_table
                0xff800afc                luminance_dc_size_table
                0xff800b14                chrominance_dc_code_table
                0xff801344                luminance_quant_table
                0xff801154                markerdata
                0xff800ae4                luminance_dc_code_table
                0xff800ad4                fdct_coeff
                0xff801384                chrominance_quant_table
                0xff801054                bitsize
                0xff800f10                chrominance_ac_size_table
 .data          0xff8013c4        0x0 r8x8dct.o
 .data          0xff8013c4        0x0 motionvect.o
 .data          0xff8013c4        0x0 setjmp.o
 .data          0xff8013c4       0x8c neural.o
                0xff8013c8                npattern
                0xff801448                nmask
                0xff8013c4                learn
 .data          0xff801450        0x0 init.o
 .data          0xff801450        0x0 sdcard.o
 .data          0xff801450        0x0 picoc/picoc.o
 .data          0xff801450        0x0 picoc/table.o
 .data          0xff801450      0x148 picoc/lex.o
 .data          0xff801598        0x0 picoc/parse.o
 .data          0xff801598        0x0 picoc/expression.o
 .data          0xff801598       0x10 picoc/heap.o
                0xff80159c                HeapMemStart
                0xff801598                HeapStackTop
 .data          0xff8015a8        0x0 picoc/type.o
 .data          0xff8015a8        0x0 picoc/variable.o
 .data          0xff8015a8       0x2c picoc/clibrary.o
                0xff8015a8                CLibrary
 .data          0xff8015d4      0x1b8 picoc/library_surveyor.o
                0xff8015d4                PlatformLibrary
 .data          0xff80178c        0x0 picoc/platform.o
 .data          0xff80178c        0x0 picoc/platform_surveyor.o
 *(.l1data)
 *(.l1data.a)

.l1data.b
 *(.l1data.b)

.rodata         0xff80178c     0x2e6c
 *(.rodata .rodata.* .gnu.linkonce.r.*)
 .rodata.str1.4
                0xff80178c       0xb6 edit.o
                                 0xb8 (size before relaxing)
 *fill*         0xff801842        0x2 00
 .rodata        0xff801844       0x5c edit.o
 .rodata.str1.4
                0xff8018a0      0x281 httpd.o
                                0x288 (size before relaxing)
 *fill*         0xff801b21        0x3 00
 .rodata        0xff801b24      0x148 httpd.o
 .rodata.str1.4
                0xff801c6c        0x7 printf.o
                                  0x8 (size before relaxing)
 *fill*         0xff801c73        0x1 00
 .rodata        0xff801c74      0x200 xmodem.o
 .rodata.str1.4
                0xff801e74       0x3f float.o
                                 0x40 (size before relaxing)
 *fill*         0xff801eb3        0x1 00
 .rodata.str1.4
                0xff801eb4       0xa6 gps.o
                                 0xa8 (size before relaxing)
 *fill*         0xff801f5a        0x2 00
 .rodata        0xff801f5c      0x16c gps.o
 .rodata.str1.4
                0xff8020c8       0x14 myfunc.o
 .rodata        0xff8020dc      0x38c main.o
 .rodata        0xff802468      0x1c4 srv.o
 .rodata.str1.4
                0xff80262c      0x7d5 srv.o
                                0x7e0 (size before relaxing)
 *fill*         0xff802e01        0x3 00
 .rodata        0xff802e04       0x10 uart.o
 .rodata.str1.4
                0xff802e14       0x53 colors.o
                                 0x54 (size before relaxing)
 *fill*         0xff802e67        0x1 00
 .rodata.str1.4
                0xff802e68        0x4 neural.o
                                  0xc (size before relaxing)
 .rodata.str1.4
                0xff802e6c       0x37 picoc/picoc.o
                                 0x38 (size before relaxing)
 *fill*         0xff802ea3        0x1 00
 .rodata.str1.4
                0xff802ea4        0xe picoc/table.o
                                 0x14 (size before relaxing)
 *fill*         0xff802eb2        0x2 00
 .rodata        0xff802eb4      0x2e0 picoc/lex.o
 .rodata.str1.4
                0xff803194       0xe6 picoc/lex.o
                                0x108 (size before relaxing)
 *fill*         0xff80327a        0x2 00
 .rodata.str1.4
                0xff80327c      0x1a1 picoc/parse.o
                                0x1a8 (size before relaxing)
 *fill*         0xff80341d        0x3 00
 .rodata        0xff803420       0x98 picoc/parse.o
 .rodata.str1.4
                0xff8034b8      0x362 picoc/expression.o
                                0x3b0 (size before relaxing)
 *fill*         0xff80381a        0x2 00
 .rodata        0xff80381c      0x264 picoc/expression.o
 .rodata.str1.4
                0xff803a80      0x12d picoc/type.o
                                0x164 (size before relaxing)
 *fill*         0xff803bad        0x3 00
 .rodata        0xff803bb0       0x2c picoc/type.o
 .rodata.str1.4
                0xff803bdc       0x9b picoc/variable.o
                                 0xc4 (size before relaxing)
 *fill*         0xff803c77        0x1 00
 .rodata.str1.4
                0xff803c78       0xd2 picoc/clibrary.o
                                 0xf4 (size before relaxing)
 *fill*         0xff803d4a        0x2 00
 .rodata        0xff803d4c       0x28 picoc/clibrary.o
 .rodata.str1.4
                0xff803d74      0x86a picoc/library_surveyor.o
                                0x880 (size before relaxing)
 .rodata        0xff8045de       0x10 picoc/library_surveyor.o
 *fill*         0xff8045ee        0x2 00
 .rodata.str1.4
                0xff8045f0        0x8 picoc/platform.o
                                  0xc (size before relaxing)
 .rodata.str1.4
                0x00000000       0x10 picoc/platform_surveyor.o

.data
 *(.data .data.* .gnu.linkonce.d.*)

.ctors
 *crtbegin*.o(.ctors)
 *(EXCLUDE_FILE(*crtend*.o) .ctors)
 *(SORT(.ctors.*))
 *(.ctors)

.dtors
 *crtbegin*.o(.dtors)
 *(EXCLUDE_FILE(*crtend*.o) .dtors)
 *(SORT(.dtors.*))
 *(.dtors)

.sdram.bss      0x00009548        0x0
                0x00009548                __sdram_bss_start = .
 *(.bss.sdram)
                0x00009548                . = ALIGN (0x4)
                0x00009548                __sdram_bss_end = .

.bss            0xff900000     0x3cc4
                0xff900000                __bss_start = .
 *(.dynbss)
 *(.bss .bss.* .gnu.linkonce.b.*)
 .bss           0xff900000        0x0 camera.o
 .bss           0xff900000       0x10 edit.o
 .bss           0xff900010      0x408 httpd.o
 .bss           0xff900418        0x0 i2c.o
 .bss           0xff900418        0x0 stm_m25p32.o
 .bss           0xff900418        0x0 printf.o
 .bss           0xff900418        0x0 xmodem.o
 .bss           0xff900418        0x0 float.o
 .bss           0xff900418        0x8 gps.o
 .bss           0xff900420        0x0 myfunc.o
 .bss           0xff900420        0x0 main.o
 .bss           0xff900420        0x0 math.o
 .bss           0xff900420        0x4 malloc.o
                0xff900420                allocp
 .bss           0xff900424        0x4 string.o
 .bss           0xff900428        0xc srv.o
                0xff90042c                sonar_flag
                0xff900428                failsafe_mode
                0xff900430                uart1_flag
 .bss           0xff900434        0x4 uart.o
 .bss           0xff900438       0x50 colors.o
 .bss           0xff900488        0x8 jpeg.o
                0xff900488                lcode
                0xff90048c                bitindex
 .bss           0xff900490        0x0 r8x8dct.o
 .bss           0xff900490        0x0 motionvect.o
 .bss           0xff900490        0x0 setjmp.o
 .bss           0xff900490        0x0 neural.o
 .bss           0xff900490        0x0 init.o
 .bss           0xff900490        0x0 sdcard.o
 .bss           0xff900490        0x0 picoc/picoc.o
 .bss           0xff900490        0x4 picoc/table.o
                0xff900490                StrEmpty
 .bss           0xff900494       0x3c picoc/lex.o
 .bss           0xff9004d0        0x4 picoc/parse.o
 .bss           0xff9004d4        0x0 picoc/expression.o
 .bss           0xff9004d4       0x24 picoc/heap.o
 .bss           0xff9004f8        0x0 picoc/type.o
 .bss           0xff9004f8        0x4 picoc/variable.o
                0xff9004f8                TopStackFrame
 .bss           0xff9004fc        0x4 picoc/clibrary.o
 .bss           0xff900500       0xcc picoc/library_surveyor.o
 .bss           0xff9005cc        0x0 picoc/platform.o
 .bss           0xff9005cc        0x0 picoc/platform_surveyor.o
 *(COMMON)
 COMMON         0xff9005cc       0x18 camera.o
                0xff9005cc                dlist2
                0xff9005d8                dlist1
 COMMON         0xff9005e4      0x406 xmodem.o
                0xff9005e4                xbuff
 *fill*         0xff9009ea        0x2 00
 COMMON         0xff9009ec       0x18 gps.o
                0xff9009ec                gps_gga
 COMMON         0xff900a04       0x14 malloc.o
                0xff900a04                base
                0xff900a0c                heap_end
                0xff900a10                heap_start
                0xff900a14                heap_ptr
 COMMON         0xff900a18       0xdc srv.o
                0xff900a18                imgWidth
                0xff900a1c                rfailsafe
                0xff900a20                j
                0xff900a24                x_acc
                0xff900a28                i
                0xff900a2c                invert_flag
                0xff900a30                segmentation_flag
                0xff900a34                move_stop_time
                0xff900a38                pwm2_init
                0xff900a3c                sonar_data
                0xff900a50                y_acc0
                0xff900a54                quality
                0xff900a58                move_start_time
                0xff900a5c                y_acc
                0xff900a60                output_start
                0xff900a64                lcount
                0xff900a68                pwm1_init
                0xff900a6c                image_size
                0xff900a70                pwm1_mode
                0xff900a74                x_center
                0xff900a78                lfailsafe
                0xff900a7c                edge_thresh
                0xff900a80                horizon_detect_flag
                0xff900a84                master
                0xff900a88                base_speed
                0xff900a8c                rspeed2
                0xff900a90                lspeed
                0xff900a94                overlay_flag
                0xff900a98                lspeed2
                0xff900a9c                err1
                0xff900aa0                cp
                0xff900aa4                output_end
                0xff900aa8                pwm2_mode
                0xff900aac                obstacle_detect_flag
                0xff900ab0                framecount
                0xff900ab4                rcount
                0xff900ab8                x_acc0
                0xff900abc                imgHead
                0xff900ac8                edge_detect_flag
                0xff900acc                encoder_flag
                0xff900ad0                imgHeight
                0xff900ad4                failsafe_clock
                0xff900ad8                move_time_mS
                0xff900adc                y_center
                0xff900ae0                rspeed
                0xff900ae4                base_speed2
                0xff900ae8                frame_diff_flag
                0xff900aec                ix
                0xff900af0                robot_moving
 COMMON         0xff900af4      0xf8c colors.o
                0xff900af4                blobcnt
                0xff900bf0                ymax
                0xff900c34                blobx1
                0xff900d30                umax
                0xff900d74                hist0
                0xff901174                hist1
                0xff901574                blobix
                0xff901670                bloby2
                0xff90176c                mean
                0xff901778                vmax
                0xff9017bc                vmin
                0xff901800                bloby1
                0xff9018fc                blobx2
                0xff9019f8                ymin
                0xff901a3c                umin
 COMMON         0xff901a80      0x584 jpeg.o
                0xff901a80                Y2
                0xff901b00                Temp
                0xff901b80                Cqt
                0xff901bc0                Y3
                0xff901c40                Y4
                0xff901cc0                ICqt
                0xff901d40                ILqt
                0xff901dc0                CR
                0xff901e40                Lqt
                0xff901e80                CB
                0xff901f00                fdct_temp
                0xff901f80                read_format
                0xff901f84                Y1
 COMMON         0xff902004     0x1640 neural.o
                0xff902004                weights
                0xff903404                teach_neurons
                0xff903444                nerror
                0xff9034c4                neurons
 COMMON         0xff903644      0x18c picoc/table.o
                0xff903644                StringHashTable
                0xff9037c8                StringTable
 COMMON         0xff9037d0      0x128 picoc/type.o
                0xff9037d0                CharArrayType
                0xff9037d4                FunctionType
                0xff9037f8                EnumType
                0xff90381c                VoidType
                0xff903840                MacroType
                0xff903864                CharType
                0xff903888                CharPtrType
                0xff90388c                WordType
                0xff9038b0                IntType
                0xff9038d4                UberType
 COMMON         0xff9038f8      0x318 picoc/variable.o
                0xff9038f8                StringLiteralHashTable
                0xff903a7c                GlobalHashTable
                0xff903c00                GlobalTable
                0xff903c08                StringLiteralTable
 COMMON         0xff903c10       0x10 picoc/clibrary.o
                0xff903c10                CStdOut
 COMMON         0xff903c20       0xa4 picoc/platform_surveyor.o
                0xff903c20                ExitBuf
                0xff903cc4                . = ALIGN (0x4)
                0xff903cc4                __bss_end = .
                0xffb00ffc                . = 0xffb00ffc
                0xffb00ffc                PROVIDE (_supervisor_stack, .)
LOAD init.o
LOAD main.o
LOAD srv.o
LOAD uart.o
LOAD camera.o
LOAD jpeg.o
LOAD i2c.o
LOAD stm_m25p32.o
LOAD float.o
LOAD httpd.o
LOAD xmodem.o
LOAD colors.o
LOAD edit.o
LOAD malloc.o
LOAD string.o
LOAD printf.o
LOAD myfunc.o
LOAD neural.o
LOAD gps.o
LOAD sdcard.o
LOAD picoc/picoc.o
LOAD picoc/table.o
LOAD picoc/lex.o
LOAD picoc/parse.o
LOAD picoc/expression.o
LOAD picoc/heap.o
LOAD picoc/type.o
LOAD picoc/variable.o
LOAD picoc/clibrary.o
LOAD picoc/library_surveyor.o
LOAD picoc/platform.o
LOAD picoc/platform_surveyor.o
LOAD r8x8dct.o
LOAD math.o
LOAD setjmp.o
LOAD motionvect.o
OUTPUT(srv1.bin elf32-bfin)

.debug_abbrev   0x00000000     0x30e4
 .debug_abbrev  0x00000000       0xcf camera.o
 .debug_abbrev  0x000000cf       0xeb edit.o
 .debug_abbrev  0x000001ba      0x1da httpd.o
 .debug_abbrev  0x00000394       0x8a i2c.o
 .debug_abbrev  0x0000041e      0x1d8 stm_m25p32.o
 .debug_abbrev  0x000005f6      0x124 printf.o
 .debug_abbrev  0x0000071a      0x183 xmodem.o
 .debug_abbrev  0x0000089d      0x244 float.o
 .debug_abbrev  0x00000ae1      0x1b7 gps.o
 .debug_abbrev  0x00000c98       0x43 myfunc.o
 .debug_abbrev  0x00000cdb       0x5d main.o
 .debug_abbrev  0x00000d38      0x14c malloc.o
 .debug_abbrev  0x00000e84      0x16c string.o
 .debug_abbrev  0x00000ff0      0x25c srv.o
 .debug_abbrev  0x0000124c      0x128 uart.o
 .debug_abbrev  0x00001374      0x1c3 colors.o
 .debug_abbrev  0x00001537      0x186 jpeg.o
 .debug_abbrev  0x000016bd      0x114 neural.o
 .debug_abbrev  0x000017d1       0x45 init.o
 .debug_abbrev  0x00001816       0xf3 sdcard.o
 .debug_abbrev  0x00001909      0x153 picoc/picoc.o
 .debug_abbrev  0x00001a5c      0x239 picoc/table.o
 .debug_abbrev  0x00001c95      0x276 picoc/lex.o
 .debug_abbrev  0x00001f0b      0x269 picoc/parse.o
 .debug_abbrev  0x00002174      0x245 picoc/expression.o
 .debug_abbrev  0x000023b9      0x151 picoc/heap.o
 .debug_abbrev  0x0000250a      0x252 picoc/type.o
 .debug_abbrev  0x0000275c      0x1fb picoc/variable.o
 .debug_abbrev  0x00002957      0x270 picoc/clibrary.o
 .debug_abbrev  0x00002bc7      0x273 picoc/library_surveyor.o
 .debug_abbrev  0x00002e3a      0x142 picoc/platform.o
 .debug_abbrev  0x00002f7c      0x168 picoc/platform_surveyor.o

.debug_info     0x00000000     0xf2fa
 .debug_info    0x00000000      0x136 camera.o
 .debug_info    0x00000136      0x1e7 edit.o
 .debug_info    0x0000031d      0x43f httpd.o
 .debug_info    0x0000075c      0x158 i2c.o
 .debug_info    0x000008b4      0x604 stm_m25p32.o
 .debug_info    0x00000eb8      0x34a printf.o
 .debug_info    0x00001202      0x3e3 xmodem.o
 .debug_info    0x000015e5      0x78d float.o
 .debug_info    0x00001d72      0x5af gps.o
 .debug_info    0x00002321       0x54 myfunc.o
 .debug_info    0x00002375       0x68 main.o
 .debug_info    0x000023dd      0x23a malloc.o
 .debug_info    0x00002617      0x501 string.o
 .debug_info    0x00002b18     0x1dd3 srv.o
 .debug_info    0x000048eb      0x42d uart.o
 .debug_info    0x00004d18      0xbfe colors.o
 .debug_info    0x00005916      0xb0b jpeg.o
 .debug_info    0x00006421      0x438 neural.o
 .debug_info    0x00006859       0x64 init.o
 .debug_info    0x000068bd      0x391 sdcard.o
 .debug_info    0x00006c4e      0x54f picoc/picoc.o
 .debug_info    0x0000719d      0x8db picoc/table.o
 .debug_info    0x00007a78      0xf3c picoc/lex.o
 .debug_info    0x000089b4      0xc1e picoc/parse.o
 .debug_info    0x000095d2     0x12a0 picoc/expression.o
 .debug_info    0x0000a872      0x29f picoc/heap.o
 .debug_info    0x0000ab11      0xcda picoc/type.o
 .debug_info    0x0000b7eb      0xb67 picoc/variable.o
 .debug_info    0x0000c352      0xaa1 picoc/clibrary.o
 .debug_info    0x0000cdf3     0x1fcd picoc/library_surveyor.o
 .debug_info    0x0000edc0      0x2fb picoc/platform.o
 .debug_info    0x0000f0bb      0x23f picoc/platform_surveyor.o

.debug_line     0x00000000     0x3bf1
 .debug_line    0x00000000       0x72 camera.o
 .debug_line    0x00000072       0xd1 edit.o
 .debug_line    0x00000143      0x161 httpd.o
 .debug_line    0x000002a4       0xa7 i2c.o
 .debug_line    0x0000034b      0x1ac stm_m25p32.o
 .debug_line    0x000004f7       0xf8 printf.o
 .debug_line    0x000005ef      0x139 xmodem.o
 .debug_line    0x00000728      0x30e float.o
 .debug_line    0x00000a36      0x2a7 gps.o
 .debug_line    0x00000cdd       0x3c myfunc.o
 .debug_line    0x00000d19      0x12b main.o
 .debug_line    0x00000e44       0xa6 malloc.o
 .debug_line    0x00000eea      0x10d string.o
 .debug_line    0x00000ff7      0xb22 srv.o
 .debug_line    0x00001b19      0x125 uart.o
 .debug_line    0x00001c3e      0x380 colors.o
 .debug_line    0x00001fbe      0x315 jpeg.o
 .debug_line    0x000022d3      0x11e neural.o
 .debug_line    0x000023f1       0x53 init.o
 .debug_line    0x00002444      0x10b sdcard.o
 .debug_line    0x0000254f       0x92 picoc/picoc.o
 .debug_line    0x000025e1       0xe3 picoc/table.o
 .debug_line    0x000026c4      0x36e picoc/lex.o
 .debug_line    0x00002a32      0x26b picoc/parse.o
 .debug_line    0x00002c9d      0x46f picoc/expression.o
 .debug_line    0x0000310c       0xe9 picoc/heap.o
 .debug_line    0x000031f5      0x1e4 picoc/type.o
 .debug_line    0x000033d9      0x1a2 picoc/variable.o
 .debug_line    0x0000357b      0x176 picoc/clibrary.o
 .debug_line    0x000036f1      0x3a9 picoc/library_surveyor.o
 .debug_line    0x00003a9a       0xc7 picoc/platform.o
 .debug_line    0x00003b61       0x90 picoc/platform_surveyor.o

.debug_frame    0x00000000     0x38dc
 .debug_frame   0x00000000       0x4c camera.o
 .debug_frame   0x0000004c      0x100 edit.o
 .debug_frame   0x0000014c       0xb8 httpd.o
 .debug_frame   0x00000204       0x40 i2c.o
 .debug_frame   0x00000244      0x214 stm_m25p32.o
 .debug_frame   0x00000458       0xd4 printf.o
 .debug_frame   0x0000052c       0xc8 xmodem.o
 .debug_frame   0x000005f4      0x244 float.o
 .debug_frame   0x00000838      0x1ac gps.o
 .debug_frame   0x000009e4       0x28 myfunc.o
 .debug_frame   0x00000a0c       0x38 main.o
 .debug_frame   0x00000a44       0x94 malloc.o
 .debug_frame   0x00000ad8      0x174 string.o
 .debug_frame   0x00000c4c      0xb18 srv.o
 .debug_frame   0x00001764      0x1e4 uart.o
 .debug_frame   0x00001948      0x274 colors.o
 .debug_frame   0x00001bbc      0x1b0 jpeg.o
 .debug_frame   0x00001d6c      0x16c neural.o
 .debug_frame   0x00001ed8       0xa4 init.o
 .debug_frame   0x00001f7c      0x1a8 sdcard.o
 .debug_frame   0x00002124       0x74 picoc/picoc.o
 .debug_frame   0x00002198      0x14c picoc/table.o
 .debug_frame   0x000022e4      0x29c picoc/lex.o
 .debug_frame   0x00002580      0x1b8 picoc/parse.o
 .debug_frame   0x00002738      0x2e0 picoc/expression.o
 .debug_frame   0x00002a18       0xbc picoc/heap.o
 .debug_frame   0x00002ad4      0x1dc picoc/type.o
 .debug_frame   0x00002cb0      0x2e0 picoc/variable.o
 .debug_frame   0x00002f90      0x1b4 picoc/clibrary.o
 .debug_frame   0x00003144      0x690 picoc/library_surveyor.o
 .debug_frame   0x000037d4       0x7c picoc/platform.o
 .debug_frame   0x00003850       0x8c picoc/platform_surveyor.o

.debug_loc      0x00000000    0x12d7b
 .debug_loc     0x00000000       0x5b camera.o
 .debug_loc     0x0000005b      0x2eb edit.o
 .debug_loc     0x00000346      0x463 httpd.o
 .debug_loc     0x000007a9      0x23f i2c.o
 .debug_loc     0x000009e8      0x89e stm_m25p32.o
 .debug_loc     0x00001286      0x79d printf.o
 .debug_loc     0x00001a23      0x6ac xmodem.o
 .debug_loc     0x000020cf      0xf86 float.o
 .debug_loc     0x00003055     0x102f gps.o
 .debug_loc     0x00004084       0x3e myfunc.o
 .debug_loc     0x000040c2       0x2b main.o
 .debug_loc     0x000040ed      0x1e1 malloc.o
 .debug_loc     0x000042ce      0x65d string.o
 .debug_loc     0x0000492b     0x259c srv.o
 .debug_loc     0x00006ec7      0x641 uart.o
 .debug_loc     0x00007508     0x1422 colors.o
 .debug_loc     0x0000892a     0x14f7 jpeg.o
 .debug_loc     0x00009e21      0x460 neural.o
 .debug_loc     0x0000a281      0x122 init.o
 .debug_loc     0x0000a3a3      0x6d6 sdcard.o
 .debug_loc     0x0000aa79       0xfa picoc/picoc.o
 .debug_loc     0x0000ab73      0x614 picoc/table.o
 .debug_loc     0x0000b187      0xfb2 picoc/lex.o
 .debug_loc     0x0000c139      0xb63 picoc/parse.o
 .debug_loc     0x0000cc9c     0x1d8f picoc/expression.o
 .debug_loc     0x0000ea2b      0x2e2 picoc/heap.o
 .debug_loc     0x0000ed0d      0x946 picoc/type.o
 .debug_loc     0x0000f653      0xd45 picoc/variable.o
 .debug_loc     0x00010398      0x8db picoc/clibrary.o
 .debug_loc     0x00010c73     0x1d5e picoc/library_surveyor.o
 .debug_loc     0x000129d1      0x20f picoc/platform.o
 .debug_loc     0x00012be0      0x19b picoc/platform_surveyor.o

.debug_pubnames
                0x00000000     0x2771
 .debug_pubnames
                0x00000000       0x59 camera.o
 .debug_pubnames
                0x00000059       0x98 edit.o
 .debug_pubnames
                0x000000f1       0x7a httpd.o
 .debug_pubnames
                0x0000016b       0x39 i2c.o
 .debug_pubnames
                0x000001a4      0x120 stm_m25p32.o
 .debug_pubnames
                0x000002c4       0x29 printf.o
 .debug_pubnames
                0x000002ed       0x5d xmodem.o
 .debug_pubnames
                0x0000034a      0x10f float.o
 .debug_pubnames
                0x00000459       0x9f gps.o
 .debug_pubnames
                0x000004f8       0x1d myfunc.o
 .debug_pubnames
                0x00000515       0x1b main.o
 .debug_pubnames
                0x00000530       0x87 malloc.o
 .debug_pubnames
                0x000005b7       0xce string.o
 .debug_pubnames
                0x00000685      0xa70 srv.o
 .debug_pubnames
                0x000010f5      0x150 uart.o
 .debug_pubnames
                0x00001245      0x169 colors.o
 .debug_pubnames
                0x000013ae      0x2cc jpeg.o
 .debug_pubnames
                0x0000167a      0x11a neural.o
 .debug_pubnames
                0x00001794       0x1f init.o
 .debug_pubnames
                0x000017b3       0xd1 sdcard.o
 .debug_pubnames
                0x00001884       0x37 picoc/picoc.o
 .debug_pubnames
                0x000018bb       0xe1 picoc/table.o
 .debug_pubnames
                0x0000199c      0x1b8 picoc/lex.o
 .debug_pubnames
                0x00001b54       0xe8 picoc/parse.o
 .debug_pubnames
                0x00001c3c      0x208 picoc/expression.o
 .debug_pubnames
                0x00001e44       0xad picoc/heap.o
 .debug_pubnames
                0x00001ef1      0x1b6 picoc/type.o
 .debug_pubnames
                0x000020a7      0x274 picoc/variable.o
 .debug_pubnames
                0x0000231b       0xd1 picoc/clibrary.o
 .debug_pubnames
                0x000023ec      0x2af picoc/library_surveyor.o
 .debug_pubnames
                0x0000269b       0x55 picoc/platform.o
 .debug_pubnames
                0x000026f0       0x81 picoc/platform_surveyor.o

.debug_aranges  0x00000000      0x400
 .debug_aranges
                0x00000000       0x20 camera.o
 .debug_aranges
                0x00000020       0x20 edit.o
 .debug_aranges
                0x00000040       0x20 httpd.o
 .debug_aranges
                0x00000060       0x20 i2c.o
 .debug_aranges
                0x00000080       0x20 stm_m25p32.o
 .debug_aranges
                0x000000a0       0x20 printf.o
 .debug_aranges
                0x000000c0       0x20 xmodem.o
 .debug_aranges
                0x000000e0       0x20 float.o
 .debug_aranges
                0x00000100       0x20 gps.o
 .debug_aranges
                0x00000120       0x20 myfunc.o
 .debug_aranges
                0x00000140       0x20 main.o
 .debug_aranges
                0x00000160       0x20 malloc.o
 .debug_aranges
                0x00000180       0x20 string.o
 .debug_aranges
                0x000001a0       0x20 srv.o
 .debug_aranges
                0x000001c0       0x20 uart.o
 .debug_aranges
                0x000001e0       0x20 colors.o
 .debug_aranges
                0x00000200       0x20 jpeg.o
 .debug_aranges
                0x00000220       0x20 neural.o
 .debug_aranges
                0x00000240       0x20 init.o
 .debug_aranges
                0x00000260       0x20 sdcard.o
 .debug_aranges
                0x00000280       0x20 picoc/picoc.o
 .debug_aranges
                0x000002a0       0x20 picoc/table.o
 .debug_aranges
                0x000002c0       0x20 picoc/lex.o
 .debug_aranges
                0x000002e0       0x20 picoc/parse.o
 .debug_aranges
                0x00000300       0x20 picoc/expression.o
 .debug_aranges
                0x00000320       0x20 picoc/heap.o
 .debug_aranges
                0x00000340       0x20 picoc/type.o
 .debug_aranges
                0x00000360       0x20 picoc/variable.o
 .debug_aranges
                0x00000380       0x20 picoc/clibrary.o
 .debug_aranges
                0x000003a0       0x20 picoc/library_surveyor.o
 .debug_aranges
                0x000003c0       0x20 picoc/platform.o
 .debug_aranges
                0x000003e0       0x20 picoc/platform_surveyor.o

.debug_str      0x00000000     0x36c0
 .debug_str     0x00000000       0xc8 camera.o
                                 0xce (size before relaxing)
 .debug_str     0x000000c8       0x94 edit.o
                                 0xcc (size before relaxing)
 .debug_str     0x0000015c      0x164 httpd.o
                                0x1d8 (size before relaxing)
 .debug_str     0x000002c0       0x55 i2c.o
                                 0xa0 (size before relaxing)
 .debug_str     0x00000315      0x263 stm_m25p32.o
                                0x2f7 (size before relaxing)
 .debug_str     0x00000578       0x4e printf.o
                                 0xb7 (size before relaxing)
 .debug_str     0x000005c6       0xce xmodem.o
                                0x13e (size before relaxing)
 .debug_str     0x00000694      0x161 float.o
                                0x1e2 (size before relaxing)
 .debug_str     0x000007f5       0xb2 gps.o
                                0x135 (size before relaxing)
 .debug_str     0x000008a7       0x10 myfunc.o
                                 0x48 (size before relaxing)
 .debug_str     0x000008b7        0xc main.o
                                 0x44 (size before relaxing)
 .debug_str     0x000008c3       0x6a malloc.o
                                 0xb9 (size before relaxing)
 .debug_str     0x0000092d       0xb0 string.o
                                0x11b (size before relaxing)
 .debug_str     0x000009dd      0x910 srv.o
                                0xab3 (size before relaxing)
 .debug_str     0x000012ed      0x12f uart.o
                                0x1cd (size before relaxing)
 .debug_str     0x0000141c       0xd9 colors.o
                                0x1ee (size before relaxing)
 .debug_str     0x000014f5      0x444 jpeg.o
                                0x4f6 (size before relaxing)
 .debug_str     0x00001939       0xd9 neural.o
                                0x150 (size before relaxing)
 .debug_str     0x00001a12       0x43 init.o
                                 0x6d (size before relaxing)
 .debug_str     0x00001a55       0xce sdcard.o
                                0x128 (size before relaxing)
 .debug_str     0x00001b23      0x232 picoc/picoc.o
                                0x34c (size before relaxing)
 .debug_str     0x00001d55      0x11f picoc/table.o
                                0x3ff (size before relaxing)
 .debug_str     0x00001e74      0x84b picoc/lex.o
                                0xb75 (size before relaxing)
 .debug_str     0x000026bf      0x248 picoc/parse.o
                                0xa84 (size before relaxing)
 .debug_str     0x00002907      0x459 picoc/expression.o
                                0xd40 (size before relaxing)
 .debug_str     0x00002d60       0xf8 picoc/heap.o
                                0x180 (size before relaxing)
 .debug_str     0x00002e58      0x18a picoc/type.o
                                0xa66 (size before relaxing)
 .debug_str     0x00002fe2      0x25c picoc/variable.o
                                0x618 (size before relaxing)
 .debug_str     0x0000323e      0x16f picoc/clibrary.o
                                0x50d (size before relaxing)
 .debug_str     0x000033ad      0x24f picoc/library_surveyor.o
                                0x6dd (size before relaxing)
 .debug_str     0x000035fc       0x54 picoc/platform.o
                                0x1c1 (size before relaxing)
 .debug_str     0x00003650       0x70 picoc/platform_surveyor.o
                                0x1ac (size before relaxing)

.comment        0x00000000      0x380
 .comment       0x00000000       0x1c camera.o
 .comment       0x0000001c       0x1c edit.o
 .comment       0x00000038       0x1c httpd.o
 .comment       0x00000054       0x1c i2c.o
 .comment       0x00000070       0x1c stm_m25p32.o
 .comment       0x0000008c       0x1c printf.o
 .comment       0x000000a8       0x1c xmodem.o
 .comment       0x000000c4       0x1c float.o
 .comment       0x000000e0       0x1c gps.o
 .comment       0x000000fc       0x1c myfunc.o
 .comment       0x00000118       0x1c main.o
 .comment       0x00000134       0x1c malloc.o
 .comment       0x00000150       0x1c string.o
 .comment       0x0000016c       0x1c srv.o
 .comment       0x00000188       0x1c uart.o
 .comment       0x000001a4       0x1c colors.o
 .comment       0x000001c0       0x1c jpeg.o
 .comment       0x000001dc       0x1c neural.o
 .comment       0x000001f8       0x1c init.o
 .comment       0x00000214       0x1c sdcard.o
 .comment       0x00000230       0x1c picoc/picoc.o
 .comment       0x0000024c       0x1c picoc/table.o
 .comment       0x00000268       0x1c picoc/lex.o
 .comment       0x00000284       0x1c picoc/parse.o
 .comment       0x000002a0       0x1c picoc/expression.o
 .comment       0x000002bc       0x1c picoc/heap.o
 .comment       0x000002d8       0x1c picoc/type.o
 .comment       0x000002f4       0x1c picoc/variable.o
 .comment       0x00000310       0x1c picoc/clibrary.o
 .comment       0x0000032c       0x1c picoc/library_surveyor.o
 .comment       0x00000348       0x1c picoc/platform.o
 .comment       0x00000364       0x1c picoc/platform_surveyor.o

.debug_ranges   0x00000000      0x4c0
 .debug_ranges  0x00000000       0x28 httpd.o
 .debug_ranges  0x00000028       0x28 printf.o
 .debug_ranges  0x00000050       0x70 xmodem.o
 .debug_ranges  0x000000c0       0x30 string.o
 .debug_ranges  0x000000f0       0x38 init.o
 .debug_ranges  0x00000128       0xb8 picoc/table.o
 .debug_ranges  0x000001e0       0x80 picoc/lex.o
 .debug_ranges  0x00000260       0x60 picoc/parse.o
 .debug_ranges  0x000002c0      0x1d0 picoc/expression.o
 .debug_ranges  0x00000490       0x18 picoc/type.o
 .debug_ranges  0x000004a8       0x18 picoc/clibrary.o
