
Allocating common symbols
Common symbol       size              file

imgWidth            0x4               srv.o
rfailsafe           0x4               srv.o
j                   0x4               srv.o
Y2                  0x80              jpeg.o
x_acc               0x4               srv.o
i                   0x4               srv.o
blobcnt             0xfc              colors.o
segmentation_flag   0x4               srv.o
Temp                0x80              jpeg.o
Cqt                 0x40              jpeg.o
ymax                0x44              colors.o
blobx1              0xfc              colors.o
pwm2_init           0x4               srv.o
Y3                  0x80              jpeg.o
base                0x8               malloc.o
sonar_data          0x14              srv.o
weights             0x1400            neural.o
teach_neurons       0x40              neural.o
nerror              0x80              neural.o
y_acc0              0x4               srv.o
StringHashTable     0x184             picoc/table.o
CharArrayType       0x4               picoc/type.o
Y4                  0x80              jpeg.o
FunctionType        0x20              picoc/type.o
umax                0x44              colors.o
ICqt                0x80              jpeg.o
hist0               0x400             colors.o
heap_end            0x4               malloc.o
quality             0x4               srv.o
y_acc               0x4               srv.o
output_start        0x4               srv.o
hist1               0x400             colors.o
pwm1_init           0x4               srv.o
image_size          0x4               srv.o
ILqt                0x80              jpeg.o
heap_start          0x4               malloc.o
pwm1_mode           0x4               srv.o
neurons             0x180             neural.o
x_center            0x4               srv.o
blobix              0xfc              colors.o
EnumType            0x20              picoc/type.o
VoidType            0x20              picoc/type.o
lfailsafe           0x4               srv.o
edge_thresh         0x4               srv.o
master              0x4               srv.o
bloby2              0xfc              colors.o
mean                0xc               colors.o
base_speed          0x4               srv.o
rspeed2             0x4               srv.o
lspeed              0x4               srv.o
GlobalHashTable     0x634             picoc/variable.o
vmax                0x44              colors.o
CR                  0x80              jpeg.o
overlay_flag        0x4               srv.o
StringTable         0x8               picoc/table.o
lspeed2             0x4               srv.o
err1                0x4               srv.o
cp                  0x4               srv.o
Lqt                 0x40              jpeg.o
GlobalTable         0x8               picoc/variable.o
MacroType           0x20              picoc/type.o
Type_Type           0x20              picoc/type.o
CharType            0x20              picoc/type.o
output_end          0x4               srv.o
CB                  0x80              jpeg.o
pwm2_mode           0x4               srv.o
CharPtrType         0x4               picoc/type.o
fdct_temp           0x80              jpeg.o
framecount          0x4               srv.o
vmin                0x44              colors.o
heap_ptr            0x4               malloc.o
bloby1              0xfc              colors.o
WordType            0x20              picoc/type.o
x_acc0              0x4               srv.o
IntType             0x20              picoc/type.o
imgHead             0xb               srv.o
read_format         0x4               jpeg.o
silent_console      0x4               srv.o
edge_detect_flag    0x4               srv.o
imgHeight           0x4               srv.o
UberType            0x20              picoc/type.o
failsafe_clock      0x4               srv.o
blobx2              0xfc              colors.o
dlist2              0xc               camera.o
y_center            0x4               srv.o
xbuff               0x406             xmodem.o
errjmp              0xa4              picoc/platform_support.o
dlist1              0xc               camera.o
ymin                0x44              colors.o
umin                0x44              colors.o
rspeed              0x4               srv.o
frame_diff_flag     0x4               srv.o
ix                  0x4               srv.o
Y1                  0x80              jpeg.o

Memory Configuration

Name             Origin             Length             Attributes
ram              0x00000000         0x02000000         xrw
l1code           0xffa00000         0x00010000         x
l1data_a         0xff800000         0x00008000         rw
l1data_b         0xff900000         0x00008000         rw
scratchpad       0xffb00000         0x00001000         rw
*default*        0x00000000         0xffffffff

Linker script and memory map


.sdram.text
 camera.o(.sdram.text)
 edit.o(.sdram.text)
 i2c.o(.sdram.text)
 stm_m25p32.o(.sdram.text)
 printf.o(.sdram.text)
 xmodem.o(.sdram.text)
 myfunc.o(.sdram.text)
 *(.gnu.warning)

.l1code         0xffa00000     0x5e40
 main.o(.text)
 .text          0xffa00000      0x2b0 main.o
                0xffa00000                main
 math.o(.text)
 .text          0xffa002b0      0x200 math.o
                0xffa0037c                __umodsi3
                0xffa003ae                __divsi3
                0xffa002b0                __udivsi3
 malloc.o(.text)
 .text          0xffa004b0      0x1a4 malloc.o
                0xffa0058c                morecore
                0xffa00504                free
                0xffa004b0                init_heap
                0xffa004f0                sbrk
                0xffa005d0                malloc
 srv.o(.text)
 .text          0xffa00654     0x2ff8 srv.o
                0xffa01484                motor_command
                0xffa02248                process_i2c
                0xffa02344                restore_video
                0xffa02570                xmodem_receive
                0xffa00df0                clearRTC
                0xffa00f10                delayUS
                0xffa02380                invert_video
                0xffa00898                grab_reference_frame
                0xffa00e00                delayMS
                0xffa01670                set_edge_thresh
                0xffa00f84                delayNS
                0xffa00b20                setPPM1
                0xffa01098                rand
                0xffa024ac                read_user_sector
                0xffa00d5c                initRTC
                0xffa02828                serial_out_flashbuffer
                0xffa025b4                camera_reset
                0xffa023bc                write_boot_flash
                0xffa008cc                initPWM
                0xffa00964                init_sonar
                0xffa01014                check_failsafe
                0xffa019ec                show_stack_ptr
                0xffa02eb8                process_colors
                0xffa01dac                laser_range
                0xffa019d4                show_heap_ptr
                0xffa0160c                overlay_on
                0xffa01910                lasers_off
                0xffa00724                clear_sdram
                0xffa00768                led1_on
                0xffa01588                change_image_quality
                0xffa0074c                stack_remaining
                0xffa00c98                check_bounds_0_100
                0xffa00870                move_image
                0xffa02420                write_user_sector
                0xffa019fc                process_neuralnet
                0xffa01218                ppm2_command
                0xffa00a34                setPWM
                0xffa02210                show_laser_range
                0xffa02544                crc_flash_buffer
                0xffa02890                send_frame
                0xffa01170                ctoi
                0xffa018e8                check_battery
                0xffa013f8                motor_increase_base_speed
                0xffa0174c                ping_sonar
                0xffa01554                clear_flash_buffer
                0xffa011b0                enable_failsafe
                0xffa01940                lasers_on
                0xffa01290                ppm1_command
                0xffa01308                motor_action
                0xffa00d7c                readRTC
                0xffa00cb4                motor_trim_right
                0xffa00758                led0_on
                0xffa00d08                motor_trim_left
                0xffa00654                init_io
                0xffa0198c                serial_out_version
                0xffa00778                compute_frame_diff
                0xffa02568                launch_editor
                0xffa016b4                enable_edge_detect
                0xffa02e10                grab_frame
                0xffa016ec                enable_segmentation
                0xffa02480                write_user_flash
                0xffa00e30                motor_set
                0xffa00930                initTMR4
                0xffa0098c                initPPM1
                0xffa00bdc                setPPM2
                0xffa01360                motor_decrease_base_speed
                0xffa009e0                initPPM2
                0xffa01970                serial_out_time
                0xffa007d0                set_caption
                0xffa01634                disable_frame_diff
                0xffa006f8                reset_cpu
                0xffa02504                read_user_flash
                0xffa01144                isqrt
                0xffa00ffc                reset_failsafe_clock
                0xffa01188                disable_failsafe
                0xffa015e4                overlay_off
                0xffa01714                enable_frame_diff
                0xffa02768                camera_setup
 uart.o(.text)
 .text          0xffa0364c      0x314 uart.o
                0xffa037f4                uart1SendChar
                0xffa03868                uart1GetCh
                0xffa037d0                uart0GetChar
                0xffa03698                init_fast_uart0
                0xffa03790                uart0SendChars
                0xffa037b4                uart0GetCh
                0xffa03764                uart0SendString
                0xffa03734                uart0SendChar
                0xffa03844                uart1SendChars
                0xffa0364c                init_uart0
                0xffa038a8                printNumber
                0xffa03818                uart1SendString
                0xffa03884                uart1GetChar
                0xffa036e4                init_uart1
 colors.o(.text)
 .text          0xffa03960      0xcf8 colors.o
                0xffa03b0c                vmean
                0xffa03d88                edge_detect
                0xffa03f28                svs_segcode
                0xffa03bd4                color_segment
                0xffa0411c                vblob
                0xffa039e4                blob_merge
                0xffa04080                svs_segview
                0xffa03960                init_colors
                0xffa03a40                vhist
                0xffa039b0                vpix
 jpeg.o(.text)
 .text          0xffa04658      0xdc4 jpeg.o
                0xffa05224                DCT
                0xffa04c18                close_bitstream
                0xffa05238                encodeMCU
                0xffa04750                huffman
                0xffa04c8c                write_markers
                0xffa05334                encode_image
                0xffa04eac                initialize_quantization_tables
                0xffa05070                read_422_format
                0xffa04658                initialization
                0xffa04730                levelshift
                0xffa04fa0                quantization
                0xffa04ff0                read_400_format
 r8x8dct.o(.text)
 *fill*         0xffa0541c        0x4 00
 .text          0xffa05420       0xf0 r8x8dct.o
                0xffa05420                _r8x8dct
 spi.o(.text)
 .text          0xffa05510      0x1e8 spi.o
                0xffa055f8                svs_master
                0xffa05510                svs_slave
 uart.o(.text)
 setjmp.o(.text)
 .text          0xffa056f8      0x184 setjmp.o
                0xffa056f8                longjmp
                0xffa057c0                setjmp
 neural.o(.text)
 .text          0xffa0587c      0x5c4 neural.o
                0xffa05c1c                nnpack8x8
                0xffa05e08                nninit_network
                0xffa05c98                nndisplay
                0xffa05914                f_logic
                0xffa05974                nncalculate_network
                0xffa05a5c                nncalculate_errors
                0xffa05d2c                nntrain_network
                0xffa05d18                nninit_pattern
                0xffa0587c                nnset_pattern
                0xffa05b10                nnscale8x8

.text           0x00000000     0x48a8
 .text          0x00000000       0xf0 camera.o
                0x00000000                camera_init
                0x000000a8                camera_start
                0x000000cc                camera_stop
 .text          0x000000f0      0x340 edit.o
                0x00000288                insert_char
                0x00000138                find_next_line
                0x00000300                edit
                0x000001d4                find_buffer_end
                0x000000f0                delete_char
                0x0000021c                print_lines
                0x000002e0                print_help
                0x00000188                find_previous_line
 .text          0x00000430      0x1c8 i2c.o
                0x00000430                i2cwrite
                0x00000500                i2cread
 .text          0x000005f8      0x4d4 stm_m25p32.o
                0x000006d4                SetupSPI
                0x00000794                spi_read
                0x0000082c                Wait_For_WEL
                0x000006b4                SPI_OFF
                0x00000894                WriteFlash
                0x00000a00                spi_write
                0x00000604                spi_init_r
                0x00000984                EraseBlock
                0x000007f4                Wait_For_Status
                0x00000650                GetSectorNumber
                0x00000930                WriteData
                0x000005f8                spi_init_f
                0x000007b0                ReadStatusRegister
                0x00000860                SendSingleCommand
                0x00000704                ReadData
                0x00000610                Wait_For_SPIF
                0x00000678                udelay
 .text          0x00000acc      0x338 printf.o
                0x00000dc8                sprintf
                0x00000de4                printf
 .text          0x00000e04      0x4f8 xmodem.o
                0x00000e90                xmodemTransmit
                0x00000e40                _inbyte
                0x00000e04                crc16_ccitt
                0x00001108                xmodemReceive
 .text          0x000012fc       0x28 myfunc.o
                0x000012fc                myfunc
 .text          0x00001324       0xd0 init.o
                0x00001324                initcode
 .text          0x000013f4      0x28c string.o
                0x000013f4                strcmp
                0x00001470                strncpy
                0x000014a8                atoi
                0x00001628                memcpy
                0x00001644                memset
                0x0000158c                itoa
                0x00001658                strdup
                0x00001554                reverse
                0x00001448                strchr
                0x00001460                strcpy
                0x00001414                strncmp
                0x0000161c                isdigit
                0x00001534                strlen
 .text          0x00001680      0x270 picoc/clibrary.o
                0x00001738                LibPrintf
                0x000016a8                PrintInt
                0x00001680                PrintStr
                0x0000186c                LibraryInit
 .text          0x000018f0      0x230 picoc/heap.o
                0x000019a4                HeapFree
                0x00001acc                HeapAllocStack
                0x00001964                HeapPushStackFrame
                0x00001984                HeapPopStackFrame
                0x000019fc                HeapAlloc
                0x0000193c                HeapPopStack
                0x000018f0                HeapInit
 .text          0x00001b20      0x8e4 picoc/lex.o
                0x000023d8                LexInit
                0x00001e1c                LexGetCharacterConstant
                0x00001d14                LexInitParser
                0x00001f7c                LexGetWord
                0x00001b20                LexCheckReservedWord
                0x00001ba8                LexUnEscapeCharacter
                0x00001b48                LexGetNumber
                0x000023b8                LexAnalyse
                0x00001d30                LexGetToken
                0x00001c78                LexSkipComment
                0x00001cf0                LexTokenSize
                0x00001ff8                LexScanGetToken
                0x00002314                LexTokenise
                0x00001e70                LexGetStringConstant
 .text          0x00002404     0x13bc picoc/parse.o
                0x000035d4                ParseFunctionDefinition
                0x00002728                ParseValue
                0x00003518                ParseBlock
                0x00002414                ParsePushInt
                0x000024cc                ParseFunctionCall
                0x00002404                ParserCopyPos
                0x00002e6c                ParseIntExpression
                0x00002b0c                ParseExpression
                0x000035a0                ParseStatementMaybeRun
                0x00002ed8                ParseFor
                0x000034c4                Parse
                0x00003058                ParseStatement
                0x0000243c                ParseMacroDefinition
 .text          0x000037c0       0xa4 picoc/picoc.o
                0x00003818                picoc
                0x000037c0                Initialise
 .text          0x00003864      0x26c picoc/platform_library.o
                0x00003864                Claser
                0x00003878                Cservo2
                0x000038e0                Cservo
                0x00003948                Cmotors
                0x000039f4                Crand
                0x000039dc                Ctime
                0x00003a1c                Cdelay
                0x00003a34                PlatformLibraryInit
                0x00003ac4                SayHello
                0x00003ab0                PrintInteger
 .text          0x00003ad0      0x1d8 picoc/platform_support.o
                0x00003c0c                PlatformPrintf
                0x00003af8                PlatformSetExitPoint
                0x00003b34                PlatformPutc
                0x00003ad0                PlatformGetLine
                0x00003c28                LexFail
                0x00003b3c                PlatformVPrintf
                0x00003c64                ProgramFail
                0x00003adc                PlatformExit
 .text          0x00003ca8      0x1f0 picoc/table.o
                0x00003de0                TableStrRegister
                0x00003ce4                TableGet
                0x00003d18                TableSetIdentifier
                0x00003e48                TableInitTable
                0x00003dcc                TableStrRegister2
                0x00003dfc                TableSet
                0x00003e5c                TableInit
 .text          0x00003e98      0x5b4 picoc/type.o
                0x00003f4c                TypeInit
                0x00003edc                TypeAddBaseType
                0x00004088                TypeParseStruct
                0x00003ec0                TypeSize
                0x00004244                TypeParse
                0x00004014                TypeGetMatching
                0x00003e98                TypeSizeValue
                0x00003f0c                TypeAdd
 .text          0x0000444c      0x45c picoc/variable.o
                0x00004614                VariableDefined
                0x0000454c                VariableStackPop
                0x0000444c                VariableStackFramePop
                0x00004718                VariableAllocValueAndData
                0x000047fc                VariableDefinePlatformVar
                0x0000485c                VariableAllocValueFromType
                0x00004518                VariableInit
                0x0000449c                VariableStackFrameAdd
                0x000045b8                VariableGet
                0x00004750                VariableAllocValueAndCopy
                0x000046f0                VariableAllocValueShared
                0x000046b8                VariableAllocValueFromExistingData
                0x00004670                VariableAlloc
                0x00004798                VariableDefine

.l1data         0xff800000     0x1428
 *(.data)
 .data          0xff800000        0x0 camera.o
 .data          0xff800000        0x0 edit.o
 .data          0xff800000        0x0 i2c.o
 .data          0xff800000        0x0 stm_m25p32.o
 .data          0xff800000        0x0 printf.o
 .data          0xff800000        0x0 xmodem.o
 .data          0xff800000        0x0 myfunc.o
 .data          0xff800000        0x0 main.o
 .data          0xff800000        0x0 math.o
 .data          0xff800000        0x0 malloc.o
 .data          0xff800000      0x910 srv.o
                0xff800462                vhpel
                0xff800408                version_string
                0xff800008                font8x8
                0xff800000                fontmask
                0xff800430                frame
                0xff800450                hhpel
                0xff800474                rand_seed
 .data          0xff800910        0x0 uart.o
 .data          0xff800910        0x0 colors.o
 .data          0xff800910      0x8f0 jpeg.o
                0xff801140                zigzag_table
                0xff800968                chrominance_dc_size_table
                0xff800c08                chrominance_ac_code_table
                0xff800ac4                luminance_ac_size_table
                0xff800980                luminance_ac_code_table
                0xff800938                luminance_dc_size_table
                0xff800950                chrominance_dc_code_table
                0xff801180                luminance_quant_table
                0xff800f90                markerdata
                0xff800920                luminance_dc_code_table
                0xff800910                fdct_coeff
                0xff8011c0                chrominance_quant_table
                0xff800e90                bitsize
                0xff800d4c                chrominance_ac_size_table
 .data          0xff801200        0x0 r8x8dct.o
 .data          0xff801200        0x0 spi.o
 .data          0xff801200        0x0 setjmp.o
 .data          0xff801200       0x8c neural.o
                0xff801204                npattern
                0xff801284                nmask
                0xff801200                learn
 .data          0xff80128c        0x0 init.o
 .data          0xff80128c        0x0 string.o
 .data          0xff80128c       0x10 picoc/clibrary.o
                0xff80128c                CLibrary
 .data          0xff80129c        0xc picoc/heap.o
 .data          0xff8012a8      0x13c picoc/lex.o
 .data          0xff8013e4        0x0 picoc/parse.o
 .data          0xff8013e4        0x0 picoc/picoc.o
 .data          0xff8013e4       0x44 picoc/platform_library.o
                0xff8013e4                PlatformLibrary
 .data          0xff801428        0x0 picoc/platform_support.o
 .data          0xff801428        0x0 picoc/table.o
 .data          0xff801428        0x0 picoc/type.o
 .data          0xff801428        0x0 picoc/variable.o
 *(.l1data)
 *(.l1data.a)

.l1data.b
 *(.l1data.b)

.rodata         0xff801428     0x1bdc
 *(.rodata .rodata.* .gnu.linkonce.r.*)
 .rodata.str1.4
                0xff801428       0xb2 edit.o
                                 0xb4 (size before relaxing)
 *fill*         0xff8014da        0x2 00
 .rodata        0xff8014dc       0x5c edit.o
 .rodata.str1.4
                0xff801538        0x7 printf.o
                                  0x8 (size before relaxing)
 *fill*         0xff80153f        0x1 00
 .rodata        0xff801540      0x200 xmodem.o
 .rodata.str1.4
                0xff801740       0x14 myfunc.o
 .rodata.str1.4
                0xff801754        0xb main.o
                                  0xc (size before relaxing)
 *fill*         0xff80175f        0x1 00
 .rodata        0xff801760      0x230 main.o
 .rodata        0xff801990      0x104 srv.o
 .rodata.str1.4
                0xff801a94      0x5ce srv.o
                                0x5dc (size before relaxing)
 *fill*         0xff802062        0x2 00
 .rodata        0xff802064       0x10 uart.o
 .rodata.str1.4
                0xff802074       0x27 colors.o
                                 0x28 (size before relaxing)
 *fill*         0xff80209b        0x1 00
 .rodata.str1.4
                0xff80209c       0x5b spi.o
                                 0x5c (size before relaxing)
 *fill*         0xff8020f7        0x1 00
 .rodata.str1.4
                0xff8020f8        0x8 neural.o
                                  0xc (size before relaxing)
 .rodata.str1.4
                0xff802100       0x29 picoc/clibrary.o
                                 0x2c (size before relaxing)
 *fill*         0xff802129        0x3 00
 .rodata        0xff80212c      0x2cc picoc/lex.o
 .rodata.str1.4
                0xff8023f8       0xf2 picoc/lex.o
                                 0xfc (size before relaxing)
 *fill*         0xff8024ea        0x2 00
 .rodata.str1.4
                0xff8024ec      0x451 picoc/parse.o
                                0x464 (size before relaxing)
 *fill*         0xff80293d        0x3 00
 .rodata        0xff802940      0x2c4 picoc/parse.o
 .rodata.str1.4
                0xff802c04      0x11f picoc/picoc.o
                                0x12c (size before relaxing)
 *fill*         0xff802d23        0x1 00
 .rodata        0xff802d24        0x4 picoc/picoc.o
 .rodata.str1.4
                0xff802d28       0xa4 picoc/platform_library.o
 .rodata.str1.4
                0xff802dcc       0x1a picoc/platform_support.o
                                 0x1c (size before relaxing)
 .rodata.str1.4
                0x00000000       0x1a picoc/table.o
                                 0x14 (size before relaxing)
 *fill*         0xff802de6        0x2 00
 .rodata.str1.4
                0xff802de8       0xd9 picoc/type.o
                                 0xec (size before relaxing)
 *fill*         0xff802ec1        0x3 00
 .rodata        0xff802ec4       0xfc picoc/type.o
 .rodata.str1.4
                0xff802fc0       0x44 picoc/variable.o
                                 0x6c (size before relaxing)

.data
 *(.data .data.* .gnu.linkonce.d.*)

.ctors
 *crtbegin*.o(.ctors)
 *(EXCLUDE_FILE(*crtend*.o) .ctors)
 *(SORT(.ctors.*))
 *(.ctors)

.dtors
 *crtbegin*.o(.dtors)
 *(EXCLUDE_FILE(*crtend*.o) .dtors)
 *(SORT(.dtors.*))
 *(.dtors)

.sdram.bss      0x000048a8        0x0
                0x000048a8                __sdram_bss_start = .
 *(.bss.sdram)
                0x000048a8                . = ALIGN (0x4)
                0x000048a8                __sdram_bss_end = .

.bss            0xff900000     0x3a54
                0xff900000                __bss_start = .
 *(.dynbss)
 *(.bss .bss.* .gnu.linkonce.b.*)
 .bss           0xff900000        0x0 camera.o
 .bss           0xff900000       0x10 edit.o
 .bss           0xff900010        0x0 i2c.o
 .bss           0xff900010        0x0 stm_m25p32.o
 .bss           0xff900010        0x0 printf.o
 .bss           0xff900010        0x0 xmodem.o
 .bss           0xff900010        0x0 myfunc.o
 .bss           0xff900010        0x0 main.o
 .bss           0xff900010        0x0 math.o
 .bss           0xff900010        0x4 malloc.o
                0xff900010                allocp
 .bss           0xff900014        0x4 srv.o
                0xff900014                failsafe_mode
 .bss           0xff900018        0x0 uart.o
 .bss           0xff900018        0x0 colors.o
 .bss           0xff900018        0x8 jpeg.o
                0xff900018                lcode
                0xff90001c                bitindex
 .bss           0xff900020        0x0 r8x8dct.o
 .bss           0xff900020        0x0 spi.o
 .bss           0xff900020        0x0 setjmp.o
 .bss           0xff900020        0x0 neural.o
 .bss           0xff900020        0x0 init.o
 .bss           0xff900020        0x0 string.o
 .bss           0xff900020        0x0 picoc/clibrary.o
 .bss           0xff900020       0x24 picoc/heap.o
 .bss           0xff900044       0x2c picoc/lex.o
 .bss           0xff900070        0x0 picoc/parse.o
 .bss           0xff900070        0x0 picoc/picoc.o
 .bss           0xff900070       0x10 picoc/platform_library.o
 .bss           0xff900080        0x0 picoc/platform_support.o
 .bss           0xff900080        0x4 picoc/table.o
                0xff900080                StrEmpty
 .bss           0xff900084        0x0 picoc/type.o
 .bss           0xff900084        0x4 picoc/variable.o
                0xff900084                TopStackFrame
 *(COMMON)
 COMMON         0xff900088       0x18 camera.o
                0xff900088                dlist2
                0xff900094                dlist1
 COMMON         0xff9000a0      0x406 xmodem.o
                0xff9000a0                xbuff
 *fill*         0xff9004a6        0x2 00
 COMMON         0xff9004a8       0x14 malloc.o
                0xff9004a8                base
                0xff9004b0                heap_end
                0xff9004b4                heap_start
                0xff9004b8                heap_ptr
 COMMON         0xff9004bc       0xb4 srv.o
                0xff9004bc                imgWidth
                0xff9004c0                rfailsafe
                0xff9004c4                j
                0xff9004c8                x_acc
                0xff9004cc                i
                0xff9004d0                segmentation_flag
                0xff9004d4                pwm2_init
                0xff9004d8                sonar_data
                0xff9004ec                y_acc0
                0xff9004f0                quality
                0xff9004f4                y_acc
                0xff9004f8                output_start
                0xff9004fc                pwm1_init
                0xff900500                image_size
                0xff900504                pwm1_mode
                0xff900508                x_center
                0xff90050c                lfailsafe
                0xff900510                edge_thresh
                0xff900514                master
                0xff900518                base_speed
                0xff90051c                rspeed2
                0xff900520                lspeed
                0xff900524                overlay_flag
                0xff900528                lspeed2
                0xff90052c                err1
                0xff900530                cp
                0xff900534                output_end
                0xff900538                pwm2_mode
                0xff90053c                framecount
                0xff900540                x_acc0
                0xff900544                imgHead
                0xff900550                silent_console
                0xff900554                edge_detect_flag
                0xff900558                imgHeight
                0xff90055c                failsafe_clock
                0xff900560                y_center
                0xff900564                rspeed
                0xff900568                frame_diff_flag
                0xff90056c                ix
 COMMON         0xff900570      0xf8c colors.o
                0xff900570                blobcnt
                0xff90066c                ymax
                0xff9006b0                blobx1
                0xff9007ac                umax
                0xff9007f0                hist0
                0xff900bf0                hist1
                0xff900ff0                blobix
                0xff9010ec                bloby2
                0xff9011e8                mean
                0xff9011f4                vmax
                0xff901238                vmin
                0xff90127c                bloby1
                0xff901378                blobx2
                0xff901474                ymin
                0xff9014b8                umin
 COMMON         0xff9014fc      0x584 jpeg.o
                0xff9014fc                Y2
                0xff90157c                Temp
                0xff9015fc                Cqt
                0xff90163c                Y3
                0xff9016bc                Y4
                0xff90173c                ICqt
                0xff9017bc                ILqt
                0xff90183c                CR
                0xff9018bc                Lqt
                0xff9018fc                CB
                0xff90197c                fdct_temp
                0xff9019fc                read_format
                0xff901a00                Y1
 COMMON         0xff901a80     0x1640 neural.o
                0xff901a80                weights
                0xff902e80                teach_neurons
                0xff902ec0                nerror
                0xff902f40                neurons
 COMMON         0xff9030c0       0xa4 picoc/platform_support.o
                0xff9030c0                errjmp
 COMMON         0xff903164      0x18c picoc/table.o
                0xff903164                StringHashTable
                0xff9032e8                StringTable
 COMMON         0xff9032f0      0x128 picoc/type.o
                0xff9032f0                CharArrayType
                0xff9032f4                FunctionType
                0xff903314                EnumType
                0xff903334                VoidType
                0xff903354                MacroType
                0xff903374                Type_Type
                0xff903394                CharType
                0xff9033b4                CharPtrType
                0xff9033b8                WordType
                0xff9033d8                IntType
                0xff9033f8                UberType
 COMMON         0xff903418      0x63c picoc/variable.o
                0xff903418                GlobalHashTable
                0xff903a4c                GlobalTable
                0xff903a54                . = ALIGN (0x4)
                0xff903a54                __bss_end = .
                0xffb00ffc                . = 0xffb00ffc
                0xffb00ffc                PROVIDE (_supervisor_stack, .)
LOAD init.o
LOAD main.o
LOAD srv.o
LOAD uart.o
LOAD camera.o
LOAD jpeg.o
LOAD i2c.o
LOAD stm_m25p32.o
LOAD xmodem.o
LOAD colors.o
LOAD edit.o
LOAD malloc.o
LOAD string.o
LOAD spi.o
LOAD printf.o
LOAD myfunc.o
LOAD neural.o
LOAD picoc/clibrary.o
LOAD picoc/heap.o
LOAD picoc/lex.o
LOAD picoc/parse.o
LOAD picoc/picoc.o
LOAD picoc/platform_library.o
LOAD picoc/platform_support.o
LOAD picoc/table.o
LOAD picoc/type.o
LOAD picoc/variable.o
LOAD r8x8dct.o
LOAD math.o
LOAD setjmp.o
OUTPUT(srv1.bin elf32-bfin)

.comment        0x00000000      0x2f4
 .comment       0x00000000       0x1c camera.o
 .comment       0x0000001c       0x1c edit.o
 .comment       0x00000038       0x1c i2c.o
 .comment       0x00000054       0x1c stm_m25p32.o
 .comment       0x00000070       0x1c printf.o
 .comment       0x0000008c       0x1c xmodem.o
 .comment       0x000000a8       0x1c myfunc.o
 .comment       0x000000c4       0x1c main.o
 .comment       0x000000e0       0x1c malloc.o
 .comment       0x000000fc       0x1c srv.o
 .comment       0x00000118       0x1c uart.o
 .comment       0x00000134       0x1c colors.o
 .comment       0x00000150       0x1c jpeg.o
 .comment       0x0000016c       0x1c spi.o
 .comment       0x00000188       0x1c neural.o
 .comment       0x000001a4       0x1c init.o
 .comment       0x000001c0       0x1c string.o
 .comment       0x000001dc       0x1c picoc/clibrary.o
 .comment       0x000001f8       0x1c picoc/heap.o
 .comment       0x00000214       0x1c picoc/lex.o
 .comment       0x00000230       0x1c picoc/parse.o
 .comment       0x0000024c       0x1c picoc/picoc.o
 .comment       0x00000268       0x1c picoc/platform_library.o
 .comment       0x00000284       0x1c picoc/platform_support.o
 .comment       0x000002a0       0x1c picoc/table.o
 .comment       0x000002bc       0x1c picoc/type.o
 .comment       0x000002d8       0x1c picoc/variable.o
