Archive member included because of file (symbol)

c:\program files\analog devices\gnu toolchain\2008r1.5\elf\bin\../bfin-elf/lib\libbffastfp.a(addfl64.o)
                              printf.o (__adddf3)
c:\program files\analog devices\gnu toolchain\2008r1.5\elf\bin\../bfin-elf/lib\libbffastfp.a(cmpfl64.o)
                              printf.o (__ltdf2)
c:\program files\analog devices\gnu toolchain\2008r1.5\elf\bin\../bfin-elf/lib\libbffastfp.a(f32tof64.o)
                              string.o (__extendsfdf2)
c:\program files\analog devices\gnu toolchain\2008r1.5\elf\bin\../bfin-elf/lib\libbffastfp.a(f64tof32.o)
                              string.o (__truncdfsf2)
c:\program files\analog devices\gnu toolchain\2008r1.5\elf\bin\../bfin-elf/lib\libbffastfp.a(f64toi32z.o)
                              printf.o (__fixdfsi)
c:\program files\analog devices\gnu toolchain\2008r1.5\elf\bin\../bfin-elf/lib\libbffastfp.a(fpmult.o)
                              string.o (__mulsf3)
c:\program files\analog devices\gnu toolchain\2008r1.5\elf\bin\../bfin-elf/lib\libbffastfp.a(i32tof64.o)
                              printf.o (__floatsidf)
c:\program files\analog devices\gnu toolchain\2008r1.5\elf\bin\../bfin-elf/lib\libbffastfp.a(mulfl64.o)
                              printf.o (__muldf3)
c:\program files\analog devices\gnu toolchain\2008r1.5\elf\bin\../bfin-elf/lib\libbffastfp.a(subfl64.o)
                              printf.o (__subdf3)

Allocating common symbols
Common symbol       size              file

imgWidth            0x4               srv.o
rfailsafe           0x4               srv.o
j                   0x4               srv.o
Y2                  0x80              jpeg.o
blob_display_flag   0x4               srv.o
x_acc               0x4               srv.o
GotoLabelType       0x2c              picoc/type.o
i                   0x4               srv.o
invert_flag         0x4               srv.o
blobcnt             0xfc              colors.o
segmentation_flag   0x4               srv.o
move_stop_time      0x4               srv.o
Temp                0x80              jpeg.o
compass_continuous_calibration
                    0x4               edit.o
Cqt                 0x40              jpeg.o
ymax                0x44              colors.o
czmax               0x2               srv.o
blobx1              0xfc              colors.o
pwm2_init           0x4               srv.o
Y3                  0x80              jpeg.o
base                0x8               malloc.o
sonar_data          0x14              srv.o
weights             0x1400            neural.o
teach_neurons       0x40              neural.o
nerror              0x80              neural.o
CStdOut             0x4               picoc/clibrary.o
y_acc0              0x4               srv.o
StringHashTable     0x184             picoc/table.o
CharArrayType       0x4               picoc/type.o
Y4                  0x80              jpeg.o
FunctionType        0x2c              picoc/type.o
TypeType            0x2c              picoc/type.o
umax                0x44              colors.o
ICqt                0x80              jpeg.o
hist0               0x400             colors.o
heap_end            0x4               malloc.o
quality             0x4               srv.o
move_start_time     0x4               srv.o
y_acc               0x4               srv.o
output_start        0x4               srv.o
hist1               0x400             colors.o
lcount              0x4               srv.o
pwm1_init           0x4               srv.o
image_size          0x4               srv.o
ILqt                0x80              jpeg.o
heap_start          0x4               malloc.o
pwm1_mode           0x4               srv.o
neurons             0x180             neural.o
StringLiteralHashTable
                    0x184             picoc/variable.o
x_center            0x4               srv.o
blobix              0xfc              colors.o
EnumType            0x2c              picoc/type.o
VoidType            0x2c              picoc/type.o
lfailsafe           0x4               srv.o
edge_thresh         0x4               srv.o
compass_init        0x4               edit.o
cxmin               0x2               edit.o
horizon_detect_flag
                    0x4               srv.o
master              0x4               srv.o
bloby2              0xfc              colors.o
mean                0xc               colors.o
base_speed          0x4               srv.o
tilt_init           0x4               srv.o
rspeed2             0x4               srv.o
lspeed              0x4               srv.o
GlobalHashTable     0x184             picoc/variable.o
vmax                0x44              colors.o
CR                  0x80              jpeg.o
overlay_flag        0x4               srv.o
StringTable         0x8               picoc/table.o
lspeed2             0x4               srv.o
err1                0x4               srv.o
cp                  0x4               srv.o
Lqt                 0x40              jpeg.o
cymin               0x2               edit.o
ShortType           0x2c              picoc/type.o
GlobalTable         0x8               picoc/variable.o
MacroType           0x2c              picoc/type.o
CharType            0x2c              picoc/type.o
output_end          0x4               srv.o
czmin               0x2               srv.o
CB                  0x80              jpeg.o
pwm2_mode           0x4               srv.o
CharPtrType         0x4               picoc/type.o
obstacle_detect_flag
                    0x4               srv.o
cxmax               0x2               edit.o
fdct_temp           0x80              jpeg.o
gps_gga             0x18              gps.o
StringLiteralTable  0x8               picoc/variable.o
blob_display_num    0x4               srv.o
framecount          0x4               srv.o
VoidPtrType         0x4               picoc/type.o
vmin                0x44              colors.o
heap_ptr            0x4               malloc.o
LongType            0x2c              picoc/type.o
bloby1              0xfc              colors.o
rcount              0x4               srv.o
x_acc0              0x4               srv.o
IntType             0x2c              picoc/type.o
UnsignedLongType    0x2c              picoc/type.o
imgHead             0xb               srv.o
read_format         0x4               jpeg.o
edge_detect_flag    0x4               srv.o
encoder_flag        0x4               srv.o
imgHeight           0x4               srv.o
UberType            0x2c              picoc/type.o
failsafe_clock      0x4               srv.o
blobx2              0xfc              colors.o
PicocExitBuf        0xa4              picoc/platform/platform_surveyor.o
move_time_mS        0x4               srv.o
dlist2              0xc               camera.o
y_center            0x4               srv.o
UnsignedIntType     0x2c              picoc/type.o
UnsignedShortType   0x2c              picoc/type.o
cymax               0x2               edit.o
xbuff               0x406             xmodem.o
xwd_init            0x4               srv.o
dlist1              0xc               camera.o
CharPtrPtrType      0x4               picoc/type.o
ymin                0x44              colors.o
umin                0x44              colors.o
CStdOutBase         0xc               picoc/clibrary.o
rspeed              0x4               srv.o
base_speed2         0x4               srv.o
frame_diff_flag     0x4               srv.o
ix                  0x4               srv.o
Y1                  0x80              jpeg.o
robot_moving        0x4               srv.o

Memory Configuration

Name             Origin             Length             Attributes
ram              0x00000000         0x02000000         xrw
l1code           0xffa00000         0x00010000         x
l1data_a         0xff800000         0x00008000         rw
l1data_b         0xff904000         0x00004000         rw
scratchpad       0xffb00000         0x00001000         rw
*default*        0x00000000         0xffffffff

Linker script and memory map


.sdram.text
 camera.o(.sdram.text)
 edit.o(.sdram.text)
 httpd.o(.sdram.text)
 i2c.o(.sdram.text)
 stm_m25p32.o(.sdram.text)
 printf.o(.sdram.text)
 xmodem.o(.sdram.text)
 gps.o(.sdram.text)
 myfunc.o(.sdram.text)
 *(.gnu.warning)

.l1code         0xffa00000     0x8c88
 crt0.o(.text)
 .text          0xffa00000      0x178 crt0.o
                0xffa000fc                idle_loop
                0xffa00000                start
 main.o(.text)
 .text          0xffa00178      0x4dc main.o
                0xffa00178                main
 math.o(.text)
 .text          0xffa00654      0x200 math.o
                0xffa00720                __umodsi3
                0xffa00752                __divsi3
                0xffa00654                __udivsi3
 malloc.o(.text)
 .text          0xffa00854      0x1a4 malloc.o
                0xffa00930                morecore
                0xffa008a8                free
                0xffa00854                init_heap
                0xffa00894                sbrk
                0xffa00974                malloc
 string.o(.text)
 .text          0xffa009f8      0x72c string.o
                0xffa009f8                strcmp
                0xffa00d24                atoi_b10
                0xffa00c44                memcpy2
                0xffa00d3c                atof
                0xffa00a74                strncpy
                0xffa00aac                atoi
                0xffa00c28                memcpy
                0xffa00c68                memset
                0xffa00f54                strtoksafe
                0xffa00cbc                ctoi
                0xffa00b90                itoa
                0xffa010fc                strdup
                0xffa00b58                reverse
                0xffa00eac                strpbrk
                0xffa010dc                getUnaligned32
                0xffa01008                strnstr
                0xffa00a4c                strchr
                0xffa00a64                strcpy
                0xffa00ee4                strtok
                0xffa00a18                strncmp
                0xffa00c1c                isdigit
                0xffa00b38                strlen
                0xffa00cd4                atoi_b16
                0xffa00c7c                memmove
                0xffa0106c                strReplace
                0xffa00fb8                strstr
 srv.o(.text)
 .text          0xffa01124     0x4520 srv.o
                0xffa026f8                motor_command
                0xffa03868                process_i2c
                0xffa0309c                restore_video
                0xffa03d20                xmodem_receive
                0xffa01de0                clearRTC
                0xffa01f74                delayUS
                0xffa046f8                motion_vect80x64
                0xffa030e8                invert_video
                0xffa013f4                grab_reference_frame
                0xffa01df0                delayMS
                0xffa028ac                set_edge_thresh
                0xffa01fe4                delayNS
                0xffa01948                setPPM1
                0xffa02288                rand
                0xffa02a94                testSD
                0xffa037b0                tilt
                0xffa03c44                read_user_sector
                0xffa01b7c                initRTC
                0xffa040a4                serial_out_flashbuffer
                0xffa01494                move_yuv422_to_planar
                0xffa055cc                check_for_autorun
                0xffa03d88                camera_reset
                0xffa03130                init_tilt
                0xffa03a54                write_boot_flash
                0xffa0383c                read_tilt
                0xffa015f0                initPWM
                0xffa02334                intfromfourchars
                0xffa016e4                init_sonar
                0xffa02070                check_failsafe
                0xffa02a84                show_stack_ptr
                0xffa04b70                process_colors
                0xffa0316c                laser_range
                0xffa02a6c                show_heap_ptr
                0xffa02848                overlay_on
                0xffa018a8                setPWM2
                0xffa029e8                lasers_off
                0xffa01280                clear_sdram
                0xffa012c4                led1_on
                0xffa027e4                change_image_quality
                0xffa012a8                stack_remaining
                0xffa01ac0                check_bounds_0_100
                0xffa02adc                encoder_4wd
                0xffa013cc                move_image
                0xffa03b28                write_user_sector
                0xffa02cfc                process_neuralnet
                0xffa02640                motor2_command
                0xffa02458                ppm2_command
                0xffa017bc                setPWM
                0xffa01654                initPWM2
                0xffa023c0                read_encoders
                0xffa035d0                show_laser_range
                0xffa03cf4                crc_flash_buffer
                0xffa04190                send_frame
                0xffa029c0                check_battery
                0xffa025cc                motor_increase_base_speed
                0xffa02990                ping_sonar
                0xffa04034                serial_out_httpbuffer
                0xffa02cd0                read_analog_4wd
                0xffa01478                copy_image
                0xffa02904                enable_horizon_detect
                0xffa0212c                encoders
                0xffa027b0                clear_flash_buffer
                0xffa02404                enable_failsafe
                0xffa02a08                lasers_on
                0xffa024b8                ppm1_command
                0xffa02518                motor_action
                0xffa01b9c                readRTC
                0xffa01adc                motor_trim_right
                0xffa012b4                led0_on
                0xffa01b2c                motor_trim_left
                0xffa01124                init_io
                0xffa02a44                serial_out_version
                0xffa01c10                sonar
                0xffa020f4                init_encoders
                0xffa012d4                compute_frame_diff
                0xffa03d18                launch_editor
                0xffa04884                motion_vect_test
                0xffa0292c                enable_edge_detect
                0xffa04964                grab_frame
                0xffa0534c                read_compass3x
                0xffa02954                enable_segmentation
                0xffa03b88                write_user_flash
                0xffa0410c                send_80x64planar
                0xffa01e20                motor_set
                0xffa016a4                initTMR4
                0xffa01714                initPPM1
                0xffa05300                enable_blob_display
                0xffa01a04                setPPM2
                0xffa02388                intfromthreechars
                0xffa0372c                show_compass2x
                0xffa02558                motor_decrease_base_speed
                0xffa01768                initPPM2
                0xffa028dc                enable_obstacle_detect
                0xffa03bb4                read_double_sector
                0xffa02a28                serial_out_time
                0xffa0132c                set_caption
                0xffa02860                disable_frame_diff
                0xffa014d8                scale_image_to_80x64_planar
                0xffa01254                reset_cpu
                0xffa03cb4                read_user_flash
                0xffa03aa8                write_double_sector
                0xffa035ec                analog
                0xffa02058                reset_failsafe_clock
                0xffa02bc0                read_encoder_4wd
                0xffa023ec                disable_failsafe
                0xffa036f0                read_analog
                0xffa02830                overlay_off
                0xffa05564                show_compass3x
                0xffa0296c                enable_frame_diff
                0xffa03f60                camera_setup
                0xffa01428                move_inverted
                0xffa02bec                analog_4wd
 uart.o(.text)
 .text          0xffa05644      0x53c uart.o
                0xffa05924                uart1SendChar
                0xffa05998                uart1GetCh
                0xffa058f0                uart0GetChar
                0xffa058b0                uart0SendChars
                0xffa056d4                suartPutChar
                0xffa058d4                uart0GetCh
                0xffa05884                uart0SendString
                0xffa05854                uart0SendChar
                0xffa057cc                uart0_CTS
                0xffa05644                waituntilNS
                0xffa05974                uart1SendChars
                0xffa05768                init_uart0
                0xffa05914                uart0Signal
                0xffa0567c                suartInit
                0xffa059e8                printNumber
                0xffa05ad0                suartGetChar
                0xffa05948                uart1SendString
                0xffa059b4                uart1GetChar
                0xffa059d8                uart1Signal
                0xffa057f0                init_uart1
 colors.o(.text)
 .text          0xffa05b80     0x11e0 colors.o
                0xffa0612c                vmean
                0xffa064a0                edge_detect
                0xffa063a0                vfind
                0xffa06638                svs_segcode
                0xffa067b0                vhorizon
                0xffa061f0                color_segment
                0xffa06b68                addvect
                0xffa05c04                vblob
                0xffa06ca4                addbox
                0xffa06ad0                svs_segview
                0xffa05b80                init_colors
                0xffa06a18                vscan
                0xffa06060                vhist
                0xffa06bf4                addline
                0xffa05bd0                vpix
 jpeg.o(.text)
 .text          0xffa06d60      0xd9c jpeg.o
                0xffa0790c                DCT
                0xffa07304                close_bitstream
                0xffa07920                encodeMCU
                0xffa06e4c                huffman
                0xffa07378                write_markers
                0xffa07a1c                encode_image
                0xffa07598                initialize_quantization_tables
                0xffa07758                read_422_format
                0xffa06d60                initialization
                0xffa06e2c                levelshift
                0xffa07688                quantization
                0xffa076d8                read_400_format
 r8x8dct.o(.text)
 *fill*         0xffa07afc        0x4 00
 .text          0xffa07b00       0xf0 r8x8dct.o
                0xffa07b00                _r8x8dct
 motionvect.o(.text)
 .text          0xffa07bf0      0x950 motionvect.o
                0xffa08058                hpel
                0xffa083b8                _mve_core
                0xffa08268                _hpel_core2
                0xffa08148                _hpel_core1
                0xffa07bf0                _motionvect
 uart.o(.text)
 setjmp.o(.text)
 .text          0xffa08540      0x184 setjmp.o
                0xffa08540                longjmp
                0xffa08608                setjmp
 neural.o(.text)
 .text          0xffa086c4      0x5c4 neural.o
                0xffa08a64                nnpack8x8
                0xffa08c50                nninit_network
                0xffa08ae0                nndisplay
                0xffa0875c                f_logic
                0xffa087bc                nncalculate_network
                0xffa088a4                nncalculate_errors
                0xffa08b74                nntrain_network
                0xffa08b60                nninit_pattern
                0xffa086c4                nnset_pattern
                0xffa08958                nnscale8x8

.text           0x00000000     0xd01c
 .text          0x00000000       0xf0 camera.o
                0x00000000                camera_init
                0x000000a8                camera_start
                0x000000cc                camera_stop
 .text          0x000000f0      0x33c edit.o
                0x00000288                insert_char
                0x00000138                find_next_line
                0x00000300                edit
                0x000001d4                find_buffer_end
                0x000000f0                delete_char
                0x0000021c                print_lines
                0x000002e0                print_help
                0x00000188                find_previous_line
 .text          0x0000042c     0x1a9c httpd.o
                0x000006e4                httpd_request
                0x0000042c                clean_buffer
                0x00000618                adminBodyBuilder
 .text          0x00001ec8      0x388 i2c.o
                0x00002158                i2cslowread
                0x00001f98                i2cwritex
                0x00001ec8                i2cwrite
                0x00002060                i2cread
 .text          0x00002250      0x4d4 stm_m25p32.o
                0x0000232c                SetupSPI
                0x000023ec                spi_read
                0x00002484                Wait_For_WEL
                0x0000230c                SPI_OFF
                0x000024ec                WriteFlash
                0x00002658                spi_write
                0x0000225c                spi_init_r
                0x000025dc                EraseBlock
                0x0000244c                Wait_For_Status
                0x000022a8                GetSectorNumber
                0x00002588                WriteData
                0x00002250                spi_init_f
                0x00002408                ReadStatusRegister
                0x000024b8                SendSingleCommand
                0x0000235c                ReadData
                0x00002268                Wait_For_SPIF
                0x000022d0                udelay
 .text          0x00002724      0x5d4 printf.o
                0x00002cc0                sprintf
                0x00002724                my_strlen
                0x0000274c                dbl2stri
                0x00002cdc                printf
 .text          0x00002cf8      0x4fc xmodem.o
                0x00002d84                xmodemTransmit
                0x00002d34                _inbyte
                0x00002cf8                crc16_ccitt
                0x00002ffc                xmodemReceive
 .text          0x000031f4      0xeb8 gps.o
                0x000033a0                tan
                0x000035cc                atan
                0x0000378c                gps_dist
                0x000034ac                asin
                0x000038b8                read_ublox
                0x0000353c                acos
                0x000036c4                gps_head
                0x000032d0                cos
                0x000031f4                sin
                0x00003900                gps_parse
                0x00004004                gps_show
                0x00003698                isqrt
 .text          0x000040ac       0x28 myfunc.o
                0x000040ac                myfunc
 .text          0x000040d4       0xd0 init.o
                0x000040d4                initcode
 .text          0x000041a4      0x4f8 sdcard.o
                0x00004350                GetCardParams
                0x000041e8                CloseSD
                0x00004574                ReadMultipleBlocks
                0x00004430                EraseBlocks
                0x0000460c                WriteMultipleBlocks
                0x000041a4                InitSD
                0x000042cc                GetToken
                0x00004488                WriteSector
                0x00004308                CardInit
                0x0000450c                ReadSector
                0x00004248                SendCommand
                0x000041f8                WriteByte
 .text          0x0000469c       0xcc picoc/picoc.o
                0x0000469c                picoc
 .text          0x00004768      0x2b8 picoc/table.o
                0x00004958                TableStrRegister
                0x000047a4                TableGet
                0x000047f0                TableStrFree
                0x00004888                TableSetIdentifier
                0x000049d0                TableInitTable
                0x00004944                TableStrRegister2
                0x00004834                TableDelete
                0x00004974                TableSet
                0x000049e4                TableInit
 .text          0x00004a20     0x14e4 picoc/lex.o
                0x00005c8c                LexHashIf
                0x00004f20                LexInteractiveClear
                0x00005ed8                LexInit
                0x00005df4                LexHashIncPos
                0x00005980                LexGetRawToken
                0x00005148                LexGetCharacterConstant
                0x00004e84                LexInitParser
                0x00004b9c                LexUnEscapeCharacterConstant
                0x000051a0                LexGetWord
                0x00004f6c                LexCleanup
                0x00004a20                LexCheckReservedWord
                0x00004ec4                LexInteractiveCompleted
                0x00004f74                LexCopyTokens
                0x00004eb4                LexInteractiveStatementPrompt
                0x00004c44                LexUnEscapeCharacter
                0x00005c58                LexToEndOfLine
                0x00004a48                LexGetNumber
                0x00005954                LexAnalyse
                0x00004ea8                LexRawPeekToken
                0x000050f4                LexHashElse
                0x00005e04                LexGetToken
                0x00004dc8                LexSkipComment
                0x000050b8                LexHashEndif
                0x00004e5c                LexTokenSize
                0x00005d68                LexHashIfdef
                0x000053d4                LexScanGetToken
                0x00005894                LexTokenise
                0x00005264                LexGetStringConstant
 .text          0x00005f04     0x1254 picoc/parse.o
                0x00005f64                ParseCountParams
                0x000062f4                ParseFunctionDefinition
                0x00006ef8                ParseBlock
                0x00006620                ParseDeclaration
                0x00005f20                ParseCleanup
                0x00005f04                ParserCopyPos
                0x00006180                ParseDeclarationAssignment
                0x00006f88                ParseStatementMaybeRun
                0x00005fb8                ParseTypedef
                0x00006000                ParserCopy
                0x00006fc0                ParseFor
                0x00006dd0                PicocParseInteractive
                0x0000679c                ParseStatement
                0x00006e58                PicocParse
                0x00006008                ParseMacroDefinition
 .text          0x00007158     0x1a14 picoc/expression.o
                0x000074c0                ExpressionPostfixOperator
                0x00008688                ExpressionParseInt
                0x000073f4                ExpressionPushInt
                0x000077d0                ExpressionAssignToPointer
                0x000078d8                ExpressionAssign
                0x00007164                ExpressionCoerceInteger
                0x00007298                ExpressionGetStructElement
                0x00007b3c                ExpressionQuestionMarkOperator
                0x00008700                ExpressionParseMacroCall
                0x0000742c                ExpressionStackPushDereference
                0x000075f8                ExpressionPrefixOperator
                0x00007b20                ExpressionColonOperator
                0x00007244                ExpressionStackPushOperator
                0x000071d4                ExpressionAssignInt
                0x00007158                debugf
                0x00007f80                ExpressionStackCollapse
                0x00007490                ExpressionStackPushValueByType
                0x00007afc                ExpressionStackPushValue
                0x000088a4                ExpressionParseFunctionCall
                0x00007b94                ExpressionInfixOperator
                0x0000719c                ExpressionCoerceUnsignedInteger
                0x00007274                ExpressionStackPushValueNode
                0x000080e8                ExpressionParse
                0x00007acc                ExpressionStackPushLValue
 .text          0x00008b6c      0x258 picoc/heap.o
                0x00008bbc                HeapCleanup
                0x00008d7c                HeapAllocStack
                0x00008c08                HeapPushStackFrame
                0x00008c28                HeapPopStackFrame
                0x00008c4c                HeapFreeMem
                0x00008be0                HeapPopStack
                0x00008bc8                HeapUnpopStack
                0x00008b6c                HeapInit
                0x00008ca4                HeapAllocMem
 .text          0x00008dc4      0xb90 picoc/type.o
                0x00008df8                TypeStackSizeValue
                0x00008ebc                TypeInit
                0x00009904                TypeCleanupNode
                0x00008e44                TypeAddBaseType
                0x0000939c                TypeParseStruct
                0x00009948                TypeCleanup
                0x00008e18                TypeSize
                0x000097a0                TypeParse
                0x000097d0                TypeParseIdentPart
                0x00009348                TypeCreateOpaqueStruct
                0x00009070                TypeGetMatching
                0x00009120                TypeParseBack
                0x000095e4                TypeParseFront
                0x00008dc4                TypeSizeValue
                0x00008e78                TypeAdd
                0x000091c0                TypeParseEnum
 .text          0x00009954      0x7fc picoc/variable.o
                0x000099dc                VariableDefined
                0x00009c7c                VariableStackPop
                0x00009aac                VariableStackFramePop
                0x00009f94                VariableDefineButIgnoreIdentical
                0x00009d88                VariableAllocValueAndData
                0x00009dc0                VariableDefinePlatformVar
                0x00009bb4                VariableFree
                0x00009c5c                VariableCleanup
                0x0000998c                VariableStringLiteralDefine
                0x00009ebc                VariableAllocValueFromType
                0x00009c18                VariableTableCleanup
                0x000099b0                VariableStringLiteralGet
                0x00009b64                VariableInit
                0x00009af0                VariableStackFrameAdd
                0x00009a44                VariableGet
                0x00009e54                VariableAllocValueAndCopy
                0x00009d60                VariableAllocValueShared
                0x00009d28                VariableAllocValueFromExistingData
                0x00009ce0                VariableAlloc
                0x00009ef0                VariableDefine
                0x00009954                VariableDereferencePointer
 .text          0x0000a150      0xa38 picoc/clibrary.o
                0x0000a6b0                LibMemset
                0x0000a42c                LibStrcpy
                0x0000a314                PrintType
                0x0000a9b0                LibPrintf
                0x0000aaec                LibraryAdd
                0x0000a2ac                PrintInt
                0x0000a6f4                LibExit
                0x0000a188                PrintStr
                0x0000a718                LibGets
                0x0000a694                LibMemcpy
                0x0000a170                SPutc
                0x0000a1b0                PrintRepeatedChar
                0x0000a1d8                PrintUnsigned
                0x0000a964                LibSPrintf
                0x0000a760                GenericPrintf
                0x0000a49c                LibStrcmp
                0x0000a2f8                PrintSimpleInt
                0x0000a5c4                LibRindex
                0x0000a600                LibStrlen
                0x0000a454                LibStrncpy
                0x0000a584                LibIndex
                0x0000a17c                PrintCh
                0x0000aa4c                LibraryInit
                0x0000a6c8                LibFree
                0x0000a54c                LibStrcat
                0x0000a9d4                CLibraryInit
                0x0000a62c                LibMemcmp
                0x0000a4e4                LibStrncmp
                0x0000a150                BasicIOInit
                0x0000a700                LibGetc
                0x0000a6d4                LibMalloc
 .text          0x0000ab88     0x1780 picoc/platform/library_surveyor.o
                0x0000b348                Ctan
                0x0000b9ac                Cvrcap
                0x0000b3a8                Cwritei2c
                0x0000ba14                Csonar
                0x0000b21c                Cnninit
                0x0000beb0                Cread_int
                0x0000b388                Csin
                0x0000be04                Cencoders
                0x0000abb8                Cioread
                0x0000afb0                Cnnmatchblob
                0x0000bb6c                Cinit_uart1
                0x0000ac80                Claser
                0x0000b3dc                Cvcam
                0x0000b8ec                Cvscan
                0x0000b9f8                Crange
                0x0000b4a0                Cgps
                0x0000ace4                Cvcolor
                0x0000bc90                Cmotors2
                0x0000b220                Csqrt
                0x0000bb78                Coutput1
                0x0000af80                Cnnshow
                0x0000baf4                Cservos
                0x0000b704                Cvsend
                0x0000b368                Ccos
                0x0000b2d0                Cacos
                0x0000b5ec                Ccompassx
                0x0000ba7c                Cservos2
                0x0000b664                Ccompass
                0x0000ae24                Cautorun
                0x0000bd30                Cmotors
                0x0000b534                Canalog
                0x0000b30c                Casin
                0x0000be54                Cread_str
                0x0000ac44                Cpoke
                0x0000b9b0                Cvcap
                0x0000b274                Cgps_head
                0x0000b960                Cvpix
                0x0000b754                Cvjpeg
                0x0000acc4                Cbattery
                0x0000adc8                Cabs
                0x0000b2a8                Catan
                0x0000b5b4                Ctilt
                0x0000aed8                Cnnlearnblob
                0x0000b468                Creadi2c
                0x0000b500                Canalogx
                0x0000addc                Clineno
                0x0000bf18                Cinput1
                0x0000ade8                Cerrormsg
                0x0000b428                Creadi2c2
                0x0000abf0                Cpeek
                0x0000befc                Cinput
                0x0000be2c                Crand
                0x0000ae0c                Ctime
                0x0000b9b4                Cvfind
                0x0000b194                Cnntrain
                0x0000ad60                Cvdiff
                0x0000ab88                Ciodir
                0x0000bf34                Csignal1
                0x0000bdd0                Cencoderx
                0x0000b6e0                Cdelay
                0x0000ad74                Ccompassxcal
                0x0000b7b8                Cvblob
                0x0000bf6c                PlatformLibraryInit
                0x0000b6f8                Coutput
                0x0000b0c4                Cnntest
                0x0000ae8c                Cnnset
                0x0000bb84                Cmotorx
                0x0000abd0                Ciowrite
                0x0000b240                Cgps_dist
                0x0000bf50                Csignal
                0x0000b8ac                Cvmean
 .text          0x0000c308      0x3d0 picoc/platform.o
                0x0000c418                PlatformPrintf
                0x0000c308                PlatformMakeTempName
                0x0000c590                PlatformErrorPrefix
                0x0000c554                LexFail
                0x0000c434                PrintSourceTextErrorLine
                0x0000c664                PicocCleanup
                0x0000c5e0                AssignFail
                0x0000c688                PicocInitialise
                0x0000c340                PlatformVPrintf
                0x0000c5b0                ProgramFail
 .text          0x0000c6d8      0x118 picoc/platform/platform_surveyor.o
                0x0000c718                PlatformPutc
                0x0000c744                PlatformGetLine
                0x0000c6d8                PlatformCleanup
                0x0000c708                PlatformGetCharacter
                0x0000c6e4                PlatformExit
 .text          0x0000c7f0        0x0 picoc/include.o
 .text          0x0000c7f0      0x2b0 c:\program files\analog devices\gnu toolchain\2008r1.5\elf\bin\../bfin-elf/lib\libbffastfp.a(addfl64.o)
                0x0000c7f2                __adddf3_inregs
                0x0000c7f0                __adddf3
 .text          0x0000caa0       0x80 c:\program files\analog devices\gnu toolchain\2008r1.5\elf\bin\../bfin-elf/lib\libbffastfp.a(cmpfl64.o)
                0x0000caa0                __ledf2
                0x0000caa0                __nedf2
                0x0000caa0                __gedf2
                0x0000caa0                __gtdf2
                0x0000caa0                __eqdf2
                0x0000caa0                __cmpdf2
                0x0000caa0                __ltdf2
 .text          0x0000cb20       0x44 c:\program files\analog devices\gnu toolchain\2008r1.5\elf\bin\../bfin-elf/lib\libbffastfp.a(f32tof64.o)
                0x0000cb20                __extendsfdf2
 .text          0x0000cb64       0x80 c:\program files\analog devices\gnu toolchain\2008r1.5\elf\bin\../bfin-elf/lib\libbffastfp.a(f64tof32.o)
                0x0000cb64                __truncdfsf2
 .text          0x0000cbe4       0x74 c:\program files\analog devices\gnu toolchain\2008r1.5\elf\bin\../bfin-elf/lib\libbffastfp.a(f64toi32z.o)
                0x0000cbe4                __fixdfsi
 .text          0x0000cc58      0x130 c:\program files\analog devices\gnu toolchain\2008r1.5\elf\bin\../bfin-elf/lib\libbffastfp.a(fpmult.o)
                0x0000cc58                __mulsf3
 .text          0x0000cd88       0x3c c:\program files\analog devices\gnu toolchain\2008r1.5\elf\bin\../bfin-elf/lib\libbffastfp.a(i32tof64.o)
                0x0000cd88                __floatsidf
 .text          0x0000cdc4      0x250 c:\program files\analog devices\gnu toolchain\2008r1.5\elf\bin\../bfin-elf/lib\libbffastfp.a(mulfl64.o)
                0x0000cdc4                __muldf3
 .text          0x0000d014        0x8 c:\program files\analog devices\gnu toolchain\2008r1.5\elf\bin\../bfin-elf/lib\libbffastfp.a(subfl64.o)
                0x0000d014                __subdf3

.l1data         0xff800000     0x295c
 *(.data)
 .data          0xff800000        0x0 camera.o
 .data          0xff800000        0x0 edit.o
 .data          0xff800000     0x10a8 httpd.o
                0xff800000                adminHtml
 .data          0xff8010a8        0x0 i2c.o
 .data          0xff8010a8        0x0 stm_m25p32.o
 .data          0xff8010a8        0x0 printf.o
 .data          0xff8010a8        0x0 xmodem.o
 .data          0xff8010a8        0x0 gps.o
 .data          0xff8010a8        0x0 myfunc.o
 .data          0xff8010a8        0x0 crt0.o
 .data          0xff8010a8        0x0 main.o
 .data          0xff8010a8        0x0 math.o
 .data          0xff8010a8        0x0 malloc.o
 .data          0xff8010a8        0x0 string.o
 .data          0xff8010a8      0xa78 srv.o
                0xff8014b0                version_string
                0xff8010b0                font8x8
                0xff8010a8                fontmask
                0xff8014ec                frame
                0xff80150c                rand_seed
 .data          0xff801b20        0x0 uart.o
 .data          0xff801b20        0x0 colors.o
 .data          0xff801b20      0x8f0 jpeg.o
                0xff802350                zigzag_table
                0xff801b78                chrominance_dc_size_table
                0xff801e18                chrominance_ac_code_table
                0xff801cd4                luminance_ac_size_table
                0xff801b90                luminance_ac_code_table
                0xff801b48                luminance_dc_size_table
                0xff801b60                chrominance_dc_code_table
                0xff802390                luminance_quant_table
                0xff8021a0                markerdata
                0xff801b30                luminance_dc_code_table
                0xff801b20                fdct_coeff
                0xff8023d0                chrominance_quant_table
                0xff8020a0                bitsize
                0xff801f5c                chrominance_ac_size_table
 .data          0xff802410        0x0 r8x8dct.o
 .data          0xff802410        0x0 motionvect.o
 .data          0xff802410        0x0 setjmp.o
 .data          0xff802410       0x8c neural.o
                0xff802414                npattern
                0xff802494                nmask
                0xff802410                learn
 .data          0xff80249c        0x0 init.o
 .data          0xff80249c        0x0 sdcard.o
 .data          0xff80249c        0x0 picoc/picoc.o
 .data          0xff80249c        0x0 picoc/table.o
 .data          0xff80249c      0x1cc picoc/lex.o
 .data          0xff802668        0x0 picoc/parse.o
 .data          0xff802668        0x0 picoc/expression.o
 .data          0xff802668       0x10 picoc/heap.o
                0xff80266c                HeapMemStart
                0xff802668                HeapStackTop
 .data          0xff802678       0x10 picoc/type.o
 .data          0xff802688        0x0 picoc/variable.o
 .data          0xff802688       0x9c picoc/clibrary.o
                0xff802688                CLibrary
 .data          0xff802724      0x238 picoc/platform/library_surveyor.o
                0xff802724                PlatformLibrary
 .data          0xff80295c        0x0 picoc/platform.o
 .data          0xff80295c        0x0 picoc/platform/platform_surveyor.o
 .data          0xff80295c        0x0 picoc/include.o
 .data          0xff80295c        0x0 c:\program files\analog devices\gnu toolchain\2008r1.5\elf\bin\../bfin-elf/lib\libbffastfp.a(addfl64.o)
 .data          0xff80295c        0x0 c:\program files\analog devices\gnu toolchain\2008r1.5\elf\bin\../bfin-elf/lib\libbffastfp.a(cmpfl64.o)
 .data          0xff80295c        0x0 c:\program files\analog devices\gnu toolchain\2008r1.5\elf\bin\../bfin-elf/lib\libbffastfp.a(f32tof64.o)
 .data          0xff80295c        0x0 c:\program files\analog devices\gnu toolchain\2008r1.5\elf\bin\../bfin-elf/lib\libbffastfp.a(f64tof32.o)
 .data          0xff80295c        0x0 c:\program files\analog devices\gnu toolchain\2008r1.5\elf\bin\../bfin-elf/lib\libbffastfp.a(f64toi32z.o)
 .data          0xff80295c        0x0 c:\program files\analog devices\gnu toolchain\2008r1.5\elf\bin\../bfin-elf/lib\libbffastfp.a(fpmult.o)
 .data          0xff80295c        0x0 c:\program files\analog devices\gnu toolchain\2008r1.5\elf\bin\../bfin-elf/lib\libbffastfp.a(i32tof64.o)
 .data          0xff80295c        0x0 c:\program files\analog devices\gnu toolchain\2008r1.5\elf\bin\../bfin-elf/lib\libbffastfp.a(mulfl64.o)
 .data          0xff80295c        0x0 c:\program files\analog devices\gnu toolchain\2008r1.5\elf\bin\../bfin-elf/lib\libbffastfp.a(subfl64.o)
 *(.l1data)
 *(.l1data.a)

.l1data.b
 *(.l1data.b)

.rodata         0xff80295c     0x3b08
 *(.rodata .rodata.* .gnu.linkonce.r.*)
 .rodata.str1.4
                0xff80295c       0xb6 edit.o
                                 0xb8 (size before relaxing)
 *fill*         0xff802a12        0x2 00
 .rodata        0xff802a14       0x5c edit.o
 .rodata.str1.4
                0xff802a70      0x475 httpd.o
                                0x48c (size before relaxing)
 *fill*         0xff802ee5        0x3 00
 .rodata        0xff802ee8      0x3c8 httpd.o
 .rodata.str1.4
                0xff8032b0        0x7 printf.o
                                  0x8 (size before relaxing)
 *fill*         0xff8032b7        0x1 00
 .rodata        0xff8032b8       0x84 printf.o
 .rodata        0xff80333c      0x200 xmodem.o
 .rodata.str1.4
                0xff80353c       0x96 gps.o
                                 0x98 (size before relaxing)
 *fill*         0xff8035d2        0x2 00
 .rodata        0xff8035d4      0x16c gps.o
 .rodata.str1.4
                0xff803740       0x14 myfunc.o
 .rodata.str1.4
                0xff803754       0x3b main.o
                                 0x44 (size before relaxing)
 *fill*         0xff80378f        0x1 00
 .rodata        0xff803790      0x394 main.o
 .rodata        0xff803b24      0x1bc srv.o
 .rodata.str1.4
                0xff803ce0      0x839 srv.o
                                0x874 (size before relaxing)
 *fill*         0xff804519        0x3 00
 .rodata        0xff80451c       0x10 uart.o
 .rodata.str1.4
                0xff80452c        0x4 neural.o
                                  0xc (size before relaxing)
 .rodata.str1.4
                0xff804530       0x17 picoc/picoc.o
                                 0x18 (size before relaxing)
 *fill*         0xff804547        0x1 00
 .rodata.str1.4
                0xff804548        0xe picoc/table.o
                                 0x14 (size before relaxing)
 *fill*         0xff804556        0x2 00
 .rodata        0xff804558      0x2fc picoc/lex.o
 .rodata.str1.4
                0xff804854      0x1aa picoc/lex.o
                                0x1c8 (size before relaxing)
 *fill*         0xff8049fe        0x2 00
 .rodata.str1.4
                0xff804a00      0x248 picoc/parse.o
                                0x270 (size before relaxing)
 .rodata        0xff804c48      0x12c picoc/parse.o
 .rodata        0xff804d74      0x2bc picoc/expression.o
 .rodata.str1.4
                0xff805030      0x42a picoc/expression.o
                                0x494 (size before relaxing)
 *fill*         0xff80545a        0x2 00
 .rodata.str1.4
                0xff80545c      0x121 picoc/type.o
                                0x158 (size before relaxing)
 *fill*         0xff80557d        0x3 00
 .rodata        0xff805580       0x60 picoc/type.o
 .rodata.str1.4
                0xff8055e0       0x2f picoc/variable.o
                                 0x6c (size before relaxing)
 *fill*         0xff80560f        0x1 00
 .rodata.str1.4
                0xff805610      0x29f picoc/clibrary.o
                                0x2d0 (size before relaxing)
 *fill*         0xff8058af        0x1 00
 .rodata        0xff8058b0       0xa4 picoc/clibrary.o
 .rodata.str1.4
                0xff805954      0xabb picoc/platform/library_surveyor.o
                                0xad0 (size before relaxing)
 *fill*         0xff80640f        0x1 00
 .rodata.str1.4
                0xff806410       0x44 picoc/platform.o
                                 0x60 (size before relaxing)
 .rodata.str1.4
                0xff806454       0x10 picoc/platform/platform_surveyor.o

.data
 *(.data .data.* .gnu.linkonce.d.*)

.ctors
 *crtbegin*.o(.ctors)
 *(EXCLUDE_FILE(*crtend*.o) .ctors)
 *(SORT(.ctors.*))
 *(.ctors)

.dtors
 *crtbegin*.o(.dtors)
 *(EXCLUDE_FILE(*crtend*.o) .dtors)
 *(SORT(.dtors.*))
 *(.dtors)

.sdram.bss      0x0000d01c        0x0
                0x0000d01c                __sdram_bss_start = .
 *(.bss.sdram)
                0x0000d01c                . = ALIGN (0x4)
                0x0000d01c                __sdram_bss_end = .

.bss            0xff904000     0x3d3c
                0xff904000                __bss_start = .
 *(.dynbss)
 *(.bss .bss.* .gnu.linkonce.b.*)
 .bss           0xff904000        0x0 camera.o
 .bss           0xff904000       0x10 edit.o
 .bss           0xff904010      0x280 httpd.o
 .bss           0xff904290        0x0 i2c.o
 .bss           0xff904290        0x0 stm_m25p32.o
 .bss           0xff904290       0x54 printf.o
 .bss           0xff9042e4        0x0 xmodem.o
 .bss           0xff9042e4        0x8 gps.o
 .bss           0xff9042ec        0x0 myfunc.o
 .bss           0xff9042ec        0x0 crt0.o
 .bss           0xff9042ec        0x0 main.o
 .bss           0xff9042ec        0x0 math.o
 .bss           0xff9042ec        0x4 malloc.o
                0xff9042ec                allocp
 .bss           0xff9042f0        0x4 string.o
 .bss           0xff9042f4        0xc srv.o
                0xff9042f8                sonar_flag
                0xff9042f4                failsafe_mode
                0xff9042fc                uart1_flag
 .bss           0xff904300        0x4 uart.o
 .bss           0xff904304       0x50 colors.o
 .bss           0xff904354        0x8 jpeg.o
                0xff904354                lcode
                0xff904358                bitindex
 .bss           0xff90435c        0x0 r8x8dct.o
 .bss           0xff90435c        0x0 motionvect.o
 .bss           0xff90435c        0x0 setjmp.o
 .bss           0xff90435c        0x0 neural.o
 .bss           0xff90435c        0x0 init.o
 .bss           0xff90435c        0x0 sdcard.o
 .bss           0xff90435c        0x0 picoc/picoc.o
 .bss           0xff90435c        0x4 picoc/table.o
                0xff90435c                StrEmpty
 .bss           0xff904360       0x48 picoc/lex.o
 .bss           0xff9043a8        0x4 picoc/parse.o
 .bss           0xff9043ac        0x0 picoc/expression.o
 .bss           0xff9043ac       0x24 picoc/heap.o
 .bss           0xff9043d0        0x8 picoc/type.o
 .bss           0xff9043d8        0x4 picoc/variable.o
                0xff9043d8                TopStackFrame
 .bss           0xff9043dc       0x10 picoc/clibrary.o
 .bss           0xff9043ec       0xdc picoc/platform/library_surveyor.o
 .bss           0xff9044c8        0x4 picoc/platform.o
                0xff9044c8                PicocExitValue
 .bss           0xff9044cc        0x0 picoc/platform/platform_surveyor.o
 .bss           0xff9044cc        0x0 picoc/include.o
 .bss           0xff9044cc        0x0 c:\program files\analog devices\gnu toolchain\2008r1.5\elf\bin\../bfin-elf/lib\libbffastfp.a(addfl64.o)
 .bss           0xff9044cc        0x0 c:\program files\analog devices\gnu toolchain\2008r1.5\elf\bin\../bfin-elf/lib\libbffastfp.a(cmpfl64.o)
 .bss           0xff9044cc        0x0 c:\program files\analog devices\gnu toolchain\2008r1.5\elf\bin\../bfin-elf/lib\libbffastfp.a(f32tof64.o)
 .bss           0xff9044cc        0x0 c:\program files\analog devices\gnu toolchain\2008r1.5\elf\bin\../bfin-elf/lib\libbffastfp.a(f64tof32.o)
 .bss           0xff9044cc        0x0 c:\program files\analog devices\gnu toolchain\2008r1.5\elf\bin\../bfin-elf/lib\libbffastfp.a(f64toi32z.o)
 .bss           0xff9044cc        0x0 c:\program files\analog devices\gnu toolchain\2008r1.5\elf\bin\../bfin-elf/lib\libbffastfp.a(fpmult.o)
 .bss           0xff9044cc        0x0 c:\program files\analog devices\gnu toolchain\2008r1.5\elf\bin\../bfin-elf/lib\libbffastfp.a(i32tof64.o)
 .bss           0xff9044cc        0x0 c:\program files\analog devices\gnu toolchain\2008r1.5\elf\bin\../bfin-elf/lib\libbffastfp.a(mulfl64.o)
 .bss           0xff9044cc        0x0 c:\program files\analog devices\gnu toolchain\2008r1.5\elf\bin\../bfin-elf/lib\libbffastfp.a(subfl64.o)
 *(COMMON)
 COMMON         0xff9044cc       0x18 camera.o
                0xff9044cc                dlist2
                0xff9044d8                dlist1
 COMMON         0xff9044e4       0x10 edit.o
                0xff9044e4                compass_continuous_calibration
                0xff9044e8                compass_init
                0xff9044ec                cxmin
                0xff9044ee                cymin
                0xff9044f0                cxmax
                0xff9044f2                cymax
 COMMON         0xff9044f4      0x406 xmodem.o
                0xff9044f4                xbuff
 *fill*         0xff9048fa        0x2 00
 COMMON         0xff9048fc       0x18 gps.o
                0xff9048fc                gps_gga
 COMMON         0xff904914       0x14 malloc.o
                0xff904914                base
                0xff90491c                heap_end
                0xff904920                heap_start
                0xff904924                heap_ptr
 COMMON         0xff904928       0xf4 srv.o
                0xff904928                imgWidth
                0xff90492c                rfailsafe
                0xff904930                j
                0xff904934                blob_display_flag
                0xff904938                x_acc
                0xff90493c                i
                0xff904940                invert_flag
                0xff904944                segmentation_flag
                0xff904948                move_stop_time
                0xff90494c                czmax
                0xff904950                pwm2_init
                0xff904954                sonar_data
                0xff904968                y_acc0
                0xff90496c                quality
                0xff904970                move_start_time
                0xff904974                y_acc
                0xff904978                output_start
                0xff90497c                lcount
                0xff904980                pwm1_init
                0xff904984                image_size
                0xff904988                pwm1_mode
                0xff90498c                x_center
                0xff904990                lfailsafe
                0xff904994                edge_thresh
                0xff904998                horizon_detect_flag
                0xff90499c                master
                0xff9049a0                base_speed
                0xff9049a4                tilt_init
                0xff9049a8                rspeed2
                0xff9049ac                lspeed
                0xff9049b0                overlay_flag
                0xff9049b4                lspeed2
                0xff9049b8                err1
                0xff9049bc                cp
                0xff9049c0                output_end
                0xff9049c4                czmin
                0xff9049c8                pwm2_mode
                0xff9049cc                obstacle_detect_flag
                0xff9049d0                blob_display_num
                0xff9049d4                framecount
                0xff9049d8                rcount
                0xff9049dc                x_acc0
                0xff9049e0                imgHead
                0xff9049ec                edge_detect_flag
                0xff9049f0                encoder_flag
                0xff9049f4                imgHeight
                0xff9049f8                failsafe_clock
                0xff9049fc                move_time_mS
                0xff904a00                y_center
                0xff904a04                xwd_init
                0xff904a08                rspeed
                0xff904a0c                base_speed2
                0xff904a10                frame_diff_flag
                0xff904a14                ix
                0xff904a18                robot_moving
 COMMON         0xff904a1c      0xf8c colors.o
                0xff904a1c                blobcnt
                0xff904b18                ymax
                0xff904b5c                blobx1
                0xff904c58                umax
                0xff904c9c                hist0
                0xff90509c                hist1
                0xff90549c                blobix
                0xff905598                bloby2
                0xff905694                mean
                0xff9056a0                vmax
                0xff9056e4                vmin
                0xff905728                bloby1
                0xff905824                blobx2
                0xff905920                ymin
                0xff905964                umin
 COMMON         0xff9059a8      0x584 jpeg.o
                0xff9059a8                Y2
                0xff905a28                Temp
                0xff905aa8                Cqt
                0xff905ae8                Y3
                0xff905b68                Y4
                0xff905be8                ICqt
                0xff905c68                ILqt
                0xff905ce8                CR
                0xff905d68                Lqt
                0xff905da8                CB
                0xff905e28                fdct_temp
                0xff905ea8                read_format
                0xff905eac                Y1
 COMMON         0xff905f2c     0x1640 neural.o
                0xff905f2c                weights
                0xff90732c                teach_neurons
                0xff90736c                nerror
                0xff9073ec                neurons
 COMMON         0xff90756c      0x18c picoc/table.o
                0xff90756c                StringHashTable
                0xff9076f0                StringTable
 COMMON         0xff9076f8      0x278 picoc/type.o
                0xff9076f8                GotoLabelType
                0xff907724                CharArrayType
                0xff907728                FunctionType
                0xff907754                TypeType
                0xff907780                EnumType
                0xff9077ac                VoidType
                0xff9077d8                ShortType
                0xff907804                MacroType
                0xff907830                CharType
                0xff90785c                CharPtrType
                0xff907860                VoidPtrType
                0xff907864                LongType
                0xff907890                IntType
                0xff9078bc                UnsignedLongType
                0xff9078e8                UberType
                0xff907914                UnsignedIntType
                0xff907940                UnsignedShortType
                0xff90796c                CharPtrPtrType
 COMMON         0xff907970      0x318 picoc/variable.o
                0xff907970                StringLiteralHashTable
                0xff907af4                GlobalHashTable
                0xff907c78                GlobalTable
                0xff907c80                StringLiteralTable
 COMMON         0xff907c88       0x10 picoc/clibrary.o
                0xff907c88                CStdOut
                0xff907c8c                CStdOutBase
 COMMON         0xff907c98       0xa4 picoc/platform/platform_surveyor.o
                0xff907c98                PicocExitBuf
                0xff907d3c                . = ALIGN (0x4)
                0xff907d3c                __bss_end = .
                0xff903ffc                . = 0xff903ffc
                0xff903ffc                PROVIDE (_supervisor_stack, .)
LOAD main.o
LOAD init.o
LOAD srv.o
LOAD uart.o
LOAD camera.o
LOAD jpeg.o
LOAD i2c.o
LOAD stm_m25p32.o
LOAD httpd.o
LOAD xmodem.o
LOAD colors.o
LOAD edit.o
LOAD malloc.o
LOAD string.o
LOAD printf.o
LOAD myfunc.o
LOAD neural.o
LOAD gps.o
LOAD sdcard.o
LOAD picoc/picoc.o
LOAD picoc/table.o
LOAD picoc/lex.o
LOAD picoc/parse.o
LOAD picoc/expression.o
LOAD picoc/heap.o
LOAD picoc/type.o
LOAD picoc/variable.o
LOAD picoc/clibrary.o
LOAD picoc/platform/library_surveyor.o
LOAD picoc/platform.o
LOAD picoc/platform/platform_surveyor.o
LOAD picoc/include.o
LOAD r8x8dct.o
LOAD math.o
LOAD setjmp.o
LOAD motionvect.o
LOAD crt0.o
LOAD c:\program files\analog devices\gnu toolchain\2008r1.5\elf\bin\../bfin-elf/lib\libbffastfp.a
OUTPUT(srv1.bin elf32-bfin)

.debug_abbrev   0x00000000     0x32c9
 .debug_abbrev  0x00000000       0xcf camera.o
 .debug_abbrev  0x000000cf       0xfc edit.o
 .debug_abbrev  0x000001cb      0x25c httpd.o
 .debug_abbrev  0x00000427       0x8a i2c.o
 .debug_abbrev  0x000004b1      0x1d8 stm_m25p32.o
 .debug_abbrev  0x00000689      0x1d3 printf.o
 .debug_abbrev  0x0000085c      0x183 xmodem.o
 .debug_abbrev  0x000009df      0x1b7 gps.o
 .debug_abbrev  0x00000b96       0x43 myfunc.o
 .debug_abbrev  0x00000bd9       0xa6 main.o
 .debug_abbrev  0x00000c7f      0x14c malloc.o
 .debug_abbrev  0x00000dcb      0x222 string.o
 .debug_abbrev  0x00000fed      0x25c srv.o
 .debug_abbrev  0x00001249      0x148 uart.o
 .debug_abbrev  0x00001391      0x1dd colors.o
 .debug_abbrev  0x0000156e      0x186 jpeg.o
 .debug_abbrev  0x000016f4      0x114 neural.o
 .debug_abbrev  0x00001808       0x45 init.o
 .debug_abbrev  0x0000184d       0xf8 sdcard.o
 .debug_abbrev  0x00001945       0x9a picoc/picoc.o
 .debug_abbrev  0x000019df      0x23d picoc/table.o
 .debug_abbrev  0x00001c1c      0x2a0 picoc/lex.o
 .debug_abbrev  0x00001ebc      0x298 picoc/parse.o
 .debug_abbrev  0x00002154      0x294 picoc/expression.o
 .debug_abbrev  0x000023e8      0x153 picoc/heap.o
 .debug_abbrev  0x0000253b      0x283 picoc/type.o
 .debug_abbrev  0x000027be      0x20c picoc/variable.o
 .debug_abbrev  0x000029ca      0x2e0 picoc/clibrary.o
 .debug_abbrev  0x00002caa      0x29d picoc/platform/library_surveyor.o
 .debug_abbrev  0x00002f47      0x1d5 picoc/platform.o
 .debug_abbrev  0x0000311c      0x172 picoc/platform/platform_surveyor.o
 .debug_abbrev  0x0000328e       0x3b picoc/include.o

.debug_info     0x00000000    0x131c7
 .debug_info    0x00000000      0x136 camera.o
 .debug_info    0x00000136      0x25a edit.o
 .debug_info    0x00000390      0xc25 httpd.o
 .debug_info    0x00000fb5      0x1b5 i2c.o
 .debug_info    0x0000116a      0x604 stm_m25p32.o
 .debug_info    0x0000176e      0x4de printf.o
 .debug_info    0x00001c4c      0x3e3 xmodem.o
 .debug_info    0x0000202f      0x622 gps.o
 .debug_info    0x00002651       0x54 myfunc.o
 .debug_info    0x000026a5      0x131 main.o
 .debug_info    0x000027d6      0x2ad malloc.o
 .debug_info    0x00002a83      0x8e9 string.o
 .debug_info    0x0000336c     0x21bb srv.o
 .debug_info    0x00005527      0x520 uart.o
 .debug_info    0x00005a47      0xc64 colors.o
 .debug_info    0x000066ab      0xb0b jpeg.o
 .debug_info    0x000071b6      0x4ab neural.o
 .debug_info    0x00007661       0x64 init.o
 .debug_info    0x000076c5      0x40f sdcard.o
 .debug_info    0x00007ad4      0x115 picoc/picoc.o
 .debug_info    0x00007be9      0xaa9 picoc/table.o
 .debug_info    0x00008692     0x1417 picoc/lex.o
 .debug_info    0x00009aa9     0x10fc picoc/parse.o
 .debug_info    0x0000aba5     0x180c picoc/expression.o
 .debug_info    0x0000c3b1      0x389 picoc/heap.o
 .debug_info    0x0000c73a     0x1205 picoc/type.o
 .debug_info    0x0000d93f      0xe28 picoc/variable.o
 .debug_info    0x0000e767     0x13ba picoc/clibrary.o
 .debug_info    0x0000fb21     0x2817 picoc/platform/library_surveyor.o
 .debug_info    0x00012338      0xa80 picoc/platform.o
 .debug_info    0x00012db8      0x33e picoc/platform/platform_surveyor.o
 .debug_info    0x000130f6       0xd1 picoc/include.o

.debug_line     0x00000000     0x4848
 .debug_line    0x00000000       0x72 camera.o
 .debug_line    0x00000072       0xda edit.o
 .debug_line    0x0000014c      0x49b httpd.o
 .debug_line    0x000005e7       0xd2 i2c.o
 .debug_line    0x000006b9      0x1ac stm_m25p32.o
 .debug_line    0x00000865      0x1a1 printf.o
 .debug_line    0x00000a06      0x139 xmodem.o
 .debug_line    0x00000b3f      0x2af gps.o
 .debug_line    0x00000dee       0x3c myfunc.o
 .debug_line    0x00000e2a      0x163 main.o
 .debug_line    0x00000f8d       0xaf malloc.o
 .debug_line    0x0000103c      0x1eb string.o
 .debug_line    0x00001227      0xbd4 srv.o
 .debug_line    0x00001dfb      0x14a uart.o
 .debug_line    0x00001f45      0x3b9 colors.o
 .debug_line    0x000022fe      0x315 jpeg.o
 .debug_line    0x00002613      0x127 neural.o
 .debug_line    0x0000273a       0x53 init.o
 .debug_line    0x0000278d      0x114 sdcard.o
 .debug_line    0x000028a1       0x86 picoc/picoc.o
 .debug_line    0x00002927      0x110 picoc/table.o
 .debug_line    0x00002a37      0x564 picoc/lex.o
 .debug_line    0x00002f9b      0x3b9 picoc/parse.o
 .debug_line    0x00003354      0x603 picoc/expression.o
 .debug_line    0x00003957      0x10c picoc/heap.o
 .debug_line    0x00003a63      0x2a1 picoc/type.o
 .debug_line    0x00003d04      0x1d1 picoc/variable.o
 .debug_line    0x00003ed5      0x26b picoc/clibrary.o
 .debug_line    0x00004140      0x487 picoc/platform/library_surveyor.o
 .debug_line    0x000045c7      0x154 picoc/platform.o
 .debug_line    0x0000471b       0xfe picoc/platform/platform_surveyor.o
 .debug_line    0x00004819       0x2f picoc/include.o

.debug_frame    0x00000000     0x40e4
 .debug_frame   0x00000000       0x4c camera.o
 .debug_frame   0x0000004c      0x100 edit.o
 .debug_frame   0x0000014c       0xd0 httpd.o
 .debug_frame   0x0000021c       0x50 i2c.o
 .debug_frame   0x0000026c      0x214 stm_m25p32.o
 .debug_frame   0x00000480      0x110 printf.o
 .debug_frame   0x00000590       0xc8 xmodem.o
 .debug_frame   0x00000658      0x1ac gps.o
 .debug_frame   0x00000804       0x28 myfunc.o
 .debug_frame   0x0000082c       0x3c main.o
 .debug_frame   0x00000868       0x94 malloc.o
 .debug_frame   0x000008fc      0x268 string.o
 .debug_frame   0x00000b64      0xc58 srv.o
 .debug_frame   0x000017bc      0x208 uart.o
 .debug_frame   0x000019c4      0x27c colors.o
 .debug_frame   0x00001c40      0x1b0 jpeg.o
 .debug_frame   0x00001df0      0x16c neural.o
 .debug_frame   0x00001f5c       0xa4 init.o
 .debug_frame   0x00002000      0x1a8 sdcard.o
 .debug_frame   0x000021a8       0x34 picoc/picoc.o
 .debug_frame   0x000021dc      0x150 picoc/table.o
 .debug_frame   0x0000232c      0x390 picoc/lex.o
 .debug_frame   0x000026bc      0x260 picoc/parse.o
 .debug_frame   0x0000291c      0x3b8 picoc/expression.o
 .debug_frame   0x00002cd4       0xdc picoc/heap.o
 .debug_frame   0x00002db0      0x238 picoc/type.o
 .debug_frame   0x00002fe8      0x318 picoc/variable.o
 .debug_frame   0x00003300      0x390 picoc/clibrary.o
 .debug_frame   0x00003690      0x860 picoc/platform/library_surveyor.o
 .debug_frame   0x00003ef0      0x150 picoc/platform.o
 .debug_frame   0x00004040       0xa4 picoc/platform/platform_surveyor.o

.debug_loc      0x00000000    0x17b2a
 .debug_loc     0x00000000       0x5b camera.o
 .debug_loc     0x0000005b      0x2e0 edit.o
 .debug_loc     0x0000033b     0x1a89 httpd.o
 .debug_loc     0x00001dc4      0x2fc i2c.o
 .debug_loc     0x000020c0      0x89e stm_m25p32.o
 .debug_loc     0x0000295e      0xae4 printf.o
 .debug_loc     0x00003442      0x6b7 xmodem.o
 .debug_loc     0x00003af9      0xfab gps.o
 .debug_loc     0x00004aa4       0x3e myfunc.o
 .debug_loc     0x00004ae2       0xd2 main.o
 .debug_loc     0x00004bb4      0x1e1 malloc.o
 .debug_loc     0x00004d95      0xd8a string.o
 .debug_loc     0x00005b1f     0x2c49 srv.o
 .debug_loc     0x00008768      0x72d uart.o
 .debug_loc     0x00008e95     0x126f colors.o
 .debug_loc     0x0000a104     0x14f7 jpeg.o
 .debug_loc     0x0000b5fb      0x460 neural.o
 .debug_loc     0x0000ba5b      0x122 init.o
 .debug_loc     0x0000bb7d      0x6b5 sdcard.o
 .debug_loc     0x0000c232       0x81 picoc/picoc.o
 .debug_loc     0x0000c2b3      0x674 picoc/table.o
 .debug_loc     0x0000c927     0x1620 picoc/lex.o
 .debug_loc     0x0000df47     0x11a9 picoc/parse.o
 .debug_loc     0x0000f0f0     0x2892 picoc/expression.o
 .debug_loc     0x00011982      0x326 picoc/heap.o
 .debug_loc     0x00011ca8      0xcca picoc/type.o
 .debug_loc     0x00012972      0xfa5 picoc/variable.o
 .debug_loc     0x00013917     0x1238 picoc/clibrary.o
 .debug_loc     0x00014b4f     0x25eb picoc/platform/library_surveyor.o
 .debug_loc     0x0001713a      0x749 picoc/platform.o
 .debug_loc     0x00017883      0x2a7 picoc/platform/platform_surveyor.o

.debug_pubnames
                0x00000000     0x3501
 .debug_pubnames
                0x00000000       0x59 camera.o
 .debug_pubnames
                0x00000059       0xf4 edit.o
 .debug_pubnames
                0x0000014d       0xb4 httpd.o
 .debug_pubnames
                0x00000201       0x49 i2c.o
 .debug_pubnames
                0x0000024a      0x120 stm_m25p32.o
 .debug_pubnames
                0x0000036a       0x44 printf.o
 .debug_pubnames
                0x000003ae       0x5d xmodem.o
 .debug_pubnames
                0x0000040b       0xfb gps.o
 .debug_pubnames
                0x00000506       0x1d myfunc.o
 .debug_pubnames
                0x00000523       0x77 main.o
 .debug_pubnames
                0x0000059a       0xe3 malloc.o
 .debug_pubnames
                0x0000067d      0x144 string.o
 .debug_pubnames
                0x000007c1      0xbe3 srv.o
 .debug_pubnames
                0x000013a4      0x1bc uart.o
 .debug_pubnames
                0x00001560      0x165 colors.o
 .debug_pubnames
                0x000016c5      0x2cc jpeg.o
 .debug_pubnames
                0x00001991      0x176 neural.o
 .debug_pubnames
                0x00001b07       0x1f init.o
 .debug_pubnames
                0x00001b26      0x12d sdcard.o
 .debug_pubnames
                0x00001c53       0x78 picoc/picoc.o
 .debug_pubnames
                0x00001ccb      0x13d picoc/table.o
 .debug_pubnames
                0x00001e08      0x29e picoc/lex.o
 .debug_pubnames
                0x000020a6      0x1a2 picoc/parse.o
 .debug_pubnames
                0x00002248      0x315 picoc/expression.o
 .debug_pubnames
                0x0000255d      0x132 picoc/heap.o
 .debug_pubnames
                0x0000268f      0x2b1 picoc/type.o
 .debug_pubnames
                0x00002940      0x2f5 picoc/variable.o
 .debug_pubnames
                0x00002c35      0x258 picoc/clibrary.o
 .debug_pubnames
                0x00002e8d      0x3de picoc/platform/library_surveyor.o
 .debug_pubnames
                0x0000326b      0x146 picoc/platform.o
 .debug_pubnames
                0x000033b1       0xe2 picoc/platform/platform_surveyor.o
 .debug_pubnames
                0x00003493       0x6e picoc/include.o

.debug_aranges  0x00000000      0x3e0
 .debug_aranges
                0x00000000       0x20 camera.o
 .debug_aranges
                0x00000020       0x20 edit.o
 .debug_aranges
                0x00000040       0x20 httpd.o
 .debug_aranges
                0x00000060       0x20 i2c.o
 .debug_aranges
                0x00000080       0x20 stm_m25p32.o
 .debug_aranges
                0x000000a0       0x20 printf.o
 .debug_aranges
                0x000000c0       0x20 xmodem.o
 .debug_aranges
                0x000000e0       0x20 gps.o
 .debug_aranges
                0x00000100       0x20 myfunc.o
 .debug_aranges
                0x00000120       0x20 main.o
 .debug_aranges
                0x00000140       0x20 malloc.o
 .debug_aranges
                0x00000160       0x20 string.o
 .debug_aranges
                0x00000180       0x20 srv.o
 .debug_aranges
                0x000001a0       0x20 uart.o
 .debug_aranges
                0x000001c0       0x20 colors.o
 .debug_aranges
                0x000001e0       0x20 jpeg.o
 .debug_aranges
                0x00000200       0x20 neural.o
 .debug_aranges
                0x00000220       0x20 init.o
 .debug_aranges
                0x00000240       0x20 sdcard.o
 .debug_aranges
                0x00000260       0x20 picoc/picoc.o
 .debug_aranges
                0x00000280       0x20 picoc/table.o
 .debug_aranges
                0x000002a0       0x20 picoc/lex.o
 .debug_aranges
                0x000002c0       0x20 picoc/parse.o
 .debug_aranges
                0x000002e0       0x20 picoc/expression.o
 .debug_aranges
                0x00000300       0x20 picoc/heap.o
 .debug_aranges
                0x00000320       0x20 picoc/type.o
 .debug_aranges
                0x00000340       0x20 picoc/variable.o
 .debug_aranges
                0x00000360       0x20 picoc/clibrary.o
 .debug_aranges
                0x00000380       0x20 picoc/platform/library_surveyor.o
 .debug_aranges
                0x000003a0       0x20 picoc/platform.o
 .debug_aranges
                0x000003c0       0x20 picoc/platform/platform_surveyor.o

.debug_str      0x00000000     0x43ad
 .debug_str     0x00000000       0xee camera.o
                                 0xf9 (size before relaxing)
 .debug_str     0x000000ee       0xd8 edit.o
                                0x145 (size before relaxing)
 .debug_str     0x000001c6      0x49f httpd.o
                                0x5a0 (size before relaxing)
 .debug_str     0x00000665       0x4d i2c.o
                                 0xd7 (size before relaxing)
 .debug_str     0x000006b2      0x263 stm_m25p32.o
                                0x322 (size before relaxing)
 .debug_str     0x00000915       0xce printf.o
                                0x16e (size before relaxing)
 .debug_str     0x000009e3       0xce xmodem.o
                                0x169 (size before relaxing)
 .debug_str     0x00000ab1       0xa1 gps.o
                                0x1ae (size before relaxing)
 .debug_str     0x00000b52       0x10 myfunc.o
                                 0x73 (size before relaxing)
 .debug_str     0x00000b62       0x11 main.o
                                 0xeb (size before relaxing)
 .debug_str     0x00000b73       0x6a malloc.o
                                0x132 (size before relaxing)
 .debug_str     0x00000bdd      0x135 string.o
                                0x1e9 (size before relaxing)
 .debug_str     0x00000d12      0x8f6 srv.o
                                0xc0f (size before relaxing)
 .debug_str     0x00001608      0x153 uart.o
                                0x275 (size before relaxing)
 .debug_str     0x0000175b       0xe8 colors.o
                                0x22d (size before relaxing)
 .debug_str     0x00001843      0x439 jpeg.o
                                0x521 (size before relaxing)
 .debug_str     0x00001c7c       0xd9 neural.o
                                0x1c9 (size before relaxing)
 .debug_str     0x00001d55       0x43 init.o
                                 0x98 (size before relaxing)
 .debug_str     0x00001d98       0xc9 sdcard.o
                                0x1a1 (size before relaxing)
 .debug_str     0x00001e61       0x3a picoc/picoc.o
                                 0xf4 (size before relaxing)
 .debug_str     0x00001e9b      0x3bb picoc/table.o
                                0x5ab (size before relaxing)
 .debug_str     0x00002256      0xa86 picoc/lex.o
                                0xf5e (size before relaxing)
 .debug_str     0x00002cdc      0x37c picoc/parse.o
                                0xe20 (size before relaxing)
 .debug_str     0x00003058      0x54f picoc/expression.o
                               0x10c5 (size before relaxing)
 .debug_str     0x000035a7      0x13f picoc/heap.o
                                0x252 (size before relaxing)
 .debug_str     0x000036e6      0x27a picoc/type.o
                                0xe09 (size before relaxing)
 .debug_str     0x00003960      0x2c4 picoc/variable.o
                                0x84b (size before relaxing)
 .debug_str     0x00003c24      0x2e2 picoc/clibrary.o
                                0x7dc (size before relaxing)
 .debug_str     0x00003f06      0x313 picoc/platform/library_surveyor.o
                                0x95f (size before relaxing)
 .debug_str     0x00004219      0x104 picoc/platform.o
                                0x6c8 (size before relaxing)
 .debug_str     0x0000431d       0x80 picoc/platform/platform_surveyor.o
                                0x2b1 (size before relaxing)
 .debug_str     0x0000439d       0x10 picoc/include.o
                                0x101 (size before relaxing)

.comment        0x00000000      0x380
 .comment       0x00000000       0x1c camera.o
 .comment       0x0000001c       0x1c edit.o
 .comment       0x00000038       0x1c httpd.o
 .comment       0x00000054       0x1c i2c.o
 .comment       0x00000070       0x1c stm_m25p32.o
 .comment       0x0000008c       0x1c printf.o
 .comment       0x000000a8       0x1c xmodem.o
 .comment       0x000000c4       0x1c gps.o
 .comment       0x000000e0       0x1c myfunc.o
 .comment       0x000000fc       0x1c main.o
 .comment       0x00000118       0x1c malloc.o
 .comment       0x00000134       0x1c string.o
 .comment       0x00000150       0x1c srv.o
 .comment       0x0000016c       0x1c uart.o
 .comment       0x00000188       0x1c colors.o
 .comment       0x000001a4       0x1c jpeg.o
 .comment       0x000001c0       0x1c neural.o
 .comment       0x000001dc       0x1c init.o
 .comment       0x000001f8       0x1c sdcard.o
 .comment       0x00000214       0x1c picoc/picoc.o
 .comment       0x00000230       0x1c picoc/table.o
 .comment       0x0000024c       0x1c picoc/lex.o
 .comment       0x00000268       0x1c picoc/parse.o
 .comment       0x00000284       0x1c picoc/expression.o
 .comment       0x000002a0       0x1c picoc/heap.o
 .comment       0x000002bc       0x1c picoc/type.o
 .comment       0x000002d8       0x1c picoc/variable.o
 .comment       0x000002f4       0x1c picoc/clibrary.o
 .comment       0x00000310       0x1c picoc/platform/library_surveyor.o
 .comment       0x0000032c       0x1c picoc/platform.o
 .comment       0x00000348       0x1c picoc/platform/platform_surveyor.o
 .comment       0x00000364       0x1c picoc/include.o

.debug_ranges   0x00000000      0x928
 .debug_ranges  0x00000000      0x2c8 httpd.o
 .debug_ranges  0x000002c8       0x28 printf.o
 .debug_ranges  0x000002f0       0x70 xmodem.o
 .debug_ranges  0x00000360       0x78 string.o
 .debug_ranges  0x000003d8       0x38 init.o
 .debug_ranges  0x00000410       0xa0 picoc/table.o
 .debug_ranges  0x000004b0       0x98 picoc/lex.o
 .debug_ranges  0x00000548       0x68 picoc/parse.o
 .debug_ranges  0x000005b0      0x2e8 picoc/expression.o
 .debug_ranges  0x00000898       0x30 picoc/type.o
 .debug_ranges  0x000008c8       0x20 picoc/variable.o
 .debug_ranges  0x000008e8       0x40 picoc/clibrary.o
