Archive member included because of file (symbol)

/blackfin/opt/uClinux/bfin-elf/bin/../bfin-elf/lib/libbffastfp.a(addfl64.o)
                              printf.o (__adddf3)
/blackfin/opt/uClinux/bfin-elf/bin/../bfin-elf/lib/libbffastfp.a(cmpfl64.o)
                              printf.o (__ltdf2)
/blackfin/opt/uClinux/bfin-elf/bin/../bfin-elf/lib/libbffastfp.a(f64toi32z.o)
                              printf.o (__fixdfsi)
/blackfin/opt/uClinux/bfin-elf/bin/../bfin-elf/lib/libbffastfp.a(i32tof64.o)
                              printf.o (__floatsidf)
/blackfin/opt/uClinux/bfin-elf/bin/../bfin-elf/lib/libbffastfp.a(mulfl64.o)
                              printf.o (__muldf3)
/blackfin/opt/uClinux/bfin-elf/bin/../bfin-elf/lib/libbffastfp.a(subfl64.o)
                              printf.o (__subdf3)

Allocating common symbols
Common symbol       size              file

imgWidth            0x4               srv.o
rfailsafe           0x4               srv.o
j                   0x4               srv.o
Y2                  0x80              jpeg.o
blob_display_flag   0x4               srv.o
x_acc               0x4               srv.o
i                   0x4               srv.o
invert_flag         0x4               srv.o
blobcnt             0xfc              colors.o
segmentation_flag   0x4               srv.o
move_stop_time      0x4               srv.o
Temp                0x80              jpeg.o
Cqt                 0x40              jpeg.o
ymax                0x44              colors.o
blobx1              0xfc              colors.o
pwm2_init           0x4               srv.o
Y3                  0x80              jpeg.o
base                0x8               malloc.o
sonar_data          0x14              srv.o
weights             0x1400            neural.o
teach_neurons       0x40              neural.o
nerror              0x80              neural.o
CStdOut             0xc               picoc/clibrary.o
y_acc0              0x4               srv.o
StringHashTable     0x184             picoc/table.o
CharArrayType       0x4               picoc/type.o
Y4                  0x80              jpeg.o
FunctionType        0x24              picoc/type.o
TypeType            0x24              picoc/type.o
umax                0x44              colors.o
ICqt                0x80              jpeg.o
hist0               0x400             colors.o
heap_end            0x4               malloc.o
quality             0x4               srv.o
move_start_time     0x4               srv.o
ExitBuf             0xa4              picoc/platform_surveyor.o
y_acc               0x4               srv.o
output_start        0x4               srv.o
hist1               0x400             colors.o
lcount              0x4               srv.o
pwm1_init           0x4               srv.o
image_size          0x4               srv.o
ILqt                0x80              jpeg.o
heap_start          0x4               malloc.o
pwm1_mode           0x4               srv.o
neurons             0x180             neural.o
StringLiteralHashTable
                    0x184             picoc/variable.o
x_center            0x4               srv.o
blobix              0xfc              colors.o
EnumType            0x24              picoc/type.o
VoidType            0x24              picoc/type.o
lfailsafe           0x4               srv.o
edge_thresh         0x4               srv.o
compass_init        0x4               srv.o
horizon_detect_flag
                    0x4               srv.o
master              0x4               srv.o
bloby2              0xfc              colors.o
mean                0xc               colors.o
base_speed          0x4               srv.o
rspeed2             0x4               srv.o
lspeed              0x4               srv.o
GlobalHashTable     0x184             picoc/variable.o
vmax                0x44              colors.o
CR                  0x80              jpeg.o
overlay_flag        0x4               srv.o
StringTable         0x8               picoc/table.o
lspeed2             0x4               srv.o
err1                0x4               srv.o
cp                  0x4               srv.o
Lqt                 0x40              jpeg.o
ShortType           0x24              picoc/type.o
GlobalTable         0x8               picoc/variable.o
MacroType           0x24              picoc/type.o
CharType            0x24              picoc/type.o
output_end          0x4               srv.o
CB                  0x80              jpeg.o
pwm2_mode           0x4               srv.o
CharPtrType         0x4               picoc/type.o
obstacle_detect_flag
                    0x4               srv.o
fdct_temp           0x80              jpeg.o
gps_gga             0x18              gps.o
StringLiteralTable  0x8               picoc/variable.o
blob_display_num    0x4               srv.o
framecount          0x4               srv.o
VoidPtrType         0x4               picoc/type.o
vmin                0x44              colors.o
heap_ptr            0x4               malloc.o
LongType            0x24              picoc/type.o
bloby1              0xfc              colors.o
rcount              0x4               srv.o
x_acc0              0x4               srv.o
IntType             0x24              picoc/type.o
UnsignedLongType    0x24              picoc/type.o
imgHead             0xb               srv.o
read_format         0x4               jpeg.o
edge_detect_flag    0x4               srv.o
encoder_flag        0x4               srv.o
imgHeight           0x4               srv.o
UberType            0x24              picoc/type.o
failsafe_clock      0x4               srv.o
blobx2              0xfc              colors.o
move_time_mS        0x4               srv.o
dlist2              0xc               camera.o
y_center            0x4               srv.o
UnsignedIntType     0x24              picoc/type.o
UnsignedShortType   0x24              picoc/type.o
xbuff               0x406             xmodem.o
xwd_init            0x4               srv.o
dlist1              0xc               camera.o
ymin                0x44              colors.o
umin                0x44              colors.o
rspeed              0x4               srv.o
base_speed2         0x4               srv.o
frame_diff_flag     0x4               srv.o
ix                  0x4               srv.o
Y1                  0x80              jpeg.o
robot_moving        0x4               srv.o

Memory Configuration

Name             Origin             Length             Attributes
ram              0x00000000         0x02000000         xrw
l1code           0xffa00000         0x00010000         x
l1data_a         0xff800000         0x00008000         rw
l1data_b         0xff900000         0x00008000         rw
scratchpad       0xffb00000         0x00001000         rw
*default*        0x00000000         0xffffffff

Linker script and memory map


.sdram.text
 camera.o(.sdram.text)
 edit.o(.sdram.text)
 httpd.o(.sdram.text)
 i2c.o(.sdram.text)
 stm_m25p32.o(.sdram.text)
 printf.o(.sdram.text)
 xmodem.o(.sdram.text)
 gps.o(.sdram.text)
 myfunc.o(.sdram.text)
 *(.gnu.warning)

.l1code         0xffa00000     0x8750
 main.o(.text)
 .text          0xffa00000      0x37c main.o
                0xffa00000                main
 math.o(.text)
 .text          0xffa0037c      0x200 math.o
                0xffa00448                __umodsi3
                0xffa0047a                __divsi3
                0xffa0037c                __udivsi3
 malloc.o(.text)
 .text          0xffa0057c      0x1a4 malloc.o
                0xffa00658                morecore
                0xffa005d0                free
                0xffa0057c                init_heap
                0xffa005bc                sbrk
                0xffa0069c                malloc
 string.o(.text)
 .text          0xffa00720      0x5bc string.o
                0xffa00720                strcmp
                0xffa00a4c                atoi_b10
                0xffa0096c                memcpy2
                0xffa0079c                strncpy
                0xffa007d4                atoi
                0xffa00950                memcpy
                0xffa00990                memset
                0xffa00b0c                strtoksafe
                0xffa009e4                ctoi
                0xffa008b8                itoa
                0xffa00cb4                strdup
                0xffa00880                reverse
                0xffa00a64                strpbrk
                0xffa00c94                getUnaligned32
                0xffa00bc0                strnstr
                0xffa00774                strchr
                0xffa0078c                strcpy
                0xffa00a9c                strtok
                0xffa00740                strncmp
                0xffa00944                isdigit
                0xffa00860                strlen
                0xffa009fc                atoi_b16
                0xffa009a4                memmove
                0xffa00c24                strReplace
                0xffa00b70                strstr
 srv.o(.text)
 .text          0xffa00cdc     0x44f8 srv.o
                0xffa02484                motor_command
                0xffa030cc                process_i2c
                0xffa02958                restore_video
                0xffa037ac                xmodem_receive
                0xffa01948                clearRTC
                0xffa01adc                delayUS
                0xffa04168                motion_vect80x64
                0xffa029a4                invert_video
                0xffa00f68                grab_reference_frame
                0xffa01958                delayMS
                0xffa02588                set_edge_thresh
                0xffa01b4c                delayNS
                0xffa014b0                setPPM1
                0xffa01df0                rand
                0xffa02270                testSD
                0xffa0302c                tilt
                0xffa036d0                read_user_sector
                0xffa016e4                initRTC
                0xffa03b00                serial_out_flashbuffer
                0xffa01008                move_yuv422_to_planar
                0xffa0515c                check_for_autorun
                0xffa03814                camera_reset
                0xffa029ec                init_tilt
                0xffa034e0                write_boot_flash
                0xffa030a0                read_tilt
                0xffa01164                initPWM
                0xffa0124c                init_sonar
                0xffa02fa8                read_compass2x
                0xffa01bd8                check_failsafe
                0xffa02260                show_stack_ptr
                0xffa045d4                process_colors
                0xffa02a1c                laser_range
                0xffa02248                show_heap_ptr
                0xffa02054                overlay_on
                0xffa01410                setPWM2
                0xffa021c4                lasers_off
                0xffa00df4                clear_sdram
                0xffa00e38                led1_on
                0xffa0253c                change_image_quality
                0xffa00e1c                stack_remaining
                0xffa01628                check_bounds_0_100
                0xffa00f40                move_image
                0xffa035b4                write_user_sector
                0xffa025b8                process_neuralnet
                0xffa023cc                motor2_command
                0xffa0230c                ppm2_command
                0xffa01324                setPWM
                0xffa011c8                initPWM2
                0xffa01e9c                read_encoders
                0xffa033c8                init_analog
                0xffa02e80                show_laser_range
                0xffa03780                crc_flash_buffer
                0xffa03bec                send_frame
                0xffa0219c                check_battery
                0xffa01f94                motor_increase_base_speed
                0xffa0216c                ping_sonar
                0xffa03a90                serial_out_httpbuffer
                0xffa05130                read_analog_4wd
                0xffa00fec                copy_image
                0xffa020e0                enable_horizon_detect
                0xffa01c94                encoders
                0xffa02008                clear_flash_buffer
                0xffa022b8                enable_failsafe
                0xffa021e4                lasers_on
                0xffa0236c                ppm1_command
                0xffa01ee0                motor_action
                0xffa01704                readRTC
                0xffa01644                motor_trim_right
                0xffa00e28                led0_on
                0xffa01694                motor_trim_left
                0xffa00cdc                init_io
                0xffa02220                serial_out_version
                0xffa01778                sonar
                0xffa01c5c                init_encoders
                0xffa00e48                compute_frame_diff
                0xffa037a4                launch_editor
                0xffa042ec                motion_vect_test
                0xffa02108                enable_edge_detect
                0xffa043c8                grab_frame
                0xffa02e9c                read_compass3x
                0xffa02130                enable_segmentation
                0xffa03614                write_user_flash
                0xffa03b68                send_80x64planar
                0xffa01988                motor_set
                0xffa01218                initTMR4
                0xffa0127c                initPPM1
                0xffa05028                enable_blob_display
                0xffa0156c                setPPM2
                0xffa01f20                motor_decrease_base_speed
                0xffa012d0                initPPM2
                0xffa020b8                enable_obstacle_detect
                0xffa03640                read_double_sector
                0xffa02204                serial_out_time
                0xffa00ea0                set_caption
                0xffa0206c                disable_frame_diff
                0xffa0104c                scale_image_to_80x64_planar
                0xffa00dc8                reset_cpu
                0xffa03740                read_user_flash
                0xffa03534                write_double_sector
                0xffa0324c                analog
                0xffa01bc0                reset_failsafe_clock
                0xffa01ec8                disable_failsafe
                0xffa0338c                read_analog
                0xffa0203c                overlay_off
                0xffa02148                enable_frame_diff
                0xffa039bc                camera_setup
                0xffa00f9c                move_inverted
                0xffa05074                analog_4wd
 uart.o(.text)
 .text          0xffa051d4      0x4fc uart.o
                0xffa053e8                uart1SendChar
                0xffa0545c                uart1GetCh
                0xffa053b4                uart0GetChar
                0xffa05374                uart0SendChars
                0xffa05654                suartPutChar
                0xffa05398                uart0GetCh
                0xffa05348                uart0SendString
                0xffa05318                uart0SendChar
                0xffa05290                uart0_CTS
                0xffa05438                uart1SendChars
                0xffa0522c                init_uart0
                0xffa053d8                uart0Signal
                0xffa051d4                suartInit
                0xffa054ac                printNumber
                0xffa05594                suartGetChar
                0xffa0540c                uart1SendString
                0xffa05478                uart1GetChar
                0xffa0549c                uart1Signal
                0xffa052b4                init_uart1
 colors.o(.text)
 .text          0xffa056d0     0x115c colors.o
                0xffa05c08                vmean
                0xffa05f7c                edge_detect
                0xffa05e7c                vfind
                0xffa06114                svs_segcode
                0xffa065ac                vhorizon
                0xffa05ccc                color_segment
                0xffa063b4                addvect
                0xffa05754                vblob
                0xffa064f0                addbox
                0xffa0631c                svs_segview
                0xffa056d0                init_colors
                0xffa06264                vscan
                0xffa05b3c                vhist
                0xffa06440                addline
                0xffa05720                vpix
 jpeg.o(.text)
 .text          0xffa0682c      0xd9c jpeg.o
                0xffa073d8                DCT
                0xffa06dd0                close_bitstream
                0xffa073ec                encodeMCU
                0xffa06918                huffman
                0xffa06e44                write_markers
                0xffa074e8                encode_image
                0xffa07064                initialize_quantization_tables
                0xffa07224                read_422_format
                0xffa0682c                initialization
                0xffa068f8                levelshift
                0xffa07154                quantization
                0xffa071a4                read_400_format
 r8x8dct.o(.text)
 .text          0xffa075c8       0xf0 r8x8dct.o
                0xffa075c8                _r8x8dct
 motionvect.o(.text)
 .text          0xffa076b8      0x950 motionvect.o
                0xffa07b20                hpel
                0xffa07e80                _mve_core
                0xffa07d30                _hpel_core2
                0xffa07c10                _hpel_core1
                0xffa076b8                _motionvect
 uart.o(.text)
 setjmp.o(.text)
 .text          0xffa08008      0x184 setjmp.o
                0xffa08008                longjmp
                0xffa080d0                setjmp
 neural.o(.text)
 .text          0xffa0818c      0x5c4 neural.o
                0xffa0852c                nnpack8x8
                0xffa08718                nninit_network
                0xffa085a8                nndisplay
                0xffa08224                f_logic
                0xffa08284                nncalculate_network
                0xffa0836c                nncalculate_errors
                0xffa0863c                nntrain_network
                0xffa08628                nninit_pattern
                0xffa0818c                nnset_pattern
                0xffa08420                nnscale8x8

.text           0x00000000     0xb640
 .text          0x00000000       0xf0 camera.o
                0x00000000                camera_init
                0x000000a8                camera_start
                0x000000cc                camera_stop
 .text          0x000000f0      0x33c edit.o
                0x00000288                insert_char
                0x00000138                find_next_line
                0x00000300                edit
                0x000001d4                find_buffer_end
                0x000000f0                delete_char
                0x0000021c                print_lines
                0x000002e0                print_help
                0x00000188                find_previous_line
 .text          0x0000042c     0x1a10 httpd.o
                0x000006e4                httpd_request
                0x0000042c                clean_buffer
                0x00000618                adminBodyBuilder
 .text          0x00001e3c      0x290 i2c.o
                0x00001f0c                i2cwritex
                0x00001e3c                i2cwrite
                0x00001fd4                i2cread
 .text          0x000020cc      0x4d4 stm_m25p32.o
                0x000021a8                SetupSPI
                0x00002268                spi_read
                0x00002300                Wait_For_WEL
                0x00002188                SPI_OFF
                0x00002368                WriteFlash
                0x000024d4                spi_write
                0x000020d8                spi_init_r
                0x00002458                EraseBlock
                0x000022c8                Wait_For_Status
                0x00002124                GetSectorNumber
                0x00002404                WriteData
                0x000020cc                spi_init_f
                0x00002284                ReadStatusRegister
                0x00002334                SendSingleCommand
                0x000021d8                ReadData
                0x000020e4                Wait_For_SPIF
                0x0000214c                udelay
 .text          0x000025a0      0x5d4 printf.o
                0x00002b3c                sprintf
                0x000025a0                my_strlen
                0x000025c8                dbl2stri
                0x00002b58                printf
 .text          0x00002b74      0x4fc xmodem.o
                0x00002c00                xmodemTransmit
                0x00002bb0                _inbyte
                0x00002b74                crc16_ccitt
                0x00002e78                xmodemReceive
 .text          0x00003070      0xeac gps.o
                0x0000321c                tan
                0x00003444                atan
                0x00003604                gps_dist
                0x00003328                asin
                0x00003730                read_ublox
                0x000033b4                acos
                0x0000353c                gps_head
                0x0000314c                cos
                0x00003070                sin
                0x00003778                gps_parse
                0x00003e74                gps_show
                0x00003510                isqrt
 .text          0x00003f1c       0x28 myfunc.o
                0x00003f1c                myfunc
 .text          0x00003f44       0xd0 init.o
                0x00003f44                initcode
 .text          0x00004014      0x4f8 sdcard.o
                0x000041c0                GetCardParams
                0x00004058                CloseSD
                0x000043e4                ReadMultipleBlocks
                0x000042a0                EraseBlocks
                0x0000447c                WriteMultipleBlocks
                0x00004014                InitSD
                0x0000413c                GetToken
                0x000042f8                WriteSector
                0x00004178                CardInit
                0x0000437c                ReadSector
                0x000040b8                SendCommand
                0x00004068                WriteByte
 .text          0x0000450c      0x128 picoc/picoc.o
                0x00004588                picoc
                0x0000452c                Initialise
                0x0000450c                Cleanup
 .text          0x00004634      0x28c picoc/table.o
                0x00004808                TableStrRegister
                0x00004670                TableGet
                0x000046f4                TableStrFree
                0x00004738                TableSetIdentifier
                0x00004870                TableInitTable
                0x000047f4                TableStrRegister2
                0x000046a4                TableDelete
                0x00004824                TableSet
                0x00004884                TableInit
 .text          0x000048c0      0xf64 picoc/lex.o
                0x00004cf8                LexInteractiveClear
                0x000057f8                LexInit
                0x00004e90                LexGetCharacterConstant
                0x00004c6c                LexInitParser
                0x00004a10                LexUnEscapeCharacterConstant
                0x00004ee8                LexGetWord
                0x00004d44                LexCleanup
                0x000048c0                LexCheckReservedWord
                0x00004c9c                LexInteractiveCompleted
                0x00004d4c                LexCopyTokens
                0x00004c8c                LexInteractiveStatementPrompt
                0x00004ab8                LexUnEscapeCharacter
                0x000057c4                LexToEndOfLine
                0x000048e8                LexGetNumber
                0x000054c4                LexAnalyse
                0x000054e8                LexGetToken
                0x00004bb8                LexSkipComment
                0x00004c44                LexTokenSize
                0x00005084                LexScanGetToken
                0x00005404                LexTokenise
                0x00004f6c                LexGetStringConstant
 .text          0x00005824      0xe2c picoc/parse.o
                0x00005a64                ParseFunctionDefinition
                0x00006438                ParseBlock
                0x00005cd0                ParseDeclaration
                0x00005838                ParseCleanup
                0x00005824                ParserCopyPos
                0x000058f0                ParseDeclarationAssignment
                0x000064c0                ParseStatementMaybeRun
                0x000064f4                ParseFor
                0x000063bc                Parse
                0x00005e28                ParseStatement
                0x0000584c                ParseMacroDefinition
                0x00006338                ParseInteractive
 .text          0x00006650     0x162c picoc/expression.o
                0x000069b0                ExpressionPostfixOperator
                0x000079b4                ExpressionParseInt
                0x000068e4                ExpressionPushInt
                0x00006cf0                ExpressionAssignToPointer
                0x00006df0                ExpressionAssign
                0x0000665c                ExpressionCoerceInteger
                0x00006790                ExpressionGetStructElement
                0x0000691c                ExpressionStackPushDereference
                0x00006af0                ExpressionPrefixOperator
                0x0000673c                ExpressionStackPushOperator
                0x000066cc                ExpressionAssignInt
                0x00006650                debugf
                0x00007390                ExpressionStackCollapse
                0x00006980                ExpressionStackPushValueByType
                0x000074d0                ExpressionStackPushValue
                0x00007a2c                ExpressionParseFunctionCall
                0x00006fe4                ExpressionInfixOperator
                0x00006694                ExpressionCoerceUnsignedInteger
                0x0000676c                ExpressionStackPushValueNode
                0x000074f4                ExpressionParse
                0x000074a0                ExpressionStackPushLValue
 .text          0x00007c7c      0x24c picoc/heap.o
                0x00007e80                HeapAllocStack
                0x00007d0c                HeapPushStackFrame
                0x00007d2c                HeapPopStackFrame
                0x00007d50                HeapFreeMem
                0x00007ce4                HeapPopStack
                0x00007ccc                HeapUnpopStack
                0x00007c7c                HeapInit
                0x00007da8                HeapAllocMem
 .text          0x00007ec8      0x9bc picoc/type.o
                0x00007ef8                TypeStackSizeValue
                0x00007fc8                TypeInit
                0x00008834                TypeCleanupNode
                0x00007f58                TypeAddBaseType
                0x000082e4                TypeParseStruct
                0x00007f40                TypeSizeAlignment
                0x00008878                TypeCleanup
                0x00007f14                TypeSize
                0x0000864c                TypeParse
                0x00008678                TypeParseIdentPart
                0x0000810c                TypeGetMatching
                0x000084c4                TypeParseFront
                0x00007ec8                TypeSizeValue
                0x00007f88                TypeAdd
                0x0000817c                TypeParseEnum
 .text          0x00008884      0x5bc picoc/variable.o
                0x000088f8                VariableDefined
                0x00008b84                VariableStackPop
                0x000089a8                VariableStackFramePop
                0x00008c8c                VariableAllocValueAndData
                0x00008cc4                VariableDefinePlatformVar
                0x00008ac4                VariableFree
                0x00008b64                VariableCleanup
                0x000088bc                VariableStringLiteralDefine
                0x00008d84                VariableAllocValueFromType
                0x00008b20                VariableTableCleanup
                0x000088d0                VariableStringLiteralGet
                0x00008a74                VariableInit
                0x000089f8                VariableStackFrameAdd
                0x00008950                VariableGet
                0x00008d40                VariableAllocValueAndCopy
                0x00008c64                VariableAllocValueShared
                0x00008c2c                VariableAllocValueFromExistingData
                0x00008be4                VariableAlloc
                0x00008db8                VariableDefine
                0x00008884                VariableDereferencePointer
 .text          0x00008e40      0x988 picoc/clibrary.o
                0x00009370                LibMemset
                0x000090ec                LibStrcpy
                0x00008fd0                PrintType
                0x00009688                LibPrintf
                0x00008f84                PrintInt
                0x000093b4                LibExit
                0x00008e58                PrintStr
                0x000093d0                LibGets
                0x00009354                LibMemcpy
                0x00008e40                SPutc
                0x00008e80                PrintRepeatedChar
                0x00008ea8                PrintUnsigned
                0x0000960c                LibSPrintf
                0x00009408                GenericPrintf
                0x0000915c                LibStrcmp
                0x00009284                LibRindex
                0x000092c0                LibStrlen
                0x00009114                LibStrncpy
                0x00009244                LibIndex
                0x00008e4c                PrintCh
                0x00009724                LibraryInit
                0x00009388                LibFree
                0x0000920c                LibStrcat
                0x000096ac                CLibraryInit
                0x000092ec                LibMemcmp
                0x000091a4                LibStrncmp
                0x000093b8                LibGetc
                0x00009394                LibMalloc
 .text          0x000097c8     0x1420 picoc/library_surveyor.o
                0x00009ef8                Ctan
                0x0000a580                Cvrcap
                0x00009f58                Cwritei2c
                0x0000a5e8                Csonar
                0x00009dcc                Cnninit
                0x00009f38                Csin
                0x0000a880                Cencoders
                0x000097f8                Cioread
                0x00009b60                Cnnmatchblob
                0x000098c0                Claser
                0x00009f8c                Cvcam
                0x0000a4c0                Cvscan
                0x0000a5cc                Crange
                0x0000a050                Cgps
                0x00009924                Cvcolor
                0x0000a740                Cmotors2
                0x00009dd0                Csqrt
                0x00009b30                Cnnshow
                0x0000a6c8                Cservos
                0x0000a2d8                Cvsend
                0x00009f18                Ccos
                0x00009e80                Cacos
                0x0000a650                Cservos2
                0x0000a244                Ccompass
                0x000099cc                Cautorun
                0x0000a7e0                Cmotors
                0x0000a0b0                Canalog
                0x00009ebc                Casin
                0x00009884                Cpoke
                0x0000a584                Cvcap
                0x00009e24                Cgps_head
                0x0000a534                Cvpix
                0x0000a328                Cvjpeg
                0x00009904                Cbattery
                0x00009e58                Catan
                0x0000a20c                Ctilt
                0x00009a88                Cnnlearnblob
                0x0000a018                Creadi2c
                0x00009fd8                Creadi2c2
                0x00009830                Cpeek
                0x0000a8d0                Cinput
                0x0000a8a8                Crand
                0x000099b4                Ctime
                0x0000a588                Cvfind
                0x00009d44                Cnntrain
                0x000099a0                Cvdiff
                0x000097c8                Ciodir
                0x0000a2c0                Cdelay
                0x0000a38c                Cvblob
                0x0000a918                PlatformLibraryInit
                0x00009c74                Cnntest
                0x00009a3c                Cnnset
                0x00009810                Ciowrite
                0x00009df0                Cgps_dist
                0x0000a8ec                Csignal
                0x0000a480                Cvmean
 .text          0x0000abe8      0x354 picoc/platform.o
                0x0000ace8                PlatformPrintf
                0x0000ae28                LexFail
                0x0000ad04                PrintSourceTextErrorLine
                0x0000aea4                AssignFail
                0x0000abe8                PlatformVPrintf
                0x0000ae64                ProgramFail
 .text          0x0000af3c       0xcc picoc/platform_surveyor.o
                0x0000af74                PlatformPutc
                0x0000afa0                PlatformGetLine
                0x0000af3c                PlatformCleanup
                0x0000af64                PlatformGetCharacter
                0x0000af48                PlatformExit
 .text          0x0000b008      0x2b0 /blackfin/opt/uClinux/bfin-elf/bin/../bfin-elf/lib/libbffastfp.a(addfl64.o)
                0x0000b00a                __adddf3_inregs
                0x0000b008                __adddf3
 .text          0x0000b2b8       0x80 /blackfin/opt/uClinux/bfin-elf/bin/../bfin-elf/lib/libbffastfp.a(cmpfl64.o)
                0x0000b2b8                __ledf2
                0x0000b2b8                __nedf2
                0x0000b2b8                __gedf2
                0x0000b2b8                __gtdf2
                0x0000b2b8                __eqdf2
                0x0000b2b8                __cmpdf2
                0x0000b2b8                __ltdf2
 .text          0x0000b338       0x74 /blackfin/opt/uClinux/bfin-elf/bin/../bfin-elf/lib/libbffastfp.a(f64toi32z.o)
                0x0000b338                __fixdfsi
 .text          0x0000b3ac       0x3c /blackfin/opt/uClinux/bfin-elf/bin/../bfin-elf/lib/libbffastfp.a(i32tof64.o)
                0x0000b3ac                __floatsidf
 .text          0x0000b3e8      0x250 /blackfin/opt/uClinux/bfin-elf/bin/../bfin-elf/lib/libbffastfp.a(mulfl64.o)
                0x0000b3e8                __muldf3
 .text          0x0000b638        0x8 /blackfin/opt/uClinux/bfin-elf/bin/../bfin-elf/lib/libbffastfp.a(subfl64.o)
                0x0000b638                __subdf3

.l1data         0xff800000     0x2854
 *(.data)
 .data          0xff800000        0x0 camera.o
 .data          0xff800000        0x0 edit.o
 .data          0xff800000     0x10a8 httpd.o
                0xff800000                adminHtml
 .data          0xff8010a8        0x0 i2c.o
 .data          0xff8010a8        0x0 stm_m25p32.o
 .data          0xff8010a8        0x0 printf.o
 .data          0xff8010a8        0x0 xmodem.o
 .data          0xff8010a8        0x0 gps.o
 .data          0xff8010a8        0x0 myfunc.o
 .data          0xff8010a8        0x0 main.o
 .data          0xff8010a8        0x0 math.o
 .data          0xff8010a8        0x0 malloc.o
 .data          0xff8010a8        0x0 string.o
 .data          0xff8010a8      0xa70 srv.o
                0xff8014b0                version_string
                0xff8010b0                font8x8
                0xff8010a8                fontmask
                0xff8014e4                frame
                0xff801504                rand_seed
 .data          0xff801b18        0x0 uart.o
 .data          0xff801b18        0x0 colors.o
 .data          0xff801b18      0x8f0 jpeg.o
                0xff802348                zigzag_table
                0xff801b70                chrominance_dc_size_table
                0xff801e10                chrominance_ac_code_table
                0xff801ccc                luminance_ac_size_table
                0xff801b88                luminance_ac_code_table
                0xff801b40                luminance_dc_size_table
                0xff801b58                chrominance_dc_code_table
                0xff802388                luminance_quant_table
                0xff802198                markerdata
                0xff801b28                luminance_dc_code_table
                0xff801b18                fdct_coeff
                0xff8023c8                chrominance_quant_table
                0xff802098                bitsize
                0xff801f54                chrominance_ac_size_table
 .data          0xff802408        0x0 r8x8dct.o
 .data          0xff802408        0x0 motionvect.o
 .data          0xff802408        0x0 setjmp.o
 .data          0xff802408       0x8c neural.o
                0xff80240c                npattern
                0xff80248c                nmask
                0xff802408                learn
 .data          0xff802494        0x0 init.o
 .data          0xff802494        0x0 sdcard.o
 .data          0xff802494        0x0 picoc/picoc.o
 .data          0xff802494        0x0 picoc/table.o
 .data          0xff802494      0x154 picoc/lex.o
 .data          0xff8025e8        0x0 picoc/parse.o
 .data          0xff8025e8        0x0 picoc/expression.o
 .data          0xff8025e8       0x10 picoc/heap.o
                0xff8025ec                HeapMemStart
                0xff8025e8                HeapStackTop
 .data          0xff8025f8        0x0 picoc/type.o
 .data          0xff8025f8        0x0 picoc/variable.o
 .data          0xff8025f8       0x9c picoc/clibrary.o
                0xff8025f8                CLibrary
 .data          0xff802694      0x1c0 picoc/library_surveyor.o
                0xff802694                PlatformLibrary
 .data          0xff802854        0x0 picoc/platform.o
 .data          0xff802854        0x0 picoc/platform_surveyor.o
 .data          0xff802854        0x0 /blackfin/opt/uClinux/bfin-elf/bin/../bfin-elf/lib/libbffastfp.a(addfl64.o)
 .data          0xff802854        0x0 /blackfin/opt/uClinux/bfin-elf/bin/../bfin-elf/lib/libbffastfp.a(cmpfl64.o)
 .data          0xff802854        0x0 /blackfin/opt/uClinux/bfin-elf/bin/../bfin-elf/lib/libbffastfp.a(f64toi32z.o)
 .data          0xff802854        0x0 /blackfin/opt/uClinux/bfin-elf/bin/../bfin-elf/lib/libbffastfp.a(i32tof64.o)
 .data          0xff802854        0x0 /blackfin/opt/uClinux/bfin-elf/bin/../bfin-elf/lib/libbffastfp.a(mulfl64.o)
 .data          0xff802854        0x0 /blackfin/opt/uClinux/bfin-elf/bin/../bfin-elf/lib/libbffastfp.a(subfl64.o)
 *(.l1data)
 *(.l1data.a)

.l1data.b
 *(.l1data.b)

.rodata         0xff802854     0x3570
 *(.rodata .rodata.* .gnu.linkonce.r.*)
 .rodata.str1.4
                0xff802854       0xb6 edit.o
                                 0xb8 (size before relaxing)
 *fill*         0xff80290a        0x2 00
 .rodata        0xff80290c       0x5c edit.o
 .rodata.str1.4
                0xff802968      0x475 httpd.o
                                0x48c (size before relaxing)
 *fill*         0xff802ddd        0x3 00
 .rodata        0xff802de0      0x214 httpd.o
 .rodata.str1.4
                0xff802ff4        0x7 printf.o
                                  0x8 (size before relaxing)
 *fill*         0xff802ffb        0x1 00
 .rodata        0xff802ffc       0x84 printf.o
 .rodata        0xff803080      0x200 xmodem.o
 .rodata.str1.4
                0xff803280       0x96 gps.o
                                 0x98 (size before relaxing)
 *fill*         0xff803316        0x2 00
 .rodata        0xff803318      0x16c gps.o
 .rodata.str1.4
                0xff803484       0x14 myfunc.o
 .rodata        0xff803498      0x394 main.o
 .rodata        0xff80382c      0x1c4 srv.o
 .rodata.str1.4
                0xff8039f0      0x7f9 srv.o
                                0x834 (size before relaxing)
 *fill*         0xff8041e9        0x3 00
 .rodata        0xff8041ec       0x10 uart.o
 .rodata.str1.4
                0xff8041fc       0x29 colors.o
                                 0x2c (size before relaxing)
 *fill*         0xff804225        0x3 00
 .rodata.str1.4
                0xff804228        0x4 neural.o
                                  0xc (size before relaxing)
 .rodata.str1.4
                0xff80422c       0x37 picoc/picoc.o
                                 0x38 (size before relaxing)
 *fill*         0xff804263        0x1 00
 .rodata.str1.4
                0xff804264        0xe picoc/table.o
                                 0x14 (size before relaxing)
 *fill*         0xff804272        0x2 00
 .rodata        0xff804274      0x2e8 picoc/lex.o
 .rodata.str1.4
                0xff80455c       0xee picoc/lex.o
                                0x110 (size before relaxing)
 *fill*         0xff80464a        0x2 00
 .rodata.str1.4
                0xff80464c      0x1f1 picoc/parse.o
                                0x1f8 (size before relaxing)
 *fill*         0xff80483d        0x3 00
 .rodata        0xff804840       0xd4 picoc/parse.o
 .rodata        0xff804914      0x31c picoc/expression.o
 .rodata.str1.4
                0xff804c30      0x3c6 picoc/expression.o
                                0x41c (size before relaxing)
 *fill*         0xff804ff6        0x2 00
 .rodata.str1.4
                0xff804ff8      0x12d picoc/type.o
                                0x164 (size before relaxing)
 *fill*         0xff805125        0x3 00
 .rodata        0xff805128       0x2c picoc/type.o
 .rodata.str1.4
                0xff805154       0x43 picoc/variable.o
                                 0x6c (size before relaxing)
 *fill*         0xff805197        0x1 00
 .rodata.str1.4
                0xff805198      0x26a picoc/clibrary.o
                                0x2a8 (size before relaxing)
 *fill*         0xff805402        0x2 00
 .rodata        0xff805404       0x9c picoc/clibrary.o
 .rodata.str1.4
                0xff8054a0      0x8ce picoc/library_surveyor.o
                                0x8e4 (size before relaxing)
 .rodata        0xff805d6e       0x10 picoc/library_surveyor.o
 *fill*         0xff805d7e        0x2 00
 .rodata.str1.4
                0xff805d80       0x44 picoc/platform.o
                                 0x50 (size before relaxing)
 .rodata.str1.4
                0x00000000       0x10 picoc/platform_surveyor.o

.data
 *(.data .data.* .gnu.linkonce.d.*)

.ctors
 *crtbegin*.o(.ctors)
 *(EXCLUDE_FILE(*crtend*.o) .ctors)
 *(SORT(.ctors.*))
 *(.ctors)

.dtors
 *crtbegin*.o(.dtors)
 *(EXCLUDE_FILE(*crtend*.o) .dtors)
 *(SORT(.dtors.*))
 *(.dtors)

.sdram.bss      0x0000b640        0x0
                0x0000b640                __sdram_bss_start = .
 *(.bss.sdram)
                0x0000b640                . = ALIGN (0x4)
                0x0000b640                __sdram_bss_end = .

.bss            0xff900000     0x3c5c
                0xff900000                __bss_start = .
 *(.dynbss)
 *(.bss .bss.* .gnu.linkonce.b.*)
 .bss           0xff900000        0x0 camera.o
 .bss           0xff900000       0x10 edit.o
 .bss           0xff900010      0x280 httpd.o
 .bss           0xff900290        0x0 i2c.o
 .bss           0xff900290        0x0 stm_m25p32.o
 .bss           0xff900290       0x54 printf.o
 .bss           0xff9002e4        0x0 xmodem.o
 .bss           0xff9002e4        0x8 gps.o
 .bss           0xff9002ec        0x0 myfunc.o
 .bss           0xff9002ec        0x0 main.o
 .bss           0xff9002ec        0x0 math.o
 .bss           0xff9002ec        0x4 malloc.o
                0xff9002ec                allocp
 .bss           0xff9002f0        0x4 string.o
 .bss           0xff9002f4        0xc srv.o
                0xff9002f8                sonar_flag
                0xff9002f4                failsafe_mode
                0xff9002fc                uart1_flag
 .bss           0xff900300        0x4 uart.o
 .bss           0xff900304       0x50 colors.o
 .bss           0xff900354        0x8 jpeg.o
                0xff900354                lcode
                0xff900358                bitindex
 .bss           0xff90035c        0x0 r8x8dct.o
 .bss           0xff90035c        0x0 motionvect.o
 .bss           0xff90035c        0x0 setjmp.o
 .bss           0xff90035c        0x0 neural.o
 .bss           0xff90035c        0x0 init.o
 .bss           0xff90035c        0x0 sdcard.o
 .bss           0xff90035c        0x0 picoc/picoc.o
 .bss           0xff90035c        0x4 picoc/table.o
                0xff90035c                StrEmpty
 .bss           0xff900360       0x44 picoc/lex.o
 .bss           0xff9003a4        0x4 picoc/parse.o
 .bss           0xff9003a8        0x0 picoc/expression.o
 .bss           0xff9003a8       0x24 picoc/heap.o
 .bss           0xff9003cc        0x0 picoc/type.o
 .bss           0xff9003cc        0x4 picoc/variable.o
                0xff9003cc                TopStackFrame
 .bss           0xff9003d0        0x4 picoc/clibrary.o
 .bss           0xff9003d4       0xcc picoc/library_surveyor.o
 .bss           0xff9004a0        0x0 picoc/platform.o
 .bss           0xff9004a0        0x0 picoc/platform_surveyor.o
 .bss           0xff9004a0        0x0 /blackfin/opt/uClinux/bfin-elf/bin/../bfin-elf/lib/libbffastfp.a(addfl64.o)
 .bss           0xff9004a0        0x0 /blackfin/opt/uClinux/bfin-elf/bin/../bfin-elf/lib/libbffastfp.a(cmpfl64.o)
 .bss           0xff9004a0        0x0 /blackfin/opt/uClinux/bfin-elf/bin/../bfin-elf/lib/libbffastfp.a(f64toi32z.o)
 .bss           0xff9004a0        0x0 /blackfin/opt/uClinux/bfin-elf/bin/../bfin-elf/lib/libbffastfp.a(i32tof64.o)
 .bss           0xff9004a0        0x0 /blackfin/opt/uClinux/bfin-elf/bin/../bfin-elf/lib/libbffastfp.a(mulfl64.o)
 .bss           0xff9004a0        0x0 /blackfin/opt/uClinux/bfin-elf/bin/../bfin-elf/lib/libbffastfp.a(subfl64.o)
 *(COMMON)
 COMMON         0xff9004a0       0x18 camera.o
                0xff9004a0                dlist2
                0xff9004ac                dlist1
 COMMON         0xff9004b8      0x406 xmodem.o
                0xff9004b8                xbuff
 *fill*         0xff9008be        0x2 00
 COMMON         0xff9008c0       0x18 gps.o
                0xff9008c0                gps_gga
 COMMON         0xff9008d8       0x14 malloc.o
                0xff9008d8                base
                0xff9008e0                heap_end
                0xff9008e4                heap_start
                0xff9008e8                heap_ptr
 COMMON         0xff9008ec       0xec srv.o
                0xff9008ec                imgWidth
                0xff9008f0                rfailsafe
                0xff9008f4                j
                0xff9008f8                blob_display_flag
                0xff9008fc                x_acc
                0xff900900                i
                0xff900904                invert_flag
                0xff900908                segmentation_flag
                0xff90090c                move_stop_time
                0xff900910                pwm2_init
                0xff900914                sonar_data
                0xff900928                y_acc0
                0xff90092c                quality
                0xff900930                move_start_time
                0xff900934                y_acc
                0xff900938                output_start
                0xff90093c                lcount
                0xff900940                pwm1_init
                0xff900944                image_size
                0xff900948                pwm1_mode
                0xff90094c                x_center
                0xff900950                lfailsafe
                0xff900954                edge_thresh
                0xff900958                compass_init
                0xff90095c                horizon_detect_flag
                0xff900960                master
                0xff900964                base_speed
                0xff900968                rspeed2
                0xff90096c                lspeed
                0xff900970                overlay_flag
                0xff900974                lspeed2
                0xff900978                err1
                0xff90097c                cp
                0xff900980                output_end
                0xff900984                pwm2_mode
                0xff900988                obstacle_detect_flag
                0xff90098c                blob_display_num
                0xff900990                framecount
                0xff900994                rcount
                0xff900998                x_acc0
                0xff90099c                imgHead
                0xff9009a8                edge_detect_flag
                0xff9009ac                encoder_flag
                0xff9009b0                imgHeight
                0xff9009b4                failsafe_clock
                0xff9009b8                move_time_mS
                0xff9009bc                y_center
                0xff9009c0                xwd_init
                0xff9009c4                rspeed
                0xff9009c8                base_speed2
                0xff9009cc                frame_diff_flag
                0xff9009d0                ix
                0xff9009d4                robot_moving
 COMMON         0xff9009d8      0xf8c colors.o
                0xff9009d8                blobcnt
                0xff900ad4                ymax
                0xff900b18                blobx1
                0xff900c14                umax
                0xff900c58                hist0
                0xff901058                hist1
                0xff901458                blobix
                0xff901554                bloby2
                0xff901650                mean
                0xff90165c                vmax
                0xff9016a0                vmin
                0xff9016e4                bloby1
                0xff9017e0                blobx2
                0xff9018dc                ymin
                0xff901920                umin
 COMMON         0xff901964      0x584 jpeg.o
                0xff901964                Y2
                0xff9019e4                Temp
                0xff901a64                Cqt
                0xff901aa4                Y3
                0xff901b24                Y4
                0xff901ba4                ICqt
                0xff901c24                ILqt
                0xff901ca4                CR
                0xff901d24                Lqt
                0xff901d64                CB
                0xff901de4                fdct_temp
                0xff901e64                read_format
                0xff901e68                Y1
 COMMON         0xff901ee8     0x1640 neural.o
                0xff901ee8                weights
                0xff9032e8                teach_neurons
                0xff903328                nerror
                0xff9033a8                neurons
 COMMON         0xff903528      0x18c picoc/table.o
                0xff903528                StringHashTable
                0xff9036ac                StringTable
 COMMON         0xff9036b4      0x1e0 picoc/type.o
                0xff9036b4                CharArrayType
                0xff9036b8                FunctionType
                0xff9036dc                TypeType
                0xff903700                EnumType
                0xff903724                VoidType
                0xff903748                ShortType
                0xff90376c                MacroType
                0xff903790                CharType
                0xff9037b4                CharPtrType
                0xff9037b8                VoidPtrType
                0xff9037bc                LongType
                0xff9037e0                IntType
                0xff903804                UnsignedLongType
                0xff903828                UberType
                0xff90384c                UnsignedIntType
                0xff903870                UnsignedShortType
 COMMON         0xff903894      0x318 picoc/variable.o
                0xff903894                StringLiteralHashTable
                0xff903a18                GlobalHashTable
                0xff903b9c                GlobalTable
                0xff903ba4                StringLiteralTable
 COMMON         0xff903bac        0xc picoc/clibrary.o
                0xff903bac                CStdOut
 COMMON         0xff903bb8       0xa4 picoc/platform_surveyor.o
                0xff903bb8                ExitBuf
                0xff903c5c                . = ALIGN (0x4)
                0xff903c5c                __bss_end = .
                0xffb00ffc                . = 0xffb00ffc
                0xffb00ffc                PROVIDE (_supervisor_stack, .)
LOAD init.o
LOAD main.o
LOAD srv.o
LOAD uart.o
LOAD camera.o
LOAD jpeg.o
LOAD i2c.o
LOAD stm_m25p32.o
LOAD httpd.o
LOAD xmodem.o
LOAD colors.o
LOAD edit.o
LOAD malloc.o
LOAD string.o
LOAD printf.o
LOAD myfunc.o
LOAD neural.o
LOAD gps.o
LOAD sdcard.o
LOAD picoc/picoc.o
LOAD picoc/table.o
LOAD picoc/lex.o
LOAD picoc/parse.o
LOAD picoc/expression.o
LOAD picoc/heap.o
LOAD picoc/type.o
LOAD picoc/variable.o
LOAD picoc/clibrary.o
LOAD picoc/library_surveyor.o
LOAD picoc/platform.o
LOAD picoc/platform_surveyor.o
LOAD r8x8dct.o
LOAD math.o
LOAD setjmp.o
LOAD motionvect.o
LOAD /blackfin/opt/uClinux/bfin-elf/bin/../bfin-elf/lib/libbffastfp.a
OUTPUT(srv1.bin elf32-bfin)

.debug_abbrev   0x00000000     0x3112
 .debug_abbrev  0x00000000       0xcf camera.o
 .debug_abbrev  0x000000cf       0xeb edit.o
 .debug_abbrev  0x000001ba      0x25c httpd.o
 .debug_abbrev  0x00000416       0x8a i2c.o
 .debug_abbrev  0x000004a0      0x1d8 stm_m25p32.o
 .debug_abbrev  0x00000678      0x1d3 printf.o
 .debug_abbrev  0x0000084b      0x183 xmodem.o
 .debug_abbrev  0x000009ce      0x1b7 gps.o
 .debug_abbrev  0x00000b85       0x43 myfunc.o
 .debug_abbrev  0x00000bc8       0x6e main.o
 .debug_abbrev  0x00000c36      0x14c malloc.o
 .debug_abbrev  0x00000d82      0x222 string.o
 .debug_abbrev  0x00000fa4      0x25c srv.o
 .debug_abbrev  0x00001200      0x128 uart.o
 .debug_abbrev  0x00001328      0x1ce colors.o
 .debug_abbrev  0x000014f6      0x186 jpeg.o
 .debug_abbrev  0x0000167c      0x114 neural.o
 .debug_abbrev  0x00001790       0x45 init.o
 .debug_abbrev  0x000017d5       0xf3 sdcard.o
 .debug_abbrev  0x000018c8      0x14e picoc/picoc.o
 .debug_abbrev  0x00001a16      0x234 picoc/table.o
 .debug_abbrev  0x00001c4a      0x253 picoc/lex.o
 .debug_abbrev  0x00001e9d      0x27a picoc/parse.o
 .debug_abbrev  0x00002117      0x26c picoc/expression.o
 .debug_abbrev  0x00002383      0x168 picoc/heap.o
 .debug_abbrev  0x000024eb      0x256 picoc/type.o
 .debug_abbrev  0x00002741      0x1e7 picoc/variable.o
 .debug_abbrev  0x00002928      0x2af picoc/clibrary.o
 .debug_abbrev  0x00002bd7      0x26e picoc/library_surveyor.o
 .debug_abbrev  0x00002e45      0x16a picoc/platform.o
 .debug_abbrev  0x00002faf      0x163 picoc/platform_surveyor.o

.debug_info     0x00000000    0x10d2c
 .debug_info    0x00000000      0x136 camera.o
 .debug_info    0x00000136      0x1e7 edit.o
 .debug_info    0x0000031d      0xb88 httpd.o
 .debug_info    0x00000ea5      0x158 i2c.o
 .debug_info    0x00000ffd      0x604 stm_m25p32.o
 .debug_info    0x00001601      0x4de printf.o
 .debug_info    0x00001adf      0x3e3 xmodem.o
 .debug_info    0x00001ec2      0x5af gps.o
 .debug_info    0x00002471       0x54 myfunc.o
 .debug_info    0x000024c5       0x75 main.o
 .debug_info    0x0000253a      0x23a malloc.o
 .debug_info    0x00002774      0x867 string.o
 .debug_info    0x00002fdb     0x1fac srv.o
 .debug_info    0x00004f87      0x465 uart.o
 .debug_info    0x000053ec      0xc54 colors.o
 .debug_info    0x00006040      0xb0b jpeg.o
 .debug_info    0x00006b4b      0x438 neural.o
 .debug_info    0x00006f83       0x64 init.o
 .debug_info    0x00006fe7      0x391 sdcard.o
 .debug_info    0x00007378      0x592 picoc/picoc.o
 .debug_info    0x0000790a      0x91e picoc/table.o
 .debug_info    0x00008228      0xff6 picoc/lex.o
 .debug_info    0x0000921e      0xd05 picoc/parse.o
 .debug_info    0x00009f23     0x1479 picoc/expression.o
 .debug_info    0x0000b39c      0x2fb picoc/heap.o
 .debug_info    0x0000b697      0xdc9 picoc/type.o
 .debug_info    0x0000c460      0xbcc picoc/variable.o
 .debug_info    0x0000d02c     0x1206 picoc/clibrary.o
 .debug_info    0x0000e232     0x20c5 picoc/library_surveyor.o
 .debug_info    0x000102f7      0x7cd picoc/platform.o
 .debug_info    0x00010ac4      0x268 picoc/platform_surveyor.o

.debug_line     0x00000000     0x40b7
 .debug_line    0x00000000       0x72 camera.o
 .debug_line    0x00000072       0xd1 edit.o
 .debug_line    0x00000143      0x489 httpd.o
 .debug_line    0x000005cc       0xa7 i2c.o
 .debug_line    0x00000673      0x1ac stm_m25p32.o
 .debug_line    0x0000081f      0x1a1 printf.o
 .debug_line    0x000009c0      0x139 xmodem.o
 .debug_line    0x00000af9      0x2a4 gps.o
 .debug_line    0x00000d9d       0x3c myfunc.o
 .debug_line    0x00000dd9      0x142 main.o
 .debug_line    0x00000f1b       0xa6 malloc.o
 .debug_line    0x00000fc1      0x1a9 string.o
 .debug_line    0x0000116a      0xbac srv.o
 .debug_line    0x00001d16      0x12f uart.o
 .debug_line    0x00001e45      0x3a1 colors.o
 .debug_line    0x000021e6      0x315 jpeg.o
 .debug_line    0x000024fb      0x11e neural.o
 .debug_line    0x00002619       0x53 init.o
 .debug_line    0x0000266c      0x10b sdcard.o
 .debug_line    0x00002777       0x92 picoc/picoc.o
 .debug_line    0x00002809       0xe3 picoc/table.o
 .debug_line    0x000028ec      0x39d picoc/lex.o
 .debug_line    0x00002c89      0x2c0 picoc/parse.o
 .debug_line    0x00002f49      0x549 picoc/expression.o
 .debug_line    0x00003492       0xf0 picoc/heap.o
 .debug_line    0x00003582      0x22b picoc/type.o
 .debug_line    0x000037ad      0x168 picoc/variable.o
 .debug_line    0x00003915      0x234 picoc/clibrary.o
 .debug_line    0x00003b49      0x3bc picoc/library_surveyor.o
 .debug_line    0x00003f05      0x114 picoc/platform.o
 .debug_line    0x00004019       0x9e picoc/platform_surveyor.o

.debug_frame    0x00000000     0x3b54
 .debug_frame   0x00000000       0x4c camera.o
 .debug_frame   0x0000004c      0x100 edit.o
 .debug_frame   0x0000014c       0xd0 httpd.o
 .debug_frame   0x0000021c       0x40 i2c.o
 .debug_frame   0x0000025c      0x214 stm_m25p32.o
 .debug_frame   0x00000470      0x110 printf.o
 .debug_frame   0x00000580       0xc8 xmodem.o
 .debug_frame   0x00000648      0x1ac gps.o
 .debug_frame   0x000007f4       0x28 myfunc.o
 .debug_frame   0x0000081c       0x38 main.o
 .debug_frame   0x00000854       0x94 malloc.o
 .debug_frame   0x000008e8      0x23c string.o
 .debug_frame   0x00000b24      0xbd0 srv.o
 .debug_frame   0x000016f4      0x1f4 uart.o
 .debug_frame   0x000018e8      0x278 colors.o
 .debug_frame   0x00001b60      0x1b0 jpeg.o
 .debug_frame   0x00001d10      0x16c neural.o
 .debug_frame   0x00001e7c       0xa4 init.o
 .debug_frame   0x00001f20      0x1a8 sdcard.o
 .debug_frame   0x000020c8       0x74 picoc/picoc.o
 .debug_frame   0x0000213c      0x14c picoc/table.o
 .debug_frame   0x00002288      0x2b4 picoc/lex.o
 .debug_frame   0x0000253c      0x1ec picoc/parse.o
 .debug_frame   0x00002728      0x338 picoc/expression.o
 .debug_frame   0x00002a60       0xcc picoc/heap.o
 .debug_frame   0x00002b2c      0x1dc picoc/type.o
 .debug_frame   0x00002d08      0x2d0 picoc/variable.o
 .debug_frame   0x00002fd8      0x344 picoc/clibrary.o
 .debug_frame   0x0000331c      0x6c0 picoc/library_surveyor.o
 .debug_frame   0x000039dc       0xd8 picoc/platform.o
 .debug_frame   0x00003ab4       0xa0 picoc/platform_surveyor.o

.debug_loc      0x00000000    0x15317
 .debug_loc     0x00000000       0x5b camera.o
 .debug_loc     0x0000005b      0x2eb edit.o
 .debug_loc     0x00000346     0x19ce httpd.o
 .debug_loc     0x00001d14      0x23f i2c.o
 .debug_loc     0x00001f53      0x89e stm_m25p32.o
 .debug_loc     0x000027f1      0xae4 printf.o
 .debug_loc     0x000032d5      0x6b7 xmodem.o
 .debug_loc     0x0000398c      0xfb6 gps.o
 .debug_loc     0x00004942       0x3e myfunc.o
 .debug_loc     0x00004980       0x2b main.o
 .debug_loc     0x000049ab      0x1e1 malloc.o
 .debug_loc     0x00004b8c      0xb75 string.o
 .debug_loc     0x00005701     0x2804 srv.o
 .debug_loc     0x00007f05      0x6d3 uart.o
 .debug_loc     0x000085d8     0x133c colors.o
 .debug_loc     0x00009914     0x14f7 jpeg.o
 .debug_loc     0x0000ae0b      0x460 neural.o
 .debug_loc     0x0000b26b      0x122 init.o
 .debug_loc     0x0000b38d      0x6cb sdcard.o
 .debug_loc     0x0000ba58       0xfa picoc/picoc.o
 .debug_loc     0x0000bb52      0x614 picoc/table.o
 .debug_loc     0x0000c166     0x1133 picoc/lex.o
 .debug_loc     0x0000d299      0xc79 picoc/parse.o
 .debug_loc     0x0000df12     0x21c8 picoc/expression.o
 .debug_loc     0x000100da      0x313 picoc/heap.o
 .debug_loc     0x000103ed      0x944 picoc/type.o
 .debug_loc     0x00010d31      0xd07 picoc/variable.o
 .debug_loc     0x00011a38     0x123c picoc/clibrary.o
 .debug_loc     0x00012c74     0x1e8b picoc/library_surveyor.o
 .debug_loc     0x00014aff      0x5f7 picoc/platform.o
 .debug_loc     0x000150f6      0x221 picoc/platform_surveyor.o

.debug_pubnames
                0x00000000     0x2999
 .debug_pubnames
                0x00000000       0x59 camera.o
 .debug_pubnames
                0x00000059       0x98 edit.o
 .debug_pubnames
                0x000000f1       0x58 httpd.o
 .debug_pubnames
                0x00000149       0x39 i2c.o
 .debug_pubnames
                0x00000182      0x120 stm_m25p32.o
 .debug_pubnames
                0x000002a2       0x44 printf.o
 .debug_pubnames
                0x000002e6       0x5d xmodem.o
 .debug_pubnames
                0x00000343       0x9f gps.o
 .debug_pubnames
                0x000003e2       0x1d myfunc.o
 .debug_pubnames
                0x000003ff       0x1b main.o
 .debug_pubnames
                0x0000041a       0x87 malloc.o
 .debug_pubnames
                0x000004a1      0x13b string.o
 .debug_pubnames
                0x000005dc      0xb23 srv.o
 .debug_pubnames
                0x000010ff      0x150 uart.o
 .debug_pubnames
                0x0000124f      0x165 colors.o
 .debug_pubnames
                0x000013b4      0x2cc jpeg.o
 .debug_pubnames
                0x00001680      0x11a neural.o
 .debug_pubnames
                0x0000179a       0x1f init.o
 .debug_pubnames
                0x000017b9       0xd1 sdcard.o
 .debug_pubnames
                0x0000188a       0x37 picoc/picoc.o
 .debug_pubnames
                0x000018c1       0xe1 picoc/table.o
 .debug_pubnames
                0x000019a2      0x1c9 picoc/lex.o
 .debug_pubnames
                0x00001b6b      0x107 picoc/parse.o
 .debug_pubnames
                0x00001c72      0x25d picoc/expression.o
 .debug_pubnames
                0x00001ecf       0xc6 picoc/heap.o
 .debug_pubnames
                0x00001f95      0x219 picoc/type.o
 .debug_pubnames
                0x000021ae      0x274 picoc/variable.o
 .debug_pubnames
                0x00002422      0x1ba picoc/clibrary.o
 .debug_pubnames
                0x000025dc      0x2bb picoc/library_surveyor.o
 .debug_pubnames
                0x00002897       0x81 picoc/platform.o
 .debug_pubnames
                0x00002918       0x81 picoc/platform_surveyor.o

.debug_aranges  0x00000000      0x3e0
 .debug_aranges
                0x00000000       0x20 camera.o
 .debug_aranges
                0x00000020       0x20 edit.o
 .debug_aranges
                0x00000040       0x20 httpd.o
 .debug_aranges
                0x00000060       0x20 i2c.o
 .debug_aranges
                0x00000080       0x20 stm_m25p32.o
 .debug_aranges
                0x000000a0       0x20 printf.o
 .debug_aranges
                0x000000c0       0x20 xmodem.o
 .debug_aranges
                0x000000e0       0x20 gps.o
 .debug_aranges
                0x00000100       0x20 myfunc.o
 .debug_aranges
                0x00000120       0x20 main.o
 .debug_aranges
                0x00000140       0x20 malloc.o
 .debug_aranges
                0x00000160       0x20 string.o
 .debug_aranges
                0x00000180       0x20 srv.o
 .debug_aranges
                0x000001a0       0x20 uart.o
 .debug_aranges
                0x000001c0       0x20 colors.o
 .debug_aranges
                0x000001e0       0x20 jpeg.o
 .debug_aranges
                0x00000200       0x20 neural.o
 .debug_aranges
                0x00000220       0x20 init.o
 .debug_aranges
                0x00000240       0x20 sdcard.o
 .debug_aranges
                0x00000260       0x20 picoc/picoc.o
 .debug_aranges
                0x00000280       0x20 picoc/table.o
 .debug_aranges
                0x000002a0       0x20 picoc/lex.o
 .debug_aranges
                0x000002c0       0x20 picoc/parse.o
 .debug_aranges
                0x000002e0       0x20 picoc/expression.o
 .debug_aranges
                0x00000300       0x20 picoc/heap.o
 .debug_aranges
                0x00000320       0x20 picoc/type.o
 .debug_aranges
                0x00000340       0x20 picoc/variable.o
 .debug_aranges
                0x00000360       0x20 picoc/clibrary.o
 .debug_aranges
                0x00000380       0x20 picoc/library_surveyor.o
 .debug_aranges
                0x000003a0       0x20 picoc/platform.o
 .debug_aranges
                0x000003c0       0x20 picoc/platform_surveyor.o

.debug_str      0x00000000     0x3cb6
 .debug_str     0x00000000       0xc8 camera.o
                                 0xce (size before relaxing)
 .debug_str     0x000000c8       0x94 edit.o
                                 0xcc (size before relaxing)
 .debug_str     0x0000015c      0x4a9 httpd.o
                                0x527 (size before relaxing)
 .debug_str     0x00000605       0x41 i2c.o
                                 0xa0 (size before relaxing)
 .debug_str     0x00000646      0x263 stm_m25p32.o
                                0x2f7 (size before relaxing)
 .debug_str     0x000008a9       0xd5 printf.o
                                0x143 (size before relaxing)
 .debug_str     0x0000097e       0xce xmodem.o
                                0x13e (size before relaxing)
 .debug_str     0x00000a4c       0xa1 gps.o
                                0x135 (size before relaxing)
 .debug_str     0x00000aed       0x10 myfunc.o
                                 0x48 (size before relaxing)
 .debug_str     0x00000afd        0xc main.o
                                 0x4d (size before relaxing)
 .debug_str     0x00000b09       0x6a malloc.o
                                 0xb9 (size before relaxing)
 .debug_str     0x00000b73      0x12a string.o
                                0x1b3 (size before relaxing)
 .debug_str     0x00000c9d      0x8cd srv.o
                                0xb66 (size before relaxing)
 .debug_str     0x0000156a      0x14c uart.o
                                0x1e3 (size before relaxing)
 .debug_str     0x000016b6       0xe0 colors.o
                                0x1fa (size before relaxing)
 .debug_str     0x00001796      0x439 jpeg.o
                                0x4f6 (size before relaxing)
 .debug_str     0x00001bcf       0xd9 neural.o
                                0x150 (size before relaxing)
 .debug_str     0x00001ca8       0x43 init.o
                                 0x6d (size before relaxing)
 .debug_str     0x00001ceb       0xc9 sdcard.o
                                0x128 (size before relaxing)
 .debug_str     0x00001db4      0x297 picoc/picoc.o
                                0x3f2 (size before relaxing)
 .debug_str     0x0000204b      0x11f picoc/table.o
                                0x4ac (size before relaxing)
 .debug_str     0x0000216a      0x899 picoc/lex.o
                                0xc69 (size before relaxing)
 .debug_str     0x00002a03      0x2a8 picoc/parse.o
                                0xb9d (size before relaxing)
 .debug_str     0x00002cab      0x4f6 picoc/expression.o
                                0xe94 (size before relaxing)
 .debug_str     0x000031a1      0x123 picoc/heap.o
                                0x1c7 (size before relaxing)
 .debug_str     0x000032c4      0x1c7 picoc/type.o
                                0xb84 (size before relaxing)
 .debug_str     0x0000348b      0x266 picoc/variable.o
                                0x6ca (size before relaxing)
 .debug_str     0x000036f1      0x259 picoc/clibrary.o
                                0x696 (size before relaxing)
 .debug_str     0x0000394a      0x257 picoc/library_surveyor.o
                                0x7a0 (size before relaxing)
 .debug_str     0x00003ba1       0xa5 picoc/platform.o
                                0x4a5 (size before relaxing)
 .debug_str     0x00003c46       0x70 picoc/platform_surveyor.o
                                0x1d9 (size before relaxing)

.comment        0x00000000      0x364
 .comment       0x00000000       0x1c camera.o
 .comment       0x0000001c       0x1c edit.o
 .comment       0x00000038       0x1c httpd.o
 .comment       0x00000054       0x1c i2c.o
 .comment       0x00000070       0x1c stm_m25p32.o
 .comment       0x0000008c       0x1c printf.o
 .comment       0x000000a8       0x1c xmodem.o
 .comment       0x000000c4       0x1c gps.o
 .comment       0x000000e0       0x1c myfunc.o
 .comment       0x000000fc       0x1c main.o
 .comment       0x00000118       0x1c malloc.o
 .comment       0x00000134       0x1c string.o
 .comment       0x00000150       0x1c srv.o
 .comment       0x0000016c       0x1c uart.o
 .comment       0x00000188       0x1c colors.o
 .comment       0x000001a4       0x1c jpeg.o
 .comment       0x000001c0       0x1c neural.o
 .comment       0x000001dc       0x1c init.o
 .comment       0x000001f8       0x1c sdcard.o
 .comment       0x00000214       0x1c picoc/picoc.o
 .comment       0x00000230       0x1c picoc/table.o
 .comment       0x0000024c       0x1c picoc/lex.o
 .comment       0x00000268       0x1c picoc/parse.o
 .comment       0x00000284       0x1c picoc/expression.o
 .comment       0x000002a0       0x1c picoc/heap.o
 .comment       0x000002bc       0x1c picoc/type.o
 .comment       0x000002d8       0x1c picoc/variable.o
 .comment       0x000002f4       0x1c picoc/clibrary.o
 .comment       0x00000310       0x1c picoc/library_surveyor.o
 .comment       0x0000032c       0x1c picoc/platform.o
 .comment       0x00000348       0x1c picoc/platform_surveyor.o

.debug_ranges   0x00000000      0x880
 .debug_ranges  0x00000000      0x2e0 httpd.o
 .debug_ranges  0x000002e0       0x28 printf.o
 .debug_ranges  0x00000308       0x70 xmodem.o
 .debug_ranges  0x00000378       0x58 string.o
 .debug_ranges  0x000003d0       0x38 init.o
 .debug_ranges  0x00000408       0xb8 picoc/table.o
 .debug_ranges  0x000004c0       0x80 picoc/lex.o
 .debug_ranges  0x00000540       0x50 picoc/parse.o
 .debug_ranges  0x00000590      0x298 picoc/expression.o
 .debug_ranges  0x00000828       0x18 picoc/type.o
 .debug_ranges  0x00000840       0x40 picoc/clibrary.o
