
Allocating common symbols
Common symbol       size              file

imgWidth            0x4               srv.o
rfailsafe           0x4               srv.o
j                   0x4               srv.o
Y2                  0x80              jpeg.o
x_acc               0x4               srv.o
i                   0x4               srv.o
blobcnt             0xfc              colors.o
segmentation_flag   0x4               srv.o
Temp                0x80              jpeg.o
Cqt                 0x40              jpeg.o
ymax                0x44              colors.o
blobx1              0xfc              colors.o
pwm2_init           0x4               srv.o
Y3                  0x80              jpeg.o
base                0x8               malloc.o
sonar_data          0x14              srv.o
weights             0x1400            neural.o
teach_neurons       0x40              neural.o
nerror              0x80              neural.o
y_acc0              0x4               srv.o
StringHashTable     0x184             picoc/table.o
CharArrayType       0x4               picoc/type.o
Y4                  0x80              jpeg.o
FunctionType        0x24              picoc/type.o
umax                0x44              colors.o
ICqt                0x80              jpeg.o
hist0               0x400             colors.o
heap_end            0x4               malloc.o
quality             0x4               srv.o
y_acc               0x4               srv.o
output_start        0x4               srv.o
hist1               0x400             colors.o
pwm1_init           0x4               srv.o
image_size          0x4               srv.o
ILqt                0x80              jpeg.o
heap_start          0x4               malloc.o
pwm1_mode           0x4               srv.o
neurons             0x180             neural.o
StringLiteralHashTable
                    0x184             picoc/variable.o
x_center            0x4               srv.o
blobix              0xfc              colors.o
EnumType            0x24              picoc/type.o
VoidType            0x24              picoc/type.o
lfailsafe           0x4               srv.o
edge_thresh         0x4               srv.o
master              0x4               srv.o
bloby2              0xfc              colors.o
mean                0xc               colors.o
base_speed          0x4               srv.o
rspeed2             0x4               srv.o
lspeed              0x4               srv.o
GlobalHashTable     0x184             picoc/variable.o
vmax                0x44              colors.o
CR                  0x80              jpeg.o
overlay_flag        0x4               srv.o
StringTable         0x8               picoc/table.o
lspeed2             0x4               srv.o
err1                0x4               srv.o
cp                  0x4               srv.o
Lqt                 0x40              jpeg.o
GlobalTable         0x8               picoc/variable.o
MacroType           0x24              picoc/type.o
Type_Type           0x24              picoc/type.o
CharType            0x24              picoc/type.o
output_end          0x4               srv.o
CB                  0x80              jpeg.o
pwm2_mode           0x4               srv.o
CharPtrType         0x4               picoc/type.o
fdct_temp           0x80              jpeg.o
gps_gga             0x20              gps.o
StringLiteralTable  0x8               picoc/variable.o
framecount          0x4               srv.o
vmin                0x44              colors.o
heap_ptr            0x4               malloc.o
bloby1              0xfc              colors.o
WordType            0x24              picoc/type.o
x_acc0              0x4               srv.o
IntType             0x24              picoc/type.o
imgHead             0xb               srv.o
read_format         0x4               jpeg.o
edge_detect_flag    0x4               srv.o
imgHeight           0x4               srv.o
UberType            0x24              picoc/type.o
failsafe_clock      0x4               srv.o
blobx2              0xfc              colors.o
dlist2              0xc               camera.o
y_center            0x4               srv.o
xbuff               0x406             xmodem.o
errjmp              0xa4              picoc/picoc.o
dlist1              0xc               camera.o
ymin                0x44              colors.o
umin                0x44              colors.o
rspeed              0x4               srv.o
frame_diff_flag     0x4               srv.o
ix                  0x4               srv.o
Y1                  0x80              jpeg.o

Memory Configuration

Name             Origin             Length             Attributes
ram              0x00000000         0x02000000         xrw
l1code           0xffa00000         0x00010000         x
l1data_a         0xff800000         0x00008000         rw
l1data_b         0xff900000         0x00008000         rw
scratchpad       0xffb00000         0x00001000         rw
*default*        0x00000000         0xffffffff

Linker script and memory map


.sdram.text
 camera.o(.sdram.text)
 edit.o(.sdram.text)
 i2c.o(.sdram.text)
 stm_m25p32.o(.sdram.text)
 printf.o(.sdram.text)
 xmodem.o(.sdram.text)
 gps.o(.sdram.text)
 myfunc.o(.sdram.text)
 *(.gnu.warning)

.l1code         0xffa00000     0x67a0
 main.o(.text)
 .text          0xffa00000      0x294 main.o
                0xffa00000                main
 math.o(.text)
 .text          0xffa00294      0x200 math.o
                0xffa00360                __umodsi3
                0xffa00392                __divsi3
                0xffa00294                __udivsi3
 malloc.o(.text)
 .text          0xffa00494      0x1a4 malloc.o
                0xffa00570                morecore
                0xffa004e8                free
                0xffa00494                init_heap
                0xffa004d4                sbrk
                0xffa005b4                malloc
 srv.o(.text)
 .text          0xffa00638     0x2de4 srv.o
                0xffa0151c                motor_command
                0xffa02088                process_i2c
                0xffa02164                restore_video
                0xffa02368                xmodem_receive
                0xffa00f40                clearRTC
                0xffa01060                delayUS
                0xffa0218c                invert_video
                0xffa00870                grab_reference_frame
                0xffa00f50                delayMS
                0xffa016b0                set_edge_thresh
                0xffa010d4                delayNS
                0xffa00af8                setPPM1
                0xffa011e8                rand
                0xffa022a4                read_user_sector
                0xffa00d34                initRTC
                0xffa02658                serial_out_flashbuffer
                0xffa023ac                camera_reset
                0xffa021b4                write_boot_flash
                0xffa008a4                initPWM
                0xffa0093c                init_sonar
                0xffa01164                check_failsafe
                0xffa01854                show_stack_ptr
                0xffa02ce8                process_colors
                0xffa01c08                laser_range
                0xffa0183c                show_heap_ptr
                0xffa0166c                overlay_on
                0xffa01798                lasers_off
                0xffa006fc                clear_sdram
                0xffa00740                led1_on
                0xffa01608                change_image_quality
                0xffa00724                stack_remaining
                0xffa00c70                check_bounds_0_100
                0xffa00848                move_image
                0xffa02218                write_user_sector
                0xffa01864                process_neuralnet
                0xffa0132c                ppm2_command
                0xffa00a0c                setPWM
                0xffa0206c                show_laser_range
                0xffa0233c                crc_flash_buffer
                0xffa026c0                send_frame
                0xffa01770                check_battery
                0xffa014a4                motor_increase_base_speed
                0xffa01744                ping_sonar
                0xffa015d4                clear_flash_buffer
                0xffa012d8                enable_failsafe
                0xffa017b8                lasers_on
                0xffa0138c                ppm1_command
                0xffa013ec                motor_action
                0xffa00d54                readRTC
                0xffa00c8c                motor_trim_right
                0xffa00730                led0_on
                0xffa00ce0                motor_trim_left
                0xffa00638                init_io
                0xffa017f4                serial_out_version
                0xffa00dc8                sonar
                0xffa00750                compute_frame_diff
                0xffa02360                launch_editor
                0xffa016e0                enable_edge_detect
                0xffa02c40                grab_frame
                0xffa01708                enable_segmentation
                0xffa02278                write_user_flash
                0xffa00f80                motor_set
                0xffa00908                initTMR4
                0xffa00964                initPPM1
                0xffa00bb4                setPPM2
                0xffa0142c                motor_decrease_base_speed
                0xffa009b8                initPPM2
                0xffa017d8                serial_out_time
                0xffa007a8                set_caption
                0xffa01684                disable_frame_diff
                0xffa006d0                reset_cpu
                0xffa022fc                read_user_flash
                0xffa01294                isqrt
                0xffa0114c                reset_failsafe_clock
                0xffa012c0                disable_failsafe
                0xffa01654                overlay_off
                0xffa01720                enable_frame_diff
                0xffa02584                camera_setup
 uart.o(.text)
 .text          0xffa0341c      0x314 uart.o
                0xffa035c4                uart1SendChar
                0xffa03638                uart1GetCh
                0xffa035a0                uart0GetChar
                0xffa03468                init_fast_uart0
                0xffa03560                uart0SendChars
                0xffa03584                uart0GetCh
                0xffa03534                uart0SendString
                0xffa03504                uart0SendChar
                0xffa03614                uart1SendChars
                0xffa0341c                init_uart0
                0xffa03678                printNumber
                0xffa035e8                uart1SendString
                0xffa03654                uart1GetChar
                0xffa034b4                init_uart1
 float.o(.text)
 .text          0xffa03730      0xbb4 float.o
                0xffa03730                bytesToFloat
                0xffa040a8                printFloat
                0xffa03e64                bigMulti
                0xffa0400c                power
                0xffa03ccc                isOne
                0xffa03760                minus
                0xffa04024                printBinary
                0xffa03d78                intToFloat
                0xffa0376c                divFloat
                0xffa03754                parseFloat
                0xffa042bc                printExponent
                0xffa04064                printMantissa
                0xffa03d6c                lteFloat
                0xffa03828                addFloat
                0xffa03ee8                mulFloat
                0xffa03cdc                gteFloat
                0xffa03b1c                subFloat
                0xffa0424c                floatInBinary
 colors.o(.text)
 .text          0xffa042e4      0xcd4 colors.o
                0xffa04490                vmean
                0xffa0470c                edge_detect
                0xffa048ac                svs_segcode
                0xffa04558                color_segment
                0xffa04aa0                vblob
                0xffa04368                blob_merge
                0xffa04a04                svs_segview
                0xffa042e4                init_colors
                0xffa043c4                vhist
                0xffa04334                vpix
 jpeg.o(.text)
 .text          0xffa04fb8      0xdc4 jpeg.o
                0xffa05b84                DCT
                0xffa05578                close_bitstream
                0xffa05b98                encodeMCU
                0xffa050b0                huffman
                0xffa055ec                write_markers
                0xffa05c94                encode_image
                0xffa0580c                initialize_quantization_tables
                0xffa059d0                read_422_format
                0xffa04fb8                initialization
                0xffa05090                levelshift
                0xffa05900                quantization
                0xffa05950                read_400_format
 r8x8dct.o(.text)
 *fill*         0xffa05d7c        0x4 00
 .text          0xffa05d80       0xf0 r8x8dct.o
                0xffa05d80                _r8x8dct
 spi.o(.text)
 .text          0xffa05e70      0x1e8 spi.o
                0xffa05f58                svs_master
                0xffa05e70                svs_slave
 uart.o(.text)
 setjmp.o(.text)
 .text          0xffa06058      0x184 setjmp.o
                0xffa06058                longjmp
                0xffa06120                setjmp
 neural.o(.text)
 .text          0xffa061dc      0x5c4 neural.o
                0xffa0657c                nnpack8x8
                0xffa06768                nninit_network
                0xffa065f8                nndisplay
                0xffa06274                f_logic
                0xffa062d4                nncalculate_network
                0xffa063bc                nncalculate_errors
                0xffa0668c                nntrain_network
                0xffa06678                nninit_pattern
                0xffa061dc                nnset_pattern
                0xffa06470                nnscale8x8

.text           0x00000000     0x6c5c
 .text          0x00000000       0xf0 camera.o
                0x00000000                camera_init
                0x000000a8                camera_start
                0x000000cc                camera_stop
 .text          0x000000f0      0x340 edit.o
                0x00000288                insert_char
                0x00000138                find_next_line
                0x00000300                edit
                0x000001d4                find_buffer_end
                0x000000f0                delete_char
                0x0000021c                print_lines
                0x000002e0                print_help
                0x00000188                find_previous_line
 .text          0x00000430      0x1c8 i2c.o
                0x00000430                i2cwrite
                0x00000500                i2cread
 .text          0x000005f8      0x4d4 stm_m25p32.o
                0x000006d4                SetupSPI
                0x00000794                spi_read
                0x0000082c                Wait_For_WEL
                0x000006b4                SPI_OFF
                0x00000894                WriteFlash
                0x00000a00                spi_write
                0x00000604                spi_init_r
                0x00000984                EraseBlock
                0x000007f4                Wait_For_Status
                0x00000650                GetSectorNumber
                0x00000930                WriteData
                0x000005f8                spi_init_f
                0x000007b0                ReadStatusRegister
                0x00000860                SendSingleCommand
                0x00000704                ReadData
                0x00000610                Wait_For_SPIF
                0x00000678                udelay
 .text          0x00000acc      0x338 printf.o
                0x00000dc8                sprintf
                0x00000de4                printf
 .text          0x00000e04      0x4fc xmodem.o
                0x00000e90                xmodemTransmit
                0x00000e40                _inbyte
                0x00000e04                crc16_ccitt
                0x00001108                xmodemReceive
 .text          0x00001300      0x5e4 gps.o
                0x00001300                gps_parse
                0x00001840                gps_show
 .text          0x000018e4       0x28 myfunc.o
                0x000018e4                myfunc
 .text          0x0000190c       0xd0 init.o
                0x0000190c                initcode
 .text          0x000019dc      0x3a4 string.o
                0x000019dc                strcmp
                0x00001d00                strtok_r
                0x00001a58                strncpy
                0x00001a90                atoi
                0x00001c10                memcpy
                0x00001c2c                memset
                0x00001c40                ctoi
                0x00001b74                itoa
                0x00001d58                strdup
                0x00001b3c                reverse
                0x00001c88                strpbrk
                0x00001a30                strchr
                0x00001a48                strcpy
                0x00001cc0                strspn
                0x000019fc                strncmp
                0x00001c04                isdigit
                0x00001b1c                strlen
                0x00001c58                atoi_b16
 .text          0x00001d80      0x13c picoc/picoc.o
                0x00001df8                picoc
                0x00001da0                Initialise
                0x00001d80                Cleanup
 .text          0x00001ebc      0x28c picoc/table.o
                0x00002090                TableStrRegister
                0x00001ef8                TableGet
                0x00001f7c                TableStrFree
                0x00001fc0                TableSetIdentifier
                0x000020f8                TableInitTable
                0x0000207c                TableStrRegister2
                0x00001f2c                TableDelete
                0x000020ac                TableSet
                0x0000210c                TableInit
 .text          0x00002148      0xdc8 picoc/lex.o
                0x00002490                LexInteractiveClear
                0x00002ee4                LexInit
                0x00002628                LexGetCharacterConstant
                0x00002400                LexInitParser
                0x0000267c                LexGetWord
                0x000024dc                LexCleanup
                0x00002148                LexCheckReservedWord
                0x0000242c                LexInteractiveCompleted
                0x000024e4                LexCopyTokens
                0x0000241c                LexInteractiveStatementPrompt
                0x00002294                LexUnEscapeCharacter
                0x00002eb0                LexToEndOfLine
                0x000021ac                LexGetNumber
                0x00002170                IsBaseDigit
                0x00002bcc                LexAnalyse
                0x00002bf0                LexGetToken
                0x00002364                LexSkipComment
                0x000023dc                LexTokenSize
                0x00002824                LexScanGetToken
                0x00002b18                LexTokenise
                0x0000270c                LexGetStringConstant
 .text          0x00002f10      0xb80 picoc/parse.o
                0x00002fd8                ParseFunctionDefinition
                0x00003874                ParseBlock
                0x00003208                ParseDeclaration
                0x00002f20                ParseCleanup
                0x00002f10                ParserCopyPos
                0x000038fc                ParseStatementMaybeRun
                0x00003930                ParseFor
                0x000037ec                Parse
                0x0000336c                ParseStatement
                0x00002f34                ParseMacroDefinition
                0x00003784                ParseInteractive
 .text          0x00003a90      0xadc picoc/expression.o
                0x00004500                ExpressionParseInt
                0x00003a90                ParsePushInt
                0x00003ab8                ExpressionParseValue
                0x000042a8                ExpressionParseFunctionCall
                0x00003eac                ExpressionParse
 .text          0x0000456c      0x23c picoc/heap.o
                0x00004620                HeapFree
                0x00004754                HeapAllocStack
                0x000045e0                HeapPushStackFrame
                0x00004600                HeapPopStackFrame
                0x00004678                HeapAlloc
                0x000045b8                HeapPopStack
                0x0000456c                HeapInit
 .text          0x000047a8      0x7e4 picoc/type.o
                0x000047d0                TypeStackSizeValue
                0x00004878                TypeInit
                0x00004f3c                TypeCleanupNode
                0x00004800                TypeAddBaseType
                0x00004b10                TypeParseStruct
                0x00004f80                TypeCleanup
                0x000047e4                TypeSize
                0x00004d68                TypeParse
                0x00004d94                TypeParseIdentPart
                0x00004940                TypeGetMatching
                0x00004cd0                TypeParseFront
                0x000047a8                TypeSizeValue
                0x00004834                TypeAdd
                0x000049b4                TypeParseEnum
 .text          0x00004f8c      0x5b8 picoc/variable.o
                0x00004fc8                VariableDefined
                0x0000525c                VariableStackPop
                0x00005080                VariableStackFramePop
                0x00005370                VariableAllocValueAndData
                0x000053a8                VariableDefinePlatformVar
                0x0000519c                VariableFree
                0x0000523c                VariableCleanup
                0x00004f8c                VariableStringLiteralDefine
                0x000054f8                VariableAllocValueFromType
                0x000051f8                VariableTableCleanup
                0x00004fa0                VariableStringLiteralGet
                0x0000514c                VariableInit
                0x000050d0                VariableStackFrameAdd
                0x00005024                VariableGet
                0x0000544c                VariableAllocValueAndCopy
                0x00005348                VariableAllocValueShared
                0x00005310                VariableAllocValueFromExistingData
                0x000052c8                VariableAlloc
                0x00005494                VariableDefine
 .text          0x00005544      0x2dc picoc/clibrary.o
                0x00005660                LibPrintf
                0x0000556c                PrintInt
                0x00005544                PrintStr
                0x00005614                LibGets
                0x00005794                LibraryInit
                0x000055fc                LibGetc
 .text          0x00005820     0x121c picoc/library_surveyor.o
                0x00005ad0                Ctan
                0x00006500                Cvrcap
                0x000061e4                Cwritei2c
                0x00006524                Csonar
                0x000061e0                Cnninit
                0x000058f4                Csin
                0x00005f88                Cnnmatchblob
                0x00005820                Claser
                0x00006508                Crange
                0x00006304                Cgps
                0x00005864                Cvcolor
                0x00005f58                Cnnshow
                0x00006604                Cservos
                0x000059e0                Ccos
                0x00005d24                Cacos
                0x0000658c                Cservos2
                0x00006290                Ccompass
                0x0000667c                Cmotors
                0x00005df4                Casin
                0x00006504                Cvcap
                0x000064b4                Cvpix
                0x00005bec                Catan
                0x00005eb0                Cnnlearnblob
                0x00006258                Creadi2c
                0x00006218                Creadi2c2
                0x00006774                Cinput
                0x00006734                Crand
                0x0000671c                Ctime
                0x00006158                Cnntrain
                0x000058e0                Cvdiff
                0x0000675c                Cdelay
                0x0000637c                Cvblob
                0x000067c0                PlatformLibraryInit
                0x00006094                Cnntest
                0x00005cd8                Cnnset
                0x00006790                Csignal
                0x00006474                Cvmean
 .text          0x00006a3c      0x16c picoc/platform.o
                0x00006b0c                PlatformPrintf
                0x00006b28                LexFail
                0x00006a3c                PlatformVPrintf
                0x00006b64                ProgramFail
 .text          0x00006ba8       0xb4 picoc/platform_surveyor.o
                0x00006bb4                PlatformSetExitPoint
                0x00006bec                PlatformPutc
                0x00006bf4                PlatformGetLine
                0x00006ba8                PlatformCleanup
                0x00006bdc                PlatformGetCharacter
                0x00006bc0                PlatformExit

.l1data         0xff800000     0x1690
 *(.data)
 .data          0xff800000        0x0 camera.o
 .data          0xff800000        0x0 edit.o
 .data          0xff800000        0x0 i2c.o
 .data          0xff800000        0x0 stm_m25p32.o
 .data          0xff800000        0x0 printf.o
 .data          0xff800000        0x0 xmodem.o
 .data          0xff800000        0x0 gps.o
 .data          0xff800000        0x0 myfunc.o
 .data          0xff800000        0x0 main.o
 .data          0xff800000        0x0 math.o
 .data          0xff800000        0x0 malloc.o
 .data          0xff800000      0xa84 srv.o
                0xff800462                vhpel
                0xff800408                version_string
                0xff800008                font8x8
                0xff800000                fontmask
                0xff800430                frame
                0xff800450                hhpel
                0xff800474                rand_seed
 .data          0xff800a84        0x0 uart.o
 .data          0xff800a84        0x0 float.o
 .data          0xff800a84        0x0 colors.o
 .data          0xff800a84      0x8f0 jpeg.o
                0xff8012b4                zigzag_table
                0xff800adc                chrominance_dc_size_table
                0xff800d7c                chrominance_ac_code_table
                0xff800c38                luminance_ac_size_table
                0xff800af4                luminance_ac_code_table
                0xff800aac                luminance_dc_size_table
                0xff800ac4                chrominance_dc_code_table
                0xff8012f4                luminance_quant_table
                0xff801104                markerdata
                0xff800a94                luminance_dc_code_table
                0xff800a84                fdct_coeff
                0xff801334                chrominance_quant_table
                0xff801004                bitsize
                0xff800ec0                chrominance_ac_size_table
 .data          0xff801374        0x0 r8x8dct.o
 .data          0xff801374        0x0 spi.o
 .data          0xff801374        0x0 setjmp.o
 .data          0xff801374       0x8c neural.o
                0xff801378                npattern
                0xff8013f8                nmask
                0xff801374                learn
 .data          0xff801400        0x0 init.o
 .data          0xff801400        0x0 string.o
 .data          0xff801400        0x0 picoc/picoc.o
 .data          0xff801400        0x0 picoc/table.o
 .data          0xff801400      0x13c picoc/lex.o
 .data          0xff80153c        0x0 picoc/parse.o
 .data          0xff80153c        0x0 picoc/expression.o
 .data          0xff80153c        0xc picoc/heap.o
 .data          0xff801548        0x0 picoc/type.o
 .data          0xff801548        0x0 picoc/variable.o
 .data          0xff801548       0x20 picoc/clibrary.o
                0xff801548                CLibrary
 .data          0xff801568      0x128 picoc/library_surveyor.o
                0xff801568                PlatformLibrary
 .data          0xff801690        0x0 picoc/platform.o
 .data          0xff801690        0x0 picoc/platform_surveyor.o
 *(.l1data)
 *(.l1data.a)

.l1data.b
 *(.l1data.b)

.rodata         0xff801690     0x21e4
 *(.rodata .rodata.* .gnu.linkonce.r.*)
 .rodata.str1.4
                0xff801690       0xb2 edit.o
                                 0xb4 (size before relaxing)
 *fill*         0xff801742        0x2 00
 .rodata        0xff801744       0x5c edit.o
 .rodata.str1.4
                0xff8017a0        0x7 printf.o
                                  0x8 (size before relaxing)
 *fill*         0xff8017a7        0x1 00
 .rodata        0xff8017a8      0x200 xmodem.o
 .rodata.str1.4
                0xff8019a8       0xaa gps.o
                                 0xac (size before relaxing)
 *fill*         0xff801a52        0x2 00
 .rodata.str1.4
                0xff801a54       0x14 myfunc.o
 .rodata        0xff801a68      0x23c main.o
 .rodata        0xff801ca4      0x104 srv.o
 .rodata.str1.4
                0xff801da8      0x5ce srv.o
                                0x5dc (size before relaxing)
 *fill*         0xff802376        0x2 00
 .rodata        0xff802378       0x10 uart.o
 .rodata.str1.4
                0xff802388       0x33 float.o
                                 0x34 (size before relaxing)
 *fill*         0xff8023bb        0x1 00
 .rodata.str1.4
                0xff8023bc       0x27 colors.o
                                 0x28 (size before relaxing)
 *fill*         0xff8023e3        0x1 00
 .rodata.str1.4
                0xff8023e4       0x5b spi.o
                                 0x5c (size before relaxing)
 *fill*         0xff80243f        0x1 00
 .rodata.str1.4
                0xff802440        0x8 neural.o
                                  0xc (size before relaxing)
 .rodata.str1.4
                0xff802448       0x57 picoc/picoc.o
                                 0x58 (size before relaxing)
 *fill*         0xff80249f        0x1 00
 .rodata.str1.4
                0xff8024a0        0xe picoc/table.o
                                 0x14 (size before relaxing)
 *fill*         0xff8024ae        0x2 00
 .rodata        0xff8024b0      0x2cc picoc/lex.o
 .rodata.str1.4
                0xff80277c       0xea picoc/lex.o
                                0x104 (size before relaxing)
 *fill*         0xff802866        0x2 00
 .rodata.str1.4
                0xff802868      0x1a1 picoc/parse.o
                                0x1a8 (size before relaxing)
 *fill*         0xff802a09        0x3 00
 .rodata        0xff802a0c       0x98 picoc/parse.o
 .rodata.str1.4
                0xff802aa4      0x327 picoc/expression.o
                                0x36c (size before relaxing)
 *fill*         0xff802dcb        0x1 00
 .rodata        0xff802dcc      0x160 picoc/expression.o
 .rodata.str1.4
                0xff802f2c      0x12d picoc/type.o
                                0x164 (size before relaxing)
 *fill*         0xff803059        0x3 00
 .rodata        0xff80305c       0x2c picoc/type.o
 .rodata.str1.4
                0xff803088       0x43 picoc/variable.o
                                 0x6c (size before relaxing)
 *fill*         0xff8030cb        0x1 00
 .rodata.str1.4
                0xff8030cc       0x46 picoc/clibrary.o
                                 0x54 (size before relaxing)
 *fill*         0xff803112        0x2 00
 .rodata.str1.4
                0xff803114      0x5ea picoc/library_surveyor.o
                                0x600 (size before relaxing)
 *fill*         0xff8036fe        0x2 00
 .rodata        0xff803700      0x16c picoc/library_surveyor.o
 .rodata.str1.4
                0xff80386c        0x8 picoc/platform.o
                                  0xc (size before relaxing)
 .rodata.str1.4
                0x00000000       0x10 picoc/platform_surveyor.o

.data
 *(.data .data.* .gnu.linkonce.d.*)

.ctors
 *crtbegin*.o(.ctors)
 *(EXCLUDE_FILE(*crtend*.o) .ctors)
 *(SORT(.ctors.*))
 *(.ctors)

.dtors
 *crtbegin*.o(.dtors)
 *(EXCLUDE_FILE(*crtend*.o) .dtors)
 *(SORT(.dtors.*))
 *(.dtors)

.sdram.bss      0x00006c5c        0x0
                0x00006c5c                __sdram_bss_start = .
 *(.bss.sdram)
                0x00006c5c                . = ALIGN (0x4)
                0x00006c5c                __sdram_bss_end = .

.bss            0xff900000     0x37c4
                0xff900000                __bss_start = .
 *(.dynbss)
 *(.bss .bss.* .gnu.linkonce.b.*)
 .bss           0xff900000        0x0 camera.o
 .bss           0xff900000       0x10 edit.o
 .bss           0xff900010        0x0 i2c.o
 .bss           0xff900010        0x0 stm_m25p32.o
 .bss           0xff900010        0x0 printf.o
 .bss           0xff900010        0x0 xmodem.o
 .bss           0xff900010        0x0 gps.o
 .bss           0xff900010        0x0 myfunc.o
 .bss           0xff900010        0x0 main.o
 .bss           0xff900010        0x0 math.o
 .bss           0xff900010        0x4 malloc.o
                0xff900010                allocp
 .bss           0xff900014        0x8 srv.o
                0xff900014                failsafe_mode
                0xff900018                uart1_flag
 .bss           0xff90001c        0x0 uart.o
 .bss           0xff90001c        0x0 float.o
 .bss           0xff90001c        0x0 colors.o
 .bss           0xff90001c        0x8 jpeg.o
                0xff90001c                lcode
                0xff900020                bitindex
 .bss           0xff900024        0x0 r8x8dct.o
 .bss           0xff900024        0x0 spi.o
 .bss           0xff900024        0x0 setjmp.o
 .bss           0xff900024        0x0 neural.o
 .bss           0xff900024        0x0 init.o
 .bss           0xff900024        0x0 string.o
 .bss           0xff900024        0x0 picoc/picoc.o
 .bss           0xff900024        0x4 picoc/table.o
                0xff900024                StrEmpty
 .bss           0xff900028       0x3c picoc/lex.o
 .bss           0xff900064        0x4 picoc/parse.o
 .bss           0xff900068        0x0 picoc/expression.o
 .bss           0xff900068       0x24 picoc/heap.o
 .bss           0xff90008c        0x0 picoc/type.o
 .bss           0xff90008c        0x4 picoc/variable.o
                0xff90008c                TopStackFrame
 .bss           0xff900090        0x0 picoc/clibrary.o
 .bss           0xff900090       0x4c picoc/library_surveyor.o
 .bss           0xff9000dc        0x0 picoc/platform.o
 .bss           0xff9000dc        0x0 picoc/platform_surveyor.o
 *(COMMON)
 COMMON         0xff9000dc       0x18 camera.o
                0xff9000dc                dlist2
                0xff9000e8                dlist1
 COMMON         0xff9000f4      0x406 xmodem.o
                0xff9000f4                xbuff
 *fill*         0xff9004fa        0x2 00
 COMMON         0xff9004fc       0x20 gps.o
                0xff9004fc                gps_gga
 COMMON         0xff90051c       0x14 malloc.o
                0xff90051c                base
                0xff900524                heap_end
                0xff900528                heap_start
                0xff90052c                heap_ptr
 COMMON         0xff900530       0xb0 srv.o
                0xff900530                imgWidth
                0xff900534                rfailsafe
                0xff900538                j
                0xff90053c                x_acc
                0xff900540                i
                0xff900544                segmentation_flag
                0xff900548                pwm2_init
                0xff90054c                sonar_data
                0xff900560                y_acc0
                0xff900564                quality
                0xff900568                y_acc
                0xff90056c                output_start
                0xff900570                pwm1_init
                0xff900574                image_size
                0xff900578                pwm1_mode
                0xff90057c                x_center
                0xff900580                lfailsafe
                0xff900584                edge_thresh
                0xff900588                master
                0xff90058c                base_speed
                0xff900590                rspeed2
                0xff900594                lspeed
                0xff900598                overlay_flag
                0xff90059c                lspeed2
                0xff9005a0                err1
                0xff9005a4                cp
                0xff9005a8                output_end
                0xff9005ac                pwm2_mode
                0xff9005b0                framecount
                0xff9005b4                x_acc0
                0xff9005b8                imgHead
                0xff9005c4                edge_detect_flag
                0xff9005c8                imgHeight
                0xff9005cc                failsafe_clock
                0xff9005d0                y_center
                0xff9005d4                rspeed
                0xff9005d8                frame_diff_flag
                0xff9005dc                ix
 COMMON         0xff9005e0      0xf8c colors.o
                0xff9005e0                blobcnt
                0xff9006dc                ymax
                0xff900720                blobx1
                0xff90081c                umax
                0xff900860                hist0
                0xff900c60                hist1
                0xff901060                blobix
                0xff90115c                bloby2
                0xff901258                mean
                0xff901264                vmax
                0xff9012a8                vmin
                0xff9012ec                bloby1
                0xff9013e8                blobx2
                0xff9014e4                ymin
                0xff901528                umin
 COMMON         0xff90156c      0x584 jpeg.o
                0xff90156c                Y2
                0xff9015ec                Temp
                0xff90166c                Cqt
                0xff9016ac                Y3
                0xff90172c                Y4
                0xff9017ac                ICqt
                0xff90182c                ILqt
                0xff9018ac                CR
                0xff90192c                Lqt
                0xff90196c                CB
                0xff9019ec                fdct_temp
                0xff901a6c                read_format
                0xff901a70                Y1
 COMMON         0xff901af0     0x1640 neural.o
                0xff901af0                weights
                0xff902ef0                teach_neurons
                0xff902f30                nerror
                0xff902fb0                neurons
 COMMON         0xff903130       0xa4 picoc/picoc.o
                0xff903130                errjmp
 COMMON         0xff9031d4      0x18c picoc/table.o
                0xff9031d4                StringHashTable
                0xff903358                StringTable
 COMMON         0xff903360      0x14c picoc/type.o
                0xff903360                CharArrayType
                0xff903364                FunctionType
                0xff903388                EnumType
                0xff9033ac                VoidType
                0xff9033d0                MacroType
                0xff9033f4                Type_Type
                0xff903418                CharType
                0xff90343c                CharPtrType
                0xff903440                WordType
                0xff903464                IntType
                0xff903488                UberType
 COMMON         0xff9034ac      0x318 picoc/variable.o
                0xff9034ac                StringLiteralHashTable
                0xff903630                GlobalHashTable
                0xff9037b4                GlobalTable
                0xff9037bc                StringLiteralTable
                0xff9037c4                . = ALIGN (0x4)
                0xff9037c4                __bss_end = .
                0xffb00ffc                . = 0xffb00ffc
                0xffb00ffc                PROVIDE (_supervisor_stack, .)
LOAD init.o
LOAD main.o
LOAD srv.o
LOAD uart.o
LOAD camera.o
LOAD jpeg.o
LOAD i2c.o
LOAD stm_m25p32.o
LOAD float.o
LOAD xmodem.o
LOAD colors.o
LOAD edit.o
LOAD malloc.o
LOAD string.o
LOAD spi.o
LOAD printf.o
LOAD myfunc.o
LOAD neural.o
LOAD gps.o
LOAD picoc/picoc.o
LOAD picoc/table.o
LOAD picoc/lex.o
LOAD picoc/parse.o
LOAD picoc/expression.o
LOAD picoc/heap.o
LOAD picoc/type.o
LOAD picoc/variable.o
LOAD picoc/clibrary.o
LOAD picoc/library_surveyor.o
LOAD picoc/platform.o
LOAD picoc/platform_surveyor.o
LOAD r8x8dct.o
LOAD math.o
LOAD setjmp.o
OUTPUT(srv1.bin elf32-bfin)

.comment        0x00000000      0x364
 .comment       0x00000000       0x1c camera.o
 .comment       0x0000001c       0x1c edit.o
 .comment       0x00000038       0x1c i2c.o
 .comment       0x00000054       0x1c stm_m25p32.o
 .comment       0x00000070       0x1c printf.o
 .comment       0x0000008c       0x1c xmodem.o
 .comment       0x000000a8       0x1c gps.o
 .comment       0x000000c4       0x1c myfunc.o
 .comment       0x000000e0       0x1c main.o
 .comment       0x000000fc       0x1c malloc.o
 .comment       0x00000118       0x1c srv.o
 .comment       0x00000134       0x1c uart.o
 .comment       0x00000150       0x1c float.o
 .comment       0x0000016c       0x1c colors.o
 .comment       0x00000188       0x1c jpeg.o
 .comment       0x000001a4       0x1c spi.o
 .comment       0x000001c0       0x1c neural.o
 .comment       0x000001dc       0x1c init.o
 .comment       0x000001f8       0x1c string.o
 .comment       0x00000214       0x1c picoc/picoc.o
 .comment       0x00000230       0x1c picoc/table.o
 .comment       0x0000024c       0x1c picoc/lex.o
 .comment       0x00000268       0x1c picoc/parse.o
 .comment       0x00000284       0x1c picoc/expression.o
 .comment       0x000002a0       0x1c picoc/heap.o
 .comment       0x000002bc       0x1c picoc/type.o
 .comment       0x000002d8       0x1c picoc/variable.o
 .comment       0x000002f4       0x1c picoc/clibrary.o
 .comment       0x00000310       0x1c picoc/library_surveyor.o
 .comment       0x0000032c       0x1c picoc/platform.o
 .comment       0x00000348       0x1c picoc/platform_surveyor.o
