
Allocating common symbols
Common symbol       size              file

imgWidth            0x4               srv.o
rfailsafe           0x4               srv.o
j                   0x4               srv.o
Y2                  0x80              jpeg.o
x_acc               0x4               srv.o
i                   0x4               srv.o
blobcnt             0xfc              colors.o
segmentation_flag   0x4               srv.o
Temp                0x80              jpeg.o
Cqt                 0x40              jpeg.o
ymax                0x44              colors.o
blobx1              0xfc              colors.o
pwm2_init           0x4               srv.o
Y3                  0x80              jpeg.o
base                0x8               malloc.o
sonar_data          0x14              srv.o
weights             0x1400            neural.o
teach_neurons       0x40              neural.o
nerror              0x80              neural.o
y_acc0              0x4               srv.o
StringHashTable     0x184             picoc/table.o
CharArrayType       0x4               picoc/type.o
Y4                  0x80              jpeg.o
FunctionType        0x24              picoc/type.o
umax                0x44              colors.o
ICqt                0x80              jpeg.o
hist0               0x400             colors.o
heap_end            0x4               malloc.o
quality             0x4               srv.o
ExitBuf             0xa4              picoc/platform_surveyor.o
y_acc               0x4               srv.o
output_start        0x4               srv.o
hist1               0x400             colors.o
pwm1_init           0x4               srv.o
image_size          0x4               srv.o
ILqt                0x80              jpeg.o
heap_start          0x4               malloc.o
pwm1_mode           0x4               srv.o
neurons             0x180             neural.o
StringLiteralHashTable
                    0x184             picoc/variable.o
x_center            0x4               srv.o
blobix              0xfc              colors.o
EnumType            0x24              picoc/type.o
VoidType            0x24              picoc/type.o
lfailsafe           0x4               srv.o
edge_thresh         0x4               srv.o
master              0x4               srv.o
bloby2              0xfc              colors.o
mean                0xc               colors.o
base_speed          0x4               srv.o
rspeed2             0x4               srv.o
lspeed              0x4               srv.o
GlobalHashTable     0x184             picoc/variable.o
vmax                0x44              colors.o
CR                  0x80              jpeg.o
overlay_flag        0x4               srv.o
StringTable         0x8               picoc/table.o
lspeed2             0x4               srv.o
err1                0x4               srv.o
cp                  0x4               srv.o
Lqt                 0x40              jpeg.o
GlobalTable         0x8               picoc/variable.o
MacroType           0x24              picoc/type.o
Type_Type           0x24              picoc/type.o
CharType            0x24              picoc/type.o
output_end          0x4               srv.o
CB                  0x80              jpeg.o
pwm2_mode           0x4               srv.o
CharPtrType         0x4               picoc/type.o
fdct_temp           0x80              jpeg.o
gps_gga             0x20              gps.o
StringLiteralTable  0x8               picoc/variable.o
framecount          0x4               srv.o
vmin                0x44              colors.o
heap_ptr            0x4               malloc.o
bloby1              0xfc              colors.o
WordType            0x24              picoc/type.o
x_acc0              0x4               srv.o
IntType             0x24              picoc/type.o
imgHead             0xb               srv.o
read_format         0x4               jpeg.o
edge_detect_flag    0x4               srv.o
imgHeight           0x4               srv.o
UberType            0x24              picoc/type.o
failsafe_clock      0x4               srv.o
blobx2              0xfc              colors.o
dlist2              0xc               camera.o
y_center            0x4               srv.o
xbuff               0x406             xmodem.o
dlist1              0xc               camera.o
ymin                0x44              colors.o
umin                0x44              colors.o
rspeed              0x4               srv.o
base_speed2         0x4               srv.o
frame_diff_flag     0x4               srv.o
ix                  0x4               srv.o
Y1                  0x80              jpeg.o

Memory Configuration

Name             Origin             Length             Attributes
ram              0x00000000         0x02000000         xrw
l1code           0xffa00000         0x00010000         x
l1data_a         0xff800000         0x00008000         rw
l1data_b         0xff900000         0x00008000         rw
scratchpad       0xffb00000         0x00001000         rw
*default*        0x00000000         0xffffffff

Linker script and memory map


.sdram.text
 camera.o(.sdram.text)
 edit.o(.sdram.text)
 i2c.o(.sdram.text)
 stm_m25p32.o(.sdram.text)
 printf.o(.sdram.text)
 xmodem.o(.sdram.text)
 gps.o(.sdram.text)
 myfunc.o(.sdram.text)
 *(.gnu.warning)

.l1code         0xffa00000     0x69c0
 main.o(.text)
 .text          0xffa00000      0x2b0 main.o
                0xffa00000                main
 math.o(.text)
 .text          0xffa002b0      0x200 math.o
                0xffa0037c                __umodsi3
                0xffa003ae                __divsi3
                0xffa002b0                __udivsi3
 malloc.o(.text)
 .text          0xffa004b0      0x1a4 malloc.o
                0xffa0058c                morecore
                0xffa00504                free
                0xffa004b0                init_heap
                0xffa004f0                sbrk
                0xffa005d0                malloc
 srv.o(.text)
 .text          0xffa00654     0x3004 srv.o
                0xffa01704                motor_command
                0xffa022c0                process_i2c
                0xffa02270                restore_video
                0xffa025a4                xmodem_receive
                0xffa01070                clearRTC
                0xffa01190                delayUS
                0xffa02298                invert_video
                0xffa00898                grab_reference_frame
                0xffa01080                delayMS
                0xffa01898                set_edge_thresh
                0xffa01204                delayNS
                0xffa00c10                setPPM1
                0xffa01318                rand
                0xffa024e0                read_user_sector
                0xffa00e4c                initRTC
                0xffa02894                serial_out_flashbuffer
                0xffa025e8                camera_reset
                0xffa023f0                write_boot_flash
                0xffa008cc                initPWM
                0xffa009b4                init_sonar
                0xffa01294                check_failsafe
                0xffa01a3c                show_stack_ptr
                0xffa02f24                process_colors
                0xffa01df0                laser_range
                0xffa01a24                show_heap_ptr
                0xffa01854                overlay_on
                0xffa00b70                setPWM2
                0xffa01980                lasers_off
                0xffa00724                clear_sdram
                0xffa00768                led1_on
                0xffa017f0                change_image_quality
                0xffa0074c                stack_remaining
                0xffa00d88                check_bounds_0_100
                0xffa00870                move_image
                0xffa02454                write_user_sector
                0xffa01a4c                process_neuralnet
                0xffa0164c                motor2_command
                0xffa0145c                ppm2_command
                0xffa00a84                setPWM
                0xffa00930                initPWM2
                0xffa02254                show_laser_range
                0xffa02578                crc_flash_buffer
                0xffa028fc                send_frame
                0xffa01958                check_battery
                0xffa015d4                motor_increase_base_speed
                0xffa0192c                ping_sonar
                0xffa017bc                clear_flash_buffer
                0xffa01408                enable_failsafe
                0xffa019a0                lasers_on
                0xffa014bc                ppm1_command
                0xffa0151c                motor_action
                0xffa00e6c                readRTC
                0xffa00da4                motor_trim_right
                0xffa00758                led0_on
                0xffa00df8                motor_trim_left
                0xffa00654                init_io
                0xffa019dc                serial_out_version
                0xffa00ee0                sonar
                0xffa00778                compute_frame_diff
                0xffa0259c                launch_editor
                0xffa018c8                enable_edge_detect
                0xffa02e7c                grab_frame
                0xffa018f0                enable_segmentation
                0xffa024b4                write_user_flash
                0xffa010b0                motor_set
                0xffa00980                initTMR4
                0xffa009dc                initPPM1
                0xffa00ccc                setPPM2
                0xffa0155c                motor_decrease_base_speed
                0xffa00a30                initPPM2
                0xffa019c0                serial_out_time
                0xffa007d0                set_caption
                0xffa0186c                disable_frame_diff
                0xffa006f8                reset_cpu
                0xffa02538                read_user_flash
                0xffa013c4                isqrt
                0xffa0127c                reset_failsafe_clock
                0xffa013f0                disable_failsafe
                0xffa0183c                overlay_off
                0xffa01908                enable_frame_diff
                0xffa027c0                camera_setup
 uart.o(.text)
 .text          0xffa03658      0x2f8 uart.o
                0xffa037b4                uart1SendChar
                0xffa03828                uart1GetCh
                0xffa03790                uart0GetChar
                0xffa03750                uart0SendChars
                0xffa03774                uart0GetCh
                0xffa03724                uart0SendString
                0xffa036f4                uart0SendChar
                0xffa03804                uart1SendChars
                0xffa03658                init_uart0
                0xffa03868                printNumber
                0xffa037d8                uart1SendString
                0xffa03844                uart1GetChar
                0xffa036a4                init_uart1
 float.o(.text)
 .text          0xffa03950      0xbb4 float.o
                0xffa03950                bytesToFloat
                0xffa042c8                printFloat
                0xffa04084                bigMulti
                0xffa0422c                power
                0xffa03eec                isOne
                0xffa03980                minus
                0xffa04244                printBinary
                0xffa03f98                intToFloat
                0xffa0398c                divFloat
                0xffa03974                parseFloat
                0xffa044dc                printExponent
                0xffa04284                printMantissa
                0xffa03f8c                lteFloat
                0xffa03a48                addFloat
                0xffa04108                mulFloat
                0xffa03efc                gteFloat
                0xffa03d3c                subFloat
                0xffa0446c                floatInBinary
 colors.o(.text)
 .text          0xffa04504      0xcd4 colors.o
                0xffa046b0                vmean
                0xffa0492c                edge_detect
                0xffa04acc                svs_segcode
                0xffa04778                color_segment
                0xffa04cc0                vblob
                0xffa04588                blob_merge
                0xffa04c24                svs_segview
                0xffa04504                init_colors
                0xffa045e4                vhist
                0xffa04554                vpix
 jpeg.o(.text)
 .text          0xffa051d8      0xdc4 jpeg.o
                0xffa05da4                DCT
                0xffa05798                close_bitstream
                0xffa05db8                encodeMCU
                0xffa052d0                huffman
                0xffa0580c                write_markers
                0xffa05eb4                encode_image
                0xffa05a2c                initialize_quantization_tables
                0xffa05bf0                read_422_format
                0xffa051d8                initialization
                0xffa052b0                levelshift
                0xffa05b20                quantization
                0xffa05b70                read_400_format
 r8x8dct.o(.text)
 *fill*         0xffa05f9c        0x4 00
 .text          0xffa05fa0       0xf0 r8x8dct.o
                0xffa05fa0                _r8x8dct
 spi.o(.text)
 .text          0xffa06090      0x1e8 spi.o
                0xffa06178                svs_master
                0xffa06090                svs_slave
 uart.o(.text)
 setjmp.o(.text)
 .text          0xffa06278      0x184 setjmp.o
                0xffa06278                longjmp
                0xffa06340                setjmp
 neural.o(.text)
 .text          0xffa063fc      0x5c4 neural.o
                0xffa0679c                nnpack8x8
                0xffa06988                nninit_network
                0xffa06818                nndisplay
                0xffa06494                f_logic
                0xffa064f4                nncalculate_network
                0xffa065dc                nncalculate_errors
                0xffa068ac                nntrain_network
                0xffa06898                nninit_pattern
                0xffa063fc                nnset_pattern
                0xffa06690                nnscale8x8

.text           0x00000000     0x6f7c
 .text          0x00000000       0xf0 camera.o
                0x00000000                camera_init
                0x000000a8                camera_start
                0x000000cc                camera_stop
 .text          0x000000f0      0x340 edit.o
                0x00000288                insert_char
                0x00000138                find_next_line
                0x00000300                edit
                0x000001d4                find_buffer_end
                0x000000f0                delete_char
                0x0000021c                print_lines
                0x000002e0                print_help
                0x00000188                find_previous_line
 .text          0x00000430      0x290 i2c.o
                0x00000500                i2cwritex
                0x00000430                i2cwrite
                0x000005c8                i2cread
 .text          0x000006c0      0x4d4 stm_m25p32.o
                0x0000079c                SetupSPI
                0x0000085c                spi_read
                0x000008f4                Wait_For_WEL
                0x0000077c                SPI_OFF
                0x0000095c                WriteFlash
                0x00000ac8                spi_write
                0x000006cc                spi_init_r
                0x00000a4c                EraseBlock
                0x000008bc                Wait_For_Status
                0x00000718                GetSectorNumber
                0x000009f8                WriteData
                0x000006c0                spi_init_f
                0x00000878                ReadStatusRegister
                0x00000928                SendSingleCommand
                0x000007cc                ReadData
                0x000006d8                Wait_For_SPIF
                0x00000740                udelay
 .text          0x00000b94      0x338 printf.o
                0x00000e90                sprintf
                0x00000eac                printf
 .text          0x00000ecc      0x4fc xmodem.o
                0x00000f58                xmodemTransmit
                0x00000f08                _inbyte
                0x00000ecc                crc16_ccitt
                0x000011d0                xmodemReceive
 .text          0x000013c8      0x5e4 gps.o
                0x000013c8                gps_parse
                0x00001908                gps_show
 .text          0x000019ac       0x28 myfunc.o
                0x000019ac                myfunc
 .text          0x000019d4       0xd0 init.o
                0x000019d4                initcode
 .text          0x00001aa4      0x3a4 string.o
                0x00001aa4                strcmp
                0x00001dc8                strtok_r
                0x00001b20                strncpy
                0x00001b58                atoi
                0x00001cd8                memcpy
                0x00001cf4                memset
                0x00001d08                ctoi
                0x00001c3c                itoa
                0x00001e20                strdup
                0x00001c04                reverse
                0x00001d50                strpbrk
                0x00001af8                strchr
                0x00001b10                strcpy
                0x00001d88                strspn
                0x00001ac4                strncmp
                0x00001ccc                isdigit
                0x00001be4                strlen
                0x00001d20                atoi_b16
 .text          0x00001e48      0x13c picoc/picoc.o
                0x00001ec0                picoc
                0x00001e68                Initialise
                0x00001e48                Cleanup
 .text          0x00001f84      0x28c picoc/table.o
                0x00002158                TableStrRegister
                0x00001fc0                TableGet
                0x00002044                TableStrFree
                0x00002088                TableSetIdentifier
                0x000021c0                TableInitTable
                0x00002144                TableStrRegister2
                0x00001ff4                TableDelete
                0x00002174                TableSet
                0x000021d4                TableInit
 .text          0x00002210      0xdac picoc/lex.o
                0x00002558                LexInteractiveClear
                0x00002f90                LexInit
                0x000026f0                LexGetCharacterConstant
                0x000024c8                LexInitParser
                0x00002744                LexGetWord
                0x000025a4                LexCleanup
                0x00002210                LexCheckReservedWord
                0x000024f4                LexInteractiveCompleted
                0x000025ac                LexCopyTokens
                0x000024e4                LexInteractiveStatementPrompt
                0x0000235c                LexUnEscapeCharacter
                0x00002f5c                LexToEndOfLine
                0x00002274                LexGetNumber
                0x00002238                IsBaseDigit
                0x00002c78                LexAnalyse
                0x00002c9c                LexGetToken
                0x0000242c                LexSkipComment
                0x000024a4                LexTokenSize
                0x000028d8                LexScanGetToken
                0x00002bc4                LexTokenise
                0x000027c0                LexGetStringConstant
 .text          0x00002fbc      0xbc8 picoc/parse.o
                0x00003084                ParseFunctionDefinition
                0x00003968                ParseBlock
                0x000032a4                ParseDeclaration
                0x00002fcc                ParseCleanup
                0x00002fbc                ParserCopyPos
                0x000039f0                ParseStatementMaybeRun
                0x00003a24                ParseFor
                0x000038e0                Parse
                0x00003408                ParseStatement
                0x00002fe0                ParseMacroDefinition
                0x0000386c                ParseInteractive
 .text          0x00003b84      0xb5c picoc/expression.o
                0x00004418                ExpressionParseInt
                0x00003b84                ParsePushInt
                0x00003bac                ExpressionParseValue
                0x00004484                ExpressionParseFunctionCall
                0x0000401c                ExpressionParse
 .text          0x000046e0      0x23c picoc/heap.o
                0x00004794                HeapFree
                0x000048c8                HeapAllocStack
                0x00004754                HeapPushStackFrame
                0x00004774                HeapPopStackFrame
                0x000047ec                HeapAlloc
                0x0000472c                HeapPopStack
                0x000046e0                HeapInit
 .text          0x0000491c      0x7e4 picoc/type.o
                0x00004944                TypeStackSizeValue
                0x000049ec                TypeInit
                0x000050b0                TypeCleanupNode
                0x00004974                TypeAddBaseType
                0x00004c84                TypeParseStruct
                0x000050f4                TypeCleanup
                0x00004958                TypeSize
                0x00004edc                TypeParse
                0x00004f08                TypeParseIdentPart
                0x00004ab4                TypeGetMatching
                0x00004e44                TypeParseFront
                0x0000491c                TypeSizeValue
                0x000049a8                TypeAdd
                0x00004b28                TypeParseEnum
 .text          0x00005100      0x5b8 picoc/variable.o
                0x0000513c                VariableDefined
                0x000053d0                VariableStackPop
                0x000051f4                VariableStackFramePop
                0x000054e4                VariableAllocValueAndData
                0x0000551c                VariableDefinePlatformVar
                0x00005310                VariableFree
                0x000053b0                VariableCleanup
                0x00005100                VariableStringLiteralDefine
                0x0000566c                VariableAllocValueFromType
                0x0000536c                VariableTableCleanup
                0x00005114                VariableStringLiteralGet
                0x000052c0                VariableInit
                0x00005244                VariableStackFrameAdd
                0x00005198                VariableGet
                0x000055c0                VariableAllocValueAndCopy
                0x000054bc                VariableAllocValueShared
                0x00005484                VariableAllocValueFromExistingData
                0x0000543c                VariableAlloc
                0x00005608                VariableDefine
 .text          0x000056b8      0x2dc picoc/clibrary.o
                0x000057d4                LibPrintf
                0x000056e0                PrintInt
                0x000056b8                PrintStr
                0x00005788                LibGets
                0x00005908                LibraryInit
                0x00005770                LibGetc
 .text          0x00005994     0x13d4 picoc/library_surveyor.o
                0x00005d5c                Ctan
                0x0000678c                Cvrcap
                0x00006470                Cwritei2c
                0x000067b0                Csonar
                0x0000646c                Cnninit
                0x00005b80                Csin
                0x000059c4                Cioread
                0x00006214                Cnnmatchblob
                0x00005a8c                Claser
                0x00006794                Crange
                0x00006590                Cgps
                0x00005af0                Cvcolor
                0x00006908                Cmotors2
                0x000061e4                Cnnshow
                0x00006890                Cservos
                0x00005c6c                Ccos
                0x00005fb0                Cacos
                0x00006818                Cservos2
                0x0000651c                Ccompass
                0x000069a8                Cmotors
                0x00006080                Casin
                0x00005a50                Cpoke
                0x00006790                Cvcap
                0x00006740                Cvpix
                0x00005ad0                Cbattery
                0x00005e78                Catan
                0x0000613c                Cnnlearnblob
                0x000064e4                Creadi2c
                0x000064a4                Creadi2c2
                0x000059fc                Cpeek
                0x00006aa0                Cinput
                0x00006a60                Crand
                0x00006a48                Ctime
                0x000063e4                Cnntrain
                0x00005b6c                Cvdiff
                0x00005994                Ciodir
                0x00006a88                Cdelay
                0x00006608                Cvblob
                0x00006aec                PlatformLibraryInit
                0x00006320                Cnntest
                0x00005f64                Cnnset
                0x000059dc                Ciowrite
                0x00006abc                Csignal
                0x00006700                Cvmean
 .text          0x00006d68      0x16c picoc/platform.o
                0x00006e38                PlatformPrintf
                0x00006e54                LexFail
                0x00006d68                PlatformVPrintf
                0x00006e90                ProgramFail
 .text          0x00006ed4       0xa8 picoc/platform_surveyor.o
                0x00006f0c                PlatformPutc
                0x00006f14                PlatformGetLine
                0x00006ed4                PlatformCleanup
                0x00006efc                PlatformGetCharacter
                0x00006ee0                PlatformExit

.l1data         0xff800000     0x16d4
 *(.data)
 .data          0xff800000        0x0 camera.o
 .data          0xff800000        0x0 edit.o
 .data          0xff800000        0x0 i2c.o
 .data          0xff800000        0x0 stm_m25p32.o
 .data          0xff800000        0x0 printf.o
 .data          0xff800000        0x0 xmodem.o
 .data          0xff800000        0x0 gps.o
 .data          0xff800000        0x0 myfunc.o
 .data          0xff800000        0x0 main.o
 .data          0xff800000        0x0 math.o
 .data          0xff800000        0x0 malloc.o
 .data          0xff800000      0xa84 srv.o
                0xff800462                vhpel
                0xff800408                version_string
                0xff800008                font8x8
                0xff800000                fontmask
                0xff800430                frame
                0xff800450                hhpel
                0xff800474                rand_seed
 .data          0xff800a84        0x0 uart.o
 .data          0xff800a84        0x0 float.o
 .data          0xff800a84        0x0 colors.o
 .data          0xff800a84      0x8f0 jpeg.o
                0xff8012b4                zigzag_table
                0xff800adc                chrominance_dc_size_table
                0xff800d7c                chrominance_ac_code_table
                0xff800c38                luminance_ac_size_table
                0xff800af4                luminance_ac_code_table
                0xff800aac                luminance_dc_size_table
                0xff800ac4                chrominance_dc_code_table
                0xff8012f4                luminance_quant_table
                0xff801104                markerdata
                0xff800a94                luminance_dc_code_table
                0xff800a84                fdct_coeff
                0xff801334                chrominance_quant_table
                0xff801004                bitsize
                0xff800ec0                chrominance_ac_size_table
 .data          0xff801374        0x0 r8x8dct.o
 .data          0xff801374        0x0 spi.o
 .data          0xff801374        0x0 setjmp.o
 .data          0xff801374       0x8c neural.o
                0xff801378                npattern
                0xff8013f8                nmask
                0xff801374                learn
 .data          0xff801400        0x0 init.o
 .data          0xff801400        0x0 string.o
 .data          0xff801400        0x0 picoc/picoc.o
 .data          0xff801400        0x0 picoc/table.o
 .data          0xff801400      0x148 picoc/lex.o
 .data          0xff801548        0x0 picoc/parse.o
 .data          0xff801548        0x0 picoc/expression.o
 .data          0xff801548        0xc picoc/heap.o
 .data          0xff801554        0x0 picoc/type.o
 .data          0xff801554        0x0 picoc/variable.o
 .data          0xff801554       0x20 picoc/clibrary.o
                0xff801554                CLibrary
 .data          0xff801574      0x160 picoc/library_surveyor.o
                0xff801574                PlatformLibrary
 .data          0xff8016d4        0x0 picoc/platform.o
 .data          0xff8016d4        0x0 picoc/platform_surveyor.o
 *(.l1data)
 *(.l1data.a)

.l1data.b
 *(.l1data.b)

.rodata         0xff8016d4     0x2388
 *(.rodata .rodata.* .gnu.linkonce.r.*)
 .rodata.str1.4
                0xff8016d4       0xb2 edit.o
                                 0xb4 (size before relaxing)
 *fill*         0xff801786        0x2 00
 .rodata        0xff801788       0x5c edit.o
 .rodata.str1.4
                0xff8017e4        0x7 printf.o
                                  0x8 (size before relaxing)
 *fill*         0xff8017eb        0x1 00
 .rodata        0xff8017ec      0x200 xmodem.o
 .rodata.str1.4
                0xff8019ec       0xaa gps.o
                                 0xac (size before relaxing)
 *fill*         0xff801a96        0x2 00
 .rodata.str1.4
                0xff801a98       0x14 myfunc.o
 .rodata        0xff801aac      0x23c main.o
 .rodata        0xff801ce8      0x104 srv.o
 .rodata.str1.4
                0xff801dec      0x5ea srv.o
                                0x5f8 (size before relaxing)
 *fill*         0xff8023d6        0x2 00
 .rodata        0xff8023d8       0x10 uart.o
 .rodata.str1.4
                0xff8023e8       0x33 float.o
                                 0x34 (size before relaxing)
 *fill*         0xff80241b        0x1 00
 .rodata.str1.4
                0xff80241c       0x27 colors.o
                                 0x28 (size before relaxing)
 *fill*         0xff802443        0x1 00
 .rodata.str1.4
                0xff802444       0x5b spi.o
                                 0x5c (size before relaxing)
 *fill*         0xff80249f        0x1 00
 .rodata.str1.4
                0xff8024a0        0x8 neural.o
                                  0xc (size before relaxing)
 .rodata.str1.4
                0xff8024a8       0x57 picoc/picoc.o
                                 0x58 (size before relaxing)
 *fill*         0xff8024ff        0x1 00
 .rodata.str1.4
                0xff802500        0xe picoc/table.o
                                 0x14 (size before relaxing)
 *fill*         0xff80250e        0x2 00
 .rodata        0xff802510      0x2cc picoc/lex.o
 .rodata.str1.4
                0xff8027dc       0xee picoc/lex.o
                                0x108 (size before relaxing)
 *fill*         0xff8028ca        0x2 00
 .rodata.str1.4
                0xff8028cc      0x1a1 picoc/parse.o
                                0x1a8 (size before relaxing)
 *fill*         0xff802a6d        0x3 00
 .rodata        0xff802a70       0x98 picoc/parse.o
 .rodata.str1.4
                0xff802b08      0x345 picoc/expression.o
                                0x38c (size before relaxing)
 *fill*         0xff802e4d        0x3 00
 .rodata        0xff802e50      0x1e0 picoc/expression.o
 .rodata.str1.4
                0xff803030      0x12d picoc/type.o
                                0x164 (size before relaxing)
 *fill*         0xff80315d        0x3 00
 .rodata        0xff803160       0x2c picoc/type.o
 .rodata.str1.4
                0xff80318c       0x43 picoc/variable.o
                                 0x6c (size before relaxing)
 *fill*         0xff8031cf        0x1 00
 .rodata.str1.4
                0xff8031d0       0x46 picoc/clibrary.o
                                 0x54 (size before relaxing)
 *fill*         0xff803216        0x2 00
 .rodata.str1.4
                0xff803218      0x6ce picoc/library_surveyor.o
                                0x6e4 (size before relaxing)
 *fill*         0xff8038e6        0x2 00
 .rodata        0xff8038e8      0x16c picoc/library_surveyor.o
 .rodata.str1.4
                0xff803a54        0x8 picoc/platform.o
                                  0xc (size before relaxing)
 .rodata.str1.4
                0x00000000       0x10 picoc/platform_surveyor.o

.data
 *(.data .data.* .gnu.linkonce.d.*)

.ctors
 *crtbegin*.o(.ctors)
 *(EXCLUDE_FILE(*crtend*.o) .ctors)
 *(SORT(.ctors.*))
 *(.ctors)

.dtors
 *crtbegin*.o(.dtors)
 *(EXCLUDE_FILE(*crtend*.o) .dtors)
 *(SORT(.dtors.*))
 *(.dtors)

.sdram.bss      0x00006f7c        0x0
                0x00006f7c                __sdram_bss_start = .
 *(.bss.sdram)
                0x00006f7c                . = ALIGN (0x4)
                0x00006f7c                __sdram_bss_end = .

.bss            0xff900000     0x37d0
                0xff900000                __bss_start = .
 *(.dynbss)
 *(.bss .bss.* .gnu.linkonce.b.*)
 .bss           0xff900000        0x0 camera.o
 .bss           0xff900000       0x10 edit.o
 .bss           0xff900010        0x0 i2c.o
 .bss           0xff900010        0x0 stm_m25p32.o
 .bss           0xff900010        0x0 printf.o
 .bss           0xff900010        0x0 xmodem.o
 .bss           0xff900010        0x0 gps.o
 .bss           0xff900010        0x0 myfunc.o
 .bss           0xff900010        0x0 main.o
 .bss           0xff900010        0x0 math.o
 .bss           0xff900010        0x4 malloc.o
                0xff900010                allocp
 .bss           0xff900014       0x10 srv.o
                0xff900018                sonar_flag
                0xff900014                failsafe_mode
                0xff90001c                uart1_flag
                0xff900020                thumbnail_flag
 .bss           0xff900024        0x0 uart.o
 .bss           0xff900024        0x0 float.o
 .bss           0xff900024        0x0 colors.o
 .bss           0xff900024        0x8 jpeg.o
                0xff900024                lcode
                0xff900028                bitindex
 .bss           0xff90002c        0x0 r8x8dct.o
 .bss           0xff90002c        0x0 spi.o
 .bss           0xff90002c        0x0 setjmp.o
 .bss           0xff90002c        0x0 neural.o
 .bss           0xff90002c        0x0 init.o
 .bss           0xff90002c        0x0 string.o
 .bss           0xff90002c        0x0 picoc/picoc.o
 .bss           0xff90002c        0x4 picoc/table.o
                0xff90002c                StrEmpty
 .bss           0xff900030       0x3c picoc/lex.o
 .bss           0xff90006c        0x4 picoc/parse.o
 .bss           0xff900070        0x0 picoc/expression.o
 .bss           0xff900070       0x24 picoc/heap.o
 .bss           0xff900094        0x0 picoc/type.o
 .bss           0xff900094        0x4 picoc/variable.o
                0xff900094                TopStackFrame
 .bss           0xff900098        0x0 picoc/clibrary.o
 .bss           0xff900098       0x4c picoc/library_surveyor.o
 .bss           0xff9000e4        0x0 picoc/platform.o
 .bss           0xff9000e4        0x0 picoc/platform_surveyor.o
 *(COMMON)
 COMMON         0xff9000e4       0x18 camera.o
                0xff9000e4                dlist2
                0xff9000f0                dlist1
 COMMON         0xff9000fc      0x406 xmodem.o
                0xff9000fc                xbuff
 *fill*         0xff900502        0x2 00
 COMMON         0xff900504       0x20 gps.o
                0xff900504                gps_gga
 COMMON         0xff900524       0x14 malloc.o
                0xff900524                base
                0xff90052c                heap_end
                0xff900530                heap_start
                0xff900534                heap_ptr
 COMMON         0xff900538       0xb4 srv.o
                0xff900538                imgWidth
                0xff90053c                rfailsafe
                0xff900540                j
                0xff900544                x_acc
                0xff900548                i
                0xff90054c                segmentation_flag
                0xff900550                pwm2_init
                0xff900554                sonar_data
                0xff900568                y_acc0
                0xff90056c                quality
                0xff900570                y_acc
                0xff900574                output_start
                0xff900578                pwm1_init
                0xff90057c                image_size
                0xff900580                pwm1_mode
                0xff900584                x_center
                0xff900588                lfailsafe
                0xff90058c                edge_thresh
                0xff900590                master
                0xff900594                base_speed
                0xff900598                rspeed2
                0xff90059c                lspeed
                0xff9005a0                overlay_flag
                0xff9005a4                lspeed2
                0xff9005a8                err1
                0xff9005ac                cp
                0xff9005b0                output_end
                0xff9005b4                pwm2_mode
                0xff9005b8                framecount
                0xff9005bc                x_acc0
                0xff9005c0                imgHead
                0xff9005cc                edge_detect_flag
                0xff9005d0                imgHeight
                0xff9005d4                failsafe_clock
                0xff9005d8                y_center
                0xff9005dc                rspeed
                0xff9005e0                base_speed2
                0xff9005e4                frame_diff_flag
                0xff9005e8                ix
 COMMON         0xff9005ec      0xf8c colors.o
                0xff9005ec                blobcnt
                0xff9006e8                ymax
                0xff90072c                blobx1
                0xff900828                umax
                0xff90086c                hist0
                0xff900c6c                hist1
                0xff90106c                blobix
                0xff901168                bloby2
                0xff901264                mean
                0xff901270                vmax
                0xff9012b4                vmin
                0xff9012f8                bloby1
                0xff9013f4                blobx2
                0xff9014f0                ymin
                0xff901534                umin
 COMMON         0xff901578      0x584 jpeg.o
                0xff901578                Y2
                0xff9015f8                Temp
                0xff901678                Cqt
                0xff9016b8                Y3
                0xff901738                Y4
                0xff9017b8                ICqt
                0xff901838                ILqt
                0xff9018b8                CR
                0xff901938                Lqt
                0xff901978                CB
                0xff9019f8                fdct_temp
                0xff901a78                read_format
                0xff901a7c                Y1
 COMMON         0xff901afc     0x1640 neural.o
                0xff901afc                weights
                0xff902efc                teach_neurons
                0xff902f3c                nerror
                0xff902fbc                neurons
 COMMON         0xff90313c      0x18c picoc/table.o
                0xff90313c                StringHashTable
                0xff9032c0                StringTable
 COMMON         0xff9032c8      0x14c picoc/type.o
                0xff9032c8                CharArrayType
                0xff9032cc                FunctionType
                0xff9032f0                EnumType
                0xff903314                VoidType
                0xff903338                MacroType
                0xff90335c                Type_Type
                0xff903380                CharType
                0xff9033a4                CharPtrType
                0xff9033a8                WordType
                0xff9033cc                IntType
                0xff9033f0                UberType
 COMMON         0xff903414      0x318 picoc/variable.o
                0xff903414                StringLiteralHashTable
                0xff903598                GlobalHashTable
                0xff90371c                GlobalTable
                0xff903724                StringLiteralTable
 COMMON         0xff90372c       0xa4 picoc/platform_surveyor.o
                0xff90372c                ExitBuf
                0xff9037d0                . = ALIGN (0x4)
                0xff9037d0                __bss_end = .
                0xffb00ffc                . = 0xffb00ffc
                0xffb00ffc                PROVIDE (_supervisor_stack, .)
LOAD init.o
LOAD main.o
LOAD srv.o
LOAD uart.o
LOAD camera.o
LOAD jpeg.o
LOAD i2c.o
LOAD stm_m25p32.o
LOAD float.o
LOAD xmodem.o
LOAD colors.o
LOAD edit.o
LOAD malloc.o
LOAD string.o
LOAD spi.o
LOAD printf.o
LOAD myfunc.o
LOAD neural.o
LOAD gps.o
LOAD picoc/picoc.o
LOAD picoc/table.o
LOAD picoc/lex.o
LOAD picoc/parse.o
LOAD picoc/expression.o
LOAD picoc/heap.o
LOAD picoc/type.o
LOAD picoc/variable.o
LOAD picoc/clibrary.o
LOAD picoc/library_surveyor.o
LOAD picoc/platform.o
LOAD picoc/platform_surveyor.o
LOAD r8x8dct.o
LOAD math.o
LOAD setjmp.o
OUTPUT(srv1.bin elf32-bfin)

.comment        0x00000000      0x364
 .comment       0x00000000       0x1c camera.o
 .comment       0x0000001c       0x1c edit.o
 .comment       0x00000038       0x1c i2c.o
 .comment       0x00000054       0x1c stm_m25p32.o
 .comment       0x00000070       0x1c printf.o
 .comment       0x0000008c       0x1c xmodem.o
 .comment       0x000000a8       0x1c gps.o
 .comment       0x000000c4       0x1c myfunc.o
 .comment       0x000000e0       0x1c main.o
 .comment       0x000000fc       0x1c malloc.o
 .comment       0x00000118       0x1c srv.o
 .comment       0x00000134       0x1c uart.o
 .comment       0x00000150       0x1c float.o
 .comment       0x0000016c       0x1c colors.o
 .comment       0x00000188       0x1c jpeg.o
 .comment       0x000001a4       0x1c spi.o
 .comment       0x000001c0       0x1c neural.o
 .comment       0x000001dc       0x1c init.o
 .comment       0x000001f8       0x1c string.o
 .comment       0x00000214       0x1c picoc/picoc.o
 .comment       0x00000230       0x1c picoc/table.o
 .comment       0x0000024c       0x1c picoc/lex.o
 .comment       0x00000268       0x1c picoc/parse.o
 .comment       0x00000284       0x1c picoc/expression.o
 .comment       0x000002a0       0x1c picoc/heap.o
 .comment       0x000002bc       0x1c picoc/type.o
 .comment       0x000002d8       0x1c picoc/variable.o
 .comment       0x000002f4       0x1c picoc/clibrary.o
 .comment       0x00000310       0x1c picoc/library_surveyor.o
 .comment       0x0000032c       0x1c picoc/platform.o
 .comment       0x00000348       0x1c picoc/platform_surveyor.o
