Archive member included because of file (symbol)

/blackfin/opt/uClinux/bfin-elf/bin/../bfin-elf/lib/libbffastfp.a(addfl64.o)
                              printf.o (__adddf3)
/blackfin/opt/uClinux/bfin-elf/bin/../bfin-elf/lib/libbffastfp.a(cmpfl64.o)
                              printf.o (__ltdf2)
/blackfin/opt/uClinux/bfin-elf/bin/../bfin-elf/lib/libbffastfp.a(f64toi32z.o)
                              printf.o (__fixdfsi)
/blackfin/opt/uClinux/bfin-elf/bin/../bfin-elf/lib/libbffastfp.a(i32tof64.o)
                              printf.o (__floatsidf)
/blackfin/opt/uClinux/bfin-elf/bin/../bfin-elf/lib/libbffastfp.a(mulfl64.o)
                              printf.o (__muldf3)
/blackfin/opt/uClinux/bfin-elf/bin/../bfin-elf/lib/libbffastfp.a(subfl64.o)
                              printf.o (__subdf3)

Allocating common symbols
Common symbol       size              file

imgWidth            0x4               srv.o
rfailsafe           0x4               srv.o
j                   0x4               srv.o
Y2                  0x80              jpeg.o
x_acc               0x4               srv.o
i                   0x4               srv.o
invert_flag         0x4               srv.o
blobcnt             0xfc              colors.o
segmentation_flag   0x4               srv.o
move_stop_time      0x4               srv.o
Temp                0x80              jpeg.o
Cqt                 0x40              jpeg.o
ymax                0x44              colors.o
blobx1              0xfc              colors.o
pwm2_init           0x4               srv.o
Y3                  0x80              jpeg.o
base                0x8               malloc.o
sonar_data          0x14              srv.o
weights             0x1400            neural.o
teach_neurons       0x40              neural.o
nerror              0x80              neural.o
CStdOut             0xc               picoc/clibrary.o
y_acc0              0x4               srv.o
StringHashTable     0x184             picoc/table.o
CharArrayType       0x4               picoc/type.o
Y4                  0x80              jpeg.o
FunctionType        0x24              picoc/type.o
TypeType            0x24              picoc/type.o
umax                0x44              colors.o
ICqt                0x80              jpeg.o
hist0               0x400             colors.o
heap_end            0x4               malloc.o
quality             0x4               srv.o
move_start_time     0x4               srv.o
ExitBuf             0xa4              picoc/platform_surveyor.o
y_acc               0x4               srv.o
output_start        0x4               srv.o
hist1               0x400             colors.o
lcount              0x4               srv.o
pwm1_init           0x4               srv.o
image_size          0x4               srv.o
ILqt                0x80              jpeg.o
heap_start          0x4               malloc.o
pwm1_mode           0x4               srv.o
neurons             0x180             neural.o
StringLiteralHashTable
                    0x184             picoc/variable.o
x_center            0x4               srv.o
blobix              0xfc              colors.o
EnumType            0x24              picoc/type.o
VoidType            0x24              picoc/type.o
lfailsafe           0x4               srv.o
edge_thresh         0x4               srv.o
compass_init        0x4               srv.o
horizon_detect_flag
                    0x4               srv.o
master              0x4               srv.o
bloby2              0xfc              colors.o
mean                0xc               colors.o
base_speed          0x4               srv.o
rspeed2             0x4               srv.o
lspeed              0x4               srv.o
GlobalHashTable     0x184             picoc/variable.o
vmax                0x44              colors.o
CR                  0x80              jpeg.o
overlay_flag        0x4               srv.o
StringTable         0x8               picoc/table.o
lspeed2             0x4               srv.o
err1                0x4               srv.o
cp                  0x4               srv.o
Lqt                 0x40              jpeg.o
ShortType           0x24              picoc/type.o
GlobalTable         0x8               picoc/variable.o
MacroType           0x24              picoc/type.o
CharType            0x24              picoc/type.o
output_end          0x4               srv.o
CB                  0x80              jpeg.o
pwm2_mode           0x4               srv.o
CharPtrType         0x4               picoc/type.o
obstacle_detect_flag
                    0x4               srv.o
fdct_temp           0x80              jpeg.o
gps_gga             0x18              gps.o
StringLiteralTable  0x8               picoc/variable.o
framecount          0x4               srv.o
VoidPtrType         0x4               picoc/type.o
vmin                0x44              colors.o
heap_ptr            0x4               malloc.o
LongType            0x24              picoc/type.o
bloby1              0xfc              colors.o
rcount              0x4               srv.o
x_acc0              0x4               srv.o
IntType             0x24              picoc/type.o
UnsignedLongType    0x24              picoc/type.o
imgHead             0xb               srv.o
read_format         0x4               jpeg.o
edge_detect_flag    0x4               srv.o
encoder_flag        0x4               srv.o
imgHeight           0x4               srv.o
UberType            0x24              picoc/type.o
failsafe_clock      0x4               srv.o
blobx2              0xfc              colors.o
move_time_mS        0x4               srv.o
dlist2              0xc               camera.o
y_center            0x4               srv.o
UnsignedIntType     0x24              picoc/type.o
UnsignedShortType   0x24              picoc/type.o
xbuff               0x406             xmodem.o
xwd_init            0x4               srv.o
dlist1              0xc               camera.o
ymin                0x44              colors.o
umin                0x44              colors.o
rspeed              0x4               srv.o
base_speed2         0x4               srv.o
frame_diff_flag     0x4               srv.o
ix                  0x4               srv.o
Y1                  0x80              jpeg.o
robot_moving        0x4               srv.o

Memory Configuration

Name             Origin             Length             Attributes
ram              0x00000000         0x02000000         xrw
l1code           0xffa00000         0x00010000         x
l1data_a         0xff800000         0x00008000         rw
l1data_b         0xff900000         0x00008000         rw
scratchpad       0xffb00000         0x00001000         rw
*default*        0x00000000         0xffffffff

Linker script and memory map


.sdram.text
 camera.o(.sdram.text)
 edit.o(.sdram.text)
 httpd.o(.sdram.text)
 i2c.o(.sdram.text)
 stm_m25p32.o(.sdram.text)
 printf.o(.sdram.text)
 xmodem.o(.sdram.text)
 gps.o(.sdram.text)
 myfunc.o(.sdram.text)
 *(.gnu.warning)

.l1code         0xffa00000     0x8638
 main.o(.text)
 .text          0xffa00000      0x370 main.o
                0xffa00000                main
 math.o(.text)
 .text          0xffa00370      0x200 math.o
                0xffa0043c                __umodsi3
                0xffa0046e                __divsi3
                0xffa00370                __udivsi3
 malloc.o(.text)
 .text          0xffa00570      0x1a4 malloc.o
                0xffa0064c                morecore
                0xffa005c4                free
                0xffa00570                init_heap
                0xffa005b0                sbrk
                0xffa00690                malloc
 string.o(.text)
 .text          0xffa00714      0x584 string.o
                0xffa00714                strcmp
                0xffa00960                memcpy2
                0xffa00790                strncpy
                0xffa007c8                atoi
                0xffa00944                memcpy
                0xffa00984                memset
                0xffa00ac8                strtoksafe
                0xffa009d8                ctoi
                0xffa008ac                itoa
                0xffa00c70                strdup
                0xffa00874                reverse
                0xffa00a20                strpbrk
                0xffa00c50                getUnaligned32
                0xffa00b7c                strnstr
                0xffa00768                strchr
                0xffa00780                strcpy
                0xffa00a58                strtok
                0xffa00734                strncmp
                0xffa00938                isdigit
                0xffa00854                strlen
                0xffa009f0                atoi_b16
                0xffa00998                memmove
                0xffa00be0                strReplace
                0xffa00b2c                strstr
 srv.o(.text)
 .text          0xffa00c98     0x4358 srv.o
                0xffa02428                motor_command
                0xffa03070                process_i2c
                0xffa028fc                restore_video
                0xffa03750                xmodem_receive
                0xffa018f8                clearRTC
                0xffa01a8c                delayUS
                0xffa0413c                motion_vect80x64
                0xffa02948                invert_video
                0xffa00f18                grab_reference_frame
                0xffa01908                delayMS
                0xffa0252c                set_edge_thresh
                0xffa01afc                delayNS
                0xffa01460                setPPM1
                0xffa01da0                rand
                0xffa02214                testSD
                0xffa02fd0                tilt
                0xffa03674                read_user_sector
                0xffa01694                initRTC
                0xffa03ad4                serial_out_flashbuffer
                0xffa00fb8                move_yuv422_to_planar
                0xffa037b8                camera_reset
                0xffa04f78                check_for_autorun
                0xffa02990                init_tilt
                0xffa03484                write_boot_flash
                0xffa03044                read_tilt
                0xffa01114                initPWM
                0xffa011fc                init_sonar
                0xffa02f4c                read_compass2x
                0xffa01b88                check_failsafe
                0xffa02204                show_stack_ptr
                0xffa04534                process_colors
                0xffa029c0                laser_range
                0xffa021ec                show_heap_ptr
                0xffa02004                overlay_on
                0xffa013c0                setPWM2
                0xffa02168                lasers_off
                0xffa00da4                clear_sdram
                0xffa00de8                led1_on
                0xffa024e0                change_image_quality
                0xffa00dcc                stack_remaining
                0xffa015d8                check_bounds_0_100
                0xffa00ef0                move_image
                0xffa03558                write_user_sector
                0xffa0255c                process_neuralnet
                0xffa02370                motor2_command
                0xffa022b0                ppm2_command
                0xffa012d4                setPWM
                0xffa01178                initPWM2
                0xffa01e4c                read_encoders
                0xffa0336c                init_analog
                0xffa02e24                show_laser_range
                0xffa03724                crc_flash_buffer
                0xffa03bc0                send_frame
                0xffa02140                check_battery
                0xffa01f44                motor_increase_base_speed
                0xffa02110                ping_sonar
                0xffa03a64                serial_out_httpbuffer
                0xffa00f9c                copy_image
                0xffa02084                enable_horizon_detect
                0xffa01c44                encoders
                0xffa01fb8                clear_flash_buffer
                0xffa0225c                enable_failsafe
                0xffa02188                lasers_on
                0xffa02310                ppm1_command
                0xffa01e90                motor_action
                0xffa016b4                readRTC
                0xffa015f4                motor_trim_right
                0xffa00dd8                led0_on
                0xffa01644                motor_trim_left
                0xffa00c98                init_io
                0xffa021c4                serial_out_version
                0xffa01728                sonar
                0xffa01c0c                init_encoders
                0xffa00df8                compute_frame_diff
                0xffa03748                launch_editor
                0xffa042c0                motion_vect_test
                0xffa020ac                enable_edge_detect
                0xffa0439c                grab_frame
                0xffa02e40                read_compass3x
                0xffa020d4                enable_segmentation
                0xffa035b8                write_user_flash
                0xffa03b3c                send_80x64planar
                0xffa01938                motor_set
                0xffa011c8                initTMR4
                0xffa0122c                initPPM1
                0xffa0151c                setPPM2
                0xffa01ed0                motor_decrease_base_speed
                0xffa01280                initPPM2
                0xffa0205c                enable_obstacle_detect
                0xffa035e4                read_double_sector
                0xffa021a8                serial_out_time
                0xffa00e50                set_caption
                0xffa0201c                disable_frame_diff
                0xffa00ffc                scale_image_to_80x64_planar
                0xffa00d78                reset_cpu
                0xffa036e4                read_user_flash
                0xffa034d8                write_double_sector
                0xffa031f0                analog
                0xffa01b70                reset_failsafe_clock
                0xffa01e78                disable_failsafe
                0xffa03330                read_analog
                0xffa01fec                overlay_off
                0xffa020ec                enable_frame_diff
                0xffa03990                camera_setup
                0xffa00f4c                move_inverted
 uart.o(.text)
 .text          0xffa04ff0      0x4fc uart.o
                0xffa05204                uart1SendChar
                0xffa05278                uart1GetCh
                0xffa051d0                uart0GetChar
                0xffa05190                uart0SendChars
                0xffa05470                suartPutChar
                0xffa051b4                uart0GetCh
                0xffa05164                uart0SendString
                0xffa05134                uart0SendChar
                0xffa050ac                uart0_CTS
                0xffa05254                uart1SendChars
                0xffa05048                init_uart0
                0xffa051f4                uart0Signal
                0xffa04ff0                suartInit
                0xffa052c8                printNumber
                0xffa053b0                suartGetChar
                0xffa05228                uart1SendString
                0xffa05294                uart1GetChar
                0xffa052b8                uart1Signal
                0xffa050d0                init_uart1
 colors.o(.text)
 .text          0xffa054ec     0x1228 colors.o
                0xffa05698                vmean
                0xffa05a0c                edge_detect
                0xffa0590c                vfind
                0xffa05ba4                svs_segcode
                0xffa05f80                vhorizon
                0xffa0575c                color_segment
                0xffa05e44                addvect
                0xffa06200                vblob
                0xffa05570                blob_merge
                0xffa05dac                svs_segview
                0xffa054ec                init_colors
                0xffa05cf4                vscan
                0xffa055cc                vhist
                0xffa05ed0                addline
                0xffa0553c                vpix
 jpeg.o(.text)
 .text          0xffa06714      0xd9c jpeg.o
                0xffa072c0                DCT
                0xffa06cb8                close_bitstream
                0xffa072d4                encodeMCU
                0xffa06800                huffman
                0xffa06d2c                write_markers
                0xffa073d0                encode_image
                0xffa06f4c                initialize_quantization_tables
                0xffa0710c                read_422_format
                0xffa06714                initialization
                0xffa067e0                levelshift
                0xffa0703c                quantization
                0xffa0708c                read_400_format
 r8x8dct.o(.text)
 .text          0xffa074b0       0xf0 r8x8dct.o
                0xffa074b0                _r8x8dct
 motionvect.o(.text)
 .text          0xffa075a0      0x950 motionvect.o
                0xffa07a08                hpel
                0xffa07d68                _mve_core
                0xffa07c18                _hpel_core2
                0xffa07af8                _hpel_core1
                0xffa075a0                _motionvect
 uart.o(.text)
 setjmp.o(.text)
 .text          0xffa07ef0      0x184 setjmp.o
                0xffa07ef0                longjmp
                0xffa07fb8                setjmp
 neural.o(.text)
 .text          0xffa08074      0x5c4 neural.o
                0xffa08414                nnpack8x8
                0xffa08600                nninit_network
                0xffa08490                nndisplay
                0xffa0810c                f_logic
                0xffa0816c                nncalculate_network
                0xffa08254                nncalculate_errors
                0xffa08524                nntrain_network
                0xffa08510                nninit_pattern
                0xffa08074                nnset_pattern
                0xffa08308                nnscale8x8

.text           0x00000000     0xb650
 .text          0x00000000       0xf0 camera.o
                0x00000000                camera_init
                0x000000a8                camera_start
                0x000000cc                camera_stop
 .text          0x000000f0      0x33c edit.o
                0x00000288                insert_char
                0x00000138                find_next_line
                0x00000300                edit
                0x000001d4                find_buffer_end
                0x000000f0                delete_char
                0x0000021c                print_lines
                0x000002e0                print_help
                0x00000188                find_previous_line
 .text          0x0000042c      0xe50 httpd.o
                0x000006e4                httpd_request
                0x0000042c                clean_buffer
                0x00000618                adminBodyBuilder
 .text          0x0000127c      0x290 i2c.o
                0x0000134c                i2cwritex
                0x0000127c                i2cwrite
                0x00001414                i2cread
 .text          0x0000150c      0x4d4 stm_m25p32.o
                0x000015e8                SetupSPI
                0x000016a8                spi_read
                0x00001740                Wait_For_WEL
                0x000015c8                SPI_OFF
                0x000017a8                WriteFlash
                0x00001914                spi_write
                0x00001518                spi_init_r
                0x00001898                EraseBlock
                0x00001708                Wait_For_Status
                0x00001564                GetSectorNumber
                0x00001844                WriteData
                0x0000150c                spi_init_f
                0x000016c4                ReadStatusRegister
                0x00001774                SendSingleCommand
                0x00001618                ReadData
                0x00001524                Wait_For_SPIF
                0x0000158c                udelay
 .text          0x000019e0      0x5d4 printf.o
                0x00001f7c                sprintf
                0x000019e0                my_strlen
                0x00001a08                dbl2stri
                0x00001f98                printf
 .text          0x00001fb4      0x4f8 xmodem.o
                0x00002040                xmodemTransmit
                0x00001ff0                _inbyte
                0x00001fb4                crc16_ccitt
                0x000022b8                xmodemReceive
 .text          0x000024ac      0xedc gps.o
                0x00002658                tan
                0x00002880                atan
                0x00002a40                gps_dist
                0x00002764                asin
                0x00002b6c                read_ublox
                0x000027f0                acos
                0x00002978                gps_head
                0x00002588                cos
                0x000024ac                sin
                0x00002bb4                gps_parse
                0x000032e0                gps_show
                0x0000294c                isqrt
 .text          0x00003388       0x28 myfunc.o
                0x00003388                myfunc
 .text          0x000033b0       0xd0 init.o
                0x000033b0                initcode
 .text          0x00003480      0xb9c float.o
                0x00003480                bytesToFloat
                0x00003d68                printFloat
                0x00003bb4                bigMulti
                0x00003d50                power
                0x00003a1c                isOne
                0x000034b0                minus
                0x00003f00                printBinary
                0x00003ac8                intToFloat
                0x000034bc                divFloat
                0x000034a4                parseFloat
                0x00003fb0                printExponent
                0x00003fd8                printMantissa
                0x00003abc                lteFloat
                0x00003578                addFloat
                0x00003c30                mulFloat
                0x00003a2c                gteFloat
                0x0000386c                subFloat
                0x00003f40                floatInBinary
 .text          0x0000401c      0x4f8 sdcard.o
                0x000041c8                GetCardParams
                0x00004060                CloseSD
                0x000043ec                ReadMultipleBlocks
                0x000042a8                EraseBlocks
                0x00004484                WriteMultipleBlocks
                0x0000401c                InitSD
                0x00004144                GetToken
                0x00004300                WriteSector
                0x00004180                CardInit
                0x00004384                ReadSector
                0x000040c0                SendCommand
                0x00004070                WriteByte
 .text          0x00004514      0x128 picoc/picoc.o
                0x00004590                picoc
                0x00004534                Initialise
                0x00004514                Cleanup
 .text          0x0000463c      0x28c picoc/table.o
                0x00004810                TableStrRegister
                0x00004678                TableGet
                0x000046fc                TableStrFree
                0x00004740                TableSetIdentifier
                0x00004878                TableInitTable
                0x000047fc                TableStrRegister2
                0x000046ac                TableDelete
                0x0000482c                TableSet
                0x0000488c                TableInit
 .text          0x000048c8      0xf64 picoc/lex.o
                0x00004d00                LexInteractiveClear
                0x00005800                LexInit
                0x00004e98                LexGetCharacterConstant
                0x00004c74                LexInitParser
                0x00004a18                LexUnEscapeCharacterConstant
                0x00004ef0                LexGetWord
                0x00004d4c                LexCleanup
                0x000048c8                LexCheckReservedWord
                0x00004ca4                LexInteractiveCompleted
                0x00004d54                LexCopyTokens
                0x00004c94                LexInteractiveStatementPrompt
                0x00004ac0                LexUnEscapeCharacter
                0x000057cc                LexToEndOfLine
                0x000048f0                LexGetNumber
                0x000054cc                LexAnalyse
                0x000054f0                LexGetToken
                0x00004bc0                LexSkipComment
                0x00004c4c                LexTokenSize
                0x0000508c                LexScanGetToken
                0x0000540c                LexTokenise
                0x00004f74                LexGetStringConstant
 .text          0x0000582c      0xe2c picoc/parse.o
                0x00005a6c                ParseFunctionDefinition
                0x00006440                ParseBlock
                0x00005cd8                ParseDeclaration
                0x00005840                ParseCleanup
                0x0000582c                ParserCopyPos
                0x000058f8                ParseDeclarationAssignment
                0x000064c8                ParseStatementMaybeRun
                0x000064fc                ParseFor
                0x000063c4                Parse
                0x00005e30                ParseStatement
                0x00005854                ParseMacroDefinition
                0x00006340                ParseInteractive
 .text          0x00006658     0x162c picoc/expression.o
                0x000069b8                ExpressionPostfixOperator
                0x000079bc                ExpressionParseInt
                0x000068ec                ExpressionPushInt
                0x00006cf8                ExpressionAssignToPointer
                0x00006df8                ExpressionAssign
                0x00006664                ExpressionCoerceInteger
                0x00006798                ExpressionGetStructElement
                0x00006924                ExpressionStackPushDereference
                0x00006af8                ExpressionPrefixOperator
                0x00006744                ExpressionStackPushOperator
                0x000066d4                ExpressionAssignInt
                0x00006658                debugf
                0x00007398                ExpressionStackCollapse
                0x00006988                ExpressionStackPushValueByType
                0x000074d8                ExpressionStackPushValue
                0x00007a34                ExpressionParseFunctionCall
                0x00006fec                ExpressionInfixOperator
                0x0000669c                ExpressionCoerceUnsignedInteger
                0x00006774                ExpressionStackPushValueNode
                0x000074fc                ExpressionParse
                0x000074a8                ExpressionStackPushLValue
 .text          0x00007c84      0x24c picoc/heap.o
                0x00007e88                HeapAllocStack
                0x00007d14                HeapPushStackFrame
                0x00007d34                HeapPopStackFrame
                0x00007d58                HeapFreeMem
                0x00007cec                HeapPopStack
                0x00007cd4                HeapUnpopStack
                0x00007c84                HeapInit
                0x00007db0                HeapAllocMem
 .text          0x00007ed0      0x9bc picoc/type.o
                0x00007f00                TypeStackSizeValue
                0x00007fd0                TypeInit
                0x0000883c                TypeCleanupNode
                0x00007f60                TypeAddBaseType
                0x000082ec                TypeParseStruct
                0x00007f48                TypeSizeAlignment
                0x00008880                TypeCleanup
                0x00007f1c                TypeSize
                0x00008654                TypeParse
                0x00008680                TypeParseIdentPart
                0x00008114                TypeGetMatching
                0x000084cc                TypeParseFront
                0x00007ed0                TypeSizeValue
                0x00007f90                TypeAdd
                0x00008184                TypeParseEnum
 .text          0x0000888c      0x5c4 picoc/variable.o
                0x00008900                VariableDefined
                0x00008b8c                VariableStackPop
                0x000089b0                VariableStackFramePop
                0x00008c94                VariableAllocValueAndData
                0x00008ccc                VariableDefinePlatformVar
                0x00008acc                VariableFree
                0x00008b6c                VariableCleanup
                0x000088c4                VariableStringLiteralDefine
                0x00008d94                VariableAllocValueFromType
                0x00008b28                VariableTableCleanup
                0x000088d8                VariableStringLiteralGet
                0x00008a7c                VariableInit
                0x00008a00                VariableStackFrameAdd
                0x00008958                VariableGet
                0x00008d50                VariableAllocValueAndCopy
                0x00008c6c                VariableAllocValueShared
                0x00008c34                VariableAllocValueFromExistingData
                0x00008bec                VariableAlloc
                0x00008dc8                VariableDefine
                0x0000888c                VariableDereferencePointer
 .text          0x00008e50      0x988 picoc/clibrary.o
                0x00009380                LibMemset
                0x000090fc                LibStrcpy
                0x00008fe0                PrintType
                0x00009698                LibPrintf
                0x00008f94                PrintInt
                0x000093c4                LibExit
                0x00008e68                PrintStr
                0x000093e0                LibGets
                0x00009364                LibMemcpy
                0x00008e50                SPutc
                0x00008e90                PrintRepeatedChar
                0x00008eb8                PrintUnsigned
                0x0000961c                LibSPrintf
                0x00009418                GenericPrintf
                0x0000916c                LibStrcmp
                0x00009294                LibRindex
                0x000092d0                LibStrlen
                0x00009124                LibStrncpy
                0x00009254                LibIndex
                0x00008e5c                PrintCh
                0x00009734                LibraryInit
                0x00009398                LibFree
                0x0000921c                LibStrcat
                0x000096bc                CLibraryInit
                0x000092fc                LibMemcmp
                0x000091b4                LibStrncmp
                0x000093c8                LibGetc
                0x000093a4                LibMalloc
 .text          0x000097d8     0x1420 picoc/library_surveyor.o
                0x00009f08                Ctan
                0x0000a590                Cvrcap
                0x00009f68                Cwritei2c
                0x0000a5f8                Csonar
                0x00009ddc                Cnninit
                0x00009f48                Csin
                0x0000a890                Cencoders
                0x00009808                Cioread
                0x00009b70                Cnnmatchblob
                0x000098d0                Claser
                0x00009f9c                Cvcam
                0x0000a4d0                Cvscan
                0x0000a5dc                Crange
                0x0000a060                Cgps
                0x00009934                Cvcolor
                0x0000a750                Cmotors2
                0x00009de0                Csqrt
                0x00009b40                Cnnshow
                0x0000a6d8                Cservos
                0x0000a2e8                Cvsend
                0x00009f28                Ccos
                0x00009e90                Cacos
                0x0000a660                Cservos2
                0x0000a254                Ccompass
                0x000099dc                Cautorun
                0x0000a7f0                Cmotors
                0x0000a0c0                Canalog
                0x00009ecc                Casin
                0x00009894                Cpoke
                0x0000a594                Cvcap
                0x00009e34                Cgps_head
                0x0000a544                Cvpix
                0x0000a338                Cvjpeg
                0x00009914                Cbattery
                0x00009e68                Catan
                0x0000a21c                Ctilt
                0x00009a98                Cnnlearnblob
                0x0000a028                Creadi2c
                0x00009fe8                Creadi2c2
                0x00009840                Cpeek
                0x0000a8e0                Cinput
                0x0000a8b8                Crand
                0x000099c4                Ctime
                0x0000a598                Cvfind
                0x00009d54                Cnntrain
                0x000099b0                Cvdiff
                0x000097d8                Ciodir
                0x0000a2d0                Cdelay
                0x0000a39c                Cvblob
                0x0000a928                PlatformLibraryInit
                0x00009c84                Cnntest
                0x00009a4c                Cnnset
                0x00009820                Ciowrite
                0x00009e00                Cgps_dist
                0x0000a8fc                Csignal
                0x0000a490                Cvmean
 .text          0x0000abf8      0x354 picoc/platform.o
                0x0000acf8                PlatformPrintf
                0x0000ae38                LexFail
                0x0000ad14                PrintSourceTextErrorLine
                0x0000aeb4                AssignFail
                0x0000abf8                PlatformVPrintf
                0x0000ae74                ProgramFail
 .text          0x0000af4c       0xcc picoc/platform_surveyor.o
                0x0000af84                PlatformPutc
                0x0000afb0                PlatformGetLine
                0x0000af4c                PlatformCleanup
                0x0000af74                PlatformGetCharacter
                0x0000af58                PlatformExit
 .text          0x0000b018      0x2b0 /blackfin/opt/uClinux/bfin-elf/bin/../bfin-elf/lib/libbffastfp.a(addfl64.o)
                0x0000b01a                __adddf3_inregs
                0x0000b018                __adddf3
 .text          0x0000b2c8       0x80 /blackfin/opt/uClinux/bfin-elf/bin/../bfin-elf/lib/libbffastfp.a(cmpfl64.o)
                0x0000b2c8                __ledf2
                0x0000b2c8                __nedf2
                0x0000b2c8                __gedf2
                0x0000b2c8                __gtdf2
                0x0000b2c8                __eqdf2
                0x0000b2c8                __cmpdf2
                0x0000b2c8                __ltdf2
 .text          0x0000b348       0x74 /blackfin/opt/uClinux/bfin-elf/bin/../bfin-elf/lib/libbffastfp.a(f64toi32z.o)
                0x0000b348                __fixdfsi
 .text          0x0000b3bc       0x3c /blackfin/opt/uClinux/bfin-elf/bin/../bfin-elf/lib/libbffastfp.a(i32tof64.o)
                0x0000b3bc                __floatsidf
 .text          0x0000b3f8      0x250 /blackfin/opt/uClinux/bfin-elf/bin/../bfin-elf/lib/libbffastfp.a(mulfl64.o)
                0x0000b3f8                __muldf3
 .text          0x0000b648        0x8 /blackfin/opt/uClinux/bfin-elf/bin/../bfin-elf/lib/libbffastfp.a(subfl64.o)
                0x0000b648                __subdf3

.l1data         0xff800000     0x2850
 *(.data)
 .data          0xff800000        0x0 camera.o
 .data          0xff800000        0x0 edit.o
 .data          0xff800000     0x10a4 httpd.o
                0xff800000                adminHtml
 .data          0xff8010a4        0x0 i2c.o
 .data          0xff8010a4        0x0 stm_m25p32.o
 .data          0xff8010a4        0x0 printf.o
 .data          0xff8010a4        0x0 xmodem.o
 .data          0xff8010a4        0x0 gps.o
 .data          0xff8010a4        0x0 myfunc.o
 .data          0xff8010a4        0x0 main.o
 .data          0xff8010a4        0x0 math.o
 .data          0xff8010a4        0x0 malloc.o
 .data          0xff8010a4        0x0 string.o
 .data          0xff8010a4      0xa70 srv.o
                0xff8014ac                version_string
                0xff8010ac                font8x8
                0xff8010a4                fontmask
                0xff8014e0                frame
                0xff801500                rand_seed
 .data          0xff801b14        0x0 uart.o
 .data          0xff801b14        0x0 colors.o
 .data          0xff801b14      0x8f0 jpeg.o
                0xff802344                zigzag_table
                0xff801b6c                chrominance_dc_size_table
                0xff801e0c                chrominance_ac_code_table
                0xff801cc8                luminance_ac_size_table
                0xff801b84                luminance_ac_code_table
                0xff801b3c                luminance_dc_size_table
                0xff801b54                chrominance_dc_code_table
                0xff802384                luminance_quant_table
                0xff802194                markerdata
                0xff801b24                luminance_dc_code_table
                0xff801b14                fdct_coeff
                0xff8023c4                chrominance_quant_table
                0xff802094                bitsize
                0xff801f50                chrominance_ac_size_table
 .data          0xff802404        0x0 r8x8dct.o
 .data          0xff802404        0x0 motionvect.o
 .data          0xff802404        0x0 setjmp.o
 .data          0xff802404       0x8c neural.o
                0xff802408                npattern
                0xff802488                nmask
                0xff802404                learn
 .data          0xff802490        0x0 init.o
 .data          0xff802490        0x0 float.o
 .data          0xff802490        0x0 sdcard.o
 .data          0xff802490        0x0 picoc/picoc.o
 .data          0xff802490        0x0 picoc/table.o
 .data          0xff802490      0x154 picoc/lex.o
 .data          0xff8025e4        0x0 picoc/parse.o
 .data          0xff8025e4        0x0 picoc/expression.o
 .data          0xff8025e4       0x10 picoc/heap.o
                0xff8025e8                HeapMemStart
                0xff8025e4                HeapStackTop
 .data          0xff8025f4        0x0 picoc/type.o
 .data          0xff8025f4        0x0 picoc/variable.o
 .data          0xff8025f4       0x9c picoc/clibrary.o
                0xff8025f4                CLibrary
 .data          0xff802690      0x1c0 picoc/library_surveyor.o
                0xff802690                PlatformLibrary
 .data          0xff802850        0x0 picoc/platform.o
 .data          0xff802850        0x0 picoc/platform_surveyor.o
 .data          0xff802850        0x0 /blackfin/opt/uClinux/bfin-elf/bin/../bfin-elf/lib/libbffastfp.a(addfl64.o)
 .data          0xff802850        0x0 /blackfin/opt/uClinux/bfin-elf/bin/../bfin-elf/lib/libbffastfp.a(cmpfl64.o)
 .data          0xff802850        0x0 /blackfin/opt/uClinux/bfin-elf/bin/../bfin-elf/lib/libbffastfp.a(f64toi32z.o)
 .data          0xff802850        0x0 /blackfin/opt/uClinux/bfin-elf/bin/../bfin-elf/lib/libbffastfp.a(i32tof64.o)
 .data          0xff802850        0x0 /blackfin/opt/uClinux/bfin-elf/bin/../bfin-elf/lib/libbffastfp.a(mulfl64.o)
 .data          0xff802850        0x0 /blackfin/opt/uClinux/bfin-elf/bin/../bfin-elf/lib/libbffastfp.a(subfl64.o)
 *(.l1data)
 *(.l1data.a)

.l1data.b
 *(.l1data.b)

.rodata         0xff802850     0x330c
 *(.rodata .rodata.* .gnu.linkonce.r.*)
 .rodata.str1.4
                0xff802850       0xb6 edit.o
                                 0xb8 (size before relaxing)
 *fill*         0xff802906        0x2 00
 .rodata        0xff802908       0x5c edit.o
 .rodata.str1.4
                0xff802964      0x385 httpd.o
                                0x39c (size before relaxing)
 *fill*         0xff802ce9        0x3 00
 .rodata        0xff802cec       0x28 httpd.o
 .rodata.str1.4
                0xff802d14        0x7 printf.o
                                  0x8 (size before relaxing)
 *fill*         0xff802d1b        0x1 00
 .rodata        0xff802d1c       0x84 printf.o
 .rodata        0xff802da0      0x200 xmodem.o
 .rodata.str1.4
                0xff802fa0       0xa2 gps.o
                                 0xa4 (size before relaxing)
 *fill*         0xff803042        0x2 00
 .rodata        0xff803044      0x16c gps.o
 .rodata.str1.4
                0xff8031b0       0x14 myfunc.o
 .rodata        0xff8031c4      0x38c main.o
 .rodata        0xff803550      0x1c4 srv.o
 .rodata.str1.4
                0xff803714      0x80d srv.o
                                0x818 (size before relaxing)
 *fill*         0xff803f21        0x3 00
 .rodata        0xff803f24       0x10 uart.o
 .rodata.str1.4
                0xff803f34       0x53 colors.o
                                 0x54 (size before relaxing)
 *fill*         0xff803f87        0x1 00
 .rodata.str1.4
                0xff803f88        0x4 neural.o
                                  0xc (size before relaxing)
 .rodata.str1.4
                0xff803f8c       0x3b float.o
                                 0x40 (size before relaxing)
 *fill*         0xff803fc7        0x1 00
 .rodata.str1.4
                0xff803fc8       0x37 picoc/picoc.o
                                 0x38 (size before relaxing)
 *fill*         0xff803fff        0x1 00
 .rodata.str1.4
                0xff804000        0xe picoc/table.o
                                 0x14 (size before relaxing)
 *fill*         0xff80400e        0x2 00
 .rodata        0xff804010      0x2e8 picoc/lex.o
 .rodata.str1.4
                0xff8042f8       0xee picoc/lex.o
                                0x110 (size before relaxing)
 *fill*         0xff8043e6        0x2 00
 .rodata.str1.4
                0xff8043e8      0x1f1 picoc/parse.o
                                0x1f8 (size before relaxing)
 *fill*         0xff8045d9        0x3 00
 .rodata        0xff8045dc       0xd4 picoc/parse.o
 .rodata        0xff8046b0      0x31c picoc/expression.o
 .rodata.str1.4
                0xff8049cc      0x3c2 picoc/expression.o
                                0x41c (size before relaxing)
 *fill*         0xff804d8e        0x2 00
 .rodata.str1.4
                0xff804d90      0x12d picoc/type.o
                                0x164 (size before relaxing)
 *fill*         0xff804ebd        0x3 00
 .rodata        0xff804ec0       0x2c picoc/type.o
 .rodata.str1.4
                0xff804eec       0x43 picoc/variable.o
                                 0x6c (size before relaxing)
 *fill*         0xff804f2f        0x1 00
 .rodata.str1.4
                0xff804f30      0x26a picoc/clibrary.o
                                0x2a8 (size before relaxing)
 *fill*         0xff80519a        0x2 00
 .rodata        0xff80519c       0x9c picoc/clibrary.o
 .rodata.str1.4
                0xff805238      0x8ce picoc/library_surveyor.o
                                0x8e4 (size before relaxing)
 .rodata        0xff805b06       0x10 picoc/library_surveyor.o
 *fill*         0xff805b16        0x2 00
 .rodata.str1.4
                0xff805b18       0x44 picoc/platform.o
                                 0x50 (size before relaxing)
 .rodata.str1.4
                0x00000000       0x10 picoc/platform_surveyor.o

.data
 *(.data .data.* .gnu.linkonce.d.*)

.ctors
 *crtbegin*.o(.ctors)
 *(EXCLUDE_FILE(*crtend*.o) .ctors)
 *(SORT(.ctors.*))
 *(.ctors)

.dtors
 *crtbegin*.o(.dtors)
 *(EXCLUDE_FILE(*crtend*.o) .dtors)
 *(SORT(.dtors.*))
 *(.dtors)

.sdram.bss      0x0000b650        0x0
                0x0000b650                __sdram_bss_start = .
 *(.bss.sdram)
                0x0000b650                . = ALIGN (0x4)
                0x0000b650                __sdram_bss_end = .

.bss            0xff900000     0x3c54
                0xff900000                __bss_start = .
 *(.dynbss)
 *(.bss .bss.* .gnu.linkonce.b.*)
 .bss           0xff900000        0x0 camera.o
 .bss           0xff900000       0x10 edit.o
 .bss           0xff900010      0x280 httpd.o
 .bss           0xff900290        0x0 i2c.o
 .bss           0xff900290        0x0 stm_m25p32.o
 .bss           0xff900290       0x54 printf.o
 .bss           0xff9002e4        0x0 xmodem.o
 .bss           0xff9002e4        0x8 gps.o
 .bss           0xff9002ec        0x0 myfunc.o
 .bss           0xff9002ec        0x0 main.o
 .bss           0xff9002ec        0x0 math.o
 .bss           0xff9002ec        0x4 malloc.o
                0xff9002ec                allocp
 .bss           0xff9002f0        0x4 string.o
 .bss           0xff9002f4        0xc srv.o
                0xff9002f8                sonar_flag
                0xff9002f4                failsafe_mode
                0xff9002fc                uart1_flag
 .bss           0xff900300        0x4 uart.o
 .bss           0xff900304       0x50 colors.o
 .bss           0xff900354        0x8 jpeg.o
                0xff900354                lcode
                0xff900358                bitindex
 .bss           0xff90035c        0x0 r8x8dct.o
 .bss           0xff90035c        0x0 motionvect.o
 .bss           0xff90035c        0x0 setjmp.o
 .bss           0xff90035c        0x0 neural.o
 .bss           0xff90035c        0x0 init.o
 .bss           0xff90035c        0x0 float.o
 .bss           0xff90035c        0x0 sdcard.o
 .bss           0xff90035c        0x0 picoc/picoc.o
 .bss           0xff90035c        0x4 picoc/table.o
                0xff90035c                StrEmpty
 .bss           0xff900360       0x44 picoc/lex.o
 .bss           0xff9003a4        0x4 picoc/parse.o
 .bss           0xff9003a8        0x0 picoc/expression.o
 .bss           0xff9003a8       0x24 picoc/heap.o
 .bss           0xff9003cc        0x0 picoc/type.o
 .bss           0xff9003cc        0x4 picoc/variable.o
                0xff9003cc                TopStackFrame
 .bss           0xff9003d0        0x4 picoc/clibrary.o
 .bss           0xff9003d4       0xcc picoc/library_surveyor.o
 .bss           0xff9004a0        0x0 picoc/platform.o
 .bss           0xff9004a0        0x0 picoc/platform_surveyor.o
 .bss           0xff9004a0        0x0 /blackfin/opt/uClinux/bfin-elf/bin/../bfin-elf/lib/libbffastfp.a(addfl64.o)
 .bss           0xff9004a0        0x0 /blackfin/opt/uClinux/bfin-elf/bin/../bfin-elf/lib/libbffastfp.a(cmpfl64.o)
 .bss           0xff9004a0        0x0 /blackfin/opt/uClinux/bfin-elf/bin/../bfin-elf/lib/libbffastfp.a(f64toi32z.o)
 .bss           0xff9004a0        0x0 /blackfin/opt/uClinux/bfin-elf/bin/../bfin-elf/lib/libbffastfp.a(i32tof64.o)
 .bss           0xff9004a0        0x0 /blackfin/opt/uClinux/bfin-elf/bin/../bfin-elf/lib/libbffastfp.a(mulfl64.o)
 .bss           0xff9004a0        0x0 /blackfin/opt/uClinux/bfin-elf/bin/../bfin-elf/lib/libbffastfp.a(subfl64.o)
 *(COMMON)
 COMMON         0xff9004a0       0x18 camera.o
                0xff9004a0                dlist2
                0xff9004ac                dlist1
 COMMON         0xff9004b8      0x406 xmodem.o
                0xff9004b8                xbuff
 *fill*         0xff9008be        0x2 00
 COMMON         0xff9008c0       0x18 gps.o
                0xff9008c0                gps_gga
 COMMON         0xff9008d8       0x14 malloc.o
                0xff9008d8                base
                0xff9008e0                heap_end
                0xff9008e4                heap_start
                0xff9008e8                heap_ptr
 COMMON         0xff9008ec       0xe4 srv.o
                0xff9008ec                imgWidth
                0xff9008f0                rfailsafe
                0xff9008f4                j
                0xff9008f8                x_acc
                0xff9008fc                i
                0xff900900                invert_flag
                0xff900904                segmentation_flag
                0xff900908                move_stop_time
                0xff90090c                pwm2_init
                0xff900910                sonar_data
                0xff900924                y_acc0
                0xff900928                quality
                0xff90092c                move_start_time
                0xff900930                y_acc
                0xff900934                output_start
                0xff900938                lcount
                0xff90093c                pwm1_init
                0xff900940                image_size
                0xff900944                pwm1_mode
                0xff900948                x_center
                0xff90094c                lfailsafe
                0xff900950                edge_thresh
                0xff900954                compass_init
                0xff900958                horizon_detect_flag
                0xff90095c                master
                0xff900960                base_speed
                0xff900964                rspeed2
                0xff900968                lspeed
                0xff90096c                overlay_flag
                0xff900970                lspeed2
                0xff900974                err1
                0xff900978                cp
                0xff90097c                output_end
                0xff900980                pwm2_mode
                0xff900984                obstacle_detect_flag
                0xff900988                framecount
                0xff90098c                rcount
                0xff900990                x_acc0
                0xff900994                imgHead
                0xff9009a0                edge_detect_flag
                0xff9009a4                encoder_flag
                0xff9009a8                imgHeight
                0xff9009ac                failsafe_clock
                0xff9009b0                move_time_mS
                0xff9009b4                y_center
                0xff9009b8                xwd_init
                0xff9009bc                rspeed
                0xff9009c0                base_speed2
                0xff9009c4                frame_diff_flag
                0xff9009c8                ix
                0xff9009cc                robot_moving
 COMMON         0xff9009d0      0xf8c colors.o
                0xff9009d0                blobcnt
                0xff900acc                ymax
                0xff900b10                blobx1
                0xff900c0c                umax
                0xff900c50                hist0
                0xff901050                hist1
                0xff901450                blobix
                0xff90154c                bloby2
                0xff901648                mean
                0xff901654                vmax
                0xff901698                vmin
                0xff9016dc                bloby1
                0xff9017d8                blobx2
                0xff9018d4                ymin
                0xff901918                umin
 COMMON         0xff90195c      0x584 jpeg.o
                0xff90195c                Y2
                0xff9019dc                Temp
                0xff901a5c                Cqt
                0xff901a9c                Y3
                0xff901b1c                Y4
                0xff901b9c                ICqt
                0xff901c1c                ILqt
                0xff901c9c                CR
                0xff901d1c                Lqt
                0xff901d5c                CB
                0xff901ddc                fdct_temp
                0xff901e5c                read_format
                0xff901e60                Y1
 COMMON         0xff901ee0     0x1640 neural.o
                0xff901ee0                weights
                0xff9032e0                teach_neurons
                0xff903320                nerror
                0xff9033a0                neurons
 COMMON         0xff903520      0x18c picoc/table.o
                0xff903520                StringHashTable
                0xff9036a4                StringTable
 COMMON         0xff9036ac      0x1e0 picoc/type.o
                0xff9036ac                CharArrayType
                0xff9036b0                FunctionType
                0xff9036d4                TypeType
                0xff9036f8                EnumType
                0xff90371c                VoidType
                0xff903740                ShortType
                0xff903764                MacroType
                0xff903788                CharType
                0xff9037ac                CharPtrType
                0xff9037b0                VoidPtrType
                0xff9037b4                LongType
                0xff9037d8                IntType
                0xff9037fc                UnsignedLongType
                0xff903820                UberType
                0xff903844                UnsignedIntType
                0xff903868                UnsignedShortType
 COMMON         0xff90388c      0x318 picoc/variable.o
                0xff90388c                StringLiteralHashTable
                0xff903a10                GlobalHashTable
                0xff903b94                GlobalTable
                0xff903b9c                StringLiteralTable
 COMMON         0xff903ba4        0xc picoc/clibrary.o
                0xff903ba4                CStdOut
 COMMON         0xff903bb0       0xa4 picoc/platform_surveyor.o
                0xff903bb0                ExitBuf
                0xff903c54                . = ALIGN (0x4)
                0xff903c54                __bss_end = .
                0xffb00ffc                . = 0xffb00ffc
                0xffb00ffc                PROVIDE (_supervisor_stack, .)
LOAD init.o
LOAD main.o
LOAD srv.o
LOAD uart.o
LOAD camera.o
LOAD jpeg.o
LOAD i2c.o
LOAD stm_m25p32.o
LOAD float.o
LOAD httpd.o
LOAD xmodem.o
LOAD colors.o
LOAD edit.o
LOAD malloc.o
LOAD string.o
LOAD printf.o
LOAD myfunc.o
LOAD neural.o
LOAD gps.o
LOAD sdcard.o
LOAD picoc/picoc.o
LOAD picoc/table.o
LOAD picoc/lex.o
LOAD picoc/parse.o
LOAD picoc/expression.o
LOAD picoc/heap.o
LOAD picoc/type.o
LOAD picoc/variable.o
LOAD picoc/clibrary.o
LOAD picoc/library_surveyor.o
LOAD picoc/platform.o
LOAD picoc/platform_surveyor.o
LOAD r8x8dct.o
LOAD math.o
LOAD setjmp.o
LOAD motionvect.o
LOAD /blackfin/opt/uClinux/bfin-elf/bin/../bfin-elf/lib/libbffastfp.a
OUTPUT(srv1.bin elf32-bfin)

.debug_abbrev   0x00000000     0x331e
 .debug_abbrev  0x00000000       0xcf camera.o
 .debug_abbrev  0x000000cf       0xeb edit.o
 .debug_abbrev  0x000001ba      0x22f httpd.o
 .debug_abbrev  0x000003e9       0x8a i2c.o
 .debug_abbrev  0x00000473      0x1d8 stm_m25p32.o
 .debug_abbrev  0x0000064b      0x1d3 printf.o
 .debug_abbrev  0x0000081e      0x183 xmodem.o
 .debug_abbrev  0x000009a1      0x1b7 gps.o
 .debug_abbrev  0x00000b58       0x43 myfunc.o
 .debug_abbrev  0x00000b9b       0x6e main.o
 .debug_abbrev  0x00000c09      0x14c malloc.o
 .debug_abbrev  0x00000d55      0x222 string.o
 .debug_abbrev  0x00000f77      0x25c srv.o
 .debug_abbrev  0x000011d3      0x128 uart.o
 .debug_abbrev  0x000012fb      0x1c3 colors.o
 .debug_abbrev  0x000014be      0x186 jpeg.o
 .debug_abbrev  0x00001644      0x114 neural.o
 .debug_abbrev  0x00001758       0x45 init.o
 .debug_abbrev  0x0000179d      0x244 float.o
 .debug_abbrev  0x000019e1       0xf3 sdcard.o
 .debug_abbrev  0x00001ad4      0x14e picoc/picoc.o
 .debug_abbrev  0x00001c22      0x234 picoc/table.o
 .debug_abbrev  0x00001e56      0x253 picoc/lex.o
 .debug_abbrev  0x000020a9      0x27a picoc/parse.o
 .debug_abbrev  0x00002323      0x26c picoc/expression.o
 .debug_abbrev  0x0000258f      0x168 picoc/heap.o
 .debug_abbrev  0x000026f7      0x256 picoc/type.o
 .debug_abbrev  0x0000294d      0x1e7 picoc/variable.o
 .debug_abbrev  0x00002b34      0x2af picoc/clibrary.o
 .debug_abbrev  0x00002de3      0x26e picoc/library_surveyor.o
 .debug_abbrev  0x00003051      0x16a picoc/platform.o
 .debug_abbrev  0x000031bb      0x163 picoc/platform_surveyor.o

.debug_info     0x00000000    0x1106e
 .debug_info    0x00000000      0x136 camera.o
 .debug_info    0x00000136      0x1e7 edit.o
 .debug_info    0x0000031d      0x8f6 httpd.o
 .debug_info    0x00000c13      0x158 i2c.o
 .debug_info    0x00000d6b      0x604 stm_m25p32.o
 .debug_info    0x0000136f      0x4de printf.o
 .debug_info    0x0000184d      0x3e3 xmodem.o
 .debug_info    0x00001c30      0x5af gps.o
 .debug_info    0x000021df       0x54 myfunc.o
 .debug_info    0x00002233       0x75 main.o
 .debug_info    0x000022a8      0x23a malloc.o
 .debug_info    0x000024e2      0x823 string.o
 .debug_info    0x00002d05     0x1e8d srv.o
 .debug_info    0x00004b92      0x465 uart.o
 .debug_info    0x00004ff7      0xbfe colors.o
 .debug_info    0x00005bf5      0xb0b jpeg.o
 .debug_info    0x00006700      0x438 neural.o
 .debug_info    0x00006b38       0x64 init.o
 .debug_info    0x00006b9c      0x78d float.o
 .debug_info    0x00007329      0x391 sdcard.o
 .debug_info    0x000076ba      0x592 picoc/picoc.o
 .debug_info    0x00007c4c      0x91e picoc/table.o
 .debug_info    0x0000856a      0xff6 picoc/lex.o
 .debug_info    0x00009560      0xd05 picoc/parse.o
 .debug_info    0x0000a265     0x1479 picoc/expression.o
 .debug_info    0x0000b6de      0x2fb picoc/heap.o
 .debug_info    0x0000b9d9      0xdc9 picoc/type.o
 .debug_info    0x0000c7a2      0xbcc picoc/variable.o
 .debug_info    0x0000d36e     0x1206 picoc/clibrary.o
 .debug_info    0x0000e574     0x20c5 picoc/library_surveyor.o
 .debug_info    0x00010639      0x7cd picoc/platform.o
 .debug_info    0x00010e06      0x268 picoc/platform_surveyor.o

.debug_line     0x00000000     0x4186
 .debug_line    0x00000000       0x72 camera.o
 .debug_line    0x00000072       0xd1 edit.o
 .debug_line    0x00000143      0x2cc httpd.o
 .debug_line    0x0000040f       0xa7 i2c.o
 .debug_line    0x000004b6      0x1ac stm_m25p32.o
 .debug_line    0x00000662      0x1a1 printf.o
 .debug_line    0x00000803      0x139 xmodem.o
 .debug_line    0x0000093c      0x2a7 gps.o
 .debug_line    0x00000be3       0x3c myfunc.o
 .debug_line    0x00000c1f      0x137 main.o
 .debug_line    0x00000d56       0xa6 malloc.o
 .debug_line    0x00000dfc      0x19d string.o
 .debug_line    0x00000f99      0xb5d srv.o
 .debug_line    0x00001af6      0x12f uart.o
 .debug_line    0x00001c25      0x380 colors.o
 .debug_line    0x00001fa5      0x315 jpeg.o
 .debug_line    0x000022ba      0x11e neural.o
 .debug_line    0x000023d8       0x53 init.o
 .debug_line    0x0000242b      0x30e float.o
 .debug_line    0x00002739      0x10b sdcard.o
 .debug_line    0x00002844       0x92 picoc/picoc.o
 .debug_line    0x000028d6       0xe3 picoc/table.o
 .debug_line    0x000029b9      0x39d picoc/lex.o
 .debug_line    0x00002d56      0x2c0 picoc/parse.o
 .debug_line    0x00003016      0x549 picoc/expression.o
 .debug_line    0x0000355f       0xf0 picoc/heap.o
 .debug_line    0x0000364f      0x22b picoc/type.o
 .debug_line    0x0000387a      0x16a picoc/variable.o
 .debug_line    0x000039e4      0x234 picoc/clibrary.o
 .debug_line    0x00003c18      0x3bc picoc/library_surveyor.o
 .debug_line    0x00003fd4      0x114 picoc/platform.o
 .debug_line    0x000040e8       0x9e picoc/platform_surveyor.o

.debug_frame    0x00000000     0x3d10
 .debug_frame   0x00000000       0x4c camera.o
 .debug_frame   0x0000004c      0x100 edit.o
 .debug_frame   0x0000014c       0xd0 httpd.o
 .debug_frame   0x0000021c       0x40 i2c.o
 .debug_frame   0x0000025c      0x214 stm_m25p32.o
 .debug_frame   0x00000470      0x110 printf.o
 .debug_frame   0x00000580       0xc8 xmodem.o
 .debug_frame   0x00000648      0x1ac gps.o
 .debug_frame   0x000007f4       0x28 myfunc.o
 .debug_frame   0x0000081c       0x38 main.o
 .debug_frame   0x00000854       0x94 malloc.o
 .debug_frame   0x000008e8      0x220 string.o
 .debug_frame   0x00000b08      0xb68 srv.o
 .debug_frame   0x00001670      0x1f4 uart.o
 .debug_frame   0x00001864      0x274 colors.o
 .debug_frame   0x00001ad8      0x1b0 jpeg.o
 .debug_frame   0x00001c88      0x16c neural.o
 .debug_frame   0x00001df4       0xa4 init.o
 .debug_frame   0x00001e98      0x244 float.o
 .debug_frame   0x000020dc      0x1a8 sdcard.o
 .debug_frame   0x00002284       0x74 picoc/picoc.o
 .debug_frame   0x000022f8      0x14c picoc/table.o
 .debug_frame   0x00002444      0x2b4 picoc/lex.o
 .debug_frame   0x000026f8      0x1ec picoc/parse.o
 .debug_frame   0x000028e4      0x338 picoc/expression.o
 .debug_frame   0x00002c1c       0xcc picoc/heap.o
 .debug_frame   0x00002ce8      0x1dc picoc/type.o
 .debug_frame   0x00002ec4      0x2d0 picoc/variable.o
 .debug_frame   0x00003194      0x344 picoc/clibrary.o
 .debug_frame   0x000034d8      0x6c0 picoc/library_surveyor.o
 .debug_frame   0x00003b98       0xd8 picoc/platform.o
 .debug_frame   0x00003c70       0xa0 picoc/platform_surveyor.o

.debug_loc      0x00000000    0x1590a
 .debug_loc     0x00000000       0x5b camera.o
 .debug_loc     0x0000005b      0x2eb edit.o
 .debug_loc     0x00000346     0x1110 httpd.o
 .debug_loc     0x00001456      0x23f i2c.o
 .debug_loc     0x00001695      0x89e stm_m25p32.o
 .debug_loc     0x00001f33      0xae4 printf.o
 .debug_loc     0x00002a17      0x6ac xmodem.o
 .debug_loc     0x000030c3     0x103a gps.o
 .debug_loc     0x000040fd       0x3e myfunc.o
 .debug_loc     0x0000413b       0x2b main.o
 .debug_loc     0x00004166      0x1e1 malloc.o
 .debug_loc     0x00004347      0xb2d string.o
 .debug_loc     0x00004e74     0x262e srv.o
 .debug_loc     0x000074a2      0x6d3 uart.o
 .debug_loc     0x00007b75     0x1422 colors.o
 .debug_loc     0x00008f97     0x14f7 jpeg.o
 .debug_loc     0x0000a48e      0x460 neural.o
 .debug_loc     0x0000a8ee      0x122 init.o
 .debug_loc     0x0000aa10      0xf70 float.o
 .debug_loc     0x0000b980      0x6cb sdcard.o
 .debug_loc     0x0000c04b       0xfa picoc/picoc.o
 .debug_loc     0x0000c145      0x614 picoc/table.o
 .debug_loc     0x0000c759     0x1133 picoc/lex.o
 .debug_loc     0x0000d88c      0xc79 picoc/parse.o
 .debug_loc     0x0000e505     0x21c8 picoc/expression.o
 .debug_loc     0x000106cd      0x313 picoc/heap.o
 .debug_loc     0x000109e0      0x944 picoc/type.o
 .debug_loc     0x00011324      0xd07 picoc/variable.o
 .debug_loc     0x0001202b     0x123c picoc/clibrary.o
 .debug_loc     0x00013267     0x1e8b picoc/library_surveyor.o
 .debug_loc     0x000150f2      0x5f7 picoc/platform.o
 .debug_loc     0x000156e9      0x221 picoc/platform_surveyor.o

.debug_pubnames
                0x00000000     0x2a39
 .debug_pubnames
                0x00000000       0x59 camera.o
 .debug_pubnames
                0x00000059       0x98 edit.o
 .debug_pubnames
                0x000000f1       0x58 httpd.o
 .debug_pubnames
                0x00000149       0x39 i2c.o
 .debug_pubnames
                0x00000182      0x120 stm_m25p32.o
 .debug_pubnames
                0x000002a2       0x44 printf.o
 .debug_pubnames
                0x000002e6       0x5d xmodem.o
 .debug_pubnames
                0x00000343       0x9f gps.o
 .debug_pubnames
                0x000003e2       0x1d myfunc.o
 .debug_pubnames
                0x000003ff       0x1b main.o
 .debug_pubnames
                0x0000041a       0x87 malloc.o
 .debug_pubnames
                0x000004a1      0x12e string.o
 .debug_pubnames
                0x000005cf      0xabd srv.o
 .debug_pubnames
                0x0000108c      0x150 uart.o
 .debug_pubnames
                0x000011dc      0x169 colors.o
 .debug_pubnames
                0x00001345      0x2cc jpeg.o
 .debug_pubnames
                0x00001611      0x11a neural.o
 .debug_pubnames
                0x0000172b       0x1f init.o
 .debug_pubnames
                0x0000174a      0x10f float.o
 .debug_pubnames
                0x00001859       0xd1 sdcard.o
 .debug_pubnames
                0x0000192a       0x37 picoc/picoc.o
 .debug_pubnames
                0x00001961       0xe1 picoc/table.o
 .debug_pubnames
                0x00001a42      0x1c9 picoc/lex.o
 .debug_pubnames
                0x00001c0b      0x107 picoc/parse.o
 .debug_pubnames
                0x00001d12      0x25d picoc/expression.o
 .debug_pubnames
                0x00001f6f       0xc6 picoc/heap.o
 .debug_pubnames
                0x00002035      0x219 picoc/type.o
 .debug_pubnames
                0x0000224e      0x274 picoc/variable.o
 .debug_pubnames
                0x000024c2      0x1ba picoc/clibrary.o
 .debug_pubnames
                0x0000267c      0x2bb picoc/library_surveyor.o
 .debug_pubnames
                0x00002937       0x81 picoc/platform.o
 .debug_pubnames
                0x000029b8       0x81 picoc/platform_surveyor.o

.debug_aranges  0x00000000      0x400
 .debug_aranges
                0x00000000       0x20 camera.o
 .debug_aranges
                0x00000020       0x20 edit.o
 .debug_aranges
                0x00000040       0x20 httpd.o
 .debug_aranges
                0x00000060       0x20 i2c.o
 .debug_aranges
                0x00000080       0x20 stm_m25p32.o
 .debug_aranges
                0x000000a0       0x20 printf.o
 .debug_aranges
                0x000000c0       0x20 xmodem.o
 .debug_aranges
                0x000000e0       0x20 gps.o
 .debug_aranges
                0x00000100       0x20 myfunc.o
 .debug_aranges
                0x00000120       0x20 main.o
 .debug_aranges
                0x00000140       0x20 malloc.o
 .debug_aranges
                0x00000160       0x20 string.o
 .debug_aranges
                0x00000180       0x20 srv.o
 .debug_aranges
                0x000001a0       0x20 uart.o
 .debug_aranges
                0x000001c0       0x20 colors.o
 .debug_aranges
                0x000001e0       0x20 jpeg.o
 .debug_aranges
                0x00000200       0x20 neural.o
 .debug_aranges
                0x00000220       0x20 init.o
 .debug_aranges
                0x00000240       0x20 float.o
 .debug_aranges
                0x00000260       0x20 sdcard.o
 .debug_aranges
                0x00000280       0x20 picoc/picoc.o
 .debug_aranges
                0x000002a0       0x20 picoc/table.o
 .debug_aranges
                0x000002c0       0x20 picoc/lex.o
 .debug_aranges
                0x000002e0       0x20 picoc/parse.o
 .debug_aranges
                0x00000300       0x20 picoc/expression.o
 .debug_aranges
                0x00000320       0x20 picoc/heap.o
 .debug_aranges
                0x00000340       0x20 picoc/type.o
 .debug_aranges
                0x00000360       0x20 picoc/variable.o
 .debug_aranges
                0x00000380       0x20 picoc/clibrary.o
 .debug_aranges
                0x000003a0       0x20 picoc/library_surveyor.o
 .debug_aranges
                0x000003c0       0x20 picoc/platform.o
 .debug_aranges
                0x000003e0       0x20 picoc/platform_surveyor.o

.debug_str      0x00000000     0x3d9a
 .debug_str     0x00000000       0xc8 camera.o
                                 0xce (size before relaxing)
 .debug_str     0x000000c8       0x94 edit.o
                                 0xcc (size before relaxing)
 .debug_str     0x0000015c      0x38d httpd.o
                                0x407 (size before relaxing)
 .debug_str     0x000004e9       0x55 i2c.o
                                 0xa0 (size before relaxing)
 .debug_str     0x0000053e      0x263 stm_m25p32.o
                                0x2f7 (size before relaxing)
 .debug_str     0x000007a1       0xd5 printf.o
                                0x143 (size before relaxing)
 .debug_str     0x00000876       0xce xmodem.o
                                0x13e (size before relaxing)
 .debug_str     0x00000944       0xb2 gps.o
                                0x135 (size before relaxing)
 .debug_str     0x000009f6       0x10 myfunc.o
                                 0x48 (size before relaxing)
 .debug_str     0x00000a06        0xc main.o
                                 0x4d (size before relaxing)
 .debug_str     0x00000a12       0x6a malloc.o
                                 0xb9 (size before relaxing)
 .debug_str     0x00000a7c      0x121 string.o
                                0x1aa (size before relaxing)
 .debug_str     0x00000b9d      0x95e srv.o
                                0xb0f (size before relaxing)
 .debug_str     0x000014fb      0x14c uart.o
                                0x1e3 (size before relaxing)
 .debug_str     0x00001647       0xd9 colors.o
                                0x1ee (size before relaxing)
 .debug_str     0x00001720      0x439 jpeg.o
                                0x4f6 (size before relaxing)
 .debug_str     0x00001b59       0xd9 neural.o
                                0x150 (size before relaxing)
 .debug_str     0x00001c32       0x43 init.o
                                 0x6d (size before relaxing)
 .debug_str     0x00001c75      0x15a float.o
                                0x1e2 (size before relaxing)
 .debug_str     0x00001dcf       0xc9 sdcard.o
                                0x128 (size before relaxing)
 .debug_str     0x00001e98      0x297 picoc/picoc.o
                                0x3f2 (size before relaxing)
 .debug_str     0x0000212f      0x11f picoc/table.o
                                0x4ac (size before relaxing)
 .debug_str     0x0000224e      0x899 picoc/lex.o
                                0xc69 (size before relaxing)
 .debug_str     0x00002ae7      0x2a8 picoc/parse.o
                                0xb9d (size before relaxing)
 .debug_str     0x00002d8f      0x4f6 picoc/expression.o
                                0xe94 (size before relaxing)
 .debug_str     0x00003285      0x123 picoc/heap.o
                                0x1c7 (size before relaxing)
 .debug_str     0x000033a8      0x1c7 picoc/type.o
                                0xb84 (size before relaxing)
 .debug_str     0x0000356f      0x266 picoc/variable.o
                                0x6ca (size before relaxing)
 .debug_str     0x000037d5      0x259 picoc/clibrary.o
                                0x696 (size before relaxing)
 .debug_str     0x00003a2e      0x257 picoc/library_surveyor.o
                                0x7a0 (size before relaxing)
 .debug_str     0x00003c85       0xa5 picoc/platform.o
                                0x4a5 (size before relaxing)
 .debug_str     0x00003d2a       0x70 picoc/platform_surveyor.o
                                0x1d9 (size before relaxing)

.comment        0x00000000      0x380
 .comment       0x00000000       0x1c camera.o
 .comment       0x0000001c       0x1c edit.o
 .comment       0x00000038       0x1c httpd.o
 .comment       0x00000054       0x1c i2c.o
 .comment       0x00000070       0x1c stm_m25p32.o
 .comment       0x0000008c       0x1c printf.o
 .comment       0x000000a8       0x1c xmodem.o
 .comment       0x000000c4       0x1c gps.o
 .comment       0x000000e0       0x1c myfunc.o
 .comment       0x000000fc       0x1c main.o
 .comment       0x00000118       0x1c malloc.o
 .comment       0x00000134       0x1c string.o
 .comment       0x00000150       0x1c srv.o
 .comment       0x0000016c       0x1c uart.o
 .comment       0x00000188       0x1c colors.o
 .comment       0x000001a4       0x1c jpeg.o
 .comment       0x000001c0       0x1c neural.o
 .comment       0x000001dc       0x1c init.o
 .comment       0x000001f8       0x1c float.o
 .comment       0x00000214       0x1c sdcard.o
 .comment       0x00000230       0x1c picoc/picoc.o
 .comment       0x0000024c       0x1c picoc/table.o
 .comment       0x00000268       0x1c picoc/lex.o
 .comment       0x00000284       0x1c picoc/parse.o
 .comment       0x000002a0       0x1c picoc/expression.o
 .comment       0x000002bc       0x1c picoc/heap.o
 .comment       0x000002d8       0x1c picoc/type.o
 .comment       0x000002f4       0x1c picoc/variable.o
 .comment       0x00000310       0x1c picoc/clibrary.o
 .comment       0x0000032c       0x1c picoc/library_surveyor.o
 .comment       0x00000348       0x1c picoc/platform.o
 .comment       0x00000364       0x1c picoc/platform_surveyor.o

.debug_ranges   0x00000000      0x828
 .debug_ranges  0x00000000      0x288 httpd.o
 .debug_ranges  0x00000288       0x28 printf.o
 .debug_ranges  0x000002b0       0x70 xmodem.o
 .debug_ranges  0x00000320       0x58 string.o
 .debug_ranges  0x00000378       0x38 init.o
 .debug_ranges  0x000003b0       0xb8 picoc/table.o
 .debug_ranges  0x00000468       0x80 picoc/lex.o
 .debug_ranges  0x000004e8       0x50 picoc/parse.o
 .debug_ranges  0x00000538      0x298 picoc/expression.o
 .debug_ranges  0x000007d0       0x18 picoc/type.o
 .debug_ranges  0x000007e8       0x40 picoc/clibrary.o
