Archive member included because of file (symbol)

/blackfin/opt/uClinux/bfin-elf/bin/../bfin-elf/lib/libbffastfp.a(addfl64.o)
                              printf.o (__adddf3)
/blackfin/opt/uClinux/bfin-elf/bin/../bfin-elf/lib/libbffastfp.a(cmpfl64.o)
                              printf.o (__ltdf2)
/blackfin/opt/uClinux/bfin-elf/bin/../bfin-elf/lib/libbffastfp.a(f32tof64.o)
                              string.o (__extendsfdf2)
/blackfin/opt/uClinux/bfin-elf/bin/../bfin-elf/lib/libbffastfp.a(f64tof32.o)
                              string.o (__truncdfsf2)
/blackfin/opt/uClinux/bfin-elf/bin/../bfin-elf/lib/libbffastfp.a(f64toi32z.o)
                              printf.o (__fixdfsi)
/blackfin/opt/uClinux/bfin-elf/bin/../bfin-elf/lib/libbffastfp.a(fpmult.o)
                              string.o (__mulsf3)
/blackfin/opt/uClinux/bfin-elf/bin/../bfin-elf/lib/libbffastfp.a(i32tof64.o)
                              printf.o (__floatsidf)
/blackfin/opt/uClinux/bfin-elf/bin/../bfin-elf/lib/libbffastfp.a(mulfl64.o)
                              printf.o (__muldf3)
/blackfin/opt/uClinux/bfin-elf/bin/../bfin-elf/lib/libbffastfp.a(subfl64.o)
                              printf.o (__subdf3)

Allocating common symbols
Common symbol       size              file

imgWidth            0x4               srv.o
rfailsafe           0x4               srv.o
j                   0x4               srv.o
Y2                  0x80              jpeg.o
blob_display_flag   0x4               srv.o
x_acc               0x4               srv.o
i                   0x4               srv.o
invert_flag         0x4               srv.o
blobcnt             0xfc              colors.o
segmentation_flag   0x4               srv.o
move_stop_time      0x4               srv.o
Temp                0x80              jpeg.o
Cqt                 0x40              jpeg.o
ymax                0x44              colors.o
czmax               0x2               srv.o
blobx1              0xfc              colors.o
pwm2_init           0x4               srv.o
Y3                  0x80              jpeg.o
base                0x8               malloc.o
sonar_data          0x14              srv.o
weights             0x1400            neural.o
teach_neurons       0x40              neural.o
nerror              0x80              neural.o
CStdOut             0xc               picoc/clibrary.o
y_acc0              0x4               srv.o
StringHashTable     0x184             picoc/table.o
CharArrayType       0x4               picoc/type.o
Y4                  0x80              jpeg.o
FunctionType        0x24              picoc/type.o
TypeType            0x24              picoc/type.o
umax                0x44              colors.o
ICqt                0x80              jpeg.o
hist0               0x400             colors.o
heap_end            0x4               malloc.o
quality             0x4               srv.o
move_start_time     0x4               srv.o
ExitBuf             0xa4              picoc/platform_surveyor.o
y_acc               0x4               srv.o
output_start        0x4               srv.o
hist1               0x400             colors.o
lcount              0x4               srv.o
pwm1_init           0x4               srv.o
image_size          0x4               srv.o
ILqt                0x80              jpeg.o
heap_start          0x4               malloc.o
pwm1_mode           0x4               srv.o
neurons             0x180             neural.o
StringLiteralHashTable
                    0x184             picoc/variable.o
x_center            0x4               srv.o
blobix              0xfc              colors.o
EnumType            0x24              picoc/type.o
VoidType            0x24              picoc/type.o
lfailsafe           0x4               srv.o
edge_thresh         0x4               srv.o
compass_init        0x4               srv.o
cxmin               0x2               edit.o
horizon_detect_flag
                    0x4               srv.o
master              0x4               srv.o
bloby2              0xfc              colors.o
mean                0xc               colors.o
base_speed          0x4               srv.o
rspeed2             0x4               srv.o
lspeed              0x4               srv.o
GlobalHashTable     0x184             picoc/variable.o
vmax                0x44              colors.o
CR                  0x80              jpeg.o
overlay_flag        0x4               srv.o
StringTable         0x8               picoc/table.o
lspeed2             0x4               srv.o
err1                0x4               srv.o
cp                  0x4               srv.o
Lqt                 0x40              jpeg.o
cymin               0x2               edit.o
ShortType           0x24              picoc/type.o
GlobalTable         0x8               picoc/variable.o
MacroType           0x24              picoc/type.o
CharType            0x24              picoc/type.o
output_end          0x4               srv.o
czmin               0x2               srv.o
CB                  0x80              jpeg.o
pwm2_mode           0x4               srv.o
CharPtrType         0x4               picoc/type.o
obstacle_detect_flag
                    0x4               srv.o
cxmax               0x2               edit.o
fdct_temp           0x80              jpeg.o
gps_gga             0x18              gps.o
StringLiteralTable  0x8               picoc/variable.o
blob_display_num    0x4               srv.o
framecount          0x4               srv.o
VoidPtrType         0x4               picoc/type.o
vmin                0x44              colors.o
heap_ptr            0x4               malloc.o
LongType            0x24              picoc/type.o
bloby1              0xfc              colors.o
rcount              0x4               srv.o
x_acc0              0x4               srv.o
IntType             0x24              picoc/type.o
UnsignedLongType    0x24              picoc/type.o
imgHead             0xb               srv.o
read_format         0x4               jpeg.o
edge_detect_flag    0x4               srv.o
encoder_flag        0x4               srv.o
imgHeight           0x4               srv.o
UberType            0x24              picoc/type.o
failsafe_clock      0x4               srv.o
blobx2              0xfc              colors.o
move_time_mS        0x4               srv.o
dlist2              0xc               camera.o
y_center            0x4               srv.o
UnsignedIntType     0x24              picoc/type.o
UnsignedShortType   0x24              picoc/type.o
cymax               0x2               edit.o
xbuff               0x406             xmodem.o
xwd_init            0x4               srv.o
dlist1              0xc               camera.o
ymin                0x44              colors.o
umin                0x44              colors.o
rspeed              0x4               srv.o
base_speed2         0x4               srv.o
frame_diff_flag     0x4               srv.o
ix                  0x4               srv.o
Y1                  0x80              jpeg.o
robot_moving        0x4               srv.o

Memory Configuration

Name             Origin             Length             Attributes
ram              0x00000000         0x02000000         xrw
l1code           0xffa00000         0x00010000         x
l1data_a         0xff800000         0x00008000         rw
l1data_b         0xff900000         0x00008000         rw
scratchpad       0xffb00000         0x00001000         rw
*default*        0x00000000         0xffffffff

Linker script and memory map


.sdram.text
 camera.o(.sdram.text)
 edit.o(.sdram.text)
 httpd.o(.sdram.text)
 i2c.o(.sdram.text)
 stm_m25p32.o(.sdram.text)
 printf.o(.sdram.text)
 xmodem.o(.sdram.text)
 gps.o(.sdram.text)
 myfunc.o(.sdram.text)
 *(.gnu.warning)

.l1code         0xffa00000     0x8b88
 main.o(.text)
 .text          0xffa00000      0x394 main.o
                0xffa00000                main
 math.o(.text)
 .text          0xffa00394      0x200 math.o
                0xffa00460                __umodsi3
                0xffa00492                __divsi3
                0xffa00394                __udivsi3
 malloc.o(.text)
 .text          0xffa00594      0x1a4 malloc.o
                0xffa00670                morecore
                0xffa005e8                free
                0xffa00594                init_heap
                0xffa005d4                sbrk
                0xffa006b4                malloc
 string.o(.text)
 .text          0xffa00738      0x72c string.o
                0xffa00738                strcmp
                0xffa00a64                atoi_b10
                0xffa00984                memcpy2
                0xffa00a7c                atof
                0xffa007b4                strncpy
                0xffa007ec                atoi
                0xffa00968                memcpy
                0xffa009a8                memset
                0xffa00c94                strtoksafe
                0xffa009fc                ctoi
                0xffa008d0                itoa
                0xffa00e3c                strdup
                0xffa00898                reverse
                0xffa00bec                strpbrk
                0xffa00e1c                getUnaligned32
                0xffa00d48                strnstr
                0xffa0078c                strchr
                0xffa007a4                strcpy
                0xffa00c24                strtok
                0xffa00758                strncmp
                0xffa0095c                isdigit
                0xffa00878                strlen
                0xffa00a14                atoi_b16
                0xffa009bc                memmove
                0xffa00dac                strReplace
                0xffa00cf8                strstr
 srv.o(.text)
 .text          0xffa00e64     0x47a8 srv.o
                0xffa0263c                motor_command
                0xffa03398                process_i2c
                0xffa02d30                restore_video
                0xffa03a78                xmodem_receive
                0xffa01b00                clearRTC
                0xffa01c94                delayUS
                0xffa04464                motion_vect80x64
                0xffa02d7c                invert_video
                0xffa01120                grab_reference_frame
                0xffa01b10                delayMS
                0xffa02740                set_edge_thresh
                0xffa01d04                delayNS
                0xffa01668                setPPM1
                0xffa01fa8                rand
                0xffa02428                testSD
                0xffa032f8                tilt
                0xffa0399c                read_user_sector
                0xffa0189c                initRTC
                0xffa03dfc                serial_out_flashbuffer
                0xffa011c0                move_yuv422_to_planar
                0xffa05594                check_for_autorun
                0xffa03ae0                camera_reset
                0xffa02dc4                init_tilt
                0xffa037ac                write_boot_flash
                0xffa0336c                read_tilt
                0xffa0131c                initPWM
                0xffa01404                init_sonar
                0xffa01d90                check_failsafe
                0xffa02418                show_stack_ptr
                0xffa048d0                process_colors
                0xffa02df4                laser_range
                0xffa02400                show_heap_ptr
                0xffa0220c                overlay_on
                0xffa015c8                setPWM2
                0xffa0237c                lasers_off
                0xffa00fac                clear_sdram
                0xffa00ff0                led1_on
                0xffa026f4                change_image_quality
                0xffa00fd4                stack_remaining
                0xffa017e0                check_bounds_0_100
                0xffa02770                encoder_4wd
                0xffa010f8                move_image
                0xffa03880                write_user_sector
                0xffa02990                process_neuralnet
                0xffa02584                motor2_command
                0xffa024c4                ppm2_command
                0xffa014dc                setPWM
                0xffa01380                initPWM2
                0xffa02054                read_encoders
                0xffa03694                init_analog
                0xffa03258                show_laser_range
                0xffa03a4c                crc_flash_buffer
                0xffa03ee8                send_frame
                0xffa02354                check_battery
                0xffa0214c                motor_increase_base_speed
                0xffa02324                ping_sonar
                0xffa03d8c                serial_out_httpbuffer
                0xffa02964                read_analog_4wd
                0xffa011a4                copy_image
                0xffa02298                enable_horizon_detect
                0xffa01e4c                encoders
                0xffa021c0                clear_flash_buffer
                0xffa02470                enable_failsafe
                0xffa0239c                lasers_on
                0xffa02524                ppm1_command
                0xffa02098                motor_action
                0xffa018bc                readRTC
                0xffa017fc                motor_trim_right
                0xffa00fe0                led0_on
                0xffa0184c                motor_trim_left
                0xffa00e64                init_io
                0xffa023d8                serial_out_version
                0xffa01930                sonar
                0xffa01e14                init_encoders
                0xffa01000                compute_frame_diff
                0xffa03a70                launch_editor
                0xffa045e8                motion_vect_test
                0xffa022c0                enable_edge_detect
                0xffa046c4                grab_frame
                0xffa05370                read_compass3x
                0xffa022e8                enable_segmentation
                0xffa038e0                write_user_flash
                0xffa03e64                send_80x64planar
                0xffa01b40                motor_set
                0xffa013d0                initTMR4
                0xffa01434                initPPM1
                0xffa05324                enable_blob_display
                0xffa01724                setPPM2
                0xffa03274                show_compass2x
                0xffa020d8                motor_decrease_base_speed
                0xffa01488                initPPM2
                0xffa02270                enable_obstacle_detect
                0xffa0390c                read_double_sector
                0xffa023bc                serial_out_time
                0xffa01058                set_caption
                0xffa02224                disable_frame_diff
                0xffa01204                scale_image_to_80x64_planar
                0xffa00f80                reset_cpu
                0xffa03a0c                read_user_flash
                0xffa03800                write_double_sector
                0xffa03518                analog
                0xffa01d78                reset_failsafe_clock
                0xffa02854                read_encoder_4wd
                0xffa02080                disable_failsafe
                0xffa03658                read_analog
                0xffa021f4                overlay_off
                0xffa0552c                show_compass3x
                0xffa02300                enable_frame_diff
                0xffa03cb8                camera_setup
                0xffa01154                move_inverted
                0xffa02880                analog_4wd
 uart.o(.text)
 .text          0xffa0560c      0x4fc uart.o
                0xffa05820                uart1SendChar
                0xffa05894                uart1GetCh
                0xffa057ec                uart0GetChar
                0xffa057ac                uart0SendChars
                0xffa05a8c                suartPutChar
                0xffa057d0                uart0GetCh
                0xffa05780                uart0SendString
                0xffa05750                uart0SendChar
                0xffa056c8                uart0_CTS
                0xffa05870                uart1SendChars
                0xffa05664                init_uart0
                0xffa05810                uart0Signal
                0xffa0560c                suartInit
                0xffa058e4                printNumber
                0xffa059cc                suartGetChar
                0xffa05844                uart1SendString
                0xffa058b0                uart1GetChar
                0xffa058d4                uart1Signal
                0xffa056ec                init_uart1
 colors.o(.text)
 .text          0xffa05b08     0x115c colors.o
                0xffa06040                vmean
                0xffa063b4                edge_detect
                0xffa062b4                vfind
                0xffa0654c                svs_segcode
                0xffa069e4                vhorizon
                0xffa06104                color_segment
                0xffa067ec                addvect
                0xffa05b8c                vblob
                0xffa06928                addbox
                0xffa06754                svs_segview
                0xffa05b08                init_colors
                0xffa0669c                vscan
                0xffa05f74                vhist
                0xffa06878                addline
                0xffa05b58                vpix
 jpeg.o(.text)
 .text          0xffa06c64      0xd9c jpeg.o
                0xffa07810                DCT
                0xffa07208                close_bitstream
                0xffa07824                encodeMCU
                0xffa06d50                huffman
                0xffa0727c                write_markers
                0xffa07920                encode_image
                0xffa0749c                initialize_quantization_tables
                0xffa0765c                read_422_format
                0xffa06c64                initialization
                0xffa06d30                levelshift
                0xffa0758c                quantization
                0xffa075dc                read_400_format
 r8x8dct.o(.text)
 .text          0xffa07a00       0xf0 r8x8dct.o
                0xffa07a00                _r8x8dct
 motionvect.o(.text)
 .text          0xffa07af0      0x950 motionvect.o
                0xffa07f58                hpel
                0xffa082b8                _mve_core
                0xffa08168                _hpel_core2
                0xffa08048                _hpel_core1
                0xffa07af0                _motionvect
 uart.o(.text)
 setjmp.o(.text)
 .text          0xffa08440      0x184 setjmp.o
                0xffa08440                longjmp
                0xffa08508                setjmp
 neural.o(.text)
 .text          0xffa085c4      0x5c4 neural.o
                0xffa08964                nnpack8x8
                0xffa08b50                nninit_network
                0xffa089e0                nndisplay
                0xffa0865c                f_logic
                0xffa086bc                nncalculate_network
                0xffa087a4                nncalculate_errors
                0xffa08a74                nntrain_network
                0xffa08a60                nninit_pattern
                0xffa085c4                nnset_pattern
                0xffa08858                nnscale8x8

.text           0x00000000     0xbc54
 .text          0x00000000       0xf0 camera.o
                0x00000000                camera_init
                0x000000a8                camera_start
                0x000000cc                camera_stop
 .text          0x000000f0      0x33c edit.o
                0x00000288                insert_char
                0x00000138                find_next_line
                0x00000300                edit
                0x000001d4                find_buffer_end
                0x000000f0                delete_char
                0x0000021c                print_lines
                0x000002e0                print_help
                0x00000188                find_previous_line
 .text          0x0000042c     0x1b1c httpd.o
                0x000006e4                httpd_request
                0x0000042c                clean_buffer
                0x00000618                adminBodyBuilder
 .text          0x00001f48      0x388 i2c.o
                0x000021d8                i2cslowread
                0x00002018                i2cwritex
                0x00001f48                i2cwrite
                0x000020e0                i2cread
 .text          0x000022d0      0x4d4 stm_m25p32.o
                0x000023ac                SetupSPI
                0x0000246c                spi_read
                0x00002504                Wait_For_WEL
                0x0000238c                SPI_OFF
                0x0000256c                WriteFlash
                0x000026d8                spi_write
                0x000022dc                spi_init_r
                0x0000265c                EraseBlock
                0x000024cc                Wait_For_Status
                0x00002328                GetSectorNumber
                0x00002608                WriteData
                0x000022d0                spi_init_f
                0x00002488                ReadStatusRegister
                0x00002538                SendSingleCommand
                0x000023dc                ReadData
                0x000022e8                Wait_For_SPIF
                0x00002350                udelay
 .text          0x000027a4      0x5d4 printf.o
                0x00002d40                sprintf
                0x000027a4                my_strlen
                0x000027cc                dbl2stri
                0x00002d5c                printf
 .text          0x00002d78      0x4fc xmodem.o
                0x00002e04                xmodemTransmit
                0x00002db4                _inbyte
                0x00002d78                crc16_ccitt
                0x0000307c                xmodemReceive
 .text          0x00003274      0xeac gps.o
                0x00003420                tan
                0x00003648                atan
                0x00003808                gps_dist
                0x0000352c                asin
                0x00003934                read_ublox
                0x000035b8                acos
                0x00003740                gps_head
                0x00003350                cos
                0x00003274                sin
                0x0000397c                gps_parse
                0x00004078                gps_show
                0x00003714                isqrt
 .text          0x00004120       0x28 myfunc.o
                0x00004120                myfunc
 .text          0x00004148       0xd0 init.o
                0x00004148                initcode
 .text          0x00004218      0x4f8 sdcard.o
                0x000043c4                GetCardParams
                0x0000425c                CloseSD
                0x000045e8                ReadMultipleBlocks
                0x000044a4                EraseBlocks
                0x00004680                WriteMultipleBlocks
                0x00004218                InitSD
                0x00004340                GetToken
                0x000044fc                WriteSector
                0x0000437c                CardInit
                0x00004580                ReadSector
                0x000042bc                SendCommand
                0x0000426c                WriteByte
 .text          0x00004710      0x128 picoc/picoc.o
                0x0000478c                picoc
                0x00004730                Initialise
                0x00004710                Cleanup
 .text          0x00004838      0x28c picoc/table.o
                0x00004a0c                TableStrRegister
                0x00004874                TableGet
                0x000048f8                TableStrFree
                0x0000493c                TableSetIdentifier
                0x00004a74                TableInitTable
                0x000049f8                TableStrRegister2
                0x000048a8                TableDelete
                0x00004a28                TableSet
                0x00004a88                TableInit
 .text          0x00004ac4      0xf64 picoc/lex.o
                0x00004efc                LexInteractiveClear
                0x000059fc                LexInit
                0x00005094                LexGetCharacterConstant
                0x00004e70                LexInitParser
                0x00004c14                LexUnEscapeCharacterConstant
                0x000050ec                LexGetWord
                0x00004f48                LexCleanup
                0x00004ac4                LexCheckReservedWord
                0x00004ea0                LexInteractiveCompleted
                0x00004f50                LexCopyTokens
                0x00004e90                LexInteractiveStatementPrompt
                0x00004cbc                LexUnEscapeCharacter
                0x000059c8                LexToEndOfLine
                0x00004aec                LexGetNumber
                0x000056c8                LexAnalyse
                0x000056ec                LexGetToken
                0x00004dbc                LexSkipComment
                0x00004e48                LexTokenSize
                0x00005288                LexScanGetToken
                0x00005608                LexTokenise
                0x00005170                LexGetStringConstant
 .text          0x00005a28      0xeb8 picoc/parse.o
                0x00005c6c                ParseFunctionDefinition
                0x000066b4                ParseBlock
                0x00005f30                ParseDeclaration
                0x00005a3c                ParseCleanup
                0x00005a28                ParserCopyPos
                0x00005af4                ParseDeclarationAssignment
                0x00006744                ParseStatementMaybeRun
                0x0000677c                ParseFor
                0x00006634                Parse
                0x00006080                ParseStatement
                0x00005a50                ParseMacroDefinition
                0x000065ac                ParseInteractive
 .text          0x000068e0     0x164c picoc/expression.o
                0x00006c40                ExpressionPostfixOperator
                0x00007c44                ExpressionParseInt
                0x00006b74                ExpressionPushInt
                0x00006f80                ExpressionAssignToPointer
                0x00007080                ExpressionAssign
                0x000068ec                ExpressionCoerceInteger
                0x00006a20                ExpressionGetStructElement
                0x00006bac                ExpressionStackPushDereference
                0x00006d80                ExpressionPrefixOperator
                0x000069cc                ExpressionStackPushOperator
                0x0000695c                ExpressionAssignInt
                0x000068e0                debugf
                0x00007620                ExpressionStackCollapse
                0x00006c10                ExpressionStackPushValueByType
                0x00007760                ExpressionStackPushValue
                0x00007cbc                ExpressionParseFunctionCall
                0x00007274                ExpressionInfixOperator
                0x00006924                ExpressionCoerceUnsignedInteger
                0x000069fc                ExpressionStackPushValueNode
                0x00007784                ExpressionParse
                0x00007730                ExpressionStackPushLValue
 .text          0x00007f2c      0x24c picoc/heap.o
                0x00008130                HeapAllocStack
                0x00007fbc                HeapPushStackFrame
                0x00007fdc                HeapPopStackFrame
                0x00008000                HeapFreeMem
                0x00007f94                HeapPopStack
                0x00007f7c                HeapUnpopStack
                0x00007f2c                HeapInit
                0x00008058                HeapAllocMem
 .text          0x00008178      0x9b0 picoc/type.o
                0x000081a8                TypeStackSizeValue
                0x00008278                TypeInit
                0x00008ad8                TypeCleanupNode
                0x00008208                TypeAddBaseType
                0x0000858c                TypeParseStruct
                0x000081f0                TypeSizeAlignment
                0x00008b1c                TypeCleanup
                0x000081c4                TypeSize
                0x000088f0                TypeParse
                0x0000891c                TypeParseIdentPart
                0x000083bc                TypeGetMatching
                0x00008768                TypeParseFront
                0x00008178                TypeSizeValue
                0x00008238                TypeAdd
                0x0000842c                TypeParseEnum
 .text          0x00008b28      0x5c0 picoc/variable.o
                0x00008b9c                VariableDefined
                0x00008e2c                VariableStackPop
                0x00008c4c                VariableStackFramePop
                0x00008f34                VariableAllocValueAndData
                0x00008f6c                VariableDefinePlatformVar
                0x00008d64                VariableFree
                0x00008e0c                VariableCleanup
                0x00008b60                VariableStringLiteralDefine
                0x0000902c                VariableAllocValueFromType
                0x00008dc8                VariableTableCleanup
                0x00008b74                VariableStringLiteralGet
                0x00008d14                VariableInit
                0x00008c98                VariableStackFrameAdd
                0x00008bf4                VariableGet
                0x00008fe8                VariableAllocValueAndCopy
                0x00008f0c                VariableAllocValueShared
                0x00008ed4                VariableAllocValueFromExistingData
                0x00008e8c                VariableAlloc
                0x00009060                VariableDefine
                0x00008b28                VariableDereferencePointer
 .text          0x000090e8      0x94c picoc/clibrary.o
                0x00009610                LibMemset
                0x0000938c                LibStrcpy
                0x00009270                PrintType
                0x000098f8                LibPrintf
                0x00009224                PrintInt
                0x00009654                LibExit
                0x00009100                PrintStr
                0x00009670                LibGets
                0x000095f4                LibMemcpy
                0x000090e8                SPutc
                0x00009128                PrintRepeatedChar
                0x00009150                PrintUnsigned
                0x000098ac                LibSPrintf
                0x000096a8                GenericPrintf
                0x000093fc                LibStrcmp
                0x00009524                LibRindex
                0x00009560                LibStrlen
                0x000093b4                LibStrncpy
                0x000094e4                LibIndex
                0x000090f4                PrintCh
                0x00009994                LibraryInit
                0x00009628                LibFree
                0x000094ac                LibStrcat
                0x0000991c                CLibraryInit
                0x0000958c                LibMemcmp
                0x00009444                LibStrncmp
                0x00009658                LibGetc
                0x00009634                LibMalloc
 .text          0x00009a34     0x15d8 picoc/library_surveyor.o
                0x0000a1d8                Ctan
                0x0000a8bc                Cvrcap
                0x0000a238                Cwritei2c
                0x0000a924                Csonar
                0x0000a0ac                Cnninit
                0x0000a218                Csin
                0x0000aca4                Cencoders
                0x00009a64                Cioread
                0x00009e40                Cnnmatchblob
                0x00009b2c                Claser
                0x0000a26c                Cvcam
                0x0000a7fc                Cvscan
                0x0000a908                Crange
                0x0000a330                Cgps
                0x00009b90                Cvcolor
                0x0000ab30                Cmotors2
                0x0000a0b0                Csqrt
                0x00009e10                Cnnshow
                0x0000aa04                Cservos
                0x0000a614                Cvsend
                0x0000a1f8                Ccos
                0x0000a160                Cacos
                0x0000a558                Ccompassx
                0x0000a98c                Cservos2
                0x0000a580                Ccompass
                0x00009cac                Cautorun
                0x0000abd0                Cmotors
                0x0000a3c4                Canalog
                0x0000a19c                Casin
                0x00009af0                Cpoke
                0x0000a8c0                Cvcap
                0x0000a104                Cgps_head
                0x0000a870                Cvpix
                0x0000a664                Cvjpeg
                0x00009b70                Cbattery
                0x0000a138                Catan
                0x0000a520                Ctilt
                0x00009d68                Cnnlearnblob
                0x0000a2f8                Creadi2c
                0x0000a390                Canalogx
                0x00009c64                Clineno
                0x00009c70                Cerrormsg
                0x0000a2b8                Creadi2c2
                0x00009a9c                Cpeek
                0x0000acf4                Cinput
                0x0000accc                Crand
                0x00009c94                Ctime
                0x0000a8c4                Cvfind
                0x0000a024                Cnntrain
                0x00009c0c                Cvdiff
                0x00009a34                Ciodir
                0x0000ac70                Cencoderx
                0x0000a5fc                Cdelay
                0x00009c20                Ccompassxcal
                0x0000a6c8                Cvblob
                0x0000ad3c                PlatformLibraryInit
                0x00009f54                Cnntest
                0x00009d1c                Cnnset
                0x0000aa7c                Cmotorx
                0x00009a7c                Ciowrite
                0x0000a0d0                Cgps_dist
                0x0000ad10                Csignal
                0x0000a7bc                Cvmean
 .text          0x0000b00c      0x350 picoc/platform.o
                0x0000b10c                PlatformPrintf
                0x0000b288                PlatformErrorPrefix
                0x0000b24c                LexFail
                0x0000b128                PrintSourceTextErrorLine
                0x0000b2d8                AssignFail
                0x0000b00c                PlatformVPrintf
                0x0000b2a8                ProgramFail
 .text          0x0000b35c       0xcc picoc/platform_surveyor.o
                0x0000b394                PlatformPutc
                0x0000b3c0                PlatformGetLine
                0x0000b35c                PlatformCleanup
                0x0000b384                PlatformGetCharacter
                0x0000b368                PlatformExit
 .text          0x0000b428      0x2b0 /blackfin/opt/uClinux/bfin-elf/bin/../bfin-elf/lib/libbffastfp.a(addfl64.o)
                0x0000b42a                __adddf3_inregs
                0x0000b428                __adddf3
 .text          0x0000b6d8       0x80 /blackfin/opt/uClinux/bfin-elf/bin/../bfin-elf/lib/libbffastfp.a(cmpfl64.o)
                0x0000b6d8                __ledf2
                0x0000b6d8                __nedf2
                0x0000b6d8                __gedf2
                0x0000b6d8                __gtdf2
                0x0000b6d8                __eqdf2
                0x0000b6d8                __cmpdf2
                0x0000b6d8                __ltdf2
 .text          0x0000b758       0x44 /blackfin/opt/uClinux/bfin-elf/bin/../bfin-elf/lib/libbffastfp.a(f32tof64.o)
                0x0000b758                __extendsfdf2
 .text          0x0000b79c       0x80 /blackfin/opt/uClinux/bfin-elf/bin/../bfin-elf/lib/libbffastfp.a(f64tof32.o)
                0x0000b79c                __truncdfsf2
 .text          0x0000b81c       0x74 /blackfin/opt/uClinux/bfin-elf/bin/../bfin-elf/lib/libbffastfp.a(f64toi32z.o)
                0x0000b81c                __fixdfsi
 .text          0x0000b890      0x130 /blackfin/opt/uClinux/bfin-elf/bin/../bfin-elf/lib/libbffastfp.a(fpmult.o)
                0x0000b890                __mulsf3
 .text          0x0000b9c0       0x3c /blackfin/opt/uClinux/bfin-elf/bin/../bfin-elf/lib/libbffastfp.a(i32tof64.o)
                0x0000b9c0                __floatsidf
 .text          0x0000b9fc      0x250 /blackfin/opt/uClinux/bfin-elf/bin/../bfin-elf/lib/libbffastfp.a(mulfl64.o)
                0x0000b9fc                __muldf3
 .text          0x0000bc4c        0x8 /blackfin/opt/uClinux/bfin-elf/bin/../bfin-elf/lib/libbffastfp.a(subfl64.o)
                0x0000bc4c                __subdf3

.l1data         0xff800000     0x288c
 *(.data)
 .data          0xff800000        0x0 camera.o
 .data          0xff800000        0x0 edit.o
 .data          0xff800000     0x10a8 httpd.o
                0xff800000                adminHtml
 .data          0xff8010a8        0x0 i2c.o
 .data          0xff8010a8        0x0 stm_m25p32.o
 .data          0xff8010a8        0x0 printf.o
 .data          0xff8010a8        0x0 xmodem.o
 .data          0xff8010a8        0x0 gps.o
 .data          0xff8010a8        0x0 myfunc.o
 .data          0xff8010a8        0x0 main.o
 .data          0xff8010a8        0x0 math.o
 .data          0xff8010a8        0x0 malloc.o
 .data          0xff8010a8        0x0 string.o
 .data          0xff8010a8      0xa70 srv.o
                0xff8014b0                version_string
                0xff8010b0                font8x8
                0xff8010a8                fontmask
                0xff8014e4                frame
                0xff801504                rand_seed
 .data          0xff801b18        0x0 uart.o
 .data          0xff801b18        0x0 colors.o
 .data          0xff801b18      0x8f0 jpeg.o
                0xff802348                zigzag_table
                0xff801b70                chrominance_dc_size_table
                0xff801e10                chrominance_ac_code_table
                0xff801ccc                luminance_ac_size_table
                0xff801b88                luminance_ac_code_table
                0xff801b40                luminance_dc_size_table
                0xff801b58                chrominance_dc_code_table
                0xff802388                luminance_quant_table
                0xff802198                markerdata
                0xff801b28                luminance_dc_code_table
                0xff801b18                fdct_coeff
                0xff8023c8                chrominance_quant_table
                0xff802098                bitsize
                0xff801f54                chrominance_ac_size_table
 .data          0xff802408        0x0 r8x8dct.o
 .data          0xff802408        0x0 motionvect.o
 .data          0xff802408        0x0 setjmp.o
 .data          0xff802408       0x8c neural.o
                0xff80240c                npattern
                0xff80248c                nmask
                0xff802408                learn
 .data          0xff802494        0x0 init.o
 .data          0xff802494        0x0 sdcard.o
 .data          0xff802494        0x0 picoc/picoc.o
 .data          0xff802494        0x0 picoc/table.o
 .data          0xff802494      0x154 picoc/lex.o
 .data          0xff8025e8        0x0 picoc/parse.o
 .data          0xff8025e8        0x0 picoc/expression.o
 .data          0xff8025e8       0x10 picoc/heap.o
                0xff8025ec                HeapMemStart
                0xff8025e8                HeapStackTop
 .data          0xff8025f8        0x0 picoc/type.o
 .data          0xff8025f8        0x0 picoc/variable.o
 .data          0xff8025f8       0x9c picoc/clibrary.o
                0xff8025f8                CLibrary
 .data          0xff802694      0x1f8 picoc/library_surveyor.o
                0xff802694                PlatformLibrary
 .data          0xff80288c        0x0 picoc/platform.o
 .data          0xff80288c        0x0 picoc/platform_surveyor.o
 .data          0xff80288c        0x0 /blackfin/opt/uClinux/bfin-elf/bin/../bfin-elf/lib/libbffastfp.a(addfl64.o)
 .data          0xff80288c        0x0 /blackfin/opt/uClinux/bfin-elf/bin/../bfin-elf/lib/libbffastfp.a(cmpfl64.o)
 .data          0xff80288c        0x0 /blackfin/opt/uClinux/bfin-elf/bin/../bfin-elf/lib/libbffastfp.a(f32tof64.o)
 .data          0xff80288c        0x0 /blackfin/opt/uClinux/bfin-elf/bin/../bfin-elf/lib/libbffastfp.a(f64tof32.o)
 .data          0xff80288c        0x0 /blackfin/opt/uClinux/bfin-elf/bin/../bfin-elf/lib/libbffastfp.a(f64toi32z.o)
 .data          0xff80288c        0x0 /blackfin/opt/uClinux/bfin-elf/bin/../bfin-elf/lib/libbffastfp.a(fpmult.o)
 .data          0xff80288c        0x0 /blackfin/opt/uClinux/bfin-elf/bin/../bfin-elf/lib/libbffastfp.a(i32tof64.o)
 .data          0xff80288c        0x0 /blackfin/opt/uClinux/bfin-elf/bin/../bfin-elf/lib/libbffastfp.a(mulfl64.o)
 .data          0xff80288c        0x0 /blackfin/opt/uClinux/bfin-elf/bin/../bfin-elf/lib/libbffastfp.a(subfl64.o)
 *(.l1data)
 *(.l1data.a)

.l1data.b
 *(.l1data.b)

.rodata         0xff80288c     0x37b0
 *(.rodata .rodata.* .gnu.linkonce.r.*)
 .rodata.str1.4
                0xff80288c       0xb6 edit.o
                                 0xb8 (size before relaxing)
 *fill*         0xff802942        0x2 00
 .rodata        0xff802944       0x5c edit.o
 .rodata.str1.4
                0xff8029a0      0x475 httpd.o
                                0x48c (size before relaxing)
 *fill*         0xff802e15        0x3 00
 .rodata        0xff802e18      0x2e4 httpd.o
 .rodata.str1.4
                0xff8030fc        0x7 printf.o
                                  0x8 (size before relaxing)
 *fill*         0xff803103        0x1 00
 .rodata        0xff803104       0x84 printf.o
 .rodata        0xff803188      0x200 xmodem.o
 .rodata.str1.4
                0xff803388       0x96 gps.o
                                 0x98 (size before relaxing)
 *fill*         0xff80341e        0x2 00
 .rodata        0xff803420      0x16c gps.o
 .rodata.str1.4
                0xff80358c       0x14 myfunc.o
 .rodata.str1.4
                0xff8035a0        0x3 main.o
                                  0x4 (size before relaxing)
 *fill*         0xff8035a3        0x1 00
 .rodata        0xff8035a4      0x394 main.o
 .rodata        0xff803938      0x1c4 srv.o
 .rodata.str1.4
                0xff803afc      0x831 srv.o
                                0x86c (size before relaxing)
 *fill*         0xff80432d        0x3 00
 .rodata        0xff804330       0x10 uart.o
 .rodata.str1.4
                0xff804340       0x29 colors.o
                                 0x2c (size before relaxing)
 *fill*         0xff804369        0x3 00
 .rodata.str1.4
                0xff80436c        0x4 neural.o
                                  0xc (size before relaxing)
 .rodata.str1.4
                0xff804370       0x37 picoc/picoc.o
                                 0x38 (size before relaxing)
 *fill*         0xff8043a7        0x1 00
 .rodata.str1.4
                0xff8043a8        0xe picoc/table.o
                                 0x14 (size before relaxing)
 *fill*         0xff8043b6        0x2 00
 .rodata        0xff8043b8      0x2e8 picoc/lex.o
 .rodata.str1.4
                0xff8046a0       0xf6 picoc/lex.o
                                0x110 (size before relaxing)
 *fill*         0xff804796        0x2 00
 .rodata.str1.4
                0xff804798      0x1f4 picoc/parse.o
                                0x1f8 (size before relaxing)
 .rodata        0xff80498c      0x100 picoc/parse.o
 .rodata        0xff804a8c      0x31c picoc/expression.o
 .rodata.str1.4
                0xff804da8      0x3da picoc/expression.o
                                0x430 (size before relaxing)
 *fill*         0xff805182        0x2 00
 .rodata.str1.4
                0xff805184      0x12d picoc/type.o
                                0x164 (size before relaxing)
 *fill*         0xff8052b1        0x3 00
 .rodata        0xff8052b4       0x2c picoc/type.o
 .rodata.str1.4
                0xff8052e0       0x2f picoc/variable.o
                                 0x6c (size before relaxing)
 *fill*         0xff80530f        0x1 00
 .rodata.str1.4
                0xff805310      0x257 picoc/clibrary.o
                                0x294 (size before relaxing)
 *fill*         0xff805567        0x1 00
 .rodata        0xff805568       0x9c picoc/clibrary.o
 .rodata.str1.4
                0xff805604      0x9e3 picoc/library_surveyor.o
                                0x9f8 (size before relaxing)
 .rodata        0xff805fe7       0x10 picoc/library_surveyor.o
 *fill*         0xff805ff7        0x1 00
 .rodata.str1.4
                0xff805ff8       0x44 picoc/platform.o
                                 0x50 (size before relaxing)
 .rodata.str1.4
                0x00000000       0x10 picoc/platform_surveyor.o

.data
 *(.data .data.* .gnu.linkonce.d.*)

.ctors
 *crtbegin*.o(.ctors)
 *(EXCLUDE_FILE(*crtend*.o) .ctors)
 *(SORT(.ctors.*))
 *(.ctors)

.dtors
 *crtbegin*.o(.dtors)
 *(EXCLUDE_FILE(*crtend*.o) .dtors)
 *(SORT(.dtors.*))
 *(.dtors)

.sdram.bss      0x0000bc54        0x0
                0x0000bc54                __sdram_bss_start = .
 *(.bss.sdram)
                0x0000bc54                . = ALIGN (0x4)
                0x0000bc54                __sdram_bss_end = .

.bss            0xff900000     0x3c6c
                0xff900000                __bss_start = .
 *(.dynbss)
 *(.bss .bss.* .gnu.linkonce.b.*)
 .bss           0xff900000        0x0 camera.o
 .bss           0xff900000       0x10 edit.o
 .bss           0xff900010      0x280 httpd.o
 .bss           0xff900290        0x0 i2c.o
 .bss           0xff900290        0x0 stm_m25p32.o
 .bss           0xff900290       0x54 printf.o
 .bss           0xff9002e4        0x0 xmodem.o
 .bss           0xff9002e4        0x8 gps.o
 .bss           0xff9002ec        0x0 myfunc.o
 .bss           0xff9002ec        0x0 main.o
 .bss           0xff9002ec        0x0 math.o
 .bss           0xff9002ec        0x4 malloc.o
                0xff9002ec                allocp
 .bss           0xff9002f0        0x4 string.o
 .bss           0xff9002f4        0xc srv.o
                0xff9002f8                sonar_flag
                0xff9002f4                failsafe_mode
                0xff9002fc                uart1_flag
 .bss           0xff900300        0x4 uart.o
 .bss           0xff900304       0x50 colors.o
 .bss           0xff900354        0x8 jpeg.o
                0xff900354                lcode
                0xff900358                bitindex
 .bss           0xff90035c        0x0 r8x8dct.o
 .bss           0xff90035c        0x0 motionvect.o
 .bss           0xff90035c        0x0 setjmp.o
 .bss           0xff90035c        0x0 neural.o
 .bss           0xff90035c        0x0 init.o
 .bss           0xff90035c        0x0 sdcard.o
 .bss           0xff90035c        0x0 picoc/picoc.o
 .bss           0xff90035c        0x4 picoc/table.o
                0xff90035c                StrEmpty
 .bss           0xff900360       0x44 picoc/lex.o
 .bss           0xff9003a4        0x4 picoc/parse.o
 .bss           0xff9003a8        0x0 picoc/expression.o
 .bss           0xff9003a8       0x24 picoc/heap.o
 .bss           0xff9003cc        0x0 picoc/type.o
 .bss           0xff9003cc        0x4 picoc/variable.o
                0xff9003cc                TopStackFrame
 .bss           0xff9003d0        0x4 picoc/clibrary.o
 .bss           0xff9003d4       0xcc picoc/library_surveyor.o
 .bss           0xff9004a0        0x0 picoc/platform.o
 .bss           0xff9004a0        0x0 picoc/platform_surveyor.o
 .bss           0xff9004a0        0x0 /blackfin/opt/uClinux/bfin-elf/bin/../bfin-elf/lib/libbffastfp.a(addfl64.o)
 .bss           0xff9004a0        0x0 /blackfin/opt/uClinux/bfin-elf/bin/../bfin-elf/lib/libbffastfp.a(cmpfl64.o)
 .bss           0xff9004a0        0x0 /blackfin/opt/uClinux/bfin-elf/bin/../bfin-elf/lib/libbffastfp.a(f32tof64.o)
 .bss           0xff9004a0        0x0 /blackfin/opt/uClinux/bfin-elf/bin/../bfin-elf/lib/libbffastfp.a(f64tof32.o)
 .bss           0xff9004a0        0x0 /blackfin/opt/uClinux/bfin-elf/bin/../bfin-elf/lib/libbffastfp.a(f64toi32z.o)
 .bss           0xff9004a0        0x0 /blackfin/opt/uClinux/bfin-elf/bin/../bfin-elf/lib/libbffastfp.a(fpmult.o)
 .bss           0xff9004a0        0x0 /blackfin/opt/uClinux/bfin-elf/bin/../bfin-elf/lib/libbffastfp.a(i32tof64.o)
 .bss           0xff9004a0        0x0 /blackfin/opt/uClinux/bfin-elf/bin/../bfin-elf/lib/libbffastfp.a(mulfl64.o)
 .bss           0xff9004a0        0x0 /blackfin/opt/uClinux/bfin-elf/bin/../bfin-elf/lib/libbffastfp.a(subfl64.o)
 *(COMMON)
 COMMON         0xff9004a0       0x18 camera.o
                0xff9004a0                dlist2
                0xff9004ac                dlist1
 COMMON         0xff9004b8        0x8 edit.o
                0xff9004b8                cxmin
                0xff9004ba                cymin
                0xff9004bc                cxmax
                0xff9004be                cymax
 COMMON         0xff9004c0      0x406 xmodem.o
                0xff9004c0                xbuff
 *fill*         0xff9008c6        0x2 00
 COMMON         0xff9008c8       0x18 gps.o
                0xff9008c8                gps_gga
 COMMON         0xff9008e0       0x14 malloc.o
                0xff9008e0                base
                0xff9008e8                heap_end
                0xff9008ec                heap_start
                0xff9008f0                heap_ptr
 COMMON         0xff9008f4       0xf4 srv.o
                0xff9008f4                imgWidth
                0xff9008f8                rfailsafe
                0xff9008fc                j
                0xff900900                blob_display_flag
                0xff900904                x_acc
                0xff900908                i
                0xff90090c                invert_flag
                0xff900910                segmentation_flag
                0xff900914                move_stop_time
                0xff900918                czmax
                0xff90091c                pwm2_init
                0xff900920                sonar_data
                0xff900934                y_acc0
                0xff900938                quality
                0xff90093c                move_start_time
                0xff900940                y_acc
                0xff900944                output_start
                0xff900948                lcount
                0xff90094c                pwm1_init
                0xff900950                image_size
                0xff900954                pwm1_mode
                0xff900958                x_center
                0xff90095c                lfailsafe
                0xff900960                edge_thresh
                0xff900964                compass_init
                0xff900968                horizon_detect_flag
                0xff90096c                master
                0xff900970                base_speed
                0xff900974                rspeed2
                0xff900978                lspeed
                0xff90097c                overlay_flag
                0xff900980                lspeed2
                0xff900984                err1
                0xff900988                cp
                0xff90098c                output_end
                0xff900990                czmin
                0xff900994                pwm2_mode
                0xff900998                obstacle_detect_flag
                0xff90099c                blob_display_num
                0xff9009a0                framecount
                0xff9009a4                rcount
                0xff9009a8                x_acc0
                0xff9009ac                imgHead
                0xff9009b8                edge_detect_flag
                0xff9009bc                encoder_flag
                0xff9009c0                imgHeight
                0xff9009c4                failsafe_clock
                0xff9009c8                move_time_mS
                0xff9009cc                y_center
                0xff9009d0                xwd_init
                0xff9009d4                rspeed
                0xff9009d8                base_speed2
                0xff9009dc                frame_diff_flag
                0xff9009e0                ix
                0xff9009e4                robot_moving
 COMMON         0xff9009e8      0xf8c colors.o
                0xff9009e8                blobcnt
                0xff900ae4                ymax
                0xff900b28                blobx1
                0xff900c24                umax
                0xff900c68                hist0
                0xff901068                hist1
                0xff901468                blobix
                0xff901564                bloby2
                0xff901660                mean
                0xff90166c                vmax
                0xff9016b0                vmin
                0xff9016f4                bloby1
                0xff9017f0                blobx2
                0xff9018ec                ymin
                0xff901930                umin
 COMMON         0xff901974      0x584 jpeg.o
                0xff901974                Y2
                0xff9019f4                Temp
                0xff901a74                Cqt
                0xff901ab4                Y3
                0xff901b34                Y4
                0xff901bb4                ICqt
                0xff901c34                ILqt
                0xff901cb4                CR
                0xff901d34                Lqt
                0xff901d74                CB
                0xff901df4                fdct_temp
                0xff901e74                read_format
                0xff901e78                Y1
 COMMON         0xff901ef8     0x1640 neural.o
                0xff901ef8                weights
                0xff9032f8                teach_neurons
                0xff903338                nerror
                0xff9033b8                neurons
 COMMON         0xff903538      0x18c picoc/table.o
                0xff903538                StringHashTable
                0xff9036bc                StringTable
 COMMON         0xff9036c4      0x1e0 picoc/type.o
                0xff9036c4                CharArrayType
                0xff9036c8                FunctionType
                0xff9036ec                TypeType
                0xff903710                EnumType
                0xff903734                VoidType
                0xff903758                ShortType
                0xff90377c                MacroType
                0xff9037a0                CharType
                0xff9037c4                CharPtrType
                0xff9037c8                VoidPtrType
                0xff9037cc                LongType
                0xff9037f0                IntType
                0xff903814                UnsignedLongType
                0xff903838                UberType
                0xff90385c                UnsignedIntType
                0xff903880                UnsignedShortType
 COMMON         0xff9038a4      0x318 picoc/variable.o
                0xff9038a4                StringLiteralHashTable
                0xff903a28                GlobalHashTable
                0xff903bac                GlobalTable
                0xff903bb4                StringLiteralTable
 COMMON         0xff903bbc        0xc picoc/clibrary.o
                0xff903bbc                CStdOut
 COMMON         0xff903bc8       0xa4 picoc/platform_surveyor.o
                0xff903bc8                ExitBuf
                0xff903c6c                . = ALIGN (0x4)
                0xff903c6c                __bss_end = .
                0xffb00ffc                . = 0xffb00ffc
                0xffb00ffc                PROVIDE (_supervisor_stack, .)
LOAD init.o
LOAD main.o
LOAD srv.o
LOAD uart.o
LOAD camera.o
LOAD jpeg.o
LOAD i2c.o
LOAD stm_m25p32.o
LOAD httpd.o
LOAD xmodem.o
LOAD colors.o
LOAD edit.o
LOAD malloc.o
LOAD string.o
LOAD printf.o
LOAD myfunc.o
LOAD neural.o
LOAD gps.o
LOAD sdcard.o
LOAD picoc/picoc.o
LOAD picoc/table.o
LOAD picoc/lex.o
LOAD picoc/parse.o
LOAD picoc/expression.o
LOAD picoc/heap.o
LOAD picoc/type.o
LOAD picoc/variable.o
LOAD picoc/clibrary.o
LOAD picoc/library_surveyor.o
LOAD picoc/platform.o
LOAD picoc/platform_surveyor.o
LOAD r8x8dct.o
LOAD math.o
LOAD setjmp.o
LOAD motionvect.o
LOAD /blackfin/opt/uClinux/bfin-elf/bin/../bfin-elf/lib/libbffastfp.a
OUTPUT(srv1.bin elf32-bfin)

.debug_abbrev   0x00000000     0x31a5
 .debug_abbrev  0x00000000       0xcf camera.o
 .debug_abbrev  0x000000cf       0xfc edit.o
 .debug_abbrev  0x000001cb      0x25c httpd.o
 .debug_abbrev  0x00000427       0x8a i2c.o
 .debug_abbrev  0x000004b1      0x1d8 stm_m25p32.o
 .debug_abbrev  0x00000689      0x1d3 printf.o
 .debug_abbrev  0x0000085c      0x183 xmodem.o
 .debug_abbrev  0x000009df      0x1b7 gps.o
 .debug_abbrev  0x00000b96       0x43 myfunc.o
 .debug_abbrev  0x00000bd9       0x7f main.o
 .debug_abbrev  0x00000c58      0x14c malloc.o
 .debug_abbrev  0x00000da4      0x222 string.o
 .debug_abbrev  0x00000fc6      0x25c srv.o
 .debug_abbrev  0x00001222      0x139 uart.o
 .debug_abbrev  0x0000135b      0x1ce colors.o
 .debug_abbrev  0x00001529      0x186 jpeg.o
 .debug_abbrev  0x000016af      0x114 neural.o
 .debug_abbrev  0x000017c3       0x45 init.o
 .debug_abbrev  0x00001808       0xed sdcard.o
 .debug_abbrev  0x000018f5      0x15f picoc/picoc.o
 .debug_abbrev  0x00001a54      0x234 picoc/table.o
 .debug_abbrev  0x00001c88      0x264 picoc/lex.o
 .debug_abbrev  0x00001eec      0x28b picoc/parse.o
 .debug_abbrev  0x00002177      0x27d picoc/expression.o
 .debug_abbrev  0x000023f4      0x168 picoc/heap.o
 .debug_abbrev  0x0000255c      0x256 picoc/type.o
 .debug_abbrev  0x000027b2      0x1e7 picoc/variable.o
 .debug_abbrev  0x00002999      0x2af picoc/clibrary.o
 .debug_abbrev  0x00002c48      0x27f picoc/library_surveyor.o
 .debug_abbrev  0x00002ec7      0x17b picoc/platform.o
 .debug_abbrev  0x00003042      0x163 picoc/platform_surveyor.o

.debug_info     0x00000000    0x11878
 .debug_info    0x00000000      0x136 camera.o
 .debug_info    0x00000136      0x236 edit.o
 .debug_info    0x0000036c      0xbd7 httpd.o
 .debug_info    0x00000f43      0x1b5 i2c.o
 .debug_info    0x000010f8      0x604 stm_m25p32.o
 .debug_info    0x000016fc      0x4de printf.o
 .debug_info    0x00001bda      0x3e3 xmodem.o
 .debug_info    0x00001fbd      0x5fe gps.o
 .debug_info    0x000025bb       0x54 myfunc.o
 .debug_info    0x0000260f       0xc4 main.o
 .debug_info    0x000026d3      0x289 malloc.o
 .debug_info    0x0000295c      0x8e9 string.o
 .debug_info    0x00003245     0x2158 srv.o
 .debug_info    0x0000539d      0x4b4 uart.o
 .debug_info    0x00005851      0xc54 colors.o
 .debug_info    0x000064a5      0xb0b jpeg.o
 .debug_info    0x00006fb0      0x487 neural.o
 .debug_info    0x00007437       0x64 init.o
 .debug_info    0x0000749b      0x3e4 sdcard.o
 .debug_info    0x0000787f      0x5da picoc/picoc.o
 .debug_info    0x00007e59      0x966 picoc/table.o
 .debug_info    0x000087bf     0x103e picoc/lex.o
 .debug_info    0x000097fd      0xd63 picoc/parse.o
 .debug_info    0x0000a560     0x14c1 picoc/expression.o
 .debug_info    0x0000ba21      0x343 picoc/heap.o
 .debug_info    0x0000bd64      0xe11 picoc/type.o
 .debug_info    0x0000cb75      0xc14 picoc/variable.o
 .debug_info    0x0000d789     0x122e picoc/clibrary.o
 .debug_info    0x0000e9b7     0x23d3 picoc/library_surveyor.o
 .debug_info    0x00010d8a      0x83e picoc/platform.o
 .debug_info    0x000115c8      0x2b0 picoc/platform_surveyor.o

.debug_line     0x00000000     0x42ee
 .debug_line    0x00000000       0x72 camera.o
 .debug_line    0x00000072       0xda edit.o
 .debug_line    0x0000014c      0x4a9 httpd.o
 .debug_line    0x000005f5       0xd2 i2c.o
 .debug_line    0x000006c7      0x1ac stm_m25p32.o
 .debug_line    0x00000873      0x1a1 printf.o
 .debug_line    0x00000a14      0x139 xmodem.o
 .debug_line    0x00000b4d      0x2ad gps.o
 .debug_line    0x00000dfa       0x3c myfunc.o
 .debug_line    0x00000e36      0x146 main.o
 .debug_line    0x00000f7c       0xaf malloc.o
 .debug_line    0x0000102b      0x1eb string.o
 .debug_line    0x00001216      0xc16 srv.o
 .debug_line    0x00001e2c      0x138 uart.o
 .debug_line    0x00001f64      0x3a1 colors.o
 .debug_line    0x00002305      0x315 jpeg.o
 .debug_line    0x0000261a      0x127 neural.o
 .debug_line    0x00002741       0x53 init.o
 .debug_line    0x00002794      0x114 sdcard.o
 .debug_line    0x000028a8       0xa4 picoc/picoc.o
 .debug_line    0x0000294c       0xf5 picoc/table.o
 .debug_line    0x00002a41      0x3b1 picoc/lex.o
 .debug_line    0x00002df2      0x2e3 picoc/parse.o
 .debug_line    0x000030d5      0x55e picoc/expression.o
 .debug_line    0x00003633      0x102 picoc/heap.o
 .debug_line    0x00003735      0x22f picoc/type.o
 .debug_line    0x00003964      0x177 picoc/variable.o
 .debug_line    0x00003adb      0x23d picoc/clibrary.o
 .debug_line    0x00003d18      0x409 picoc/library_surveyor.o
 .debug_line    0x00004121      0x11d picoc/platform.o
 .debug_line    0x0000423e       0xb0 picoc/platform_surveyor.o

.debug_frame    0x00000000     0x3cd8
 .debug_frame   0x00000000       0x4c camera.o
 .debug_frame   0x0000004c      0x100 edit.o
 .debug_frame   0x0000014c       0xd0 httpd.o
 .debug_frame   0x0000021c       0x50 i2c.o
 .debug_frame   0x0000026c      0x214 stm_m25p32.o
 .debug_frame   0x00000480      0x110 printf.o
 .debug_frame   0x00000590       0xc8 xmodem.o
 .debug_frame   0x00000658      0x1ac gps.o
 .debug_frame   0x00000804       0x28 myfunc.o
 .debug_frame   0x0000082c       0x38 main.o
 .debug_frame   0x00000864       0x94 malloc.o
 .debug_frame   0x000008f8      0x268 string.o
 .debug_frame   0x00000b60      0xc30 srv.o
 .debug_frame   0x00001790      0x1f4 uart.o
 .debug_frame   0x00001984      0x278 colors.o
 .debug_frame   0x00001bfc      0x1b0 jpeg.o
 .debug_frame   0x00001dac      0x16c neural.o
 .debug_frame   0x00001f18       0xa4 init.o
 .debug_frame   0x00001fbc      0x1a8 sdcard.o
 .debug_frame   0x00002164       0x74 picoc/picoc.o
 .debug_frame   0x000021d8      0x14c picoc/table.o
 .debug_frame   0x00002324      0x2b4 picoc/lex.o
 .debug_frame   0x000025d8      0x1e8 picoc/parse.o
 .debug_frame   0x000027c0      0x334 picoc/expression.o
 .debug_frame   0x00002af4       0xcc picoc/heap.o
 .debug_frame   0x00002bc0      0x1e0 picoc/type.o
 .debug_frame   0x00002da0      0x2d0 picoc/variable.o
 .debug_frame   0x00003070      0x340 picoc/clibrary.o
 .debug_frame   0x000033b0      0x798 picoc/library_surveyor.o
 .debug_frame   0x00003b48       0xf0 picoc/platform.o
 .debug_frame   0x00003c38       0xa0 picoc/platform_surveyor.o

.debug_loc      0x00000000    0x15ce7
 .debug_loc     0x00000000       0x5b camera.o
 .debug_loc     0x0000005b      0x2eb edit.o
 .debug_loc     0x00000346     0x18d7 httpd.o
 .debug_loc     0x00001c1d      0x2fc i2c.o
 .debug_loc     0x00001f19      0x89e stm_m25p32.o
 .debug_loc     0x000027b7      0xae4 printf.o
 .debug_loc     0x0000329b      0x6b7 xmodem.o
 .debug_loc     0x00003952      0xfe2 gps.o
 .debug_loc     0x00004934       0x3e myfunc.o
 .debug_loc     0x00004972       0x2b main.o
 .debug_loc     0x0000499d      0x1e1 malloc.o
 .debug_loc     0x00004b7e      0xd8a string.o
 .debug_loc     0x00005908     0x2b78 srv.o
 .debug_loc     0x00008480      0x6d3 uart.o
 .debug_loc     0x00008b53     0x133c colors.o
 .debug_loc     0x00009e8f     0x14f7 jpeg.o
 .debug_loc     0x0000b386      0x460 neural.o
 .debug_loc     0x0000b7e6      0x122 init.o
 .debug_loc     0x0000b908      0x6cb sdcard.o
 .debug_loc     0x0000bfd3       0xfa picoc/picoc.o
 .debug_loc     0x0000c0cd      0x614 picoc/table.o
 .debug_loc     0x0000c6e1     0x1133 picoc/lex.o
 .debug_loc     0x0000d814      0xcfe picoc/parse.o
 .debug_loc     0x0000e512     0x222e picoc/expression.o
 .debug_loc     0x00010740      0x313 picoc/heap.o
 .debug_loc     0x00010a53      0x94f picoc/type.o
 .debug_loc     0x000113a2      0xd07 picoc/variable.o
 .debug_loc     0x000120a9     0x11fa picoc/clibrary.o
 .debug_loc     0x000132a3     0x2204 picoc/library_surveyor.o
 .debug_loc     0x000154a7      0x61f picoc/platform.o
 .debug_loc     0x00015ac6      0x221 picoc/platform_surveyor.o

.debug_pubnames
                0x00000000     0x2dbe
 .debug_pubnames
                0x00000000       0x59 camera.o
 .debug_pubnames
                0x00000059       0xc0 edit.o
 .debug_pubnames
                0x00000119       0x80 httpd.o
 .debug_pubnames
                0x00000199       0x49 i2c.o
 .debug_pubnames
                0x000001e2      0x120 stm_m25p32.o
 .debug_pubnames
                0x00000302       0x44 printf.o
 .debug_pubnames
                0x00000346       0x5d xmodem.o
 .debug_pubnames
                0x000003a3       0xc7 gps.o
 .debug_pubnames
                0x0000046a       0x1d myfunc.o
 .debug_pubnames
                0x00000487       0x43 main.o
 .debug_pubnames
                0x000004ca       0xaf malloc.o
 .debug_pubnames
                0x00000579      0x144 string.o
 .debug_pubnames
                0x000006bd      0xb97 srv.o
 .debug_pubnames
                0x00001254      0x178 uart.o
 .debug_pubnames
                0x000013cc      0x165 colors.o
 .debug_pubnames
                0x00001531      0x2cc jpeg.o
 .debug_pubnames
                0x000017fd      0x142 neural.o
 .debug_pubnames
                0x0000193f       0x1f init.o
 .debug_pubnames
                0x0000195e       0xf9 sdcard.o
 .debug_pubnames
                0x00001a57       0x5f picoc/picoc.o
 .debug_pubnames
                0x00001ab6      0x109 picoc/table.o
 .debug_pubnames
                0x00001bbf      0x1f1 picoc/lex.o
 .debug_pubnames
                0x00001db0      0x12f picoc/parse.o
 .debug_pubnames
                0x00001edf      0x285 picoc/expression.o
 .debug_pubnames
                0x00002164       0xee picoc/heap.o
 .debug_pubnames
                0x00002252      0x241 picoc/type.o
 .debug_pubnames
                0x00002493      0x29c picoc/variable.o
 .debug_pubnames
                0x0000272f      0x1e2 picoc/clibrary.o
 .debug_pubnames
                0x00002911      0x343 picoc/library_surveyor.o
 .debug_pubnames
                0x00002c54       0xc1 picoc/platform.o
 .debug_pubnames
                0x00002d15       0xa9 picoc/platform_surveyor.o

.debug_aranges  0x00000000      0x3e0
 .debug_aranges
                0x00000000       0x20 camera.o
 .debug_aranges
                0x00000020       0x20 edit.o
 .debug_aranges
                0x00000040       0x20 httpd.o
 .debug_aranges
                0x00000060       0x20 i2c.o
 .debug_aranges
                0x00000080       0x20 stm_m25p32.o
 .debug_aranges
                0x000000a0       0x20 printf.o
 .debug_aranges
                0x000000c0       0x20 xmodem.o
 .debug_aranges
                0x000000e0       0x20 gps.o
 .debug_aranges
                0x00000100       0x20 myfunc.o
 .debug_aranges
                0x00000120       0x20 main.o
 .debug_aranges
                0x00000140       0x20 malloc.o
 .debug_aranges
                0x00000160       0x20 string.o
 .debug_aranges
                0x00000180       0x20 srv.o
 .debug_aranges
                0x000001a0       0x20 uart.o
 .debug_aranges
                0x000001c0       0x20 colors.o
 .debug_aranges
                0x000001e0       0x20 jpeg.o
 .debug_aranges
                0x00000200       0x20 neural.o
 .debug_aranges
                0x00000220       0x20 init.o
 .debug_aranges
                0x00000240       0x20 sdcard.o
 .debug_aranges
                0x00000260       0x20 picoc/picoc.o
 .debug_aranges
                0x00000280       0x20 picoc/table.o
 .debug_aranges
                0x000002a0       0x20 picoc/lex.o
 .debug_aranges
                0x000002c0       0x20 picoc/parse.o
 .debug_aranges
                0x000002e0       0x20 picoc/expression.o
 .debug_aranges
                0x00000300       0x20 picoc/heap.o
 .debug_aranges
                0x00000320       0x20 picoc/type.o
 .debug_aranges
                0x00000340       0x20 picoc/variable.o
 .debug_aranges
                0x00000360       0x20 picoc/clibrary.o
 .debug_aranges
                0x00000380       0x20 picoc/library_surveyor.o
 .debug_aranges
                0x000003a0       0x20 picoc/platform.o
 .debug_aranges
                0x000003c0       0x20 picoc/platform_surveyor.o

.debug_str      0x00000000     0x3d55
 .debug_str     0x00000000       0xc8 camera.o
                                 0xce (size before relaxing)
 .debug_str     0x000000c8       0xac edit.o
                                 0xee (size before relaxing)
 .debug_str     0x00000174      0x49f httpd.o
                                0x549 (size before relaxing)
 .debug_str     0x00000613       0x4d i2c.o
                                 0xac (size before relaxing)
 .debug_str     0x00000660      0x263 stm_m25p32.o
                                0x2f7 (size before relaxing)
 .debug_str     0x000008c3       0xd5 printf.o
                                0x143 (size before relaxing)
 .debug_str     0x00000998       0xce xmodem.o
                                0x13e (size before relaxing)
 .debug_str     0x00000a66       0xa1 gps.o
                                0x157 (size before relaxing)
 .debug_str     0x00000b07       0x10 myfunc.o
                                 0x48 (size before relaxing)
 .debug_str     0x00000b17        0xc main.o
                                 0x6f (size before relaxing)
 .debug_str     0x00000b23       0x6a malloc.o
                                 0xdb (size before relaxing)
 .debug_str     0x00000b8d      0x135 string.o
                                0x1be (size before relaxing)
 .debug_str     0x00000cc2      0x8ee srv.o
                                0xbab (size before relaxing)
 .debug_str     0x000015b0      0x14c uart.o
                                0x205 (size before relaxing)
 .debug_str     0x000016fc       0xe0 colors.o
                                0x1fa (size before relaxing)
 .debug_str     0x000017dc      0x439 jpeg.o
                                0x4f6 (size before relaxing)
 .debug_str     0x00001c15       0xd9 neural.o
                                0x172 (size before relaxing)
 .debug_str     0x00001cee       0x43 init.o
                                 0x6d (size before relaxing)
 .debug_str     0x00001d31       0xc9 sdcard.o
                                0x14a (size before relaxing)
 .debug_str     0x00001dfa      0x2a1 picoc/picoc.o
                                0x40a (size before relaxing)
 .debug_str     0x0000209b      0x11f picoc/table.o
                                0x4c4 (size before relaxing)
 .debug_str     0x000021ba      0x899 picoc/lex.o
                                0xc81 (size before relaxing)
 .debug_str     0x00002a53      0x29f picoc/parse.o
                                0xbb6 (size before relaxing)
 .debug_str     0x00002cf2      0x4f6 picoc/expression.o
                                0xeac (size before relaxing)
 .debug_str     0x000031e8      0x123 picoc/heap.o
                                0x1df (size before relaxing)
 .debug_str     0x0000330b      0x1c7 picoc/type.o
                                0xb9c (size before relaxing)
 .debug_str     0x000034d2      0x266 picoc/variable.o
                                0x6e2 (size before relaxing)
 .debug_str     0x00003738      0x259 picoc/clibrary.o
                                0x699 (size before relaxing)
 .debug_str     0x00003991      0x29b picoc/library_surveyor.o
                                0x805 (size before relaxing)
 .debug_str     0x00003c2c       0xb9 picoc/platform.o
                                0x4d1 (size before relaxing)
 .debug_str     0x00003ce5       0x70 picoc/platform_surveyor.o
                                0x1f1 (size before relaxing)

.comment        0x00000000      0x364
 .comment       0x00000000       0x1c camera.o
 .comment       0x0000001c       0x1c edit.o
 .comment       0x00000038       0x1c httpd.o
 .comment       0x00000054       0x1c i2c.o
 .comment       0x00000070       0x1c stm_m25p32.o
 .comment       0x0000008c       0x1c printf.o
 .comment       0x000000a8       0x1c xmodem.o
 .comment       0x000000c4       0x1c gps.o
 .comment       0x000000e0       0x1c myfunc.o
 .comment       0x000000fc       0x1c main.o
 .comment       0x00000118       0x1c malloc.o
 .comment       0x00000134       0x1c string.o
 .comment       0x00000150       0x1c srv.o
 .comment       0x0000016c       0x1c uart.o
 .comment       0x00000188       0x1c colors.o
 .comment       0x000001a4       0x1c jpeg.o
 .comment       0x000001c0       0x1c neural.o
 .comment       0x000001dc       0x1c init.o
 .comment       0x000001f8       0x1c sdcard.o
 .comment       0x00000214       0x1c picoc/picoc.o
 .comment       0x00000230       0x1c picoc/table.o
 .comment       0x0000024c       0x1c picoc/lex.o
 .comment       0x00000268       0x1c picoc/parse.o
 .comment       0x00000284       0x1c picoc/expression.o
 .comment       0x000002a0       0x1c picoc/heap.o
 .comment       0x000002bc       0x1c picoc/type.o
 .comment       0x000002d8       0x1c picoc/variable.o
 .comment       0x000002f4       0x1c picoc/clibrary.o
 .comment       0x00000310       0x1c picoc/library_surveyor.o
 .comment       0x0000032c       0x1c picoc/platform.o
 .comment       0x00000348       0x1c picoc/platform_surveyor.o

.debug_ranges   0x00000000      0x828
 .debug_ranges  0x00000000      0x268 httpd.o
 .debug_ranges  0x00000268       0x28 printf.o
 .debug_ranges  0x00000290       0x70 xmodem.o
 .debug_ranges  0x00000300       0x78 string.o
 .debug_ranges  0x00000378       0x38 init.o
 .debug_ranges  0x000003b0       0xb8 picoc/table.o
 .debug_ranges  0x00000468       0x80 picoc/lex.o
 .debug_ranges  0x000004e8       0x48 picoc/parse.o
 .debug_ranges  0x00000530      0x2a0 picoc/expression.o
 .debug_ranges  0x000007d0       0x18 picoc/type.o
 .debug_ranges  0x000007e8       0x40 picoc/clibrary.o
