
Allocating common symbols
Common symbol       size              file

imgWidth            0x4               srv.o
rfailsafe           0x4               srv.o
j                   0x4               srv.o
Y2                  0x80              jpeg.o
x_acc               0x4               srv.o
i                   0x4               srv.o
blobcnt             0xfc              colors.o
segmentation_flag   0x4               srv.o
Temp                0x80              jpeg.o
Cqt                 0x40              jpeg.o
ymax                0x44              colors.o
blobx1              0xfc              colors.o
pwm2_init           0x4               srv.o
Y3                  0x80              jpeg.o
base                0x8               malloc.o
sonar_data          0x14              srv.o
weights             0x1400            neural.o
teach_neurons       0x40              neural.o
nerror              0x80              neural.o
y_acc0              0x4               srv.o
StringHashTable     0x184             picoc/table.o
CharArrayType       0x4               picoc/type.o
Y4                  0x80              jpeg.o
FunctionType        0x20              picoc/type.o
umax                0x44              colors.o
ICqt                0x80              jpeg.o
hist0               0x400             colors.o
heap_end            0x4               malloc.o
quality             0x4               srv.o
y_acc               0x4               srv.o
output_start        0x4               srv.o
hist1               0x400             colors.o
pwm1_init           0x4               srv.o
image_size          0x4               srv.o
ILqt                0x80              jpeg.o
heap_start          0x4               malloc.o
pwm1_mode           0x4               srv.o
neurons             0x180             neural.o
x_center            0x4               srv.o
blobix              0xfc              colors.o
EnumType            0x20              picoc/type.o
VoidType            0x20              picoc/type.o
lfailsafe           0x4               srv.o
edge_thresh         0x4               srv.o
master              0x4               srv.o
bloby2              0xfc              colors.o
mean                0xc               colors.o
base_speed          0x4               srv.o
rspeed2             0x4               srv.o
lspeed              0x4               srv.o
GlobalHashTable     0x634             picoc/variable.o
vmax                0x44              colors.o
CR                  0x80              jpeg.o
overlay_flag        0x4               srv.o
StringTable         0x8               picoc/table.o
lspeed2             0x4               srv.o
err1                0x4               srv.o
cp                  0x4               srv.o
Lqt                 0x40              jpeg.o
GlobalTable         0x8               picoc/variable.o
MacroType           0x20              picoc/type.o
Type_Type           0x20              picoc/type.o
CharType            0x20              picoc/type.o
output_end          0x4               srv.o
CB                  0x80              jpeg.o
pwm2_mode           0x4               srv.o
CharPtrType         0x4               picoc/type.o
fdct_temp           0x80              jpeg.o
framecount          0x4               srv.o
vmin                0x44              colors.o
heap_ptr            0x4               malloc.o
bloby1              0xfc              colors.o
WordType            0x20              picoc/type.o
x_acc0              0x4               srv.o
IntType             0x20              picoc/type.o
imgHead             0xb               srv.o
read_format         0x4               jpeg.o
silent_console      0x4               srv.o
edge_detect_flag    0x4               srv.o
imgHeight           0x4               srv.o
UberType            0x20              picoc/type.o
failsafe_clock      0x4               srv.o
blobx2              0xfc              colors.o
dlist2              0xc               camera.o
y_center            0x4               srv.o
xbuff               0x406             xmodem.o
errjmp              0xa4              picoc/picoc.o
dlist1              0xc               camera.o
ymin                0x44              colors.o
umin                0x44              colors.o
rspeed              0x4               srv.o
frame_diff_flag     0x4               srv.o
ix                  0x4               srv.o
Y1                  0x80              jpeg.o

Memory Configuration

Name             Origin             Length             Attributes
ram              0x00000000         0x02000000         xrw
l1code           0xffa00000         0x00010000         x
l1data_a         0xff800000         0x00008000         rw
l1data_b         0xff900000         0x00008000         rw
scratchpad       0xffb00000         0x00001000         rw
*default*        0x00000000         0xffffffff

Linker script and memory map


.sdram.text
 camera.o(.sdram.text)
 edit.o(.sdram.text)
 i2c.o(.sdram.text)
 stm_m25p32.o(.sdram.text)
 printf.o(.sdram.text)
 xmodem.o(.sdram.text)
 myfunc.o(.sdram.text)
 *(.gnu.warning)

.l1code         0xffa00000     0x69d8
 main.o(.text)
 .text          0xffa00000      0x2bc main.o
                0xffa00000                main
 math.o(.text)
 .text          0xffa002bc      0x200 math.o
                0xffa00388                __umodsi3
                0xffa003ba                __divsi3
                0xffa002bc                __udivsi3
 malloc.o(.text)
 .text          0xffa004bc      0x1a4 malloc.o
                0xffa00598                morecore
                0xffa00510                free
                0xffa004bc                init_heap
                0xffa004fc                sbrk
                0xffa005dc                malloc
 srv.o(.text)
 .text          0xffa00660     0x2fd4 srv.o
                0xffa01478                motor_command
                0xffa02230                process_i2c
                0xffa0232c                restore_video
                0xffa02558                xmodem_receive
                0xffa00dfc                clearRTC
                0xffa00f1c                delayUS
                0xffa02368                invert_video
                0xffa008a4                grab_reference_frame
                0xffa00e0c                delayMS
                0xffa01664                set_edge_thresh
                0xffa00f90                delayNS
                0xffa00b2c                setPPM1
                0xffa010a4                rand
                0xffa02494                read_user_sector
                0xffa00d68                initRTC
                0xffa02810                serial_out_flashbuffer
                0xffa0259c                camera_reset
                0xffa023a4                write_boot_flash
                0xffa008d8                initPWM
                0xffa00970                init_sonar
                0xffa01020                check_failsafe
                0xffa019e0                show_stack_ptr
                0xffa02ea0                process_colors
                0xffa01d94                laser_range
                0xffa019c8                show_heap_ptr
                0xffa01600                overlay_on
                0xffa01904                lasers_off
                0xffa00730                clear_sdram
                0xffa00774                led1_on
                0xffa0157c                change_image_quality
                0xffa00758                stack_remaining
                0xffa00ca4                check_bounds_0_100
                0xffa0087c                move_image
                0xffa02408                write_user_sector
                0xffa019f0                process_neuralnet
                0xffa0120c                ppm2_command
                0xffa00a40                setPWM
                0xffa021f8                show_laser_range
                0xffa0252c                crc_flash_buffer
                0xffa02878                send_frame
                0xffa018dc                check_battery
                0xffa013ec                motor_increase_base_speed
                0xffa01740                ping_sonar
                0xffa01548                clear_flash_buffer
                0xffa011a4                enable_failsafe
                0xffa01934                lasers_on
                0xffa01284                ppm1_command
                0xffa012fc                motor_action
                0xffa00d88                readRTC
                0xffa00cc0                motor_trim_right
                0xffa00764                led0_on
                0xffa00d14                motor_trim_left
                0xffa00660                init_io
                0xffa01980                serial_out_version
                0xffa00784                compute_frame_diff
                0xffa02550                launch_editor
                0xffa016a8                enable_edge_detect
                0xffa02df8                grab_frame
                0xffa016e0                enable_segmentation
                0xffa02468                write_user_flash
                0xffa00e3c                motor_set
                0xffa0093c                initTMR4
                0xffa00998                initPPM1
                0xffa00be8                setPPM2
                0xffa01354                motor_decrease_base_speed
                0xffa009ec                initPPM2
                0xffa01964                serial_out_time
                0xffa007dc                set_caption
                0xffa01628                disable_frame_diff
                0xffa00704                reset_cpu
                0xffa024ec                read_user_flash
                0xffa01150                isqrt
                0xffa01008                reset_failsafe_clock
                0xffa0117c                disable_failsafe
                0xffa015d8                overlay_off
                0xffa01708                enable_frame_diff
                0xffa02750                camera_setup
 uart.o(.text)
 .text          0xffa03634      0x314 uart.o
                0xffa037dc                uart1SendChar
                0xffa03850                uart1GetCh
                0xffa037b8                uart0GetChar
                0xffa03680                init_fast_uart0
                0xffa03778                uart0SendChars
                0xffa0379c                uart0GetCh
                0xffa0374c                uart0SendString
                0xffa0371c                uart0SendChar
                0xffa0382c                uart1SendChars
                0xffa03634                init_uart0
                0xffa03890                printNumber
                0xffa03800                uart1SendString
                0xffa0386c                uart1GetChar
                0xffa036cc                init_uart1
 float.o(.text)
 .text          0xffa03948      0xbb4 float.o
                0xffa03948                bytesToFloat
                0xffa042c0                printFloat
                0xffa0407c                bigMulti
                0xffa04224                power
                0xffa03ee4                isOne
                0xffa03978                minus
                0xffa0423c                printBinary
                0xffa03f90                intToFloat
                0xffa03984                divFloat
                0xffa0396c                parseFloat
                0xffa044d4                printExponent
                0xffa0427c                printMantissa
                0xffa03f84                lteFloat
                0xffa03a40                addFloat
                0xffa04100                mulFloat
                0xffa03ef4                gteFloat
                0xffa03d34                subFloat
                0xffa04464                floatInBinary
 colors.o(.text)
 .text          0xffa044fc      0xcf4 colors.o
                0xffa046a8                vmean
                0xffa04924                edge_detect
                0xffa04ac4                svs_segcode
                0xffa04770                color_segment
                0xffa04cb8                vblob
                0xffa04580                blob_merge
                0xffa04c1c                svs_segview
                0xffa044fc                init_colors
                0xffa045dc                vhist
                0xffa0454c                vpix
 jpeg.o(.text)
 .text          0xffa051f0      0xdc4 jpeg.o
                0xffa05dbc                DCT
                0xffa057b0                close_bitstream
                0xffa05dd0                encodeMCU
                0xffa052e8                huffman
                0xffa05824                write_markers
                0xffa05ecc                encode_image
                0xffa05a44                initialize_quantization_tables
                0xffa05c08                read_422_format
                0xffa051f0                initialization
                0xffa052c8                levelshift
                0xffa05b38                quantization
                0xffa05b88                read_400_format
 r8x8dct.o(.text)
 *fill*         0xffa05fb4        0x4 00
 .text          0xffa05fb8       0xf0 r8x8dct.o
                0xffa05fb8                _r8x8dct
 spi.o(.text)
 .text          0xffa060a8      0x1e8 spi.o
                0xffa06190                svs_master
                0xffa060a8                svs_slave
 uart.o(.text)
 setjmp.o(.text)
 .text          0xffa06290      0x184 setjmp.o
                0xffa06290                longjmp
                0xffa06358                setjmp
 neural.o(.text)
 .text          0xffa06414      0x5c4 neural.o
                0xffa067b4                nnpack8x8
                0xffa069a0                nninit_network
                0xffa06830                nndisplay
                0xffa064ac                f_logic
                0xffa0650c                nncalculate_network
                0xffa065f4                nncalculate_errors
                0xffa068c4                nntrain_network
                0xffa068b0                nninit_pattern
                0xffa06414                nnset_pattern
                0xffa066a8                nnscale8x8

.text           0x00000000     0x5f10
 .text          0x00000000       0xf0 camera.o
                0x00000000                camera_init
                0x000000a8                camera_start
                0x000000cc                camera_stop
 .text          0x000000f0      0x340 edit.o
                0x00000288                insert_char
                0x00000138                find_next_line
                0x00000300                edit
                0x000001d4                find_buffer_end
                0x000000f0                delete_char
                0x0000021c                print_lines
                0x000002e0                print_help
                0x00000188                find_previous_line
 .text          0x00000430      0x1c8 i2c.o
                0x00000430                i2cwrite
                0x00000500                i2cread
 .text          0x000005f8      0x4d4 stm_m25p32.o
                0x000006d4                SetupSPI
                0x00000794                spi_read
                0x0000082c                Wait_For_WEL
                0x000006b4                SPI_OFF
                0x00000894                WriteFlash
                0x00000a00                spi_write
                0x00000604                spi_init_r
                0x00000984                EraseBlock
                0x000007f4                Wait_For_Status
                0x00000650                GetSectorNumber
                0x00000930                WriteData
                0x000005f8                spi_init_f
                0x000007b0                ReadStatusRegister
                0x00000860                SendSingleCommand
                0x00000704                ReadData
                0x00000610                Wait_For_SPIF
                0x00000678                udelay
 .text          0x00000acc      0x338 printf.o
                0x00000dc8                sprintf
                0x00000de4                printf
 .text          0x00000e04      0x4f8 xmodem.o
                0x00000e90                xmodemTransmit
                0x00000e40                _inbyte
                0x00000e04                crc16_ccitt
                0x00001108                xmodemReceive
 .text          0x000012fc       0x28 myfunc.o
                0x000012fc                myfunc
 .text          0x00001324       0xd0 init.o
                0x00001324                initcode
 .text          0x000013f4      0x2a4 string.o
                0x000013f4                strcmp
                0x00001470                strncpy
                0x000014a8                atoi
                0x00001628                memcpy
                0x00001644                memset
                0x00001658                ctoi
                0x0000158c                itoa
                0x00001670                strdup
                0x00001554                reverse
                0x00001448                strchr
                0x00001460                strcpy
                0x00001414                strncmp
                0x0000161c                isdigit
                0x00001534                strlen
 .text          0x00001698      0x278 picoc/clibrary.o
                0x00001750                LibPrintf
                0x000016c0                PrintInt
                0x00001698                PrintStr
                0x00001884                LibraryInit
 .text          0x00001910      0x230 picoc/heap.o
                0x000019c4                HeapFree
                0x00001aec                HeapAllocStack
                0x00001984                HeapPushStackFrame
                0x000019a4                HeapPopStackFrame
                0x00001a1c                HeapAlloc
                0x0000195c                HeapPopStack
                0x00001910                HeapInit
 .text          0x00001b40      0xdb0 picoc/lex.o
                0x00001e88                LexInteractiveClear
                0x000028c4                LexInit
                0x00002014                LexGetCharacterConstant
                0x00001df8                LexInitParser
                0x00002174                LexGetWord
                0x00001b40                LexCheckReservedWord
                0x00001e24                LexInteractiveCompleted
                0x00001ecc                LexCopyTokens
                0x00001e14                LexInteractiveStatementPrompt
                0x00001c8c                LexUnEscapeCharacter
                0x00002890                LexToEndOfLine
                0x00001ba4                LexGetNumber
                0x00001b68                IsBaseDigit
                0x000025ac                LexAnalyse
                0x000025d0                LexGetToken
                0x00001d5c                LexSkipComment
                0x00001dd4                LexTokenSize
                0x00002204                LexScanGetToken
                0x000024f8                LexTokenise
                0x00002068                LexGetStringConstant
 .text          0x000028f0      0xae0 picoc/parse.o
                0x000029a4                ParseFunctionDefinition
                0x00003194                ParseBlock
                0x00002bd4                ParseDeclaration
                0x000028f0                ParserCopyPos
                0x0000321c                ParseStatementMaybeRun
                0x00003250                ParseFor
                0x00003130                Parse
                0x00002d20                ParseStatement
                0x00002900                ParseMacroDefinition
                0x000030d4                ParseInteractive
 .text          0x000033d0      0x120 picoc/picoc.o
                0x00003428                picoc
                0x000033d0                Initialise
 .text          0x000034f0     0x1128 picoc/platform_library.o
                0x000037a0                Ctan
                0x00004158                Cvrcap
                0x00003eb4                Cwritei2c
                0x0000417c                Csonar
                0x00003eb0                Cnninit
                0x000035c4                Csin
                0x00003c58                Cnnmatchblob
                0x000034f0                Claser
                0x00004160                Crange
                0x00003534                Cvcolor
                0x00003c28                Cnnshow
                0x0000425c                Cservos
                0x000036b0                Ccos
                0x000039f4                Cacos
                0x000041e4                Cservos2
                0x00003f60                Ccompass
                0x000042d4                Cmotors
                0x00003ac4                Casin
                0x0000415c                Cvcap
                0x0000410c                Cvpix
                0x000038bc                Catan
                0x00003b80                Cnnlearnblob
                0x00003f28                Creadi2c
                0x00003ee8                Creadi2c2
                0x000043cc                Cinput
                0x0000438c                Crand
                0x00004374                Ctime
                0x00003e28                Cnntrain
                0x000035b0                Cvdiff
                0x000043b4                Cdelay
                0x00003fd4                Cvblob
                0x00004418                PlatformLibraryInit
                0x0000460c                SayHello
                0x00003d64                Cnntest
                0x000039a8                Cnnset
                0x000045f8                PrintInteger
                0x000043e8                Csignal
                0x000040cc                Cvmean
 .text          0x00004618      0x204 picoc/platform_support.o
                0x00004718                PlatformPrintf
                0x00004618                PlatformSetExitPoint
                0x00004640                PlatformPutc
                0x000047b4                PlatformGetLine
                0x00004734                LexFail
                0x00004648                PlatformVPrintf
                0x00004770                ProgramFail
                0x00004624                PlatformExit
 .text          0x0000481c      0x1f0 picoc/table.o
                0x00004954                TableStrRegister
                0x00004858                TableGet
                0x0000488c                TableSetIdentifier
                0x000049bc                TableInitTable
                0x00004940                TableStrRegister2
                0x00004970                TableSet
                0x000049d0                TableInit
 .text          0x00004a0c      0x63c picoc/type.o
                0x00004a34                TypeStackSizeValue
                0x00004ad4                TypeInit
                0x00004a64                TypeAddBaseType
                0x00004c10                TypeParseStruct
                0x00004a48                TypeSize
                0x00004e74                TypeParse
                0x00004ea0                TypeParseIdentPart
                0x00004b9c                TypeGetMatching
                0x00004dd0                TypeParseFront
                0x00004a0c                TypeSizeValue
                0x00004a94                TypeAdd
 .text          0x00005048      0x4a0 picoc/variable.o
                0x00005210                VariableDefined
                0x00005148                VariableStackPop
                0x00005048                VariableStackFramePop
                0x00005314                VariableAllocValueAndData
                0x0000534c                VariableDefinePlatformVar
                0x0000549c                VariableAllocValueFromType
                0x00005114                VariableInit
                0x00005098                VariableStackFrameAdd
                0x000051b4                VariableGet
                0x000053f0                VariableAllocValueAndCopy
                0x000052ec                VariableAllocValueShared
                0x000052b4                VariableAllocValueFromExistingData
                0x0000526c                VariableAlloc
                0x00005438                VariableDefine
 .text          0x000054e8      0xa28 picoc/expression.o
                0x00005ea4                ExpressionParseInt
                0x000054e8                ParsePushInt
                0x00005510                ExpressionParseValue
                0x00005c4c                ExpressionParseFunctionCall
                0x00005904                ExpressionParse

.l1data         0xff800000     0x150c
 *(.data)
 .data          0xff800000        0x0 camera.o
 .data          0xff800000        0x0 edit.o
 .data          0xff800000        0x0 i2c.o
 .data          0xff800000        0x0 stm_m25p32.o
 .data          0xff800000        0x0 printf.o
 .data          0xff800000        0x0 xmodem.o
 .data          0xff800000        0x0 myfunc.o
 .data          0xff800000        0x0 main.o
 .data          0xff800000        0x0 math.o
 .data          0xff800000        0x0 malloc.o
 .data          0xff800000      0x910 srv.o
                0xff800462                vhpel
                0xff800408                version_string
                0xff800008                font8x8
                0xff800000                fontmask
                0xff800430                frame
                0xff800450                hhpel
                0xff800474                rand_seed
 .data          0xff800910        0x0 uart.o
 .data          0xff800910        0x0 float.o
 .data          0xff800910        0x0 colors.o
 .data          0xff800910      0x8f0 jpeg.o
                0xff801140                zigzag_table
                0xff800968                chrominance_dc_size_table
                0xff800c08                chrominance_ac_code_table
                0xff800ac4                luminance_ac_size_table
                0xff800980                luminance_ac_code_table
                0xff800938                luminance_dc_size_table
                0xff800950                chrominance_dc_code_table
                0xff801180                luminance_quant_table
                0xff800f90                markerdata
                0xff800920                luminance_dc_code_table
                0xff800910                fdct_coeff
                0xff8011c0                chrominance_quant_table
                0xff800e90                bitsize
                0xff800d4c                chrominance_ac_size_table
 .data          0xff801200        0x0 r8x8dct.o
 .data          0xff801200        0x0 spi.o
 .data          0xff801200        0x0 setjmp.o
 .data          0xff801200       0x8c neural.o
                0xff801204                npattern
                0xff801284                nmask
                0xff801200                learn
 .data          0xff80128c        0x0 init.o
 .data          0xff80128c        0x0 string.o
 .data          0xff80128c       0x10 picoc/clibrary.o
                0xff80128c                CLibrary
 .data          0xff80129c        0xc picoc/heap.o
 .data          0xff8012a8      0x130 picoc/lex.o
 .data          0xff8013d8        0x0 picoc/parse.o
 .data          0xff8013d8        0x0 picoc/picoc.o
 .data          0xff8013d8      0x134 picoc/platform_library.o
                0xff8013d8                PlatformLibrary
 .data          0xff80150c        0x0 picoc/platform_support.o
 .data          0xff80150c        0x0 picoc/table.o
 .data          0xff80150c        0x0 picoc/type.o
 .data          0xff80150c        0x0 picoc/variable.o
 .data          0xff80150c        0x0 picoc/expression.o
 *(.l1data)
 *(.l1data.a)

.l1data.b
 *(.l1data.b)

.rodata         0xff80150c     0x2038
 *(.rodata .rodata.* .gnu.linkonce.r.*)
 .rodata.str1.4
                0xff80150c       0xb2 edit.o
                                 0xb4 (size before relaxing)
 *fill*         0xff8015be        0x2 00
 .rodata        0xff8015c0       0x5c edit.o
 .rodata.str1.4
                0xff80161c        0x7 printf.o
                                  0x8 (size before relaxing)
 *fill*         0xff801623        0x1 00
 .rodata        0xff801624      0x200 xmodem.o
 .rodata.str1.4
                0xff801824       0x14 myfunc.o
 .rodata.str1.4
                0xff801838        0xb main.o
                                  0xc (size before relaxing)
 *fill*         0xff801843        0x1 00
 .rodata        0xff801844      0x23c main.o
 .rodata        0xff801a80      0x104 srv.o
 .rodata.str1.4
                0xff801b84      0x5ce srv.o
                                0x5dc (size before relaxing)
 *fill*         0xff802152        0x2 00
 .rodata        0xff802154       0x10 uart.o
 .rodata.str1.4
                0xff802164       0x33 float.o
                                 0x34 (size before relaxing)
 *fill*         0xff802197        0x1 00
 .rodata.str1.4
                0xff802198       0x27 colors.o
                                 0x28 (size before relaxing)
 *fill*         0xff8021bf        0x1 00
 .rodata.str1.4
                0xff8021c0       0x5b spi.o
                                 0x5c (size before relaxing)
 *fill*         0xff80221b        0x1 00
 .rodata.str1.4
                0xff80221c        0x8 neural.o
                                  0xc (size before relaxing)
 .rodata.str1.4
                0xff802224       0x29 picoc/clibrary.o
                                 0x2c (size before relaxing)
 *fill*         0xff80224d        0x3 00
 .rodata        0xff802250      0x2cc picoc/lex.o
 .rodata.str1.4
                0xff80251c       0xee picoc/lex.o
                                 0xf8 (size before relaxing)
 *fill*         0xff80260a        0x2 00
 .rodata.str1.4
                0xff80260c      0x195 picoc/parse.o
                                0x19c (size before relaxing)
 *fill*         0xff8027a1        0x3 00
 .rodata        0xff8027a4       0x94 picoc/parse.o
 .rodata.str1.4
                0xff802838       0x5f picoc/picoc.o
                                 0x6c (size before relaxing)
 *fill*         0xff802897        0x1 00
 .rodata.str1.4
                0xff802898      0x5d2 picoc/platform_library.o
                                0x5e8 (size before relaxing)
 *fill*         0xff802e6a        0x2 00
 .rodata        0xff802e6c      0x16c picoc/platform_library.o
 .rodata.str1.4
                0xff802fd8        0x8 picoc/platform_support.o
                                 0x1c (size before relaxing)
 .rodata.str1.4
                0x00000000        0x8 picoc/table.o
                                 0x14 (size before relaxing)
 .rodata.str1.4
                0xff802fe0       0xd9 picoc/type.o
                                 0xec (size before relaxing)
 *fill*         0xff8030b9        0x3 00
 .rodata        0xff8030bc       0x2c picoc/type.o
 .rodata.str1.4
                0xff8030e8       0x42 picoc/variable.o
                                 0x6c (size before relaxing)
 *fill*         0xff80312a        0x2 00
 .rodata.str1.4
                0xff80312c      0x2bc picoc/expression.o
                                0x300 (size before relaxing)
 .rodata        0xff8033e8      0x15c picoc/expression.o

.data
 *(.data .data.* .gnu.linkonce.d.*)

.ctors
 *crtbegin*.o(.ctors)
 *(EXCLUDE_FILE(*crtend*.o) .ctors)
 *(SORT(.ctors.*))
 *(.ctors)

.dtors
 *crtbegin*.o(.dtors)
 *(EXCLUDE_FILE(*crtend*.o) .dtors)
 *(SORT(.dtors.*))
 *(.dtors)

.sdram.bss      0x00005f10        0x0
                0x00005f10                __sdram_bss_start = .
 *(.bss.sdram)
                0x00005f10                . = ALIGN (0x4)
                0x00005f10                __sdram_bss_end = .

.bss            0xff900000     0x3a90
                0xff900000                __bss_start = .
 *(.dynbss)
 *(.bss .bss.* .gnu.linkonce.b.*)
 .bss           0xff900000        0x0 camera.o
 .bss           0xff900000       0x10 edit.o
 .bss           0xff900010        0x0 i2c.o
 .bss           0xff900010        0x0 stm_m25p32.o
 .bss           0xff900010        0x0 printf.o
 .bss           0xff900010        0x0 xmodem.o
 .bss           0xff900010        0x0 myfunc.o
 .bss           0xff900010        0x0 main.o
 .bss           0xff900010        0x0 math.o
 .bss           0xff900010        0x4 malloc.o
                0xff900010                allocp
 .bss           0xff900014        0x4 srv.o
                0xff900014                failsafe_mode
 .bss           0xff900018        0x0 uart.o
 .bss           0xff900018        0x0 float.o
 .bss           0xff900018        0x0 colors.o
 .bss           0xff900018        0x8 jpeg.o
                0xff900018                lcode
                0xff90001c                bitindex
 .bss           0xff900020        0x0 r8x8dct.o
 .bss           0xff900020        0x0 spi.o
 .bss           0xff900020        0x0 setjmp.o
 .bss           0xff900020        0x0 neural.o
 .bss           0xff900020        0x0 init.o
 .bss           0xff900020        0x0 string.o
 .bss           0xff900020        0x0 picoc/clibrary.o
 .bss           0xff900020       0x24 picoc/heap.o
 .bss           0xff900044       0x3c picoc/lex.o
 .bss           0xff900080        0x0 picoc/parse.o
 .bss           0xff900080        0x0 picoc/picoc.o
 .bss           0xff900080       0x3c picoc/platform_library.o
 .bss           0xff9000bc        0x0 picoc/platform_support.o
 .bss           0xff9000bc        0x4 picoc/table.o
                0xff9000bc                StrEmpty
 .bss           0xff9000c0        0x0 picoc/type.o
 .bss           0xff9000c0        0x4 picoc/variable.o
                0xff9000c0                TopStackFrame
 .bss           0xff9000c4        0x0 picoc/expression.o
 *(COMMON)
 COMMON         0xff9000c4       0x18 camera.o
                0xff9000c4                dlist2
                0xff9000d0                dlist1
 COMMON         0xff9000dc      0x406 xmodem.o
                0xff9000dc                xbuff
 *fill*         0xff9004e2        0x2 00
 COMMON         0xff9004e4       0x14 malloc.o
                0xff9004e4                base
                0xff9004ec                heap_end
                0xff9004f0                heap_start
                0xff9004f4                heap_ptr
 COMMON         0xff9004f8       0xb4 srv.o
                0xff9004f8                imgWidth
                0xff9004fc                rfailsafe
                0xff900500                j
                0xff900504                x_acc
                0xff900508                i
                0xff90050c                segmentation_flag
                0xff900510                pwm2_init
                0xff900514                sonar_data
                0xff900528                y_acc0
                0xff90052c                quality
                0xff900530                y_acc
                0xff900534                output_start
                0xff900538                pwm1_init
                0xff90053c                image_size
                0xff900540                pwm1_mode
                0xff900544                x_center
                0xff900548                lfailsafe
                0xff90054c                edge_thresh
                0xff900550                master
                0xff900554                base_speed
                0xff900558                rspeed2
                0xff90055c                lspeed
                0xff900560                overlay_flag
                0xff900564                lspeed2
                0xff900568                err1
                0xff90056c                cp
                0xff900570                output_end
                0xff900574                pwm2_mode
                0xff900578                framecount
                0xff90057c                x_acc0
                0xff900580                imgHead
                0xff90058c                silent_console
                0xff900590                edge_detect_flag
                0xff900594                imgHeight
                0xff900598                failsafe_clock
                0xff90059c                y_center
                0xff9005a0                rspeed
                0xff9005a4                frame_diff_flag
                0xff9005a8                ix
 COMMON         0xff9005ac      0xf8c colors.o
                0xff9005ac                blobcnt
                0xff9006a8                ymax
                0xff9006ec                blobx1
                0xff9007e8                umax
                0xff90082c                hist0
                0xff900c2c                hist1
                0xff90102c                blobix
                0xff901128                bloby2
                0xff901224                mean
                0xff901230                vmax
                0xff901274                vmin
                0xff9012b8                bloby1
                0xff9013b4                blobx2
                0xff9014b0                ymin
                0xff9014f4                umin
 COMMON         0xff901538      0x584 jpeg.o
                0xff901538                Y2
                0xff9015b8                Temp
                0xff901638                Cqt
                0xff901678                Y3
                0xff9016f8                Y4
                0xff901778                ICqt
                0xff9017f8                ILqt
                0xff901878                CR
                0xff9018f8                Lqt
                0xff901938                CB
                0xff9019b8                fdct_temp
                0xff901a38                read_format
                0xff901a3c                Y1
 COMMON         0xff901abc     0x1640 neural.o
                0xff901abc                weights
                0xff902ebc                teach_neurons
                0xff902efc                nerror
                0xff902f7c                neurons
 COMMON         0xff9030fc       0xa4 picoc/picoc.o
                0xff9030fc                errjmp
 COMMON         0xff9031a0      0x18c picoc/table.o
                0xff9031a0                StringHashTable
                0xff903324                StringTable
 COMMON         0xff90332c      0x128 picoc/type.o
                0xff90332c                CharArrayType
                0xff903330                FunctionType
                0xff903350                EnumType
                0xff903370                VoidType
                0xff903390                MacroType
                0xff9033b0                Type_Type
                0xff9033d0                CharType
                0xff9033f0                CharPtrType
                0xff9033f4                WordType
                0xff903414                IntType
                0xff903434                UberType
 COMMON         0xff903454      0x63c picoc/variable.o
                0xff903454                GlobalHashTable
                0xff903a88                GlobalTable
                0xff903a90                . = ALIGN (0x4)
                0xff903a90                __bss_end = .
                0xffb00ffc                . = 0xffb00ffc
                0xffb00ffc                PROVIDE (_supervisor_stack, .)
LOAD init.o
LOAD main.o
LOAD srv.o
LOAD uart.o
LOAD camera.o
LOAD jpeg.o
LOAD i2c.o
LOAD stm_m25p32.o
LOAD float.o
LOAD xmodem.o
LOAD colors.o
LOAD edit.o
LOAD malloc.o
LOAD string.o
LOAD spi.o
LOAD printf.o
LOAD myfunc.o
LOAD neural.o
LOAD picoc/clibrary.o
LOAD picoc/heap.o
LOAD picoc/lex.o
LOAD picoc/parse.o
LOAD picoc/picoc.o
LOAD picoc/platform_library.o
LOAD picoc/platform_support.o
LOAD picoc/table.o
LOAD picoc/type.o
LOAD picoc/variable.o
LOAD picoc/expression.o
LOAD r8x8dct.o
LOAD math.o
LOAD setjmp.o
OUTPUT(srv1.bin elf32-bfin)

.comment        0x00000000      0x32c
 .comment       0x00000000       0x1c camera.o
 .comment       0x0000001c       0x1c edit.o
 .comment       0x00000038       0x1c i2c.o
 .comment       0x00000054       0x1c stm_m25p32.o
 .comment       0x00000070       0x1c printf.o
 .comment       0x0000008c       0x1c xmodem.o
 .comment       0x000000a8       0x1c myfunc.o
 .comment       0x000000c4       0x1c main.o
 .comment       0x000000e0       0x1c malloc.o
 .comment       0x000000fc       0x1c srv.o
 .comment       0x00000118       0x1c uart.o
 .comment       0x00000134       0x1c float.o
 .comment       0x00000150       0x1c colors.o
 .comment       0x0000016c       0x1c jpeg.o
 .comment       0x00000188       0x1c spi.o
 .comment       0x000001a4       0x1c neural.o
 .comment       0x000001c0       0x1c init.o
 .comment       0x000001dc       0x1c string.o
 .comment       0x000001f8       0x1c picoc/clibrary.o
 .comment       0x00000214       0x1c picoc/heap.o
 .comment       0x00000230       0x1c picoc/lex.o
 .comment       0x0000024c       0x1c picoc/parse.o
 .comment       0x00000268       0x1c picoc/picoc.o
 .comment       0x00000284       0x1c picoc/platform_library.o
 .comment       0x000002a0       0x1c picoc/platform_support.o
 .comment       0x000002bc       0x1c picoc/table.o
 .comment       0x000002d8       0x1c picoc/type.o
 .comment       0x000002f4       0x1c picoc/variable.o
 .comment       0x00000310       0x1c picoc/expression.o
