
Allocating common symbols
Common symbol       size              file

imgWidth            0x4               srv.o
rfailsafe           0x4               srv.o
j                   0x4               srv.o
Y2                  0x80              jpeg.o
x_acc               0x4               srv.o
i                   0x4               srv.o
invert_flag         0x4               srv.o
blobcnt             0xfc              colors.o
segmentation_flag   0x4               srv.o
move_stop_time      0x4               srv.o
Temp                0x80              jpeg.o
Cqt                 0x40              jpeg.o
ymax                0x44              colors.o
blobx1              0xfc              colors.o
pwm2_init           0x4               srv.o
Y3                  0x80              jpeg.o
base                0x8               malloc.o
sonar_data          0x14              srv.o
weights             0x1400            neural.o
teach_neurons       0x40              neural.o
nerror              0x80              neural.o
CStdOut             0xc               picoc/clibrary.o
y_acc0              0x4               srv.o
StringHashTable     0x184             picoc/table.o
CharArrayType       0x4               picoc/type.o
Y4                  0x80              jpeg.o
FunctionType        0x24              picoc/type.o
TypeType            0x24              picoc/type.o
umax                0x44              colors.o
ICqt                0x80              jpeg.o
hist0               0x400             colors.o
heap_end            0x4               malloc.o
quality             0x4               srv.o
move_start_time     0x4               srv.o
ExitBuf             0xa4              picoc/platform_surveyor.o
y_acc               0x4               srv.o
output_start        0x4               srv.o
hist1               0x400             colors.o
lcount              0x4               srv.o
pwm1_init           0x4               srv.o
image_size          0x4               srv.o
ILqt                0x80              jpeg.o
heap_start          0x4               malloc.o
pwm1_mode           0x4               srv.o
neurons             0x180             neural.o
StringLiteralHashTable
                    0x184             picoc/variable.o
x_center            0x4               srv.o
blobix              0xfc              colors.o
EnumType            0x24              picoc/type.o
VoidType            0x24              picoc/type.o
lfailsafe           0x4               srv.o
edge_thresh         0x4               srv.o
compass_init        0x4               srv.o
horizon_detect_flag
                    0x4               srv.o
master              0x4               srv.o
bloby2              0xfc              colors.o
mean                0xc               colors.o
base_speed          0x4               srv.o
rspeed2             0x4               srv.o
lspeed              0x4               srv.o
GlobalHashTable     0x184             picoc/variable.o
vmax                0x44              colors.o
CR                  0x80              jpeg.o
overlay_flag        0x4               srv.o
StringTable         0x8               picoc/table.o
lspeed2             0x4               srv.o
err1                0x4               srv.o
cp                  0x4               srv.o
Lqt                 0x40              jpeg.o
ShortType           0x24              picoc/type.o
GlobalTable         0x8               picoc/variable.o
MacroType           0x24              picoc/type.o
CharType            0x24              picoc/type.o
output_end          0x4               srv.o
CB                  0x80              jpeg.o
pwm2_mode           0x4               srv.o
CharPtrType         0x4               picoc/type.o
obstacle_detect_flag
                    0x4               srv.o
fdct_temp           0x80              jpeg.o
gps_gga             0x18              gps.o
StringLiteralTable  0x8               picoc/variable.o
framecount          0x4               srv.o
VoidPtrType         0x4               picoc/type.o
vmin                0x44              colors.o
heap_ptr            0x4               malloc.o
LongType            0x24              picoc/type.o
bloby1              0xfc              colors.o
rcount              0x4               srv.o
x_acc0              0x4               srv.o
IntType             0x24              picoc/type.o
UnsignedLongType    0x24              picoc/type.o
imgHead             0xb               srv.o
read_format         0x4               jpeg.o
edge_detect_flag    0x4               srv.o
encoder_flag        0x4               srv.o
imgHeight           0x4               srv.o
UberType            0x24              picoc/type.o
failsafe_clock      0x4               srv.o
blobx2              0xfc              colors.o
move_time_mS        0x4               srv.o
dlist2              0xc               camera.o
y_center            0x4               srv.o
UnsignedIntType     0x24              picoc/type.o
UnsignedShortType   0x24              picoc/type.o
xbuff               0x406             xmodem.o
xwd_init            0x4               srv.o
dlist1              0xc               camera.o
ymin                0x44              colors.o
umin                0x44              colors.o
rspeed              0x4               srv.o
base_speed2         0x4               srv.o
frame_diff_flag     0x4               srv.o
ix                  0x4               srv.o
Y1                  0x80              jpeg.o
robot_moving        0x4               srv.o

Memory Configuration

Name             Origin             Length             Attributes
ram              0x00000000         0x02000000         xrw
l1code           0xffa00000         0x00010000         x
l1data_a         0xff800000         0x00008000         rw
l1data_b         0xff900000         0x00008000         rw
scratchpad       0xffb00000         0x00001000         rw
*default*        0x00000000         0xffffffff

Linker script and memory map


.sdram.text
 camera.o(.sdram.text)
 edit.o(.sdram.text)
 httpd.o(.sdram.text)
 i2c.o(.sdram.text)
 stm_m25p32.o(.sdram.text)
 printf.o(.sdram.text)
 xmodem.o(.sdram.text)
 float.o(.sdram.text)
 gps.o(.sdram.text)
 myfunc.o(.sdram.text)
 *(.gnu.warning)

.l1code         0xffa00000     0x8638
 main.o(.text)
 .text          0xffa00000      0x370 main.o
                0xffa00000                main
 math.o(.text)
 .text          0xffa00370      0x200 math.o
                0xffa0043c                __umodsi3
                0xffa0046e                __divsi3
                0xffa00370                __udivsi3
 malloc.o(.text)
 .text          0xffa00570      0x1a4 malloc.o
                0xffa0064c                morecore
                0xffa005c4                free
                0xffa00570                init_heap
                0xffa005b0                sbrk
                0xffa00690                malloc
 string.o(.text)
 .text          0xffa00714      0x584 string.o
                0xffa00714                strcmp
                0xffa00960                memcpy2
                0xffa00790                strncpy
                0xffa007c8                atoi
                0xffa00944                memcpy
                0xffa00984                memset
                0xffa00ac8                strtoksafe
                0xffa009d8                ctoi
                0xffa008ac                itoa
                0xffa00c70                strdup
                0xffa00874                reverse
                0xffa00a20                strpbrk
                0xffa00c50                getUnaligned32
                0xffa00b7c                strnstr
                0xffa00768                strchr
                0xffa00780                strcpy
                0xffa00a58                strtok
                0xffa00734                strncmp
                0xffa00938                isdigit
                0xffa00854                strlen
                0xffa009f0                atoi_b16
                0xffa00998                memmove
                0xffa00be0                strReplace
                0xffa00b2c                strstr
 srv.o(.text)
 .text          0xffa00c98     0x4358 srv.o
                0xffa02428                motor_command
                0xffa03070                process_i2c
                0xffa028fc                restore_video
                0xffa03750                xmodem_receive
                0xffa018f8                clearRTC
                0xffa01a8c                delayUS
                0xffa0413c                motion_vect80x64
                0xffa02948                invert_video
                0xffa00f18                grab_reference_frame
                0xffa01908                delayMS
                0xffa0252c                set_edge_thresh
                0xffa01afc                delayNS
                0xffa01460                setPPM1
                0xffa01da0                rand
                0xffa02214                testSD
                0xffa02fd0                tilt
                0xffa03674                read_user_sector
                0xffa01694                initRTC
                0xffa03ad4                serial_out_flashbuffer
                0xffa00fb8                move_yuv422_to_planar
                0xffa037b8                camera_reset
                0xffa04f78                check_for_autorun
                0xffa02990                init_tilt
                0xffa03484                write_boot_flash
                0xffa03044                read_tilt
                0xffa01114                initPWM
                0xffa011fc                init_sonar
                0xffa02f4c                read_compass2x
                0xffa01b88                check_failsafe
                0xffa02204                show_stack_ptr
                0xffa04534                process_colors
                0xffa029c0                laser_range
                0xffa021ec                show_heap_ptr
                0xffa02004                overlay_on
                0xffa013c0                setPWM2
                0xffa02168                lasers_off
                0xffa00da4                clear_sdram
                0xffa00de8                led1_on
                0xffa024e0                change_image_quality
                0xffa00dcc                stack_remaining
                0xffa015d8                check_bounds_0_100
                0xffa00ef0                move_image
                0xffa03558                write_user_sector
                0xffa0255c                process_neuralnet
                0xffa02370                motor2_command
                0xffa022b0                ppm2_command
                0xffa012d4                setPWM
                0xffa01178                initPWM2
                0xffa01e4c                read_encoders
                0xffa0336c                init_analog
                0xffa02e24                show_laser_range
                0xffa03724                crc_flash_buffer
                0xffa03bc0                send_frame
                0xffa02140                check_battery
                0xffa01f44                motor_increase_base_speed
                0xffa02110                ping_sonar
                0xffa03a64                serial_out_httpbuffer
                0xffa00f9c                copy_image
                0xffa02084                enable_horizon_detect
                0xffa01c44                encoders
                0xffa01fb8                clear_flash_buffer
                0xffa0225c                enable_failsafe
                0xffa02188                lasers_on
                0xffa02310                ppm1_command
                0xffa01e90                motor_action
                0xffa016b4                readRTC
                0xffa015f4                motor_trim_right
                0xffa00dd8                led0_on
                0xffa01644                motor_trim_left
                0xffa00c98                init_io
                0xffa021c4                serial_out_version
                0xffa01728                sonar
                0xffa01c0c                init_encoders
                0xffa00df8                compute_frame_diff
                0xffa03748                launch_editor
                0xffa042c0                motion_vect_test
                0xffa020ac                enable_edge_detect
                0xffa0439c                grab_frame
                0xffa02e40                read_compass3x
                0xffa020d4                enable_segmentation
                0xffa035b8                write_user_flash
                0xffa03b3c                send_80x64planar
                0xffa01938                motor_set
                0xffa011c8                initTMR4
                0xffa0122c                initPPM1
                0xffa0151c                setPPM2
                0xffa01ed0                motor_decrease_base_speed
                0xffa01280                initPPM2
                0xffa0205c                enable_obstacle_detect
                0xffa035e4                read_double_sector
                0xffa021a8                serial_out_time
                0xffa00e50                set_caption
                0xffa0201c                disable_frame_diff
                0xffa00ffc                scale_image_to_80x64_planar
                0xffa00d78                reset_cpu
                0xffa036e4                read_user_flash
                0xffa034d8                write_double_sector
                0xffa031f0                analog
                0xffa01b70                reset_failsafe_clock
                0xffa01e78                disable_failsafe
                0xffa03330                read_analog
                0xffa01fec                overlay_off
                0xffa020ec                enable_frame_diff
                0xffa03990                camera_setup
                0xffa00f4c                move_inverted
 uart.o(.text)
 .text          0xffa04ff0      0x4fc uart.o
                0xffa05204                uart1SendChar
                0xffa05278                uart1GetCh
                0xffa051d0                uart0GetChar
                0xffa05190                uart0SendChars
                0xffa05470                suartPutChar
                0xffa051b4                uart0GetCh
                0xffa05164                uart0SendString
                0xffa05134                uart0SendChar
                0xffa050ac                uart0_CTS
                0xffa05254                uart1SendChars
                0xffa05048                init_uart0
                0xffa051f4                uart0Signal
                0xffa04ff0                suartInit
                0xffa052c8                printNumber
                0xffa053b0                suartGetChar
                0xffa05228                uart1SendString
                0xffa05294                uart1GetChar
                0xffa052b8                uart1Signal
                0xffa050d0                init_uart1
 colors.o(.text)
 .text          0xffa054ec     0x1228 colors.o
                0xffa05698                vmean
                0xffa05a0c                edge_detect
                0xffa0590c                vfind
                0xffa05ba4                svs_segcode
                0xffa05f80                vhorizon
                0xffa0575c                color_segment
                0xffa05e44                addvect
                0xffa06200                vblob
                0xffa05570                blob_merge
                0xffa05dac                svs_segview
                0xffa054ec                init_colors
                0xffa05cf4                vscan
                0xffa055cc                vhist
                0xffa05ed0                addline
                0xffa0553c                vpix
 jpeg.o(.text)
 .text          0xffa06714      0xd9c jpeg.o
                0xffa072c0                DCT
                0xffa06cb8                close_bitstream
                0xffa072d4                encodeMCU
                0xffa06800                huffman
                0xffa06d2c                write_markers
                0xffa073d0                encode_image
                0xffa06f4c                initialize_quantization_tables
                0xffa0710c                read_422_format
                0xffa06714                initialization
                0xffa067e0                levelshift
                0xffa0703c                quantization
                0xffa0708c                read_400_format
 r8x8dct.o(.text)
 .text          0xffa074b0       0xf0 r8x8dct.o
                0xffa074b0                _r8x8dct
 motionvect.o(.text)
 .text          0xffa075a0      0x950 motionvect.o
                0xffa07a08                hpel
                0xffa07d68                _mve_core
                0xffa07c18                _hpel_core2
                0xffa07af8                _hpel_core1
                0xffa075a0                _motionvect
 uart.o(.text)
 setjmp.o(.text)
 .text          0xffa07ef0      0x184 setjmp.o
                0xffa07ef0                longjmp
                0xffa07fb8                setjmp
 neural.o(.text)
 .text          0xffa08074      0x5c4 neural.o
                0xffa08414                nnpack8x8
                0xffa08600                nninit_network
                0xffa08490                nndisplay
                0xffa0810c                f_logic
                0xffa0816c                nncalculate_network
                0xffa08254                nncalculate_errors
                0xffa08524                nntrain_network
                0xffa08510                nninit_pattern
                0xffa08074                nnset_pattern
                0xffa08308                nnscale8x8

.text           0x00000000     0xaca8
 .text          0x00000000       0xf0 camera.o
                0x00000000                camera_init
                0x000000a8                camera_start
                0x000000cc                camera_stop
 .text          0x000000f0      0x33c edit.o
                0x00000288                insert_char
                0x00000138                find_next_line
                0x00000300                edit
                0x000001d4                find_buffer_end
                0x000000f0                delete_char
                0x0000021c                print_lines
                0x000002e0                print_help
                0x00000188                find_previous_line
 .text          0x0000042c      0xd80 httpd.o
                0x000006e4                httpd_request
                0x0000042c                clean_buffer
                0x00000618                adminBodyBuilder
 .text          0x000011ac      0x290 i2c.o
                0x0000127c                i2cwritex
                0x000011ac                i2cwrite
                0x00001344                i2cread
 .text          0x0000143c      0x4d4 stm_m25p32.o
                0x00001518                SetupSPI
                0x000015d8                spi_read
                0x00001670                Wait_For_WEL
                0x000014f8                SPI_OFF
                0x000016d8                WriteFlash
                0x00001844                spi_write
                0x00001448                spi_init_r
                0x000017c8                EraseBlock
                0x00001638                Wait_For_Status
                0x00001494                GetSectorNumber
                0x00001774                WriteData
                0x0000143c                spi_init_f
                0x000015f4                ReadStatusRegister
                0x000016a4                SendSingleCommand
                0x00001548                ReadData
                0x00001454                Wait_For_SPIF
                0x000014bc                udelay
 .text          0x00001910      0x334 printf.o
                0x00001c0c                sprintf
                0x00001c28                printf
 .text          0x00001c44      0x4f8 xmodem.o
                0x00001cd0                xmodemTransmit
                0x00001c80                _inbyte
                0x00001c44                crc16_ccitt
                0x00001f48                xmodemReceive
 .text          0x0000213c      0xb9c float.o
                0x0000213c                bytesToFloat
                0x00002a24                printFloat
                0x00002870                bigMulti
                0x00002a0c                power
                0x000026d8                isOne
                0x0000216c                minus
                0x00002bbc                printBinary
                0x00002784                intToFloat
                0x00002178                divFloat
                0x00002160                parseFloat
                0x00002c6c                printExponent
                0x00002c94                printMantissa
                0x00002778                lteFloat
                0x00002234                addFloat
                0x000028ec                mulFloat
                0x000026e8                gteFloat
                0x00002528                subFloat
                0x00002bfc                floatInBinary
 .text          0x00002cd8      0xedc gps.o
                0x00002e84                tan
                0x000030ac                atan
                0x0000326c                gps_dist
                0x00002f90                asin
                0x00003398                read_ublox
                0x0000301c                acos
                0x000031a4                gps_head
                0x00002db4                cos
                0x00002cd8                sin
                0x000033e0                gps_parse
                0x00003b0c                gps_show
                0x00003178                isqrt
 .text          0x00003bb4       0x28 myfunc.o
                0x00003bb4                myfunc
 .text          0x00003bdc       0xd0 init.o
                0x00003bdc                initcode
 .text          0x00003cac      0x4f8 sdcard.o
                0x00003e58                GetCardParams
                0x00003cf0                CloseSD
                0x0000407c                ReadMultipleBlocks
                0x00003f38                EraseBlocks
                0x00004114                WriteMultipleBlocks
                0x00003cac                InitSD
                0x00003dd4                GetToken
                0x00003f90                WriteSector
                0x00003e10                CardInit
                0x00004014                ReadSector
                0x00003d50                SendCommand
                0x00003d00                WriteByte
 .text          0x000041a4      0x128 picoc/picoc.o
                0x00004220                picoc
                0x000041c4                Initialise
                0x000041a4                Cleanup
 .text          0x000042cc      0x28c picoc/table.o
                0x000044a0                TableStrRegister
                0x00004308                TableGet
                0x0000438c                TableStrFree
                0x000043d0                TableSetIdentifier
                0x00004508                TableInitTable
                0x0000448c                TableStrRegister2
                0x0000433c                TableDelete
                0x000044bc                TableSet
                0x0000451c                TableInit
 .text          0x00004558      0xf64 picoc/lex.o
                0x00004990                LexInteractiveClear
                0x00005490                LexInit
                0x00004b28                LexGetCharacterConstant
                0x00004904                LexInitParser
                0x000046a8                LexUnEscapeCharacterConstant
                0x00004b80                LexGetWord
                0x000049dc                LexCleanup
                0x00004558                LexCheckReservedWord
                0x00004934                LexInteractiveCompleted
                0x000049e4                LexCopyTokens
                0x00004924                LexInteractiveStatementPrompt
                0x00004750                LexUnEscapeCharacter
                0x0000545c                LexToEndOfLine
                0x00004580                LexGetNumber
                0x0000515c                LexAnalyse
                0x00005180                LexGetToken
                0x00004850                LexSkipComment
                0x000048dc                LexTokenSize
                0x00004d1c                LexScanGetToken
                0x0000509c                LexTokenise
                0x00004c04                LexGetStringConstant
 .text          0x000054bc      0xe2c picoc/parse.o
                0x000056fc                ParseFunctionDefinition
                0x000060d0                ParseBlock
                0x00005968                ParseDeclaration
                0x000054d0                ParseCleanup
                0x000054bc                ParserCopyPos
                0x00005588                ParseDeclarationAssignment
                0x00006158                ParseStatementMaybeRun
                0x0000618c                ParseFor
                0x00006054                Parse
                0x00005ac0                ParseStatement
                0x000054e4                ParseMacroDefinition
                0x00005fd0                ParseInteractive
 .text          0x000062e8     0x162c picoc/expression.o
                0x00006648                ExpressionPostfixOperator
                0x0000764c                ExpressionParseInt
                0x0000657c                ExpressionPushInt
                0x00006988                ExpressionAssignToPointer
                0x00006a88                ExpressionAssign
                0x000062f4                ExpressionCoerceInteger
                0x00006428                ExpressionGetStructElement
                0x000065b4                ExpressionStackPushDereference
                0x00006788                ExpressionPrefixOperator
                0x000063d4                ExpressionStackPushOperator
                0x00006364                ExpressionAssignInt
                0x000062e8                debugf
                0x00007028                ExpressionStackCollapse
                0x00006618                ExpressionStackPushValueByType
                0x00007168                ExpressionStackPushValue
                0x000076c4                ExpressionParseFunctionCall
                0x00006c7c                ExpressionInfixOperator
                0x0000632c                ExpressionCoerceUnsignedInteger
                0x00006404                ExpressionStackPushValueNode
                0x0000718c                ExpressionParse
                0x00007138                ExpressionStackPushLValue
 .text          0x00007914      0x24c picoc/heap.o
                0x00007b18                HeapAllocStack
                0x000079a4                HeapPushStackFrame
                0x000079c4                HeapPopStackFrame
                0x000079e8                HeapFreeMem
                0x0000797c                HeapPopStack
                0x00007964                HeapUnpopStack
                0x00007914                HeapInit
                0x00007a40                HeapAllocMem
 .text          0x00007b60      0x9bc picoc/type.o
                0x00007b90                TypeStackSizeValue
                0x00007c60                TypeInit
                0x000084cc                TypeCleanupNode
                0x00007bf0                TypeAddBaseType
                0x00007f7c                TypeParseStruct
                0x00007bd8                TypeSizeAlignment
                0x00008510                TypeCleanup
                0x00007bac                TypeSize
                0x000082e4                TypeParse
                0x00008310                TypeParseIdentPart
                0x00007da4                TypeGetMatching
                0x0000815c                TypeParseFront
                0x00007b60                TypeSizeValue
                0x00007c20                TypeAdd
                0x00007e14                TypeParseEnum
 .text          0x0000851c      0x5c4 picoc/variable.o
                0x00008590                VariableDefined
                0x0000881c                VariableStackPop
                0x00008640                VariableStackFramePop
                0x00008924                VariableAllocValueAndData
                0x0000895c                VariableDefinePlatformVar
                0x0000875c                VariableFree
                0x000087fc                VariableCleanup
                0x00008554                VariableStringLiteralDefine
                0x00008a24                VariableAllocValueFromType
                0x000087b8                VariableTableCleanup
                0x00008568                VariableStringLiteralGet
                0x0000870c                VariableInit
                0x00008690                VariableStackFrameAdd
                0x000085e8                VariableGet
                0x000089e0                VariableAllocValueAndCopy
                0x000088fc                VariableAllocValueShared
                0x000088c4                VariableAllocValueFromExistingData
                0x0000887c                VariableAlloc
                0x00008a58                VariableDefine
                0x0000851c                VariableDereferencePointer
 .text          0x00008ae0      0x988 picoc/clibrary.o
                0x00009010                LibMemset
                0x00008d8c                LibStrcpy
                0x00008c70                PrintType
                0x00009328                LibPrintf
                0x00008c24                PrintInt
                0x00009054                LibExit
                0x00008af8                PrintStr
                0x00009070                LibGets
                0x00008ff4                LibMemcpy
                0x00008ae0                SPutc
                0x00008b20                PrintRepeatedChar
                0x00008b48                PrintUnsigned
                0x000092ac                LibSPrintf
                0x000090a8                GenericPrintf
                0x00008dfc                LibStrcmp
                0x00008f24                LibRindex
                0x00008f60                LibStrlen
                0x00008db4                LibStrncpy
                0x00008ee4                LibIndex
                0x00008aec                PrintCh
                0x000093c4                LibraryInit
                0x00009028                LibFree
                0x00008eac                LibStrcat
                0x0000934c                CLibraryInit
                0x00008f8c                LibMemcmp
                0x00008e44                LibStrncmp
                0x00009058                LibGetc
                0x00009034                LibMalloc
 .text          0x00009468     0x1420 picoc/library_surveyor.o
                0x00009b98                Ctan
                0x0000a220                Cvrcap
                0x00009bf8                Cwritei2c
                0x0000a288                Csonar
                0x00009a6c                Cnninit
                0x00009bd8                Csin
                0x0000a520                Cencoders
                0x00009498                Cioread
                0x00009800                Cnnmatchblob
                0x00009560                Claser
                0x00009c2c                Cvcam
                0x0000a160                Cvscan
                0x0000a26c                Crange
                0x00009cf0                Cgps
                0x000095c4                Cvcolor
                0x0000a3e0                Cmotors2
                0x00009a70                Csqrt
                0x000097d0                Cnnshow
                0x0000a368                Cservos
                0x00009f78                Cvsend
                0x00009bb8                Ccos
                0x00009b20                Cacos
                0x0000a2f0                Cservos2
                0x00009ee4                Ccompass
                0x0000966c                Cautorun
                0x0000a480                Cmotors
                0x00009d50                Canalog
                0x00009b5c                Casin
                0x00009524                Cpoke
                0x0000a224                Cvcap
                0x00009ac4                Cgps_head
                0x0000a1d4                Cvpix
                0x00009fc8                Cvjpeg
                0x000095a4                Cbattery
                0x00009af8                Catan
                0x00009eac                Ctilt
                0x00009728                Cnnlearnblob
                0x00009cb8                Creadi2c
                0x00009c78                Creadi2c2
                0x000094d0                Cpeek
                0x0000a570                Cinput
                0x0000a548                Crand
                0x00009654                Ctime
                0x0000a228                Cvfind
                0x000099e4                Cnntrain
                0x00009640                Cvdiff
                0x00009468                Ciodir
                0x00009f60                Cdelay
                0x0000a02c                Cvblob
                0x0000a5b8                PlatformLibraryInit
                0x00009914                Cnntest
                0x000096dc                Cnnset
                0x000094b0                Ciowrite
                0x00009a90                Cgps_dist
                0x0000a58c                Csignal
                0x0000a120                Cvmean
 .text          0x0000a888      0x354 picoc/platform.o
                0x0000a988                PlatformPrintf
                0x0000aac8                LexFail
                0x0000a9a4                PrintSourceTextErrorLine
                0x0000ab44                AssignFail
                0x0000a888                PlatformVPrintf
                0x0000ab04                ProgramFail
 .text          0x0000abdc       0xcc picoc/platform_surveyor.o
                0x0000ac14                PlatformPutc
                0x0000ac40                PlatformGetLine
                0x0000abdc                PlatformCleanup
                0x0000ac04                PlatformGetCharacter
                0x0000abe8                PlatformExit

.l1data         0xff800000     0x2850
 *(.data)
 .data          0xff800000        0x0 camera.o
 .data          0xff800000        0x0 edit.o
 .data          0xff800000     0x10a4 httpd.o
                0xff800000                adminHtml
 .data          0xff8010a4        0x0 i2c.o
 .data          0xff8010a4        0x0 stm_m25p32.o
 .data          0xff8010a4        0x0 printf.o
 .data          0xff8010a4        0x0 xmodem.o
 .data          0xff8010a4        0x0 float.o
 .data          0xff8010a4        0x0 gps.o
 .data          0xff8010a4        0x0 myfunc.o
 .data          0xff8010a4        0x0 main.o
 .data          0xff8010a4        0x0 math.o
 .data          0xff8010a4        0x0 malloc.o
 .data          0xff8010a4        0x0 string.o
 .data          0xff8010a4      0xa70 srv.o
                0xff8014ac                version_string
                0xff8010ac                font8x8
                0xff8010a4                fontmask
                0xff8014e0                frame
                0xff801500                rand_seed
 .data          0xff801b14        0x0 uart.o
 .data          0xff801b14        0x0 colors.o
 .data          0xff801b14      0x8f0 jpeg.o
                0xff802344                zigzag_table
                0xff801b6c                chrominance_dc_size_table
                0xff801e0c                chrominance_ac_code_table
                0xff801cc8                luminance_ac_size_table
                0xff801b84                luminance_ac_code_table
                0xff801b3c                luminance_dc_size_table
                0xff801b54                chrominance_dc_code_table
                0xff802384                luminance_quant_table
                0xff802194                markerdata
                0xff801b24                luminance_dc_code_table
                0xff801b14                fdct_coeff
                0xff8023c4                chrominance_quant_table
                0xff802094                bitsize
                0xff801f50                chrominance_ac_size_table
 .data          0xff802404        0x0 r8x8dct.o
 .data          0xff802404        0x0 motionvect.o
 .data          0xff802404        0x0 setjmp.o
 .data          0xff802404       0x8c neural.o
                0xff802408                npattern
                0xff802488                nmask
                0xff802404                learn
 .data          0xff802490        0x0 init.o
 .data          0xff802490        0x0 sdcard.o
 .data          0xff802490        0x0 picoc/picoc.o
 .data          0xff802490        0x0 picoc/table.o
 .data          0xff802490      0x154 picoc/lex.o
 .data          0xff8025e4        0x0 picoc/parse.o
 .data          0xff8025e4        0x0 picoc/expression.o
 .data          0xff8025e4       0x10 picoc/heap.o
                0xff8025e8                HeapMemStart
                0xff8025e4                HeapStackTop
 .data          0xff8025f4        0x0 picoc/type.o
 .data          0xff8025f4        0x0 picoc/variable.o
 .data          0xff8025f4       0x9c picoc/clibrary.o
                0xff8025f4                CLibrary
 .data          0xff802690      0x1c0 picoc/library_surveyor.o
                0xff802690                PlatformLibrary
 .data          0xff802850        0x0 picoc/platform.o
 .data          0xff802850        0x0 picoc/platform_surveyor.o
 *(.l1data)
 *(.l1data.a)

.l1data.b
 *(.l1data.b)

.rodata         0xff802850     0x33ac
 *(.rodata .rodata.* .gnu.linkonce.r.*)
 .rodata.str1.4
                0xff802850       0xb6 edit.o
                                 0xb8 (size before relaxing)
 *fill*         0xff802906        0x2 00
 .rodata        0xff802908       0x5c edit.o
 .rodata.str1.4
                0xff802964      0x385 httpd.o
                                0x39c (size before relaxing)
 *fill*         0xff802ce9        0x3 00
 .rodata        0xff802cec      0x14c httpd.o
 .rodata.str1.4
                0xff802e38        0x7 printf.o
                                  0x8 (size before relaxing)
 *fill*         0xff802e3f        0x1 00
 .rodata        0xff802e40      0x200 xmodem.o
 .rodata.str1.4
                0xff803040       0x3b float.o
                                 0x40 (size before relaxing)
 *fill*         0xff80307b        0x1 00
 .rodata.str1.4
                0xff80307c       0xa2 gps.o
                                 0xa4 (size before relaxing)
 *fill*         0xff80311e        0x2 00
 .rodata        0xff803120      0x16c gps.o
 .rodata.str1.4
                0xff80328c       0x14 myfunc.o
 .rodata        0xff8032a0      0x38c main.o
 .rodata        0xff80362c      0x1c4 srv.o
 .rodata.str1.4
                0xff8037f0      0x80d srv.o
                                0x818 (size before relaxing)
 *fill*         0xff803ffd        0x3 00
 .rodata        0xff804000       0x10 uart.o
 .rodata.str1.4
                0xff804010       0x53 colors.o
                                 0x54 (size before relaxing)
 *fill*         0xff804063        0x1 00
 .rodata.str1.4
                0xff804064        0x4 neural.o
                                  0xc (size before relaxing)
 .rodata.str1.4
                0xff804068       0x37 picoc/picoc.o
                                 0x38 (size before relaxing)
 *fill*         0xff80409f        0x1 00
 .rodata.str1.4
                0xff8040a0        0xe picoc/table.o
                                 0x14 (size before relaxing)
 *fill*         0xff8040ae        0x2 00
 .rodata        0xff8040b0      0x2e8 picoc/lex.o
 .rodata.str1.4
                0xff804398       0xee picoc/lex.o
                                0x110 (size before relaxing)
 *fill*         0xff804486        0x2 00
 .rodata.str1.4
                0xff804488      0x1f1 picoc/parse.o
                                0x1f8 (size before relaxing)
 *fill*         0xff804679        0x3 00
 .rodata        0xff80467c       0xd4 picoc/parse.o
 .rodata        0xff804750      0x31c picoc/expression.o
 .rodata.str1.4
                0xff804a6c      0x3c2 picoc/expression.o
                                0x41c (size before relaxing)
 *fill*         0xff804e2e        0x2 00
 .rodata.str1.4
                0xff804e30      0x12d picoc/type.o
                                0x164 (size before relaxing)
 *fill*         0xff804f5d        0x3 00
 .rodata        0xff804f60       0x2c picoc/type.o
 .rodata.str1.4
                0xff804f8c       0x43 picoc/variable.o
                                 0x6c (size before relaxing)
 *fill*         0xff804fcf        0x1 00
 .rodata.str1.4
                0xff804fd0      0x26a picoc/clibrary.o
                                0x2a8 (size before relaxing)
 *fill*         0xff80523a        0x2 00
 .rodata        0xff80523c       0x9c picoc/clibrary.o
 .rodata.str1.4
                0xff8052d8      0x8ce picoc/library_surveyor.o
                                0x8e4 (size before relaxing)
 .rodata        0xff805ba6       0x10 picoc/library_surveyor.o
 *fill*         0xff805bb6        0x2 00
 .rodata.str1.4
                0xff805bb8       0x44 picoc/platform.o
                                 0x50 (size before relaxing)
 .rodata.str1.4
                0x00000000       0x10 picoc/platform_surveyor.o

.data
 *(.data .data.* .gnu.linkonce.d.*)

.ctors
 *crtbegin*.o(.ctors)
 *(EXCLUDE_FILE(*crtend*.o) .ctors)
 *(SORT(.ctors.*))
 *(.ctors)

.dtors
 *crtbegin*.o(.dtors)
 *(EXCLUDE_FILE(*crtend*.o) .dtors)
 *(SORT(.dtors.*))
 *(.dtors)

.sdram.bss      0x0000aca8        0x0
                0x0000aca8                __sdram_bss_start = .
 *(.bss.sdram)
                0x0000aca8                . = ALIGN (0x4)
                0x0000aca8                __sdram_bss_end = .

.bss            0xff900000     0x3c00
                0xff900000                __bss_start = .
 *(.dynbss)
 *(.bss .bss.* .gnu.linkonce.b.*)
 .bss           0xff900000        0x0 camera.o
 .bss           0xff900000       0x10 edit.o
 .bss           0xff900010      0x280 httpd.o
 .bss           0xff900290        0x0 i2c.o
 .bss           0xff900290        0x0 stm_m25p32.o
 .bss           0xff900290        0x0 printf.o
 .bss           0xff900290        0x0 xmodem.o
 .bss           0xff900290        0x0 float.o
 .bss           0xff900290        0x8 gps.o
 .bss           0xff900298        0x0 myfunc.o
 .bss           0xff900298        0x0 main.o
 .bss           0xff900298        0x0 math.o
 .bss           0xff900298        0x4 malloc.o
                0xff900298                allocp
 .bss           0xff90029c        0x4 string.o
 .bss           0xff9002a0        0xc srv.o
                0xff9002a4                sonar_flag
                0xff9002a0                failsafe_mode
                0xff9002a8                uart1_flag
 .bss           0xff9002ac        0x4 uart.o
 .bss           0xff9002b0       0x50 colors.o
 .bss           0xff900300        0x8 jpeg.o
                0xff900300                lcode
                0xff900304                bitindex
 .bss           0xff900308        0x0 r8x8dct.o
 .bss           0xff900308        0x0 motionvect.o
 .bss           0xff900308        0x0 setjmp.o
 .bss           0xff900308        0x0 neural.o
 .bss           0xff900308        0x0 init.o
 .bss           0xff900308        0x0 sdcard.o
 .bss           0xff900308        0x0 picoc/picoc.o
 .bss           0xff900308        0x4 picoc/table.o
                0xff900308                StrEmpty
 .bss           0xff90030c       0x44 picoc/lex.o
 .bss           0xff900350        0x4 picoc/parse.o
 .bss           0xff900354        0x0 picoc/expression.o
 .bss           0xff900354       0x24 picoc/heap.o
 .bss           0xff900378        0x0 picoc/type.o
 .bss           0xff900378        0x4 picoc/variable.o
                0xff900378                TopStackFrame
 .bss           0xff90037c        0x4 picoc/clibrary.o
 .bss           0xff900380       0xcc picoc/library_surveyor.o
 .bss           0xff90044c        0x0 picoc/platform.o
 .bss           0xff90044c        0x0 picoc/platform_surveyor.o
 *(COMMON)
 COMMON         0xff90044c       0x18 camera.o
                0xff90044c                dlist2
                0xff900458                dlist1
 COMMON         0xff900464      0x406 xmodem.o
                0xff900464                xbuff
 *fill*         0xff90086a        0x2 00
 COMMON         0xff90086c       0x18 gps.o
                0xff90086c                gps_gga
 COMMON         0xff900884       0x14 malloc.o
                0xff900884                base
                0xff90088c                heap_end
                0xff900890                heap_start
                0xff900894                heap_ptr
 COMMON         0xff900898       0xe4 srv.o
                0xff900898                imgWidth
                0xff90089c                rfailsafe
                0xff9008a0                j
                0xff9008a4                x_acc
                0xff9008a8                i
                0xff9008ac                invert_flag
                0xff9008b0                segmentation_flag
                0xff9008b4                move_stop_time
                0xff9008b8                pwm2_init
                0xff9008bc                sonar_data
                0xff9008d0                y_acc0
                0xff9008d4                quality
                0xff9008d8                move_start_time
                0xff9008dc                y_acc
                0xff9008e0                output_start
                0xff9008e4                lcount
                0xff9008e8                pwm1_init
                0xff9008ec                image_size
                0xff9008f0                pwm1_mode
                0xff9008f4                x_center
                0xff9008f8                lfailsafe
                0xff9008fc                edge_thresh
                0xff900900                compass_init
                0xff900904                horizon_detect_flag
                0xff900908                master
                0xff90090c                base_speed
                0xff900910                rspeed2
                0xff900914                lspeed
                0xff900918                overlay_flag
                0xff90091c                lspeed2
                0xff900920                err1
                0xff900924                cp
                0xff900928                output_end
                0xff90092c                pwm2_mode
                0xff900930                obstacle_detect_flag
                0xff900934                framecount
                0xff900938                rcount
                0xff90093c                x_acc0
                0xff900940                imgHead
                0xff90094c                edge_detect_flag
                0xff900950                encoder_flag
                0xff900954                imgHeight
                0xff900958                failsafe_clock
                0xff90095c                move_time_mS
                0xff900960                y_center
                0xff900964                xwd_init
                0xff900968                rspeed
                0xff90096c                base_speed2
                0xff900970                frame_diff_flag
                0xff900974                ix
                0xff900978                robot_moving
 COMMON         0xff90097c      0xf8c colors.o
                0xff90097c                blobcnt
                0xff900a78                ymax
                0xff900abc                blobx1
                0xff900bb8                umax
                0xff900bfc                hist0
                0xff900ffc                hist1
                0xff9013fc                blobix
                0xff9014f8                bloby2
                0xff9015f4                mean
                0xff901600                vmax
                0xff901644                vmin
                0xff901688                bloby1
                0xff901784                blobx2
                0xff901880                ymin
                0xff9018c4                umin
 COMMON         0xff901908      0x584 jpeg.o
                0xff901908                Y2
                0xff901988                Temp
                0xff901a08                Cqt
                0xff901a48                Y3
                0xff901ac8                Y4
                0xff901b48                ICqt
                0xff901bc8                ILqt
                0xff901c48                CR
                0xff901cc8                Lqt
                0xff901d08                CB
                0xff901d88                fdct_temp
                0xff901e08                read_format
                0xff901e0c                Y1
 COMMON         0xff901e8c     0x1640 neural.o
                0xff901e8c                weights
                0xff90328c                teach_neurons
                0xff9032cc                nerror
                0xff90334c                neurons
 COMMON         0xff9034cc      0x18c picoc/table.o
                0xff9034cc                StringHashTable
                0xff903650                StringTable
 COMMON         0xff903658      0x1e0 picoc/type.o
                0xff903658                CharArrayType
                0xff90365c                FunctionType
                0xff903680                TypeType
                0xff9036a4                EnumType
                0xff9036c8                VoidType
                0xff9036ec                ShortType
                0xff903710                MacroType
                0xff903734                CharType
                0xff903758                CharPtrType
                0xff90375c                VoidPtrType
                0xff903760                LongType
                0xff903784                IntType
                0xff9037a8                UnsignedLongType
                0xff9037cc                UberType
                0xff9037f0                UnsignedIntType
                0xff903814                UnsignedShortType
 COMMON         0xff903838      0x318 picoc/variable.o
                0xff903838                StringLiteralHashTable
                0xff9039bc                GlobalHashTable
                0xff903b40                GlobalTable
                0xff903b48                StringLiteralTable
 COMMON         0xff903b50        0xc picoc/clibrary.o
                0xff903b50                CStdOut
 COMMON         0xff903b5c       0xa4 picoc/platform_surveyor.o
                0xff903b5c                ExitBuf
                0xff903c00                . = ALIGN (0x4)
                0xff903c00                __bss_end = .
                0xffb00ffc                . = 0xffb00ffc
                0xffb00ffc                PROVIDE (_supervisor_stack, .)
LOAD init.o
LOAD main.o
LOAD srv.o
LOAD uart.o
LOAD camera.o
LOAD jpeg.o
LOAD i2c.o
LOAD stm_m25p32.o
LOAD float.o
LOAD httpd.o
LOAD xmodem.o
LOAD colors.o
LOAD edit.o
LOAD malloc.o
LOAD string.o
LOAD printf.o
LOAD myfunc.o
LOAD neural.o
LOAD gps.o
LOAD sdcard.o
LOAD picoc/picoc.o
LOAD picoc/table.o
LOAD picoc/lex.o
LOAD picoc/parse.o
LOAD picoc/expression.o
LOAD picoc/heap.o
LOAD picoc/type.o
LOAD picoc/variable.o
LOAD picoc/clibrary.o
LOAD picoc/library_surveyor.o
LOAD picoc/platform.o
LOAD picoc/platform_surveyor.o
LOAD r8x8dct.o
LOAD math.o
LOAD setjmp.o
LOAD motionvect.o
OUTPUT(srv1.bin elf32-bfin)

.debug_abbrev   0x00000000     0x3271
 .debug_abbrev  0x00000000       0xcf camera.o
 .debug_abbrev  0x000000cf       0xeb edit.o
 .debug_abbrev  0x000001ba      0x231 httpd.o
 .debug_abbrev  0x000003eb       0x8a i2c.o
 .debug_abbrev  0x00000475      0x1d8 stm_m25p32.o
 .debug_abbrev  0x0000064d      0x124 printf.o
 .debug_abbrev  0x00000771      0x183 xmodem.o
 .debug_abbrev  0x000008f4      0x244 float.o
 .debug_abbrev  0x00000b38      0x1b7 gps.o
 .debug_abbrev  0x00000cef       0x43 myfunc.o
 .debug_abbrev  0x00000d32       0x6e main.o
 .debug_abbrev  0x00000da0      0x14c malloc.o
 .debug_abbrev  0x00000eec      0x222 string.o
 .debug_abbrev  0x0000110e      0x25c srv.o
 .debug_abbrev  0x0000136a      0x128 uart.o
 .debug_abbrev  0x00001492      0x1c3 colors.o
 .debug_abbrev  0x00001655      0x186 jpeg.o
 .debug_abbrev  0x000017db      0x114 neural.o
 .debug_abbrev  0x000018ef       0x45 init.o
 .debug_abbrev  0x00001934       0xf3 sdcard.o
 .debug_abbrev  0x00001a27      0x14e picoc/picoc.o
 .debug_abbrev  0x00001b75      0x234 picoc/table.o
 .debug_abbrev  0x00001da9      0x253 picoc/lex.o
 .debug_abbrev  0x00001ffc      0x27a picoc/parse.o
 .debug_abbrev  0x00002276      0x26c picoc/expression.o
 .debug_abbrev  0x000024e2      0x168 picoc/heap.o
 .debug_abbrev  0x0000264a      0x256 picoc/type.o
 .debug_abbrev  0x000028a0      0x1e7 picoc/variable.o
 .debug_abbrev  0x00002a87      0x2af picoc/clibrary.o
 .debug_abbrev  0x00002d36      0x26e picoc/library_surveyor.o
 .debug_abbrev  0x00002fa4      0x16a picoc/platform.o
 .debug_abbrev  0x0000310e      0x163 picoc/platform_surveyor.o

.debug_info     0x00000000    0x10e9d
 .debug_info    0x00000000      0x136 camera.o
 .debug_info    0x00000136      0x1e7 edit.o
 .debug_info    0x0000031d      0x8b9 httpd.o
 .debug_info    0x00000bd6      0x158 i2c.o
 .debug_info    0x00000d2e      0x604 stm_m25p32.o
 .debug_info    0x00001332      0x34a printf.o
 .debug_info    0x0000167c      0x3e3 xmodem.o
 .debug_info    0x00001a5f      0x78d float.o
 .debug_info    0x000021ec      0x5af gps.o
 .debug_info    0x0000279b       0x54 myfunc.o
 .debug_info    0x000027ef       0x75 main.o
 .debug_info    0x00002864      0x23a malloc.o
 .debug_info    0x00002a9e      0x823 string.o
 .debug_info    0x000032c1     0x1e8d srv.o
 .debug_info    0x0000514e      0x465 uart.o
 .debug_info    0x000055b3      0xbfe colors.o
 .debug_info    0x000061b1      0xb0b jpeg.o
 .debug_info    0x00006cbc      0x438 neural.o
 .debug_info    0x000070f4       0x64 init.o
 .debug_info    0x00007158      0x391 sdcard.o
 .debug_info    0x000074e9      0x592 picoc/picoc.o
 .debug_info    0x00007a7b      0x91e picoc/table.o
 .debug_info    0x00008399      0xff6 picoc/lex.o
 .debug_info    0x0000938f      0xd05 picoc/parse.o
 .debug_info    0x0000a094     0x1479 picoc/expression.o
 .debug_info    0x0000b50d      0x2fb picoc/heap.o
 .debug_info    0x0000b808      0xdc9 picoc/type.o
 .debug_info    0x0000c5d1      0xbcc picoc/variable.o
 .debug_info    0x0000d19d     0x1206 picoc/clibrary.o
 .debug_info    0x0000e3a3     0x20c5 picoc/library_surveyor.o
 .debug_info    0x00010468      0x7cd picoc/platform.o
 .debug_info    0x00010c35      0x268 picoc/platform_surveyor.o

.debug_line     0x00000000     0x40b3
 .debug_line    0x00000000       0x72 camera.o
 .debug_line    0x00000072       0xd1 edit.o
 .debug_line    0x00000143      0x2a2 httpd.o
 .debug_line    0x000003e5       0xa7 i2c.o
 .debug_line    0x0000048c      0x1ac stm_m25p32.o
 .debug_line    0x00000638       0xf8 printf.o
 .debug_line    0x00000730      0x139 xmodem.o
 .debug_line    0x00000869      0x30e float.o
 .debug_line    0x00000b77      0x2a7 gps.o
 .debug_line    0x00000e1e       0x3c myfunc.o
 .debug_line    0x00000e5a      0x137 main.o
 .debug_line    0x00000f91       0xa6 malloc.o
 .debug_line    0x00001037      0x19d string.o
 .debug_line    0x000011d4      0xb5d srv.o
 .debug_line    0x00001d31      0x12f uart.o
 .debug_line    0x00001e60      0x380 colors.o
 .debug_line    0x000021e0      0x315 jpeg.o
 .debug_line    0x000024f5      0x11e neural.o
 .debug_line    0x00002613       0x53 init.o
 .debug_line    0x00002666      0x10b sdcard.o
 .debug_line    0x00002771       0x92 picoc/picoc.o
 .debug_line    0x00002803       0xe3 picoc/table.o
 .debug_line    0x000028e6      0x39d picoc/lex.o
 .debug_line    0x00002c83      0x2c0 picoc/parse.o
 .debug_line    0x00002f43      0x549 picoc/expression.o
 .debug_line    0x0000348c       0xf0 picoc/heap.o
 .debug_line    0x0000357c      0x22b picoc/type.o
 .debug_line    0x000037a7      0x16a picoc/variable.o
 .debug_line    0x00003911      0x234 picoc/clibrary.o
 .debug_line    0x00003b45      0x3bc picoc/library_surveyor.o
 .debug_line    0x00003f01      0x114 picoc/platform.o
 .debug_line    0x00004015       0x9e picoc/platform_surveyor.o

.debug_frame    0x00000000     0x3cd4
 .debug_frame   0x00000000       0x4c camera.o
 .debug_frame   0x0000004c      0x100 edit.o
 .debug_frame   0x0000014c       0xd0 httpd.o
 .debug_frame   0x0000021c       0x40 i2c.o
 .debug_frame   0x0000025c      0x214 stm_m25p32.o
 .debug_frame   0x00000470       0xd4 printf.o
 .debug_frame   0x00000544       0xc8 xmodem.o
 .debug_frame   0x0000060c      0x244 float.o
 .debug_frame   0x00000850      0x1ac gps.o
 .debug_frame   0x000009fc       0x28 myfunc.o
 .debug_frame   0x00000a24       0x38 main.o
 .debug_frame   0x00000a5c       0x94 malloc.o
 .debug_frame   0x00000af0      0x220 string.o
 .debug_frame   0x00000d10      0xb68 srv.o
 .debug_frame   0x00001878      0x1f4 uart.o
 .debug_frame   0x00001a6c      0x274 colors.o
 .debug_frame   0x00001ce0      0x1b0 jpeg.o
 .debug_frame   0x00001e90      0x16c neural.o
 .debug_frame   0x00001ffc       0xa4 init.o
 .debug_frame   0x000020a0      0x1a8 sdcard.o
 .debug_frame   0x00002248       0x74 picoc/picoc.o
 .debug_frame   0x000022bc      0x14c picoc/table.o
 .debug_frame   0x00002408      0x2b4 picoc/lex.o
 .debug_frame   0x000026bc      0x1ec picoc/parse.o
 .debug_frame   0x000028a8      0x338 picoc/expression.o
 .debug_frame   0x00002be0       0xcc picoc/heap.o
 .debug_frame   0x00002cac      0x1dc picoc/type.o
 .debug_frame   0x00002e88      0x2d0 picoc/variable.o
 .debug_frame   0x00003158      0x344 picoc/clibrary.o
 .debug_frame   0x0000349c      0x6c0 picoc/library_surveyor.o
 .debug_frame   0x00003b5c       0xd8 picoc/platform.o
 .debug_frame   0x00003c34       0xa0 picoc/platform_surveyor.o

.debug_loc      0x00000000    0x15328
 .debug_loc     0x00000000       0x5b camera.o
 .debug_loc     0x0000005b      0x2eb edit.o
 .debug_loc     0x00000346      0xe75 httpd.o
 .debug_loc     0x000011bb      0x23f i2c.o
 .debug_loc     0x000013fa      0x89e stm_m25p32.o
 .debug_loc     0x00001c98      0x79d printf.o
 .debug_loc     0x00002435      0x6ac xmodem.o
 .debug_loc     0x00002ae1      0xf70 float.o
 .debug_loc     0x00003a51     0x103a gps.o
 .debug_loc     0x00004a8b       0x3e myfunc.o
 .debug_loc     0x00004ac9       0x2b main.o
 .debug_loc     0x00004af4      0x1e1 malloc.o
 .debug_loc     0x00004cd5      0xb2d string.o
 .debug_loc     0x00005802     0x262e srv.o
 .debug_loc     0x00007e30      0x6d3 uart.o
 .debug_loc     0x00008503     0x1422 colors.o
 .debug_loc     0x00009925     0x14f7 jpeg.o
 .debug_loc     0x0000ae1c      0x460 neural.o
 .debug_loc     0x0000b27c      0x122 init.o
 .debug_loc     0x0000b39e      0x6cb sdcard.o
 .debug_loc     0x0000ba69       0xfa picoc/picoc.o
 .debug_loc     0x0000bb63      0x614 picoc/table.o
 .debug_loc     0x0000c177     0x1133 picoc/lex.o
 .debug_loc     0x0000d2aa      0xc79 picoc/parse.o
 .debug_loc     0x0000df23     0x21c8 picoc/expression.o
 .debug_loc     0x000100eb      0x313 picoc/heap.o
 .debug_loc     0x000103fe      0x944 picoc/type.o
 .debug_loc     0x00010d42      0xd07 picoc/variable.o
 .debug_loc     0x00011a49     0x123c picoc/clibrary.o
 .debug_loc     0x00012c85     0x1e8b picoc/library_surveyor.o
 .debug_loc     0x00014b10      0x5f7 picoc/platform.o
 .debug_loc     0x00015107      0x221 picoc/platform_surveyor.o

.debug_pubnames
                0x00000000     0x2a1e
 .debug_pubnames
                0x00000000       0x59 camera.o
 .debug_pubnames
                0x00000059       0x98 edit.o
 .debug_pubnames
                0x000000f1       0x58 httpd.o
 .debug_pubnames
                0x00000149       0x39 i2c.o
 .debug_pubnames
                0x00000182      0x120 stm_m25p32.o
 .debug_pubnames
                0x000002a2       0x29 printf.o
 .debug_pubnames
                0x000002cb       0x5d xmodem.o
 .debug_pubnames
                0x00000328      0x10f float.o
 .debug_pubnames
                0x00000437       0x9f gps.o
 .debug_pubnames
                0x000004d6       0x1d myfunc.o
 .debug_pubnames
                0x000004f3       0x1b main.o
 .debug_pubnames
                0x0000050e       0x87 malloc.o
 .debug_pubnames
                0x00000595      0x12e string.o
 .debug_pubnames
                0x000006c3      0xabd srv.o
 .debug_pubnames
                0x00001180      0x150 uart.o
 .debug_pubnames
                0x000012d0      0x169 colors.o
 .debug_pubnames
                0x00001439      0x2cc jpeg.o
 .debug_pubnames
                0x00001705      0x11a neural.o
 .debug_pubnames
                0x0000181f       0x1f init.o
 .debug_pubnames
                0x0000183e       0xd1 sdcard.o
 .debug_pubnames
                0x0000190f       0x37 picoc/picoc.o
 .debug_pubnames
                0x00001946       0xe1 picoc/table.o
 .debug_pubnames
                0x00001a27      0x1c9 picoc/lex.o
 .debug_pubnames
                0x00001bf0      0x107 picoc/parse.o
 .debug_pubnames
                0x00001cf7      0x25d picoc/expression.o
 .debug_pubnames
                0x00001f54       0xc6 picoc/heap.o
 .debug_pubnames
                0x0000201a      0x219 picoc/type.o
 .debug_pubnames
                0x00002233      0x274 picoc/variable.o
 .debug_pubnames
                0x000024a7      0x1ba picoc/clibrary.o
 .debug_pubnames
                0x00002661      0x2bb picoc/library_surveyor.o
 .debug_pubnames
                0x0000291c       0x81 picoc/platform.o
 .debug_pubnames
                0x0000299d       0x81 picoc/platform_surveyor.o

.debug_aranges  0x00000000      0x400
 .debug_aranges
                0x00000000       0x20 camera.o
 .debug_aranges
                0x00000020       0x20 edit.o
 .debug_aranges
                0x00000040       0x20 httpd.o
 .debug_aranges
                0x00000060       0x20 i2c.o
 .debug_aranges
                0x00000080       0x20 stm_m25p32.o
 .debug_aranges
                0x000000a0       0x20 printf.o
 .debug_aranges
                0x000000c0       0x20 xmodem.o
 .debug_aranges
                0x000000e0       0x20 float.o
 .debug_aranges
                0x00000100       0x20 gps.o
 .debug_aranges
                0x00000120       0x20 myfunc.o
 .debug_aranges
                0x00000140       0x20 main.o
 .debug_aranges
                0x00000160       0x20 malloc.o
 .debug_aranges
                0x00000180       0x20 string.o
 .debug_aranges
                0x000001a0       0x20 srv.o
 .debug_aranges
                0x000001c0       0x20 uart.o
 .debug_aranges
                0x000001e0       0x20 colors.o
 .debug_aranges
                0x00000200       0x20 jpeg.o
 .debug_aranges
                0x00000220       0x20 neural.o
 .debug_aranges
                0x00000240       0x20 init.o
 .debug_aranges
                0x00000260       0x20 sdcard.o
 .debug_aranges
                0x00000280       0x20 picoc/picoc.o
 .debug_aranges
                0x000002a0       0x20 picoc/table.o
 .debug_aranges
                0x000002c0       0x20 picoc/lex.o
 .debug_aranges
                0x000002e0       0x20 picoc/parse.o
 .debug_aranges
                0x00000300       0x20 picoc/expression.o
 .debug_aranges
                0x00000320       0x20 picoc/heap.o
 .debug_aranges
                0x00000340       0x20 picoc/type.o
 .debug_aranges
                0x00000360       0x20 picoc/variable.o
 .debug_aranges
                0x00000380       0x20 picoc/clibrary.o
 .debug_aranges
                0x000003a0       0x20 picoc/library_surveyor.o
 .debug_aranges
                0x000003c0       0x20 picoc/platform.o
 .debug_aranges
                0x000003e0       0x20 picoc/platform_surveyor.o

.debug_str      0x00000000     0x3d35
 .debug_str     0x00000000       0xee camera.o
                                 0xf4 (size before relaxing)
 .debug_str     0x000000ee       0x94 edit.o
                                 0xf2 (size before relaxing)
 .debug_str     0x00000182      0x374 httpd.o
                                0x414 (size before relaxing)
 .debug_str     0x000004f6       0x55 i2c.o
                                 0xc6 (size before relaxing)
 .debug_str     0x0000054b      0x263 stm_m25p32.o
                                0x31d (size before relaxing)
 .debug_str     0x000007ae       0x4e printf.o
                                 0xdd (size before relaxing)
 .debug_str     0x000007fc       0xce xmodem.o
                                0x164 (size before relaxing)
 .debug_str     0x000008ca      0x161 float.o
                                0x208 (size before relaxing)
 .debug_str     0x00000a2b       0xb2 gps.o
                                0x15b (size before relaxing)
 .debug_str     0x00000add       0x10 myfunc.o
                                 0x6e (size before relaxing)
 .debug_str     0x00000aed       0x15 main.o
                                 0x73 (size before relaxing)
 .debug_str     0x00000b02       0x6a malloc.o
                                 0xdf (size before relaxing)
 .debug_str     0x00000b6c      0x128 string.o
                                0x1d0 (size before relaxing)
 .debug_str     0x00000c94      0x95e srv.o
                                0xb35 (size before relaxing)
 .debug_str     0x000015f2      0x145 uart.o
                                0x209 (size before relaxing)
 .debug_str     0x00001737       0xd9 colors.o
                                0x214 (size before relaxing)
 .debug_str     0x00001810      0x439 jpeg.o
                                0x51c (size before relaxing)
 .debug_str     0x00001c49       0xd9 neural.o
                                0x176 (size before relaxing)
 .debug_str     0x00001d22       0x43 init.o
                                 0x93 (size before relaxing)
 .debug_str     0x00001d65       0xce sdcard.o
                                0x14e (size before relaxing)
 .debug_str     0x00001e33      0x297 picoc/picoc.o
                                0x418 (size before relaxing)
 .debug_str     0x000020ca      0x11f picoc/table.o
                                0x4d2 (size before relaxing)
 .debug_str     0x000021e9      0x899 picoc/lex.o
                                0xc8f (size before relaxing)
 .debug_str     0x00002a82      0x2a8 picoc/parse.o
                                0xbc3 (size before relaxing)
 .debug_str     0x00002d2a      0x4f6 picoc/expression.o
                                0xeba (size before relaxing)
 .debug_str     0x00003220      0x123 picoc/heap.o
                                0x1ed (size before relaxing)
 .debug_str     0x00003343      0x1c7 picoc/type.o
                                0xbaa (size before relaxing)
 .debug_str     0x0000350a      0x266 picoc/variable.o
                                0x6f0 (size before relaxing)
 .debug_str     0x00003770      0x259 picoc/clibrary.o
                                0x6bc (size before relaxing)
 .debug_str     0x000039c9      0x257 picoc/library_surveyor.o
                                0x7c6 (size before relaxing)
 .debug_str     0x00003c20       0xa5 picoc/platform.o
                                0x4cb (size before relaxing)
 .debug_str     0x00003cc5       0x70 picoc/platform_surveyor.o
                                0x1ff (size before relaxing)

.comment        0x00000000      0x380
 .comment       0x00000000       0x1c camera.o
 .comment       0x0000001c       0x1c edit.o
 .comment       0x00000038       0x1c httpd.o
 .comment       0x00000054       0x1c i2c.o
 .comment       0x00000070       0x1c stm_m25p32.o
 .comment       0x0000008c       0x1c printf.o
 .comment       0x000000a8       0x1c xmodem.o
 .comment       0x000000c4       0x1c float.o
 .comment       0x000000e0       0x1c gps.o
 .comment       0x000000fc       0x1c myfunc.o
 .comment       0x00000118       0x1c main.o
 .comment       0x00000134       0x1c malloc.o
 .comment       0x00000150       0x1c string.o
 .comment       0x0000016c       0x1c srv.o
 .comment       0x00000188       0x1c uart.o
 .comment       0x000001a4       0x1c colors.o
 .comment       0x000001c0       0x1c jpeg.o
 .comment       0x000001dc       0x1c neural.o
 .comment       0x000001f8       0x1c init.o
 .comment       0x00000214       0x1c sdcard.o
 .comment       0x00000230       0x1c picoc/picoc.o
 .comment       0x0000024c       0x1c picoc/table.o
 .comment       0x00000268       0x1c picoc/lex.o
 .comment       0x00000284       0x1c picoc/parse.o
 .comment       0x000002a0       0x1c picoc/expression.o
 .comment       0x000002bc       0x1c picoc/heap.o
 .comment       0x000002d8       0x1c picoc/type.o
 .comment       0x000002f4       0x1c picoc/variable.o
 .comment       0x00000310       0x1c picoc/clibrary.o
 .comment       0x0000032c       0x1c picoc/library_surveyor.o
 .comment       0x00000348       0x1c picoc/platform.o
 .comment       0x00000364       0x1c picoc/platform_surveyor.o

.debug_ranges   0x00000000      0x7a0
 .debug_ranges  0x00000000      0x200 httpd.o
 .debug_ranges  0x00000200       0x28 printf.o
 .debug_ranges  0x00000228       0x70 xmodem.o
 .debug_ranges  0x00000298       0x58 string.o
 .debug_ranges  0x000002f0       0x38 init.o
 .debug_ranges  0x00000328       0xb8 picoc/table.o
 .debug_ranges  0x000003e0       0x80 picoc/lex.o
 .debug_ranges  0x00000460       0x50 picoc/parse.o
 .debug_ranges  0x000004b0      0x298 picoc/expression.o
 .debug_ranges  0x00000748       0x18 picoc/type.o
 .debug_ranges  0x00000760       0x40 picoc/clibrary.o
