
Allocating common symbols
Common symbol       size              file

imgWidth            0x4               srv.o
rfailsafe           0x4               srv.o
j                   0x4               srv.o
Y2                  0x80              jpeg.o
x_acc               0x4               srv.o
i                   0x4               srv.o
blobcnt             0xfc              colors.o
segmentation_flag   0x4               srv.o
move_stop_time      0x4               srv.o
Temp                0x80              jpeg.o
Cqt                 0x40              jpeg.o
ymax                0x44              colors.o
blobx1              0xfc              colors.o
pwm2_init           0x4               srv.o
Y3                  0x80              jpeg.o
base                0x8               malloc.o
sonar_data          0x14              srv.o
weights             0x1400            neural.o
teach_neurons       0x40              neural.o
nerror              0x80              neural.o
CStdOut             0x10              picoc/clibrary.o
y_acc0              0x4               srv.o
StringHashTable     0x184             picoc/table.o
CharArrayType       0x4               picoc/type.o
Y4                  0x80              jpeg.o
FunctionType        0x24              picoc/type.o
umax                0x44              colors.o
ICqt                0x80              jpeg.o
hist0               0x400             colors.o
heap_end            0x4               malloc.o
quality             0x4               srv.o
move_start_time     0x4               srv.o
ExitBuf             0xa4              picoc/platform_surveyor.o
y_acc               0x4               srv.o
output_start        0x4               srv.o
hist1               0x400             colors.o
lcount              0x4               srv.o
pwm1_init           0x4               srv.o
image_size          0x4               srv.o
ILqt                0x80              jpeg.o
heap_start          0x4               malloc.o
pwm1_mode           0x4               srv.o
neurons             0x180             neural.o
StringLiteralHashTable
                    0x184             picoc/variable.o
x_center            0x4               srv.o
blobix              0xfc              colors.o
EnumType            0x24              picoc/type.o
VoidType            0x24              picoc/type.o
lfailsafe           0x4               srv.o
edge_thresh         0x4               srv.o
horizon_detect_flag
                    0x4               srv.o
master              0x4               srv.o
bloby2              0xfc              colors.o
mean                0xc               colors.o
base_speed          0x4               srv.o
rspeed2             0x4               srv.o
lspeed              0x4               srv.o
GlobalHashTable     0x184             picoc/variable.o
vmax                0x44              colors.o
CR                  0x80              jpeg.o
overlay_flag        0x4               srv.o
StringTable         0x8               picoc/table.o
lspeed2             0x4               srv.o
err1                0x4               srv.o
cp                  0x4               srv.o
Lqt                 0x40              jpeg.o
GlobalTable         0x8               picoc/variable.o
MacroType           0x24              picoc/type.o
CharType            0x24              picoc/type.o
output_end          0x4               srv.o
CB                  0x80              jpeg.o
pwm2_mode           0x4               srv.o
CharPtrType         0x4               picoc/type.o
obstacle_detect_flag
                    0x4               srv.o
fdct_temp           0x80              jpeg.o
gps_gga             0x18              gps.o
StringLiteralTable  0x8               picoc/variable.o
framecount          0x4               srv.o
vmin                0x44              colors.o
heap_ptr            0x4               malloc.o
bloby1              0xfc              colors.o
WordType            0x24              picoc/type.o
rcount              0x4               srv.o
x_acc0              0x4               srv.o
IntType             0x24              picoc/type.o
imgHead             0xb               srv.o
read_format         0x4               jpeg.o
edge_detect_flag    0x4               srv.o
encoder_flag        0x4               srv.o
imgHeight           0x4               srv.o
UberType            0x24              picoc/type.o
failsafe_clock      0x4               srv.o
blobx2              0xfc              colors.o
move_time_mS        0x4               srv.o
dlist2              0xc               camera.o
y_center            0x4               srv.o
xbuff               0x406             xmodem.o
dlist1              0xc               camera.o
ymin                0x44              colors.o
umin                0x44              colors.o
rspeed              0x4               srv.o
base_speed2         0x4               srv.o
frame_diff_flag     0x4               srv.o
ix                  0x4               srv.o
Y1                  0x80              jpeg.o
robot_moving        0x4               srv.o

Memory Configuration

Name             Origin             Length             Attributes
ram              0x00000000         0x02000000         xrw
l1code           0xffa00000         0x00010000         x
l1data_a         0xff800000         0x00008000         rw
l1data_b         0xff900000         0x00008000         rw
scratchpad       0xffb00000         0x00001000         rw
*default*        0x00000000         0xffffffff

Linker script and memory map


.sdram.text
 camera.o(.sdram.text)
 edit.o(.sdram.text)
 httpd.o(.sdram.text)
 i2c.o(.sdram.text)
 stm_m25p32.o(.sdram.text)
 printf.o(.sdram.text)
 xmodem.o(.sdram.text)
 float.o(.sdram.text)
 gps.o(.sdram.text)
 myfunc.o(.sdram.text)
 *(.gnu.warning)

.l1code         0xffa00000     0x7a90
 main.o(.text)
 .text          0xffa00000      0x2bc main.o
                0xffa00000                main
 math.o(.text)
 .text          0xffa002bc      0x200 math.o
                0xffa00388                __umodsi3
                0xffa003ba                __divsi3
                0xffa002bc                __udivsi3
 malloc.o(.text)
 .text          0xffa004bc      0x1a4 malloc.o
                0xffa00598                morecore
                0xffa00510                free
                0xffa004bc                init_heap
                0xffa004fc                sbrk
                0xffa005dc                malloc
 srv.o(.text)
 .text          0xffa00660     0x3fc8 srv.o
                0xffa01d80                motor_command
                0xffa02878                process_i2c
                0xffa02254                restore_video
                0xffa02e40                xmodem_receive
                0xffa01254                clearRTC
                0xffa013e8                delayUS
                0xffa037c0                motion_vect80x64
                0xffa0227c                invert_video
                0xffa008c4                grab_reference_frame
                0xffa01264                delayMS
                0xffa01e84                set_edge_thresh
                0xffa01458                delayNS
                0xffa00dbc                setPPM1
                0xffa016f8                rand
                0xffa01b6c                testSD
                0xffa027d8                tilt
                0xffa02d7c                read_user_sector
                0xffa00ff0                initRTC
                0xffa03158                serial_out_flashbuffer
                0xffa00914                move_yuv422_to_planar
                0xffa02eac                camera_reset
                0xffa045b0                check_for_autorun
                0xffa022a4                init_tilt
                0xffa02c8c                write_boot_flash
                0xffa0284c                read_tilt
                0xffa00a70                initPWM
                0xffa00b58                init_sonar
                0xffa014e4                check_failsafe
                0xffa01b5c                show_stack_ptr
                0xffa02754                read_compass
                0xffa03b74                process_colors
                0xffa022d4                laser_range
                0xffa01b44                show_heap_ptr
                0xffa0195c                overlay_on
                0xffa00d1c                setPWM2
                0xffa01ac0                lasers_off
                0xffa00750                clear_sdram
                0xffa00794                led1_on
                0xffa01e38                change_image_quality
                0xffa00778                stack_remaining
                0xffa00f34                check_bounds_0_100
                0xffa0089c                move_image
                0xffa02cf0                write_user_sector
                0xffa01eb4                process_neuralnet
                0xffa01cc8                motor2_command
                0xffa01c08                ppm2_command
                0xffa00c30                setPWM
                0xffa00ad4                initPWM2
                0xffa017a4                read_encoders
                0xffa02b74                init_analog
                0xffa02738                show_laser_range
                0xffa02e14                crc_flash_buffer
                0xffa03244                send_frame
                0xffa01a98                check_battery
                0xffa0189c                motor_increase_base_speed
                0xffa01a68                ping_sonar
                0xffa008f8                copy_image
                0xffa019dc                enable_horizon_detect
                0xffa015a0                encoders
                0xffa01910                clear_flash_buffer
                0xffa01bb4                enable_failsafe
                0xffa01ae0                lasers_on
                0xffa01c68                ppm1_command
                0xffa017e8                motor_action
                0xffa01010                readRTC
                0xffa00f50                motor_trim_right
                0xffa00784                led0_on
                0xffa00fa0                motor_trim_left
                0xffa00660                init_io
                0xffa01b1c                serial_out_version
                0xffa01084                sonar
                0xffa01568                init_encoders
                0xffa007a4                compute_frame_diff
                0xffa02e38                launch_editor
                0xffa03944                motion_vect_test
                0xffa01a04                enable_edge_detect
                0xffa03a20                grab_frame
                0xffa01a2c                enable_segmentation
                0xffa02d50                write_user_flash
                0xffa031c0                send_80x64planar
                0xffa01294                motor_set
                0xffa00b24                initTMR4
                0xffa00b88                initPPM1
                0xffa00e78                setPPM2
                0xffa01828                motor_decrease_base_speed
                0xffa00bdc                initPPM2
                0xffa019b4                enable_obstacle_detect
                0xffa01b00                serial_out_time
                0xffa007fc                set_caption
                0xffa01974                disable_frame_diff
                0xffa00958                scale_image_to_80x64_planar
                0xffa00724                reset_cpu
                0xffa02dd4                read_user_flash
                0xffa029f8                analog
                0xffa014cc                reset_failsafe_clock
                0xffa017d0                disable_failsafe
                0xffa02b38                read_analog
                0xffa01944                overlay_off
                0xffa01a44                enable_frame_diff
                0xffa03084                camera_setup
 uart.o(.text)
 .text          0xffa04628      0x318 uart.o
                0xffa04794                uart1SendChar
                0xffa04808                uart1GetCh
                0xffa04760                uart0GetChar
                0xffa04720                uart0SendChars
                0xffa04744                uart0GetCh
                0xffa046f4                uart0SendString
                0xffa046c4                uart0SendChar
                0xffa047e4                uart1SendChars
                0xffa04628                init_uart0
                0xffa04784                uart0Signal
                0xffa04858                printNumber
                0xffa047b8                uart1SendString
                0xffa04824                uart1GetChar
                0xffa04848                uart1Signal
                0xffa04674                init_uart1
 colors.o(.text)
 .text          0xffa04940     0x1228 colors.o
                0xffa04aec                vmean
                0xffa04e60                edge_detect
                0xffa04d60                vfind
                0xffa04ff8                svs_segcode
                0xffa053d4                vhorizon
                0xffa04bb0                color_segment
                0xffa05298                addvect
                0xffa05654                vblob
                0xffa049c4                blob_merge
                0xffa05200                svs_segview
                0xffa04940                init_colors
                0xffa05148                vscan
                0xffa04a20                vhist
                0xffa05324                addline
                0xffa04990                vpix
 jpeg.o(.text)
 .text          0xffa05b68      0xd9c jpeg.o
                0xffa06714                DCT
                0xffa0610c                close_bitstream
                0xffa06728                encodeMCU
                0xffa05c54                huffman
                0xffa06180                write_markers
                0xffa06824                encode_image
                0xffa063a0                initialize_quantization_tables
                0xffa06560                read_422_format
                0xffa05b68                initialization
                0xffa05c34                levelshift
                0xffa06490                quantization
                0xffa064e0                read_400_format
 r8x8dct.o(.text)
 *fill*         0xffa06904        0x4 00
 .text          0xffa06908       0xf0 r8x8dct.o
                0xffa06908                _r8x8dct
 motionvect.o(.text)
 .text          0xffa069f8      0x950 motionvect.o
                0xffa06e60                hpel
                0xffa071c0                _mve_core
                0xffa07070                _hpel_core2
                0xffa06f50                _hpel_core1
                0xffa069f8                _motionvect
 uart.o(.text)
 setjmp.o(.text)
 .text          0xffa07348      0x184 setjmp.o
                0xffa07348                longjmp
                0xffa07410                setjmp
 neural.o(.text)
 .text          0xffa074cc      0x5c4 neural.o
                0xffa0786c                nnpack8x8
                0xffa07a58                nninit_network
                0xffa078e8                nndisplay
                0xffa07564                f_logic
                0xffa075c4                nncalculate_network
                0xffa076ac                nncalculate_errors
                0xffa0797c                nntrain_network
                0xffa07968                nninit_pattern
                0xffa074cc                nnset_pattern
                0xffa07760                nnscale8x8

.text           0x00000000     0x9510
 .text          0x00000000       0xf0 camera.o
                0x00000000                camera_init
                0x000000a8                camera_start
                0x000000cc                camera_stop
 .text          0x000000f0      0x33c edit.o
                0x00000288                insert_char
                0x00000138                find_next_line
                0x00000300                edit
                0x000001d4                find_buffer_end
                0x000000f0                delete_char
                0x0000021c                print_lines
                0x000002e0                print_help
                0x00000188                find_previous_line
 .text          0x0000042c      0x210 httpd.o
                0x0000042c                httpd
 .text          0x0000063c      0x290 i2c.o
                0x0000070c                i2cwritex
                0x0000063c                i2cwrite
                0x000007d4                i2cread
 .text          0x000008cc      0x4d4 stm_m25p32.o
                0x000009a8                SetupSPI
                0x00000a68                spi_read
                0x00000b00                Wait_For_WEL
                0x00000988                SPI_OFF
                0x00000b68                WriteFlash
                0x00000cd4                spi_write
                0x000008d8                spi_init_r
                0x00000c58                EraseBlock
                0x00000ac8                Wait_For_Status
                0x00000924                GetSectorNumber
                0x00000c04                WriteData
                0x000008cc                spi_init_f
                0x00000a84                ReadStatusRegister
                0x00000b34                SendSingleCommand
                0x000009d8                ReadData
                0x000008e4                Wait_For_SPIF
                0x0000094c                udelay
 .text          0x00000da0      0x334 printf.o
                0x0000109c                sprintf
                0x000010b8                printf
 .text          0x000010d4      0x4fc xmodem.o
                0x00001160                xmodemTransmit
                0x00001110                _inbyte
                0x000010d4                crc16_ccitt
                0x000013d8                xmodemReceive
 .text          0x000015d0      0xb9c float.o
                0x000015d0                bytesToFloat
                0x00001eb8                printFloat
                0x00001d04                bigMulti
                0x00001ea0                power
                0x00001b6c                isOne
                0x00001600                minus
                0x00002050                printBinary
                0x00001c18                intToFloat
                0x0000160c                divFloat
                0x000015f4                parseFloat
                0x00002100                printExponent
                0x00002128                printMantissa
                0x00001c0c                lteFloat
                0x000016c8                addFloat
                0x00001d80                mulFloat
                0x00001b7c                gteFloat
                0x000019bc                subFloat
                0x00002090                floatInBinary
 .text          0x0000216c      0xed8 gps.o
                0x00002318                tan
                0x00002540                atan
                0x00002700                gps_dist
                0x00002424                asin
                0x0000282c                read_ublox
                0x000024b0                acos
                0x00002638                gps_head
                0x00002248                cos
                0x0000216c                sin
                0x00002874                gps_parse
                0x00002f9c                gps_show
                0x0000260c                isqrt
 .text          0x00003044       0x28 myfunc.o
                0x00003044                myfunc
 .text          0x0000306c       0xd0 init.o
                0x0000306c                initcode
 .text          0x0000313c      0x3cc string.o
                0x0000313c                strcmp
                0x00003488                strtok_r
                0x000031b8                strncpy
                0x000031f0                atoi
                0x0000336c                memcpy
                0x000033b4                memset
                0x000033c8                ctoi
                0x000032d4                itoa
                0x000034e0                strdup
                0x0000329c                reverse
                0x00003410                strpbrk
                0x00003190                strchr
                0x000031a8                strcpy
                0x00003448                strspn
                0x0000315c                strncmp
                0x00003360                isdigit
                0x0000327c                strlen
                0x000033e0                atoi_b16
 .text          0x00003508      0x4f8 sdcard.o
                0x000036b4                GetCardParams
                0x0000354c                CloseSD
                0x000038d8                ReadMultipleBlocks
                0x00003794                EraseBlocks
                0x00003970                WriteMultipleBlocks
                0x00003508                InitSD
                0x00003630                GetToken
                0x000037ec                WriteSector
                0x0000366c                CardInit
                0x00003870                ReadSector
                0x000035ac                SendCommand
                0x0000355c                WriteByte
 .text          0x00003a00      0x140 picoc/picoc.o
                0x00003a7c                picoc
                0x00003a20                Initialise
                0x00003a00                Cleanup
 .text          0x00003b40      0x28c picoc/table.o
                0x00003d14                TableStrRegister
                0x00003b7c                TableGet
                0x00003c00                TableStrFree
                0x00003c44                TableSetIdentifier
                0x00003d7c                TableInitTable
                0x00003d00                TableStrRegister2
                0x00003bb0                TableDelete
                0x00003d30                TableSet
                0x00003d90                TableInit
 .text          0x00003dcc      0xdd4 picoc/lex.o
                0x00004130                LexInteractiveClear
                0x00004b74                LexInit
                0x000042c8                LexGetCharacterConstant
                0x000040ac                LexInitParser
                0x0000431c                LexGetWord
                0x0000417c                LexCleanup
                0x00003dcc                LexCheckReservedWord
                0x000040d4                LexInteractiveCompleted
                0x00004184                LexCopyTokens
                0x000040c4                LexInteractiveStatementPrompt
                0x00003f3c                LexUnEscapeCharacter
                0x00004b40                LexToEndOfLine
                0x00003e30                LexGetNumber
                0x00003df4                IsBaseDigit
                0x0000484c                LexAnalyse
                0x0000486c                LexGetToken
                0x0000400c                LexSkipComment
                0x00004084                LexTokenSize
                0x000044b0                LexScanGetToken
                0x0000479c                LexTokenise
                0x00004398                LexGetStringConstant
 .text          0x00004ba0      0xbd8 picoc/parse.o
                0x00004c68                ParseFunctionDefinition
                0x0000555c                ParseBlock
                0x00004e88                ParseDeclaration
                0x00004bb0                ParseCleanup
                0x00004ba0                ParserCopyPos
                0x000055e4                ParseStatementMaybeRun
                0x00005618                ParseFor
                0x000054d8                Parse
                0x00004ff8                ParseStatement
                0x00004bc4                ParseMacroDefinition
                0x00005464                ParseInteractive
 .text          0x00005778     0x1228 picoc/expression.o
                0x00005ae8                ExpressionPostfixOperator
                0x00006658                ExpressionParseInt
                0x00005a80                ExpressionPushInt
                0x000059b4                ExpressionAssignToPointer
                0x00005824                ExpressionGetStructElement
                0x0000596c                ExpressionStackPushDereference
                0x00005c44                ExpressionPrefixOperator
                0x000057d0                ExpressionStackPushOperator
                0x00005784                ExpressionAssignInt
                0x00005778                debugf
                0x00006274                ExpressionStackCollapse
                0x00005ab8                ExpressionStackPushValueByType
                0x00005e58                ExpressionStackPushValue
                0x000066d8                ExpressionParseFunctionCall
                0x00005e7c                ExpressionInfixOperator
                0x00005800                ExpressionStackPushValueNode
                0x00006360                ExpressionParse
                0x00005e28                ExpressionStackPushLValue
 .text          0x000069a0      0x238 picoc/heap.o
                0x00006a58                HeapFree
                0x00006b8c                HeapAllocStack
                0x00006a14                HeapPushStackFrame
                0x00006a34                HeapPopStackFrame
                0x00006ab0                HeapAlloc
                0x000069ec                HeapPopStack
                0x000069a0                HeapInit
 .text          0x00006bd8      0x7f0 picoc/type.o
                0x00006c08                TypeStackSizeValue
                0x00006cd8                TypeInit
                0x00007378                TypeCleanupNode
                0x00006c68                TypeAddBaseType
                0x00006f60                TypeParseStruct
                0x00006c1c                TypeLastAccessibleOffset
                0x000073bc                TypeCleanup
                0x00006c40                TypeSize
                0x000071b4                TypeParse
                0x000071e0                TypeParseIdentPart
                0x00006d90                TypeGetMatching
                0x0000711c                TypeParseFront
                0x00006bd8                TypeSizeValue
                0x00006c98                TypeAdd
                0x00006e04                TypeParseEnum
 .text          0x000073c8      0x658 picoc/variable.o
                0x0000750c                VariableDefined
                0x00007740                VariableStackPop
                0x00007564                VariableStackFramePop
                0x00007854                VariableAllocValueAndData
                0x0000788c                VariableDefinePlatformVar
                0x00007680                VariableFree
                0x00007720                VariableCleanup
                0x00007478                VariableStringLiteralDefine
                0x000079d8                VariableAllocValueFromType
                0x000076dc                VariableTableCleanup
                0x0000748c                VariableStringLiteralGet
                0x00007630                VariableInit
                0x000075b4                VariableStackFrameAdd
                0x000074b4                VariableGet
                0x00007928                VariableAllocValueAndCopy
                0x0000782c                VariableAllocValueShared
                0x000077f4                VariableAllocValueFromExistingData
                0x000077ac                VariableAlloc
                0x0000796c                VariableDefine
                0x000073c8                VariableDereferencePointer
 .text          0x00007a20      0x530 picoc/clibrary.o
                0x00007b04                PrintType
                0x00007e14                LibPrintf
                0x00007a6c                PrintInt
                0x00007a44                PrintStr
                0x00007bec                LibGets
                0x00007a20                SPutc
                0x00007d7c                LibSPrintf
                0x00007c38                GenericPrintf
                0x00007a38                PrintCh
                0x00007eb0                LibraryInit
                0x00007e38                CLibraryInit
                0x00007bd4                LibGetc
 .text          0x00007f50     0x1388 picoc/library_surveyor.o
                0x0000869c                Ctan
                0x00008c70                Cvrcap
                0x000086fc                Cwritei2c
                0x00008cd8                Csonar
                0x00008570                Cnninit
                0x000086dc                Csin
                0x00008f70                Cencoders
                0x00007f80                Cioread
                0x00008304                Cnnmatchblob
                0x00008048                Claser
                0x00008730                Cvcam
                0x00008bb0                Cvscan
                0x00008cbc                Crange
                0x000087f4                Cgps
                0x000080ac                Cvcolor
                0x00008e30                Cmotors2
                0x00008574                Csqrt
                0x000082d4                Cnnshow
                0x00008db8                Cservos
                0x000086bc                Ccos
                0x00008624                Cacos
                0x00008d40                Cservos2
                0x000089e8                Ccompass
                0x00008154                Cautorun
                0x00008ed0                Cmotors
                0x00008854                Canalog
                0x00008660                Casin
                0x0000800c                Cpoke
                0x00008c74                Cvcap
                0x000085c8                Cgps_head
                0x00008c24                Cvpix
                0x000081c4                Cexit
                0x0000808c                Cbattery
                0x000085fc                Catan
                0x000089b0                Ctilt
                0x0000822c                Cnnlearnblob
                0x000087bc                Creadi2c
                0x0000877c                Creadi2c2
                0x00007fb8                Cpeek
                0x00008fc0                Cinput
                0x00008f98                Crand
                0x0000813c                Ctime
                0x00008c78                Cvfind
                0x000084e8                Cnntrain
                0x00008128                Cvdiff
                0x00007f50                Ciodir
                0x00008a64                Cdelay
                0x00008a7c                Cvblob
                0x00009008                PlatformLibraryInit
                0x00008418                Cnntest
                0x000081e0                Cnnset
                0x00007f98                Ciowrite
                0x00008594                Cgps_dist
                0x00008fdc                Csignal
                0x00008b70                Cvmean
 .text          0x000092d8      0x190 picoc/platform.o
                0x000093cc                PlatformPrintf
                0x000093e8                LexFail
                0x000092d8                PlatformVPrintf
                0x00009424                ProgramFail
 .text          0x00009468       0xa8 picoc/platform_surveyor.o
                0x000094a0                PlatformPutc
                0x000094a8                PlatformGetLine
                0x00009468                PlatformCleanup
                0x00009490                PlatformGetCharacter
                0x00009474                PlatformExit

.l1data         0xff800000     0x1890
 *(.data)
 .data          0xff800000        0x0 camera.o
 .data          0xff800000        0x0 edit.o
 .data          0xff800000      0x16c httpd.o
                0xff800134                index_body2
                0xff800114                index_jpeg2
                0xff800000                index_head
                0xff8000c8                index_body1
                0xff8000f0                index_jpeg1
 .data          0xff80016c        0x0 i2c.o
 .data          0xff80016c        0x0 stm_m25p32.o
 .data          0xff80016c        0x0 printf.o
 .data          0xff80016c        0x0 xmodem.o
 .data          0xff80016c        0x0 float.o
 .data          0xff80016c        0x0 gps.o
 .data          0xff80016c        0x0 myfunc.o
 .data          0xff80016c        0x0 main.o
 .data          0xff80016c        0x0 math.o
 .data          0xff80016c        0x0 malloc.o
 .data          0xff80016c      0xa6c srv.o
                0xff800574                version_string
                0xff800174                font8x8
                0xff80016c                fontmask
                0xff8005a8                frame
                0xff8005c8                rand_seed
 .data          0xff800bd8        0x0 uart.o
 .data          0xff800bd8        0x0 colors.o
 .data          0xff800bd8      0x8f0 jpeg.o
                0xff801408                zigzag_table
                0xff800c30                chrominance_dc_size_table
                0xff800ed0                chrominance_ac_code_table
                0xff800d8c                luminance_ac_size_table
                0xff800c48                luminance_ac_code_table
                0xff800c00                luminance_dc_size_table
                0xff800c18                chrominance_dc_code_table
                0xff801448                luminance_quant_table
                0xff801258                markerdata
                0xff800be8                luminance_dc_code_table
                0xff800bd8                fdct_coeff
                0xff801488                chrominance_quant_table
                0xff801158                bitsize
                0xff801014                chrominance_ac_size_table
 .data          0xff8014c8        0x0 r8x8dct.o
 .data          0xff8014c8        0x0 motionvect.o
 .data          0xff8014c8        0x0 setjmp.o
 .data          0xff8014c8       0x8c neural.o
                0xff8014cc                npattern
                0xff80154c                nmask
                0xff8014c8                learn
 .data          0xff801554        0x0 init.o
 .data          0xff801554        0x0 string.o
 .data          0xff801554        0x0 sdcard.o
 .data          0xff801554        0x0 picoc/picoc.o
 .data          0xff801554        0x0 picoc/table.o
 .data          0xff801554      0x148 picoc/lex.o
 .data          0xff80169c        0x0 picoc/parse.o
 .data          0xff80169c        0x0 picoc/expression.o
 .data          0xff80169c       0x10 picoc/heap.o
                0xff8016a0                HeapMemStart
                0xff80169c                HeapStackTop
 .data          0xff8016ac        0x0 picoc/type.o
 .data          0xff8016ac        0x0 picoc/variable.o
 .data          0xff8016ac       0x2c picoc/clibrary.o
                0xff8016ac                CLibrary
 .data          0xff8016d8      0x1b8 picoc/library_surveyor.o
                0xff8016d8                PlatformLibrary
 .data          0xff801890        0x0 picoc/platform.o
 .data          0xff801890        0x0 picoc/platform_surveyor.o
 *(.l1data)
 *(.l1data.a)

.l1data.b
 *(.l1data.b)

.rodata         0xff801890     0x2af4
 *(.rodata .rodata.* .gnu.linkonce.r.*)
 .rodata.str1.4
                0xff801890       0xb6 edit.o
                                 0xb8 (size before relaxing)
 *fill*         0xff801946        0x2 00
 .rodata        0xff801948       0x5c edit.o
 .rodata.str1.4
                0xff8019a4       0x55 httpd.o
                                 0x5c (size before relaxing)
 .rodata        0xff8019f9       0x40 httpd.o
 *fill*         0xff801a39        0x3 00
 .rodata.str1.4
                0xff801a3c        0x7 printf.o
                                  0x8 (size before relaxing)
 *fill*         0xff801a43        0x1 00
 .rodata        0xff801a44      0x200 xmodem.o
 .rodata.str1.4
                0xff801c44       0x3f float.o
                                 0x40 (size before relaxing)
 *fill*         0xff801c83        0x1 00
 .rodata.str1.4
                0xff801c84       0xa6 gps.o
                                 0xa8 (size before relaxing)
 *fill*         0xff801d2a        0x2 00
 .rodata        0xff801d2c      0x16c gps.o
 .rodata.str1.4
                0xff801e98       0x14 myfunc.o
 .rodata        0xff801eac      0x384 main.o
 .rodata        0xff802230      0x1c4 srv.o
 .rodata.str1.4
                0xff8023f4      0x778 srv.o
                                0x780 (size before relaxing)
 .rodata        0xff802b6c       0x10 uart.o
 .rodata.str1.4
                0xff802b7c       0x53 colors.o
                                 0x54 (size before relaxing)
 *fill*         0xff802bcf        0x1 00
 .rodata.str1.4
                0xff802bd0        0x4 neural.o
                                  0xc (size before relaxing)
 .rodata.str1.4
                0xff802bd4       0x57 picoc/picoc.o
                                 0x58 (size before relaxing)
 *fill*         0xff802c2b        0x1 00
 .rodata.str1.4
                0xff802c2c        0xe picoc/table.o
                                 0x14 (size before relaxing)
 *fill*         0xff802c3a        0x2 00
 .rodata        0xff802c3c      0x2e0 picoc/lex.o
 .rodata.str1.4
                0xff802f1c       0xe6 picoc/lex.o
                                0x108 (size before relaxing)
 *fill*         0xff803002        0x2 00
 .rodata.str1.4
                0xff803004      0x1a1 picoc/parse.o
                                0x1a8 (size before relaxing)
 *fill*         0xff8031a5        0x3 00
 .rodata        0xff8031a8       0x98 picoc/parse.o
 .rodata.str1.4
                0xff803240      0x366 picoc/expression.o
                                0x3b0 (size before relaxing)
 *fill*         0xff8035a6        0x2 00
 .rodata        0xff8035a8      0x264 picoc/expression.o
 .rodata.str1.4
                0xff80380c      0x12d picoc/type.o
                                0x164 (size before relaxing)
 *fill*         0xff803939        0x3 00
 .rodata        0xff80393c       0x2c picoc/type.o
 .rodata.str1.4
                0xff803968       0x9b picoc/variable.o
                                 0xc4 (size before relaxing)
 *fill*         0xff803a03        0x1 00
 .rodata.str1.4
                0xff803a04       0xd2 picoc/clibrary.o
                                 0xf4 (size before relaxing)
 *fill*         0xff803ad6        0x2 00
 .rodata        0xff803ad8       0x28 picoc/clibrary.o
 .rodata.str1.4
                0xff803b00      0x86a picoc/library_surveyor.o
                                0x880 (size before relaxing)
 .rodata        0xff80436a       0x10 picoc/library_surveyor.o
 *fill*         0xff80437a        0x2 00
 .rodata.str1.4
                0xff80437c        0x8 picoc/platform.o
                                  0xc (size before relaxing)
 .rodata.str1.4
                0x00000000       0x10 picoc/platform_surveyor.o

.data
 *(.data .data.* .gnu.linkonce.d.*)

.ctors
 *crtbegin*.o(.ctors)
 *(EXCLUDE_FILE(*crtend*.o) .ctors)
 *(SORT(.ctors.*))
 *(.ctors)

.dtors
 *crtbegin*.o(.dtors)
 *(EXCLUDE_FILE(*crtend*.o) .dtors)
 *(SORT(.dtors.*))
 *(.dtors)

.sdram.bss      0x00009510        0x0
                0x00009510                __sdram_bss_start = .
 *(.bss.sdram)
                0x00009510                . = ALIGN (0x4)
                0x00009510                __sdram_bss_end = .

.bss            0xff900000     0x39b4
                0xff900000                __bss_start = .
 *(.dynbss)
 *(.bss .bss.* .gnu.linkonce.b.*)
 .bss           0xff900000        0x0 camera.o
 .bss           0xff900000       0x10 edit.o
 .bss           0xff900010      0x104 httpd.o
 .bss           0xff900114        0x0 i2c.o
 .bss           0xff900114        0x0 stm_m25p32.o
 .bss           0xff900114        0x0 printf.o
 .bss           0xff900114        0x0 xmodem.o
 .bss           0xff900114        0x0 float.o
 .bss           0xff900114        0x8 gps.o
 .bss           0xff90011c        0x0 myfunc.o
 .bss           0xff90011c        0x0 main.o
 .bss           0xff90011c        0x0 math.o
 .bss           0xff90011c        0x4 malloc.o
                0xff90011c                allocp
 .bss           0xff900120        0xc srv.o
                0xff900124                sonar_flag
                0xff900120                failsafe_mode
                0xff900128                uart1_flag
 .bss           0xff90012c        0x0 uart.o
 .bss           0xff90012c       0x50 colors.o
 .bss           0xff90017c        0x8 jpeg.o
                0xff90017c                lcode
                0xff900180                bitindex
 .bss           0xff900184        0x0 r8x8dct.o
 .bss           0xff900184        0x0 motionvect.o
 .bss           0xff900184        0x0 setjmp.o
 .bss           0xff900184        0x0 neural.o
 .bss           0xff900184        0x0 init.o
 .bss           0xff900184        0x0 string.o
 .bss           0xff900184        0x0 sdcard.o
 .bss           0xff900184        0x0 picoc/picoc.o
 .bss           0xff900184        0x4 picoc/table.o
                0xff900184                StrEmpty
 .bss           0xff900188       0x3c picoc/lex.o
 .bss           0xff9001c4        0x4 picoc/parse.o
 .bss           0xff9001c8        0x0 picoc/expression.o
 .bss           0xff9001c8       0x24 picoc/heap.o
 .bss           0xff9001ec        0x0 picoc/type.o
 .bss           0xff9001ec        0x4 picoc/variable.o
                0xff9001ec                TopStackFrame
 .bss           0xff9001f0        0x4 picoc/clibrary.o
 .bss           0xff9001f4       0xcc picoc/library_surveyor.o
 .bss           0xff9002c0        0x0 picoc/platform.o
 .bss           0xff9002c0        0x0 picoc/platform_surveyor.o
 *(COMMON)
 COMMON         0xff9002c0       0x18 camera.o
                0xff9002c0                dlist2
                0xff9002cc                dlist1
 COMMON         0xff9002d8      0x406 xmodem.o
                0xff9002d8                xbuff
 *fill*         0xff9006de        0x2 00
 COMMON         0xff9006e0       0x18 gps.o
                0xff9006e0                gps_gga
 COMMON         0xff9006f8       0x14 malloc.o
                0xff9006f8                base
                0xff900700                heap_end
                0xff900704                heap_start
                0xff900708                heap_ptr
 COMMON         0xff90070c       0xd8 srv.o
                0xff90070c                imgWidth
                0xff900710                rfailsafe
                0xff900714                j
                0xff900718                x_acc
                0xff90071c                i
                0xff900720                segmentation_flag
                0xff900724                move_stop_time
                0xff900728                pwm2_init
                0xff90072c                sonar_data
                0xff900740                y_acc0
                0xff900744                quality
                0xff900748                move_start_time
                0xff90074c                y_acc
                0xff900750                output_start
                0xff900754                lcount
                0xff900758                pwm1_init
                0xff90075c                image_size
                0xff900760                pwm1_mode
                0xff900764                x_center
                0xff900768                lfailsafe
                0xff90076c                edge_thresh
                0xff900770                horizon_detect_flag
                0xff900774                master
                0xff900778                base_speed
                0xff90077c                rspeed2
                0xff900780                lspeed
                0xff900784                overlay_flag
                0xff900788                lspeed2
                0xff90078c                err1
                0xff900790                cp
                0xff900794                output_end
                0xff900798                pwm2_mode
                0xff90079c                obstacle_detect_flag
                0xff9007a0                framecount
                0xff9007a4                rcount
                0xff9007a8                x_acc0
                0xff9007ac                imgHead
                0xff9007b8                edge_detect_flag
                0xff9007bc                encoder_flag
                0xff9007c0                imgHeight
                0xff9007c4                failsafe_clock
                0xff9007c8                move_time_mS
                0xff9007cc                y_center
                0xff9007d0                rspeed
                0xff9007d4                base_speed2
                0xff9007d8                frame_diff_flag
                0xff9007dc                ix
                0xff9007e0                robot_moving
 COMMON         0xff9007e4      0xf8c colors.o
                0xff9007e4                blobcnt
                0xff9008e0                ymax
                0xff900924                blobx1
                0xff900a20                umax
                0xff900a64                hist0
                0xff900e64                hist1
                0xff901264                blobix
                0xff901360                bloby2
                0xff90145c                mean
                0xff901468                vmax
                0xff9014ac                vmin
                0xff9014f0                bloby1
                0xff9015ec                blobx2
                0xff9016e8                ymin
                0xff90172c                umin
 COMMON         0xff901770      0x584 jpeg.o
                0xff901770                Y2
                0xff9017f0                Temp
                0xff901870                Cqt
                0xff9018b0                Y3
                0xff901930                Y4
                0xff9019b0                ICqt
                0xff901a30                ILqt
                0xff901ab0                CR
                0xff901b30                Lqt
                0xff901b70                CB
                0xff901bf0                fdct_temp
                0xff901c70                read_format
                0xff901c74                Y1
 COMMON         0xff901cf4     0x1640 neural.o
                0xff901cf4                weights
                0xff9030f4                teach_neurons
                0xff903134                nerror
                0xff9031b4                neurons
 COMMON         0xff903334      0x18c picoc/table.o
                0xff903334                StringHashTable
                0xff9034b8                StringTable
 COMMON         0xff9034c0      0x128 picoc/type.o
                0xff9034c0                CharArrayType
                0xff9034c4                FunctionType
                0xff9034e8                EnumType
                0xff90350c                VoidType
                0xff903530                MacroType
                0xff903554                CharType
                0xff903578                CharPtrType
                0xff90357c                WordType
                0xff9035a0                IntType
                0xff9035c4                UberType
 COMMON         0xff9035e8      0x318 picoc/variable.o
                0xff9035e8                StringLiteralHashTable
                0xff90376c                GlobalHashTable
                0xff9038f0                GlobalTable
                0xff9038f8                StringLiteralTable
 COMMON         0xff903900       0x10 picoc/clibrary.o
                0xff903900                CStdOut
 COMMON         0xff903910       0xa4 picoc/platform_surveyor.o
                0xff903910                ExitBuf
                0xff9039b4                . = ALIGN (0x4)
                0xff9039b4                __bss_end = .
                0xffb00ffc                . = 0xffb00ffc
                0xffb00ffc                PROVIDE (_supervisor_stack, .)
LOAD init.o
LOAD main.o
LOAD srv.o
LOAD uart.o
LOAD camera.o
LOAD jpeg.o
LOAD i2c.o
LOAD stm_m25p32.o
LOAD float.o
LOAD httpd.o
LOAD xmodem.o
LOAD colors.o
LOAD edit.o
LOAD malloc.o
LOAD string.o
LOAD printf.o
LOAD myfunc.o
LOAD neural.o
LOAD gps.o
LOAD sdcard.o
LOAD picoc/picoc.o
LOAD picoc/table.o
LOAD picoc/lex.o
LOAD picoc/parse.o
LOAD picoc/expression.o
LOAD picoc/heap.o
LOAD picoc/type.o
LOAD picoc/variable.o
LOAD picoc/clibrary.o
LOAD picoc/library_surveyor.o
LOAD picoc/platform.o
LOAD picoc/platform_surveyor.o
LOAD r8x8dct.o
LOAD math.o
LOAD setjmp.o
LOAD motionvect.o
OUTPUT(srv1.bin elf32-bfin)

.debug_abbrev   0x00000000     0x2fb9
 .debug_abbrev  0x00000000       0xcf camera.o
 .debug_abbrev  0x000000cf       0xeb edit.o
 .debug_abbrev  0x000001ba       0xd3 httpd.o
 .debug_abbrev  0x0000028d       0x8a i2c.o
 .debug_abbrev  0x00000317      0x1d8 stm_m25p32.o
 .debug_abbrev  0x000004ef      0x124 printf.o
 .debug_abbrev  0x00000613      0x183 xmodem.o
 .debug_abbrev  0x00000796      0x244 float.o
 .debug_abbrev  0x000009da      0x1b7 gps.o
 .debug_abbrev  0x00000b91       0x43 myfunc.o
 .debug_abbrev  0x00000bd4       0x5d main.o
 .debug_abbrev  0x00000c31      0x14c malloc.o
 .debug_abbrev  0x00000d7d      0x25c srv.o
 .debug_abbrev  0x00000fd9      0x10f uart.o
 .debug_abbrev  0x000010e8      0x1c3 colors.o
 .debug_abbrev  0x000012ab      0x186 jpeg.o
 .debug_abbrev  0x00001431      0x114 neural.o
 .debug_abbrev  0x00001545       0x45 init.o
 .debug_abbrev  0x0000158a      0x161 string.o
 .debug_abbrev  0x000016eb       0xf3 sdcard.o
 .debug_abbrev  0x000017de      0x153 picoc/picoc.o
 .debug_abbrev  0x00001931      0x239 picoc/table.o
 .debug_abbrev  0x00001b6a      0x276 picoc/lex.o
 .debug_abbrev  0x00001de0      0x269 picoc/parse.o
 .debug_abbrev  0x00002049      0x245 picoc/expression.o
 .debug_abbrev  0x0000228e      0x151 picoc/heap.o
 .debug_abbrev  0x000023df      0x252 picoc/type.o
 .debug_abbrev  0x00002631      0x1fb picoc/variable.o
 .debug_abbrev  0x0000282c      0x270 picoc/clibrary.o
 .debug_abbrev  0x00002a9c      0x273 picoc/library_surveyor.o
 .debug_abbrev  0x00002d0f      0x142 picoc/platform.o
 .debug_abbrev  0x00002e51      0x168 picoc/platform_surveyor.o

.debug_info     0x00000000     0xee87
 .debug_info    0x00000000      0x136 camera.o
 .debug_info    0x00000136      0x1e7 edit.o
 .debug_info    0x0000031d      0x20c httpd.o
 .debug_info    0x00000529      0x158 i2c.o
 .debug_info    0x00000681      0x604 stm_m25p32.o
 .debug_info    0x00000c85      0x34a printf.o
 .debug_info    0x00000fcf      0x3e3 xmodem.o
 .debug_info    0x000013b2      0x78d float.o
 .debug_info    0x00001b3f      0x5af gps.o
 .debug_info    0x000020ee       0x54 myfunc.o
 .debug_info    0x00002142       0x68 main.o
 .debug_info    0x000021aa      0x23a malloc.o
 .debug_info    0x000023e4     0x1c4a srv.o
 .debug_info    0x0000402e      0x338 uart.o
 .debug_info    0x00004366      0xbfe colors.o
 .debug_info    0x00004f64      0xb0b jpeg.o
 .debug_info    0x00005a6f      0x438 neural.o
 .debug_info    0x00005ea7       0x64 init.o
 .debug_info    0x00005f0b      0x53f string.o
 .debug_info    0x0000644a      0x391 sdcard.o
 .debug_info    0x000067db      0x54f picoc/picoc.o
 .debug_info    0x00006d2a      0x8db picoc/table.o
 .debug_info    0x00007605      0xf3c picoc/lex.o
 .debug_info    0x00008541      0xc1e picoc/parse.o
 .debug_info    0x0000915f     0x12a0 picoc/expression.o
 .debug_info    0x0000a3ff      0x29f picoc/heap.o
 .debug_info    0x0000a69e      0xcda picoc/type.o
 .debug_info    0x0000b378      0xb67 picoc/variable.o
 .debug_info    0x0000bedf      0xaa1 picoc/clibrary.o
 .debug_info    0x0000c980     0x1fcd picoc/library_surveyor.o
 .debug_info    0x0000e94d      0x2fb picoc/platform.o
 .debug_info    0x0000ec48      0x23f picoc/platform_surveyor.o

.debug_line     0x00000000     0x3a52
 .debug_line    0x00000000       0x72 camera.o
 .debug_line    0x00000072       0xd1 edit.o
 .debug_line    0x00000143       0x86 httpd.o
 .debug_line    0x000001c9       0xa7 i2c.o
 .debug_line    0x00000270      0x1ac stm_m25p32.o
 .debug_line    0x0000041c       0xf8 printf.o
 .debug_line    0x00000514      0x139 xmodem.o
 .debug_line    0x0000064d      0x30e float.o
 .debug_line    0x0000095b      0x2a7 gps.o
 .debug_line    0x00000c02       0x3c myfunc.o
 .debug_line    0x00000c3e      0x10e main.o
 .debug_line    0x00000d4c       0xa6 malloc.o
 .debug_line    0x00000df2      0xabd srv.o
 .debug_line    0x000018af       0xd5 uart.o
 .debug_line    0x00001984      0x380 colors.o
 .debug_line    0x00001d04      0x315 jpeg.o
 .debug_line    0x00002019      0x11e neural.o
 .debug_line    0x00002137       0x53 init.o
 .debug_line    0x0000218a      0x119 string.o
 .debug_line    0x000022a3      0x10b sdcard.o
 .debug_line    0x000023ae       0x94 picoc/picoc.o
 .debug_line    0x00002442       0xe3 picoc/table.o
 .debug_line    0x00002525      0x36e picoc/lex.o
 .debug_line    0x00002893      0x26b picoc/parse.o
 .debug_line    0x00002afe      0x46f picoc/expression.o
 .debug_line    0x00002f6d       0xe9 picoc/heap.o
 .debug_line    0x00003056      0x1e4 picoc/type.o
 .debug_line    0x0000323a      0x1a2 picoc/variable.o
 .debug_line    0x000033dc      0x176 picoc/clibrary.o
 .debug_line    0x00003552      0x3a9 picoc/library_surveyor.o
 .debug_line    0x000038fb       0xc7 picoc/platform.o
 .debug_line    0x000039c2       0x90 picoc/platform_surveyor.o

.debug_frame    0x00000000     0x3780
 .debug_frame   0x00000000       0x4c camera.o
 .debug_frame   0x0000004c      0x100 edit.o
 .debug_frame   0x0000014c       0x3c httpd.o
 .debug_frame   0x00000188       0x40 i2c.o
 .debug_frame   0x000001c8      0x214 stm_m25p32.o
 .debug_frame   0x000003dc       0xd4 printf.o
 .debug_frame   0x000004b0       0xc8 xmodem.o
 .debug_frame   0x00000578      0x244 float.o
 .debug_frame   0x000007bc      0x1ac gps.o
 .debug_frame   0x00000968       0x28 myfunc.o
 .debug_frame   0x00000990       0x38 main.o
 .debug_frame   0x000009c8       0x94 malloc.o
 .debug_frame   0x00000a5c      0xa9c srv.o
 .debug_frame   0x000014f8      0x164 uart.o
 .debug_frame   0x0000165c      0x274 colors.o
 .debug_frame   0x000018d0      0x1b0 jpeg.o
 .debug_frame   0x00001a80      0x16c neural.o
 .debug_frame   0x00001bec       0xa4 init.o
 .debug_frame   0x00001c90      0x190 string.o
 .debug_frame   0x00001e20      0x1a8 sdcard.o
 .debug_frame   0x00001fc8       0x74 picoc/picoc.o
 .debug_frame   0x0000203c      0x14c picoc/table.o
 .debug_frame   0x00002188      0x29c picoc/lex.o
 .debug_frame   0x00002424      0x1b8 picoc/parse.o
 .debug_frame   0x000025dc      0x2e0 picoc/expression.o
 .debug_frame   0x000028bc       0xbc picoc/heap.o
 .debug_frame   0x00002978      0x1dc picoc/type.o
 .debug_frame   0x00002b54      0x2e0 picoc/variable.o
 .debug_frame   0x00002e34      0x1b4 picoc/clibrary.o
 .debug_frame   0x00002fe8      0x690 picoc/library_surveyor.o
 .debug_frame   0x00003678       0x7c picoc/platform.o
 .debug_frame   0x000036f4       0x8c picoc/platform_surveyor.o

.debug_loc      0x00000000    0x12611
 .debug_loc     0x00000000       0x5b camera.o
 .debug_loc     0x0000005b      0x2eb edit.o
 .debug_loc     0x00000346       0xa3 httpd.o
 .debug_loc     0x000003e9      0x23f i2c.o
 .debug_loc     0x00000628      0x89e stm_m25p32.o
 .debug_loc     0x00000ec6      0x79d printf.o
 .debug_loc     0x00001663      0x6b7 xmodem.o
 .debug_loc     0x00001d1a      0xf65 float.o
 .debug_loc     0x00002c7f     0x102f gps.o
 .debug_loc     0x00003cae       0x3e myfunc.o
 .debug_loc     0x00003cec       0x2b main.o
 .debug_loc     0x00003d17      0x1e1 malloc.o
 .debug_loc     0x00003ef8     0x2285 srv.o
 .debug_loc     0x0000617d      0x4aa uart.o
 .debug_loc     0x00006627     0x1417 colors.o
 .debug_loc     0x00007a3e     0x14f7 jpeg.o
 .debug_loc     0x00008f35      0x460 neural.o
 .debug_loc     0x00009395      0x122 init.o
 .debug_loc     0x000094b7      0x782 string.o
 .debug_loc     0x00009c39      0x6b5 sdcard.o
 .debug_loc     0x0000a2ee       0xfa picoc/picoc.o
 .debug_loc     0x0000a3e8      0x614 picoc/table.o
 .debug_loc     0x0000a9fc      0xfb2 picoc/lex.o
 .debug_loc     0x0000b9ae      0xb79 picoc/parse.o
 .debug_loc     0x0000c527     0x1d8f picoc/expression.o
 .debug_loc     0x0000e2b6      0x2e2 picoc/heap.o
 .debug_loc     0x0000e598      0x951 picoc/type.o
 .debug_loc     0x0000eee9      0xd45 picoc/variable.o
 .debug_loc     0x0000fc2e      0x8db picoc/clibrary.o
 .debug_loc     0x00010509     0x1d5e picoc/library_surveyor.o
 .debug_loc     0x00012267      0x20f picoc/platform.o
 .debug_loc     0x00012476      0x19b picoc/platform_surveyor.o

.debug_pubnames
                0x00000000     0x26e0
 .debug_pubnames
                0x00000000       0x59 camera.o
 .debug_pubnames
                0x00000059       0x98 edit.o
 .debug_pubnames
                0x000000f1       0x6b httpd.o
 .debug_pubnames
                0x0000015c       0x39 i2c.o
 .debug_pubnames
                0x00000195      0x120 stm_m25p32.o
 .debug_pubnames
                0x000002b5       0x29 printf.o
 .debug_pubnames
                0x000002de       0x5d xmodem.o
 .debug_pubnames
                0x0000033b      0x10f float.o
 .debug_pubnames
                0x0000044a       0x9f gps.o
 .debug_pubnames
                0x000004e9       0x1d myfunc.o
 .debug_pubnames
                0x00000506       0x1b main.o
 .debug_pubnames
                0x00000521       0x87 malloc.o
 .debug_pubnames
                0x000005a8      0xa1f srv.o
 .debug_pubnames
                0x00000fc7      0x112 uart.o
 .debug_pubnames
                0x000010d9      0x169 colors.o
 .debug_pubnames
                0x00001242      0x2cc jpeg.o
 .debug_pubnames
                0x0000150e      0x11a neural.o
 .debug_pubnames
                0x00001628       0x1f init.o
 .debug_pubnames
                0x00001647       0xdb string.o
 .debug_pubnames
                0x00001722       0xd1 sdcard.o
 .debug_pubnames
                0x000017f3       0x37 picoc/picoc.o
 .debug_pubnames
                0x0000182a       0xe1 picoc/table.o
 .debug_pubnames
                0x0000190b      0x1b8 picoc/lex.o
 .debug_pubnames
                0x00001ac3       0xe8 picoc/parse.o
 .debug_pubnames
                0x00001bab      0x208 picoc/expression.o
 .debug_pubnames
                0x00001db3       0xad picoc/heap.o
 .debug_pubnames
                0x00001e60      0x1b6 picoc/type.o
 .debug_pubnames
                0x00002016      0x274 picoc/variable.o
 .debug_pubnames
                0x0000228a       0xd1 picoc/clibrary.o
 .debug_pubnames
                0x0000235b      0x2af picoc/library_surveyor.o
 .debug_pubnames
                0x0000260a       0x55 picoc/platform.o
 .debug_pubnames
                0x0000265f       0x81 picoc/platform_surveyor.o

.debug_aranges  0x00000000      0x400
 .debug_aranges
                0x00000000       0x20 camera.o
 .debug_aranges
                0x00000020       0x20 edit.o
 .debug_aranges
                0x00000040       0x20 httpd.o
 .debug_aranges
                0x00000060       0x20 i2c.o
 .debug_aranges
                0x00000080       0x20 stm_m25p32.o
 .debug_aranges
                0x000000a0       0x20 printf.o
 .debug_aranges
                0x000000c0       0x20 xmodem.o
 .debug_aranges
                0x000000e0       0x20 float.o
 .debug_aranges
                0x00000100       0x20 gps.o
 .debug_aranges
                0x00000120       0x20 myfunc.o
 .debug_aranges
                0x00000140       0x20 main.o
 .debug_aranges
                0x00000160       0x20 malloc.o
 .debug_aranges
                0x00000180       0x20 srv.o
 .debug_aranges
                0x000001a0       0x20 uart.o
 .debug_aranges
                0x000001c0       0x20 colors.o
 .debug_aranges
                0x000001e0       0x20 jpeg.o
 .debug_aranges
                0x00000200       0x20 neural.o
 .debug_aranges
                0x00000220       0x20 init.o
 .debug_aranges
                0x00000240       0x20 string.o
 .debug_aranges
                0x00000260       0x20 sdcard.o
 .debug_aranges
                0x00000280       0x20 picoc/picoc.o
 .debug_aranges
                0x000002a0       0x20 picoc/table.o
 .debug_aranges
                0x000002c0       0x20 picoc/lex.o
 .debug_aranges
                0x000002e0       0x20 picoc/parse.o
 .debug_aranges
                0x00000300       0x20 picoc/expression.o
 .debug_aranges
                0x00000320       0x20 picoc/heap.o
 .debug_aranges
                0x00000340       0x20 picoc/type.o
 .debug_aranges
                0x00000360       0x20 picoc/variable.o
 .debug_aranges
                0x00000380       0x20 picoc/clibrary.o
 .debug_aranges
                0x000003a0       0x20 picoc/library_surveyor.o
 .debug_aranges
                0x000003c0       0x20 picoc/platform.o
 .debug_aranges
                0x000003e0       0x20 picoc/platform_surveyor.o

.debug_str      0x00000000     0x356b
 .debug_str     0x00000000       0xc7 camera.o
                                 0xcd (size before relaxing)
 .debug_str     0x000000c7       0x94 edit.o
                                 0xcb (size before relaxing)
 .debug_str     0x0000015b       0x86 httpd.o
                                 0xf0 (size before relaxing)
 .debug_str     0x000001e1       0x55 i2c.o
                                 0x9f (size before relaxing)
 .debug_str     0x00000236      0x263 stm_m25p32.o
                                0x2f6 (size before relaxing)
 .debug_str     0x00000499       0x4e printf.o
                                 0xb6 (size before relaxing)
 .debug_str     0x000004e7       0xce xmodem.o
                                0x13d (size before relaxing)
 .debug_str     0x000005b5      0x161 float.o
                                0x1e1 (size before relaxing)
 .debug_str     0x00000716       0xb2 gps.o
                                0x134 (size before relaxing)
 .debug_str     0x000007c8       0x10 myfunc.o
                                 0x47 (size before relaxing)
 .debug_str     0x000007d8        0xc main.o
                                 0x43 (size before relaxing)
 .debug_str     0x000007e4       0x6a malloc.o
                                 0xb8 (size before relaxing)
 .debug_str     0x0000084e      0x8d8 srv.o
                                0xa4e (size before relaxing)
 .debug_str     0x00001126       0xe7 uart.o
                                0x169 (size before relaxing)
 .debug_str     0x0000120d       0xd9 colors.o
                                0x1ed (size before relaxing)
 .debug_str     0x000012e6      0x444 jpeg.o
                                0x4f5 (size before relaxing)
 .debug_str     0x0000172a       0xd9 neural.o
                                0x14f (size before relaxing)
 .debug_str     0x00001803       0x43 init.o
                                 0x6c (size before relaxing)
 .debug_str     0x00001846       0xba string.o
                                0x129 (size before relaxing)
 .debug_str     0x00001900       0xce sdcard.o
                                0x127 (size before relaxing)
 .debug_str     0x000019ce      0x232 picoc/picoc.o
                                0x34b (size before relaxing)
 .debug_str     0x00001c00      0x11f picoc/table.o
                                0x3fe (size before relaxing)
 .debug_str     0x00001d1f      0x84b picoc/lex.o
                                0xb74 (size before relaxing)
 .debug_str     0x0000256a      0x248 picoc/parse.o
                                0xa83 (size before relaxing)
 .debug_str     0x000027b2      0x459 picoc/expression.o
                                0xd3f (size before relaxing)
 .debug_str     0x00002c0b       0xf8 picoc/heap.o
                                0x17f (size before relaxing)
 .debug_str     0x00002d03      0x18a picoc/type.o
                                0xa65 (size before relaxing)
 .debug_str     0x00002e8d      0x25c picoc/variable.o
                                0x617 (size before relaxing)
 .debug_str     0x000030e9      0x16f picoc/clibrary.o
                                0x50c (size before relaxing)
 .debug_str     0x00003258      0x24f picoc/library_surveyor.o
                                0x6dc (size before relaxing)
 .debug_str     0x000034a7       0x54 picoc/platform.o
                                0x1c0 (size before relaxing)
 .debug_str     0x000034fb       0x70 picoc/platform_surveyor.o
                                0x1ab (size before relaxing)

.comment        0x00000000      0x380
 .comment       0x00000000       0x1c camera.o
 .comment       0x0000001c       0x1c edit.o
 .comment       0x00000038       0x1c httpd.o
 .comment       0x00000054       0x1c i2c.o
 .comment       0x00000070       0x1c stm_m25p32.o
 .comment       0x0000008c       0x1c printf.o
 .comment       0x000000a8       0x1c xmodem.o
 .comment       0x000000c4       0x1c float.o
 .comment       0x000000e0       0x1c gps.o
 .comment       0x000000fc       0x1c myfunc.o
 .comment       0x00000118       0x1c main.o
 .comment       0x00000134       0x1c malloc.o
 .comment       0x00000150       0x1c srv.o
 .comment       0x0000016c       0x1c uart.o
 .comment       0x00000188       0x1c colors.o
 .comment       0x000001a4       0x1c jpeg.o
 .comment       0x000001c0       0x1c neural.o
 .comment       0x000001dc       0x1c init.o
 .comment       0x000001f8       0x1c string.o
 .comment       0x00000214       0x1c sdcard.o
 .comment       0x00000230       0x1c picoc/picoc.o
 .comment       0x0000024c       0x1c picoc/table.o
 .comment       0x00000268       0x1c picoc/lex.o
 .comment       0x00000284       0x1c picoc/parse.o
 .comment       0x000002a0       0x1c picoc/expression.o
 .comment       0x000002bc       0x1c picoc/heap.o
 .comment       0x000002d8       0x1c picoc/type.o
 .comment       0x000002f4       0x1c picoc/variable.o
 .comment       0x00000310       0x1c picoc/clibrary.o
 .comment       0x0000032c       0x1c picoc/library_surveyor.o
 .comment       0x00000348       0x1c picoc/platform.o
 .comment       0x00000364       0x1c picoc/platform_surveyor.o

.debug_ranges   0x00000000      0x498
 .debug_ranges  0x00000000       0x28 printf.o
 .debug_ranges  0x00000028       0x70 xmodem.o
 .debug_ranges  0x00000098       0x38 init.o
 .debug_ranges  0x000000d0       0x30 string.o
 .debug_ranges  0x00000100       0xb8 picoc/table.o
 .debug_ranges  0x000001b8       0x80 picoc/lex.o
 .debug_ranges  0x00000238       0x60 picoc/parse.o
 .debug_ranges  0x00000298      0x1d0 picoc/expression.o
 .debug_ranges  0x00000468       0x18 picoc/type.o
 .debug_ranges  0x00000480       0x18 picoc/clibrary.o
