
Allocating common symbols
Common symbol       size              file

imgWidth            0x4               srv.o
rfailsafe           0x4               srv.o
j                   0x4               srv.o
Y2                  0x80              jpeg.o
x_acc               0x4               srv.o
i                   0x4               srv.o
invert_flag         0x4               srv.o
blobcnt             0xfc              colors.o
segmentation_flag   0x4               srv.o
move_stop_time      0x4               srv.o
Temp                0x80              jpeg.o
Cqt                 0x40              jpeg.o
ymax                0x44              colors.o
blobx1              0xfc              colors.o
pwm2_init           0x4               srv.o
Y3                  0x80              jpeg.o
base                0x8               malloc.o
sonar_data          0x14              srv.o
weights             0x1400            neural.o
teach_neurons       0x40              neural.o
nerror              0x80              neural.o
CStdOut             0x10              picoc/clibrary.o
y_acc0              0x4               srv.o
StringHashTable     0x184             picoc/table.o
CharArrayType       0x4               picoc/type.o
Y4                  0x80              jpeg.o
FunctionType        0x24              picoc/type.o
TypeType            0x24              picoc/type.o
umax                0x44              colors.o
ICqt                0x80              jpeg.o
hist0               0x400             colors.o
heap_end            0x4               malloc.o
quality             0x4               srv.o
move_start_time     0x4               srv.o
ExitBuf             0xa4              picoc/platform_surveyor.o
y_acc               0x4               srv.o
output_start        0x4               srv.o
hist1               0x400             colors.o
lcount              0x4               srv.o
pwm1_init           0x4               srv.o
image_size          0x4               srv.o
ILqt                0x80              jpeg.o
heap_start          0x4               malloc.o
pwm1_mode           0x4               srv.o
neurons             0x180             neural.o
StringLiteralHashTable
                    0x184             picoc/variable.o
x_center            0x4               srv.o
blobix              0xfc              colors.o
EnumType            0x24              picoc/type.o
VoidType            0x24              picoc/type.o
lfailsafe           0x4               srv.o
edge_thresh         0x4               srv.o
horizon_detect_flag
                    0x4               srv.o
master              0x4               srv.o
bloby2              0xfc              colors.o
mean                0xc               colors.o
base_speed          0x4               srv.o
rspeed2             0x4               srv.o
lspeed              0x4               srv.o
GlobalHashTable     0x184             picoc/variable.o
vmax                0x44              colors.o
CR                  0x80              jpeg.o
overlay_flag        0x4               srv.o
StringTable         0x8               picoc/table.o
lspeed2             0x4               srv.o
err1                0x4               srv.o
cp                  0x4               srv.o
Lqt                 0x40              jpeg.o
ShortType           0x24              picoc/type.o
GlobalTable         0x8               picoc/variable.o
UnsignedCharType    0x24              picoc/type.o
MacroType           0x24              picoc/type.o
CharType            0x24              picoc/type.o
output_end          0x4               srv.o
CB                  0x80              jpeg.o
pwm2_mode           0x4               srv.o
CharPtrType         0x4               picoc/type.o
obstacle_detect_flag
                    0x4               srv.o
fdct_temp           0x80              jpeg.o
gps_gga             0x18              gps.o
StringLiteralTable  0x8               picoc/variable.o
framecount          0x4               srv.o
VoidPtrType         0x4               picoc/type.o
vmin                0x44              colors.o
heap_ptr            0x4               malloc.o
bloby1              0xfc              colors.o
rcount              0x4               srv.o
x_acc0              0x4               srv.o
IntType             0x24              picoc/type.o
imgHead             0xb               srv.o
read_format         0x4               jpeg.o
edge_detect_flag    0x4               srv.o
encoder_flag        0x4               srv.o
imgHeight           0x4               srv.o
UberType            0x24              picoc/type.o
failsafe_clock      0x4               srv.o
blobx2              0xfc              colors.o
move_time_mS        0x4               srv.o
dlist2              0xc               camera.o
y_center            0x4               srv.o
UnsignedIntType     0x24              picoc/type.o
UnsignedShortType   0x24              picoc/type.o
xbuff               0x406             xmodem.o
xwd_init            0x4               srv.o
dlist1              0xc               camera.o
ymin                0x44              colors.o
umin                0x44              colors.o
rspeed              0x4               srv.o
base_speed2         0x4               srv.o
frame_diff_flag     0x4               srv.o
ix                  0x4               srv.o
Y1                  0x80              jpeg.o
robot_moving        0x4               srv.o

Memory Configuration

Name             Origin             Length             Attributes
ram              0x00000000         0x02000000         xrw
l1code           0xffa00000         0x00010000         x
l1data_a         0xff800000         0x00008000         rw
l1data_b         0xff900000         0x00008000         rw
scratchpad       0xffb00000         0x00001000         rw
*default*        0x00000000         0xffffffff

Linker script and memory map


.sdram.text
 camera.o(.sdram.text)
 edit.o(.sdram.text)
 httpd.o(.sdram.text)
 i2c.o(.sdram.text)
 stm_m25p32.o(.sdram.text)
 printf.o(.sdram.text)
 xmodem.o(.sdram.text)
 float.o(.sdram.text)
 gps.o(.sdram.text)
 myfunc.o(.sdram.text)
 *(.gnu.warning)

.l1code         0xffa00000     0x8488
 main.o(.text)
 .text          0xffa00000      0x364 main.o
                0xffa00000                main
 math.o(.text)
 .text          0xffa00364      0x200 math.o
                0xffa00430                __umodsi3
                0xffa00462                __divsi3
                0xffa00364                __udivsi3
 malloc.o(.text)
 .text          0xffa00564      0x1a4 malloc.o
                0xffa00640                morecore
                0xffa005b8                free
                0xffa00564                init_heap
                0xffa005a4                sbrk
                0xffa00684                malloc
 string.o(.text)
 .text          0xffa00708      0x564 string.o
                0xffa00708                strcmp
                0xffa00954                memcpy2
                0xffa00784                strncpy
                0xffa007bc                atoi
                0xffa00938                memcpy
                0xffa00978                memset
                0xffa00abc                strtoksafe
                0xffa009cc                ctoi
                0xffa008a0                itoa
                0xffa00c44                strdup
                0xffa00868                reverse
                0xffa00a14                strpbrk
                0xffa00b70                strnstr
                0xffa0075c                strchr
                0xffa00774                strcpy
                0xffa00a4c                strtok
                0xffa00728                strncmp
                0xffa0092c                isdigit
                0xffa00848                strlen
                0xffa009e4                atoi_b16
                0xffa0098c                memmove
                0xffa00bd4                strReplace
                0xffa00b20                strstr
 srv.o(.text)
 .text          0xffa00c6c     0x41d4 srv.o
                0xffa023f4                motor_command
                0xffa02f30                process_i2c
                0xffa028c8                restore_video
                0xffa03610                xmodem_receive
                0xffa018c4                clearRTC
                0xffa01a58                delayUS
                0xffa03f8c                motion_vect80x64
                0xffa02914                invert_video
                0xffa00ee4                grab_reference_frame
                0xffa018d4                delayMS
                0xffa024f8                set_edge_thresh
                0xffa01ac8                delayNS
                0xffa0142c                setPPM1
                0xffa01d6c                rand
                0xffa021e0                testSD
                0xffa02e90                tilt
                0xffa03534                read_user_sector
                0xffa01660                initRTC
                0xffa03924                serial_out_flashbuffer
                0xffa00f84                move_yuv422_to_planar
                0xffa03678                camera_reset
                0xffa04dc8                check_for_autorun
                0xffa0295c                init_tilt
                0xffa03344                write_boot_flash
                0xffa02f04                read_tilt
                0xffa010e0                initPWM
                0xffa011c8                init_sonar
                0xffa01b54                check_failsafe
                0xffa021d0                show_stack_ptr
                0xffa02e0c                read_compass
                0xffa04384                process_colors
                0xffa0298c                laser_range
                0xffa021b8                show_heap_ptr
                0xffa01fd0                overlay_on
                0xffa0138c                setPWM2
                0xffa02134                lasers_off
                0xffa00d70                clear_sdram
                0xffa00db4                led1_on
                0xffa024ac                change_image_quality
                0xffa00d98                stack_remaining
                0xffa015a4                check_bounds_0_100
                0xffa00ebc                move_image
                0xffa03418                write_user_sector
                0xffa02528                process_neuralnet
                0xffa0233c                motor2_command
                0xffa0227c                ppm2_command
                0xffa012a0                setPWM
                0xffa01144                initPWM2
                0xffa01e18                read_encoders
                0xffa0322c                init_analog
                0xffa02df0                show_laser_range
                0xffa035e4                crc_flash_buffer
                0xffa03a10                send_frame
                0xffa0210c                check_battery
                0xffa01f10                motor_increase_base_speed
                0xffa020dc                ping_sonar
                0xffa00f68                copy_image
                0xffa02050                enable_horizon_detect
                0xffa01c10                encoders
                0xffa01f84                clear_flash_buffer
                0xffa02228                enable_failsafe
                0xffa02154                lasers_on
                0xffa022dc                ppm1_command
                0xffa01e5c                motor_action
                0xffa01680                readRTC
                0xffa015c0                motor_trim_right
                0xffa00da4                led0_on
                0xffa01610                motor_trim_left
                0xffa00c6c                init_io
                0xffa02190                serial_out_version
                0xffa016f4                sonar
                0xffa01bd8                init_encoders
                0xffa00dc4                compute_frame_diff
                0xffa03608                launch_editor
                0xffa04110                motion_vect_test
                0xffa02078                enable_edge_detect
                0xffa041ec                grab_frame
                0xffa020a0                enable_segmentation
                0xffa03478                write_user_flash
                0xffa0398c                send_80x64planar
                0xffa01904                motor_set
                0xffa01194                initTMR4
                0xffa011f8                initPPM1
                0xffa014e8                setPPM2
                0xffa01e9c                motor_decrease_base_speed
                0xffa0124c                initPPM2
                0xffa02028                enable_obstacle_detect
                0xffa034a4                read_double_sector
                0xffa02174                serial_out_time
                0xffa00e1c                set_caption
                0xffa01fe8                disable_frame_diff
                0xffa00fc8                scale_image_to_80x64_planar
                0xffa00d44                reset_cpu
                0xffa035a4                read_user_flash
                0xffa03398                write_double_sector
                0xffa030b0                analog
                0xffa01b3c                reset_failsafe_clock
                0xffa01e44                disable_failsafe
                0xffa031f0                read_analog
                0xffa01fb8                overlay_off
                0xffa020b8                enable_frame_diff
                0xffa03850                camera_setup
                0xffa00f18                move_inverted
 uart.o(.text)
 .text          0xffa04e40      0x4fc uart.o
                0xffa05054                uart1SendChar
                0xffa050c8                uart1GetCh
                0xffa05020                uart0GetChar
                0xffa04fe0                uart0SendChars
                0xffa052c0                suartPutChar
                0xffa05004                uart0GetCh
                0xffa04fb4                uart0SendString
                0xffa04f84                uart0SendChar
                0xffa04efc                uart0_CTS
                0xffa050a4                uart1SendChars
                0xffa04e98                init_uart0
                0xffa05044                uart0Signal
                0xffa04e40                suartInit
                0xffa05118                printNumber
                0xffa05200                suartGetChar
                0xffa05078                uart1SendString
                0xffa050e4                uart1GetChar
                0xffa05108                uart1Signal
                0xffa04f20                init_uart1
 colors.o(.text)
 .text          0xffa0533c     0x1228 colors.o
                0xffa054e8                vmean
                0xffa0585c                edge_detect
                0xffa0575c                vfind
                0xffa059f4                svs_segcode
                0xffa05dd0                vhorizon
                0xffa055ac                color_segment
                0xffa05c94                addvect
                0xffa06050                vblob
                0xffa053c0                blob_merge
                0xffa05bfc                svs_segview
                0xffa0533c                init_colors
                0xffa05b44                vscan
                0xffa0541c                vhist
                0xffa05d20                addline
                0xffa0538c                vpix
 jpeg.o(.text)
 .text          0xffa06564      0xd9c jpeg.o
                0xffa07110                DCT
                0xffa06b08                close_bitstream
                0xffa07124                encodeMCU
                0xffa06650                huffman
                0xffa06b7c                write_markers
                0xffa07220                encode_image
                0xffa06d9c                initialize_quantization_tables
                0xffa06f5c                read_422_format
                0xffa06564                initialization
                0xffa06630                levelshift
                0xffa06e8c                quantization
                0xffa06edc                read_400_format
 r8x8dct.o(.text)
 .text          0xffa07300       0xf0 r8x8dct.o
                0xffa07300                _r8x8dct
 motionvect.o(.text)
 .text          0xffa073f0      0x950 motionvect.o
                0xffa07858                hpel
                0xffa07bb8                _mve_core
                0xffa07a68                _hpel_core2
                0xffa07948                _hpel_core1
                0xffa073f0                _motionvect
 uart.o(.text)
 setjmp.o(.text)
 .text          0xffa07d40      0x184 setjmp.o
                0xffa07d40                longjmp
                0xffa07e08                setjmp
 neural.o(.text)
 .text          0xffa07ec4      0x5c4 neural.o
                0xffa08264                nnpack8x8
                0xffa08450                nninit_network
                0xffa082e0                nndisplay
                0xffa07f5c                f_logic
                0xffa07fbc                nncalculate_network
                0xffa080a4                nncalculate_errors
                0xffa08374                nntrain_network
                0xffa08360                nninit_pattern
                0xffa07ec4                nnset_pattern
                0xffa08158                nnscale8x8

.text           0x00000000     0xa944
 .text          0x00000000       0xf0 camera.o
                0x00000000                camera_init
                0x000000a8                camera_start
                0x000000cc                camera_stop
 .text          0x000000f0      0x33c edit.o
                0x00000288                insert_char
                0x00000138                find_next_line
                0x00000300                edit
                0x000001d4                find_buffer_end
                0x000000f0                delete_char
                0x0000021c                print_lines
                0x000002e0                print_help
                0x00000188                find_previous_line
 .text          0x0000042c      0xc6c httpd.o
                0x000006e4                httpd_request
                0x0000042c                clean_buffer
                0x00000618                adminBodyBuilder
 .text          0x00001098      0x290 i2c.o
                0x00001168                i2cwritex
                0x00001098                i2cwrite
                0x00001230                i2cread
 .text          0x00001328      0x4d4 stm_m25p32.o
                0x00001404                SetupSPI
                0x000014c4                spi_read
                0x0000155c                Wait_For_WEL
                0x000013e4                SPI_OFF
                0x000015c4                WriteFlash
                0x00001730                spi_write
                0x00001334                spi_init_r
                0x000016b4                EraseBlock
                0x00001524                Wait_For_Status
                0x00001380                GetSectorNumber
                0x00001660                WriteData
                0x00001328                spi_init_f
                0x000014e0                ReadStatusRegister
                0x00001590                SendSingleCommand
                0x00001434                ReadData
                0x00001340                Wait_For_SPIF
                0x000013a8                udelay
 .text          0x000017fc      0x334 printf.o
                0x00001af8                sprintf
                0x00001b14                printf
 .text          0x00001b30      0x4fc xmodem.o
                0x00001bbc                xmodemTransmit
                0x00001b6c                _inbyte
                0x00001b30                crc16_ccitt
                0x00001e34                xmodemReceive
 .text          0x0000202c      0xb9c float.o
                0x0000202c                bytesToFloat
                0x00002914                printFloat
                0x00002760                bigMulti
                0x000028fc                power
                0x000025c8                isOne
                0x0000205c                minus
                0x00002aac                printBinary
                0x00002674                intToFloat
                0x00002068                divFloat
                0x00002050                parseFloat
                0x00002b5c                printExponent
                0x00002b84                printMantissa
                0x00002668                lteFloat
                0x00002124                addFloat
                0x000027dc                mulFloat
                0x000025d8                gteFloat
                0x00002418                subFloat
                0x00002aec                floatInBinary
 .text          0x00002bc8      0xedc gps.o
                0x00002d74                tan
                0x00002f9c                atan
                0x0000315c                gps_dist
                0x00002e80                asin
                0x00003288                read_ublox
                0x00002f0c                acos
                0x00003094                gps_head
                0x00002ca4                cos
                0x00002bc8                sin
                0x000032d0                gps_parse
                0x000039fc                gps_show
                0x00003068                isqrt
 .text          0x00003aa4       0x28 myfunc.o
                0x00003aa4                myfunc
 .text          0x00003acc       0xd0 init.o
                0x00003acc                initcode
 .text          0x00003b9c      0x4f8 sdcard.o
                0x00003d48                GetCardParams
                0x00003be0                CloseSD
                0x00003f6c                ReadMultipleBlocks
                0x00003e28                EraseBlocks
                0x00004004                WriteMultipleBlocks
                0x00003b9c                InitSD
                0x00003cc4                GetToken
                0x00003e80                WriteSector
                0x00003d00                CardInit
                0x00003f04                ReadSector
                0x00003c40                SendCommand
                0x00003bf0                WriteByte
 .text          0x00004094      0x128 picoc/picoc.o
                0x00004110                picoc
                0x000040b4                Initialise
                0x00004094                Cleanup
 .text          0x000041bc      0x28c picoc/table.o
                0x00004390                TableStrRegister
                0x000041f8                TableGet
                0x0000427c                TableStrFree
                0x000042c0                TableSetIdentifier
                0x000043f8                TableInitTable
                0x0000437c                TableStrRegister2
                0x0000422c                TableDelete
                0x000043ac                TableSet
                0x0000440c                TableInit
 .text          0x00004448      0xf80 picoc/lex.o
                0x00004880                LexInteractiveClear
                0x0000539c                LexInit
                0x00004a18                LexGetCharacterConstant
                0x000047f4                LexInitParser
                0x00004598                LexUnEscapeCharacterConstant
                0x00004a70                LexGetWord
                0x000048cc                LexCleanup
                0x00004448                LexCheckReservedWord
                0x00004824                LexInteractiveCompleted
                0x000048d4                LexCopyTokens
                0x00004814                LexInteractiveStatementPrompt
                0x00004640                LexUnEscapeCharacter
                0x00005368                LexToEndOfLine
                0x00004470                LexGetNumber
                0x00005060                LexAnalyse
                0x00005084                LexGetToken
                0x00004740                LexSkipComment
                0x000047cc                LexTokenSize
                0x00004c20                LexScanGetToken
                0x00004fa0                LexTokenise
                0x00004af4                LexGetStringConstant
 .text          0x000053c8      0xd50 picoc/parse.o
                0x00005494                ParseFunctionDefinition
                0x00005f00                ParseBlock
                0x00005700                ParseDeclaration
                0x000053dc                ParseCleanup
                0x000053c8                ParserCopyPos
                0x00005f88                ParseStatementMaybeRun
                0x00005fbc                ParseFor
                0x00005e84                Parse
                0x00005890                ParseStatement
                0x000053f0                ParseMacroDefinition
                0x00005e00                ParseInteractive
 .text          0x00006118     0x1620 picoc/expression.o
                0x00006440                ExpressionPostfixOperator
                0x00007468                ExpressionParseInt
                0x00006390                ExpressionPushInt
                0x000067d4                ExpressionAssignToPointer
                0x000068b8                ExpressionAssign
                0x00006124                ExpressionCoerceInteger
                0x0000623c                ExpressionGetStructElement
                0x000063c8                ExpressionStackPushDereference
                0x000065a8                ExpressionPrefixOperator
                0x000061e8                ExpressionStackPushOperator
                0x0000619c                ExpressionAssignInt
                0x00006118                debugf
                0x00006e80                ExpressionStackCollapse
                0x00006410                ExpressionStackPushValueByType
                0x00006f9c                ExpressionStackPushValue
                0x000074e4                ExpressionParseFunctionCall
                0x00006aac                ExpressionInfixOperator
                0x00006160                ExpressionCoerceUnsignedInteger
                0x00006218                ExpressionStackPushValueNode
                0x00006fc0                ExpressionParse
                0x00006f6c                ExpressionStackPushLValue
 .text          0x00007738      0x24c picoc/heap.o
                0x0000793c                HeapAllocStack
                0x000077c4                HeapPushStackFrame
                0x000077e4                HeapPopStackFrame
                0x00007808                HeapFreeMem
                0x0000779c                HeapPopStack
                0x00007784                HeapUnpopStack
                0x00007738                HeapInit
                0x00007860                HeapAllocMem
 .text          0x00007984      0x9cc picoc/type.o
                0x000079b8                TypeStackSizeValue
                0x00007aac                TypeInit
                0x00008300                TypeCleanupNode
                0x00007a3c                TypeAddBaseType
                0x00007dbc                TypeParseStruct
                0x000079d4                TypeLastAccessibleOffset
                0x00007a24                TypeSizeAlignment
                0x00008344                TypeCleanup
                0x000079f8                TypeSize
                0x00008118                TypeParse
                0x00008144                TypeParseIdentPart
                0x00007be0                TypeGetMatching
                0x00007f9c                TypeParseFront
                0x00007984                TypeSizeValue
                0x00007a6c                TypeAdd
                0x00007c54                TypeParseEnum
 .text          0x00008350      0x680 picoc/variable.o
                0x000084a8                VariableDefined
                0x000086dc                VariableStackPop
                0x00008500                VariableStackFramePop
                0x000087e4                VariableAllocValueAndData
                0x0000881c                VariableDefinePlatformVar
                0x0000861c                VariableFree
                0x000086bc                VariableCleanup
                0x00008414                VariableStringLiteralDefine
                0x000088fc                VariableAllocValueFromType
                0x00008678                VariableTableCleanup
                0x00008428                VariableStringLiteralGet
                0x000085cc                VariableInit
                0x00008550                VariableStackFrameAdd
                0x00008450                VariableGet
                0x000088b8                VariableAllocValueAndCopy
                0x000087bc                VariableAllocValueShared
                0x00008784                VariableAllocValueFromExistingData
                0x0000873c                VariableAlloc
                0x00008948                VariableDefine
                0x00008350                VariableDereferencePointer
 .text          0x000089d0      0x734 picoc/clibrary.o
                0x00008b6c                PrintType
                0x00008fc4                LibPrintf
                0x00008b20                PrintInt
                0x00008c7c                LibExit
                0x000089f4                PrintStr
                0x00008c98                LibGets
                0x000089d0                SPutc
                0x00008a1c                PrintRepeatedChar
                0x00008a44                PrintUnsigned
                0x00008f28                LibSPrintf
                0x00008ce4                GenericPrintf
                0x000089e8                PrintCh
                0x00009060                LibraryInit
                0x00008fe8                CLibraryInit
                0x00008c80                LibGetc
 .text          0x00009104     0x1420 picoc/library_surveyor.o
                0x00009834                Ctan
                0x00009ebc                Cvrcap
                0x00009894                Cwritei2c
                0x00009f24                Csonar
                0x00009708                Cnninit
                0x00009874                Csin
                0x0000a1bc                Cencoders
                0x00009134                Cioread
                0x0000949c                Cnnmatchblob
                0x000091fc                Claser
                0x000098c8                Cvcam
                0x00009dfc                Cvscan
                0x00009f08                Crange
                0x0000998c                Cgps
                0x00009260                Cvcolor
                0x0000a07c                Cmotors2
                0x0000970c                Csqrt
                0x0000946c                Cnnshow
                0x0000a004                Cservos
                0x00009c14                Cvsend
                0x00009854                Ccos
                0x000097bc                Cacos
                0x00009f8c                Cservos2
                0x00009b80                Ccompass
                0x00009308                Cautorun
                0x0000a11c                Cmotors
                0x000099ec                Canalog
                0x000097f8                Casin
                0x000091c0                Cpoke
                0x00009ec0                Cvcap
                0x00009760                Cgps_head
                0x00009e70                Cvpix
                0x00009c64                Cvjpeg
                0x00009240                Cbattery
                0x00009794                Catan
                0x00009b48                Ctilt
                0x000093c4                Cnnlearnblob
                0x00009954                Creadi2c
                0x00009914                Creadi2c2
                0x0000916c                Cpeek
                0x0000a20c                Cinput
                0x0000a1e4                Crand
                0x000092f0                Ctime
                0x00009ec4                Cvfind
                0x00009680                Cnntrain
                0x000092dc                Cvdiff
                0x00009104                Ciodir
                0x00009bfc                Cdelay
                0x00009cc8                Cvblob
                0x0000a254                PlatformLibraryInit
                0x000095b0                Cnntest
                0x00009378                Cnnset
                0x0000914c                Ciowrite
                0x0000972c                Cgps_dist
                0x0000a228                Csignal
                0x00009dbc                Cvmean
 .text          0x0000a524      0x354 picoc/platform.o
                0x0000a624                PlatformPrintf
                0x0000a764                LexFail
                0x0000a640                PrintSourceTextErrorLine
                0x0000a7e0                AssignFail
                0x0000a524                PlatformVPrintf
                0x0000a7a0                ProgramFail
 .text          0x0000a878       0xcc picoc/platform_surveyor.o
                0x0000a8b0                PlatformPutc
                0x0000a8dc                PlatformGetLine
                0x0000a878                PlatformCleanup
                0x0000a8a0                PlatformGetCharacter
                0x0000a884                PlatformExit

.l1data         0xff800000     0x27ec
 *(.data)
 .data          0xff800000        0x0 camera.o
 .data          0xff800000        0x0 edit.o
 .data          0xff800000     0x10a4 httpd.o
                0xff800000                adminHtml
 .data          0xff8010a4        0x0 i2c.o
 .data          0xff8010a4        0x0 stm_m25p32.o
 .data          0xff8010a4        0x0 printf.o
 .data          0xff8010a4        0x0 xmodem.o
 .data          0xff8010a4        0x0 float.o
 .data          0xff8010a4        0x0 gps.o
 .data          0xff8010a4        0x0 myfunc.o
 .data          0xff8010a4        0x0 main.o
 .data          0xff8010a4        0x0 math.o
 .data          0xff8010a4        0x0 malloc.o
 .data          0xff8010a4        0x0 string.o
 .data          0xff8010a4      0xa74 srv.o
                0xff8014ac                version_string
                0xff8010ac                font8x8
                0xff8010a4                fontmask
                0xff8014e4                frame
                0xff801504                rand_seed
 .data          0xff801b18        0x0 uart.o
 .data          0xff801b18        0x0 colors.o
 .data          0xff801b18      0x8f0 jpeg.o
                0xff802348                zigzag_table
                0xff801b70                chrominance_dc_size_table
                0xff801e10                chrominance_ac_code_table
                0xff801ccc                luminance_ac_size_table
                0xff801b88                luminance_ac_code_table
                0xff801b40                luminance_dc_size_table
                0xff801b58                chrominance_dc_code_table
                0xff802388                luminance_quant_table
                0xff802198                markerdata
                0xff801b28                luminance_dc_code_table
                0xff801b18                fdct_coeff
                0xff8023c8                chrominance_quant_table
                0xff802098                bitsize
                0xff801f54                chrominance_ac_size_table
 .data          0xff802408        0x0 r8x8dct.o
 .data          0xff802408        0x0 motionvect.o
 .data          0xff802408        0x0 setjmp.o
 .data          0xff802408       0x8c neural.o
                0xff80240c                npattern
                0xff80248c                nmask
                0xff802408                learn
 .data          0xff802494        0x0 init.o
 .data          0xff802494        0x0 sdcard.o
 .data          0xff802494        0x0 picoc/picoc.o
 .data          0xff802494        0x0 picoc/table.o
 .data          0xff802494      0x154 picoc/lex.o
 .data          0xff8025e8        0x0 picoc/parse.o
 .data          0xff8025e8        0x0 picoc/expression.o
 .data          0xff8025e8       0x10 picoc/heap.o
                0xff8025ec                HeapMemStart
                0xff8025e8                HeapStackTop
 .data          0xff8025f8        0x0 picoc/type.o
 .data          0xff8025f8        0x0 picoc/variable.o
 .data          0xff8025f8       0x34 picoc/clibrary.o
                0xff8025f8                CLibrary
 .data          0xff80262c      0x1c0 picoc/library_surveyor.o
                0xff80262c                PlatformLibrary
 .data          0xff8027ec        0x0 picoc/platform.o
 .data          0xff8027ec        0x0 picoc/platform_surveyor.o
 *(.l1data)
 *(.l1data.a)

.l1data.b
 *(.l1data.b)

.rodata         0xff8027ec     0x31e0
 *(.rodata .rodata.* .gnu.linkonce.r.*)
 .rodata.str1.4
                0xff8027ec       0xb6 edit.o
                                 0xb8 (size before relaxing)
 *fill*         0xff8028a2        0x2 00
 .rodata        0xff8028a4       0x5c edit.o
 .rodata.str1.4
                0xff802900      0x361 httpd.o
                                0x378 (size before relaxing)
 *fill*         0xff802c61        0x3 00
 .rodata        0xff802c64      0x14c httpd.o
 .rodata.str1.4
                0xff802db0        0x7 printf.o
                                  0x8 (size before relaxing)
 *fill*         0xff802db7        0x1 00
 .rodata        0xff802db8      0x200 xmodem.o
 .rodata.str1.4
                0xff802fb8       0x3b float.o
                                 0x40 (size before relaxing)
 *fill*         0xff802ff3        0x1 00
 .rodata.str1.4
                0xff802ff4       0xa2 gps.o
                                 0xa4 (size before relaxing)
 *fill*         0xff803096        0x2 00
 .rodata        0xff803098      0x16c gps.o
 .rodata.str1.4
                0xff803204       0x14 myfunc.o
 .rodata        0xff803218      0x38c main.o
 .rodata        0xff8035a4      0x1c4 srv.o
 .rodata.str1.4
                0xff803768      0x7d5 srv.o
                                0x7e0 (size before relaxing)
 *fill*         0xff803f3d        0x3 00
 .rodata        0xff803f40       0x10 uart.o
 .rodata.str1.4
                0xff803f50       0x53 colors.o
                                 0x54 (size before relaxing)
 *fill*         0xff803fa3        0x1 00
 .rodata.str1.4
                0xff803fa4        0x4 neural.o
                                  0xc (size before relaxing)
 .rodata.str1.4
                0xff803fa8       0x37 picoc/picoc.o
                                 0x38 (size before relaxing)
 *fill*         0xff803fdf        0x1 00
 .rodata.str1.4
                0xff803fe0        0xe picoc/table.o
                                 0x14 (size before relaxing)
 *fill*         0xff803fee        0x2 00
 .rodata        0xff803ff0      0x2e8 picoc/lex.o
 .rodata.str1.4
                0xff8042d8       0xee picoc/lex.o
                                0x110 (size before relaxing)
 *fill*         0xff8043c6        0x2 00
 .rodata.str1.4
                0xff8043c8      0x1c9 picoc/parse.o
                                0x1d0 (size before relaxing)
 *fill*         0xff804591        0x3 00
 .rodata        0xff804594       0xd4 picoc/parse.o
 .rodata        0xff804668      0x2dc picoc/expression.o
 .rodata.str1.4
                0xff804944      0x3ba picoc/expression.o
                                0x414 (size before relaxing)
 *fill*         0xff804cfe        0x2 00
 .rodata.str1.4
                0xff804d00      0x12d picoc/type.o
                                0x164 (size before relaxing)
 *fill*         0xff804e2d        0x3 00
 .rodata        0xff804e30       0x2c picoc/type.o
 .rodata.str1.4
                0xff804e5c       0x9b picoc/variable.o
                                 0xc4 (size before relaxing)
 *fill*         0xff804ef7        0x1 00
 .rodata.str1.4
                0xff804ef8      0x118 picoc/clibrary.o
                                0x140 (size before relaxing)
 .rodata        0xff805010       0x98 picoc/clibrary.o
 .rodata.str1.4
                0xff8050a8      0x8ce picoc/library_surveyor.o
                                0x8e4 (size before relaxing)
 .rodata        0xff805976       0x10 picoc/library_surveyor.o
 *fill*         0xff805986        0x2 00
 .rodata.str1.4
                0xff805988       0x44 picoc/platform.o
                                 0x50 (size before relaxing)
 .rodata.str1.4
                0x00000000       0x10 picoc/platform_surveyor.o

.data
 *(.data .data.* .gnu.linkonce.d.*)

.ctors
 *crtbegin*.o(.ctors)
 *(EXCLUDE_FILE(*crtend*.o) .ctors)
 *(SORT(.ctors.*))
 *(.ctors)

.dtors
 *crtbegin*.o(.dtors)
 *(EXCLUDE_FILE(*crtend*.o) .dtors)
 *(SORT(.dtors.*))
 *(.dtors)

.sdram.bss      0x0000a944        0x0
                0x0000a944                __sdram_bss_start = .
 *(.bss.sdram)
                0x0000a944                . = ALIGN (0x4)
                0x0000a944                __sdram_bss_end = .

.bss            0xff900000     0x4be0
                0xff900000                __bss_start = .
 *(.dynbss)
 *(.bss .bss.* .gnu.linkonce.b.*)
 .bss           0xff900000        0x0 camera.o
 .bss           0xff900000       0x10 edit.o
 .bss           0xff900010     0x1284 httpd.o
 .bss           0xff901294        0x0 i2c.o
 .bss           0xff901294        0x0 stm_m25p32.o
 .bss           0xff901294        0x0 printf.o
 .bss           0xff901294        0x0 xmodem.o
 .bss           0xff901294        0x0 float.o
 .bss           0xff901294        0x8 gps.o
 .bss           0xff90129c        0x0 myfunc.o
 .bss           0xff90129c        0x0 main.o
 .bss           0xff90129c        0x0 math.o
 .bss           0xff90129c        0x4 malloc.o
                0xff90129c                allocp
 .bss           0xff9012a0        0x4 string.o
 .bss           0xff9012a4        0xc srv.o
                0xff9012a8                sonar_flag
                0xff9012a4                failsafe_mode
                0xff9012ac                uart1_flag
 .bss           0xff9012b0        0x4 uart.o
 .bss           0xff9012b4       0x50 colors.o
 .bss           0xff901304        0x8 jpeg.o
                0xff901304                lcode
                0xff901308                bitindex
 .bss           0xff90130c        0x0 r8x8dct.o
 .bss           0xff90130c        0x0 motionvect.o
 .bss           0xff90130c        0x0 setjmp.o
 .bss           0xff90130c        0x0 neural.o
 .bss           0xff90130c        0x0 init.o
 .bss           0xff90130c        0x0 sdcard.o
 .bss           0xff90130c        0x0 picoc/picoc.o
 .bss           0xff90130c        0x4 picoc/table.o
                0xff90130c                StrEmpty
 .bss           0xff901310       0x44 picoc/lex.o
 .bss           0xff901354        0x4 picoc/parse.o
 .bss           0xff901358        0x0 picoc/expression.o
 .bss           0xff901358       0x24 picoc/heap.o
 .bss           0xff90137c        0x0 picoc/type.o
 .bss           0xff90137c        0x4 picoc/variable.o
                0xff90137c                TopStackFrame
 .bss           0xff901380        0x4 picoc/clibrary.o
 .bss           0xff901384       0xcc picoc/library_surveyor.o
 .bss           0xff901450        0x0 picoc/platform.o
 .bss           0xff901450        0x0 picoc/platform_surveyor.o
 *(COMMON)
 COMMON         0xff901450       0x18 camera.o
                0xff901450                dlist2
                0xff90145c                dlist1
 COMMON         0xff901468      0x406 xmodem.o
                0xff901468                xbuff
 *fill*         0xff90186e        0x2 00
 COMMON         0xff901870       0x18 gps.o
                0xff901870                gps_gga
 COMMON         0xff901888       0x14 malloc.o
                0xff901888                base
                0xff901890                heap_end
                0xff901894                heap_start
                0xff901898                heap_ptr
 COMMON         0xff90189c       0xe0 srv.o
                0xff90189c                imgWidth
                0xff9018a0                rfailsafe
                0xff9018a4                j
                0xff9018a8                x_acc
                0xff9018ac                i
                0xff9018b0                invert_flag
                0xff9018b4                segmentation_flag
                0xff9018b8                move_stop_time
                0xff9018bc                pwm2_init
                0xff9018c0                sonar_data
                0xff9018d4                y_acc0
                0xff9018d8                quality
                0xff9018dc                move_start_time
                0xff9018e0                y_acc
                0xff9018e4                output_start
                0xff9018e8                lcount
                0xff9018ec                pwm1_init
                0xff9018f0                image_size
                0xff9018f4                pwm1_mode
                0xff9018f8                x_center
                0xff9018fc                lfailsafe
                0xff901900                edge_thresh
                0xff901904                horizon_detect_flag
                0xff901908                master
                0xff90190c                base_speed
                0xff901910                rspeed2
                0xff901914                lspeed
                0xff901918                overlay_flag
                0xff90191c                lspeed2
                0xff901920                err1
                0xff901924                cp
                0xff901928                output_end
                0xff90192c                pwm2_mode
                0xff901930                obstacle_detect_flag
                0xff901934                framecount
                0xff901938                rcount
                0xff90193c                x_acc0
                0xff901940                imgHead
                0xff90194c                edge_detect_flag
                0xff901950                encoder_flag
                0xff901954                imgHeight
                0xff901958                failsafe_clock
                0xff90195c                move_time_mS
                0xff901960                y_center
                0xff901964                xwd_init
                0xff901968                rspeed
                0xff90196c                base_speed2
                0xff901970                frame_diff_flag
                0xff901974                ix
                0xff901978                robot_moving
 COMMON         0xff90197c      0xf8c colors.o
                0xff90197c                blobcnt
                0xff901a78                ymax
                0xff901abc                blobx1
                0xff901bb8                umax
                0xff901bfc                hist0
                0xff901ffc                hist1
                0xff9023fc                blobix
                0xff9024f8                bloby2
                0xff9025f4                mean
                0xff902600                vmax
                0xff902644                vmin
                0xff902688                bloby1
                0xff902784                blobx2
                0xff902880                ymin
                0xff9028c4                umin
 COMMON         0xff902908      0x584 jpeg.o
                0xff902908                Y2
                0xff902988                Temp
                0xff902a08                Cqt
                0xff902a48                Y3
                0xff902ac8                Y4
                0xff902b48                ICqt
                0xff902bc8                ILqt
                0xff902c48                CR
                0xff902cc8                Lqt
                0xff902d08                CB
                0xff902d88                fdct_temp
                0xff902e08                read_format
                0xff902e0c                Y1
 COMMON         0xff902e8c     0x1640 neural.o
                0xff902e8c                weights
                0xff90428c                teach_neurons
                0xff9042cc                nerror
                0xff90434c                neurons
 COMMON         0xff9044cc      0x18c picoc/table.o
                0xff9044cc                StringHashTable
                0xff904650                StringTable
 COMMON         0xff904658      0x1bc picoc/type.o
                0xff904658                CharArrayType
                0xff90465c                FunctionType
                0xff904680                TypeType
                0xff9046a4                EnumType
                0xff9046c8                VoidType
                0xff9046ec                ShortType
                0xff904710                UnsignedCharType
                0xff904734                MacroType
                0xff904758                CharType
                0xff90477c                CharPtrType
                0xff904780                VoidPtrType
                0xff904784                IntType
                0xff9047a8                UberType
                0xff9047cc                UnsignedIntType
                0xff9047f0                UnsignedShortType
 COMMON         0xff904814      0x318 picoc/variable.o
                0xff904814                StringLiteralHashTable
                0xff904998                GlobalHashTable
                0xff904b1c                GlobalTable
                0xff904b24                StringLiteralTable
 COMMON         0xff904b2c       0x10 picoc/clibrary.o
                0xff904b2c                CStdOut
 COMMON         0xff904b3c       0xa4 picoc/platform_surveyor.o
                0xff904b3c                ExitBuf
                0xff904be0                . = ALIGN (0x4)
                0xff904be0                __bss_end = .
                0xffb00ffc                . = 0xffb00ffc
                0xffb00ffc                PROVIDE (_supervisor_stack, .)
LOAD init.o
LOAD main.o
LOAD srv.o
LOAD uart.o
LOAD camera.o
LOAD jpeg.o
LOAD i2c.o
LOAD stm_m25p32.o
LOAD float.o
LOAD httpd.o
LOAD xmodem.o
LOAD colors.o
LOAD edit.o
LOAD malloc.o
LOAD string.o
LOAD printf.o
LOAD myfunc.o
LOAD neural.o
LOAD gps.o
LOAD sdcard.o
LOAD picoc/picoc.o
LOAD picoc/table.o
LOAD picoc/lex.o
LOAD picoc/parse.o
LOAD picoc/expression.o
LOAD picoc/heap.o
LOAD picoc/type.o
LOAD picoc/variable.o
LOAD picoc/clibrary.o
LOAD picoc/library_surveyor.o
LOAD picoc/platform.o
LOAD picoc/platform_surveyor.o
LOAD r8x8dct.o
LOAD math.o
LOAD setjmp.o
LOAD motionvect.o
OUTPUT(srv1.bin elf32-bfin)

.debug_abbrev   0x00000000     0x3339
 .debug_abbrev  0x00000000       0xcf camera.o
 .debug_abbrev  0x000000cf       0xeb edit.o
 .debug_abbrev  0x000001ba      0x231 httpd.o
 .debug_abbrev  0x000003eb       0x8a i2c.o
 .debug_abbrev  0x00000475      0x1d8 stm_m25p32.o
 .debug_abbrev  0x0000064d      0x124 printf.o
 .debug_abbrev  0x00000771      0x183 xmodem.o
 .debug_abbrev  0x000008f4      0x244 float.o
 .debug_abbrev  0x00000b38      0x1b7 gps.o
 .debug_abbrev  0x00000cef       0x43 myfunc.o
 .debug_abbrev  0x00000d32       0x6e main.o
 .debug_abbrev  0x00000da0      0x14c malloc.o
 .debug_abbrev  0x00000eec      0x205 string.o
 .debug_abbrev  0x000010f1      0x25c srv.o
 .debug_abbrev  0x0000134d      0x128 uart.o
 .debug_abbrev  0x00001475      0x1c3 colors.o
 .debug_abbrev  0x00001638      0x186 jpeg.o
 .debug_abbrev  0x000017be      0x114 neural.o
 .debug_abbrev  0x000018d2       0x45 init.o
 .debug_abbrev  0x00001917       0xf3 sdcard.o
 .debug_abbrev  0x00001a0a      0x16c picoc/picoc.o
 .debug_abbrev  0x00001b76      0x234 picoc/table.o
 .debug_abbrev  0x00001daa      0x271 picoc/lex.o
 .debug_abbrev  0x0000201b      0x273 picoc/parse.o
 .debug_abbrev  0x0000228e      0x26c picoc/expression.o
 .debug_abbrev  0x000024fa      0x168 picoc/heap.o
 .debug_abbrev  0x00002662      0x256 picoc/type.o
 .debug_abbrev  0x000028b8      0x22b picoc/variable.o
 .debug_abbrev  0x00002ae3      0x2b6 picoc/clibrary.o
 .debug_abbrev  0x00002d99      0x28c picoc/library_surveyor.o
 .debug_abbrev  0x00003025      0x193 picoc/platform.o
 .debug_abbrev  0x000031b8      0x181 picoc/platform_surveyor.o

.debug_info     0x00000000    0x109ed
 .debug_info    0x00000000      0x136 camera.o
 .debug_info    0x00000136      0x1e7 edit.o
 .debug_info    0x0000031d      0x90b httpd.o
 .debug_info    0x00000c28      0x158 i2c.o
 .debug_info    0x00000d80      0x604 stm_m25p32.o
 .debug_info    0x00001384      0x34a printf.o
 .debug_info    0x000016ce      0x3e3 xmodem.o
 .debug_info    0x00001ab1      0x78d float.o
 .debug_info    0x0000223e      0x5af gps.o
 .debug_info    0x000027ed       0x54 myfunc.o
 .debug_info    0x00002841       0x75 main.o
 .debug_info    0x000028b6      0x23a malloc.o
 .debug_info    0x00002af0      0x7df string.o
 .debug_info    0x000032cf     0x1dec srv.o
 .debug_info    0x000050bb      0x465 uart.o
 .debug_info    0x00005520      0xbfe colors.o
 .debug_info    0x0000611e      0xb0b jpeg.o
 .debug_info    0x00006c29      0x438 neural.o
 .debug_info    0x00007061       0x64 init.o
 .debug_info    0x000070c5      0x391 sdcard.o
 .debug_info    0x00007456      0x5b8 picoc/picoc.o
 .debug_info    0x00007a0e      0x941 picoc/table.o
 .debug_info    0x0000834f     0x101f picoc/lex.o
 .debug_info    0x0000936e      0xce6 picoc/parse.o
 .debug_info    0x0000a054     0x14a5 picoc/expression.o
 .debug_info    0x0000b4f9      0x2d3 picoc/heap.o
 .debug_info    0x0000b7cc      0xe12 picoc/type.o
 .debug_info    0x0000c5de      0xc02 picoc/variable.o
 .debug_info    0x0000d1e0      0xca9 picoc/clibrary.o
 .debug_info    0x0000de89     0x20eb picoc/library_surveyor.o
 .debug_info    0x0000ff74      0x80b picoc/platform.o
 .debug_info    0x0001077f      0x26e picoc/platform_surveyor.o

.debug_line     0x00000000     0x4023
 .debug_line    0x00000000       0x72 camera.o
 .debug_line    0x00000072       0xd1 edit.o
 .debug_line    0x00000143      0x29c httpd.o
 .debug_line    0x000003df       0xa7 i2c.o
 .debug_line    0x00000486      0x1ac stm_m25p32.o
 .debug_line    0x00000632       0xf8 printf.o
 .debug_line    0x0000072a      0x139 xmodem.o
 .debug_line    0x00000863      0x30e float.o
 .debug_line    0x00000b71      0x2a7 gps.o
 .debug_line    0x00000e18       0x3c myfunc.o
 .debug_line    0x00000e54      0x133 main.o
 .debug_line    0x00000f87       0xa6 malloc.o
 .debug_line    0x0000102d      0x197 string.o
 .debug_line    0x000011c4      0xb25 srv.o
 .debug_line    0x00001ce9      0x12f uart.o
 .debug_line    0x00001e18      0x380 colors.o
 .debug_line    0x00002198      0x315 jpeg.o
 .debug_line    0x000024ad      0x11e neural.o
 .debug_line    0x000025cb       0x53 init.o
 .debug_line    0x0000261e      0x10b sdcard.o
 .debug_line    0x00002729       0x92 picoc/picoc.o
 .debug_line    0x000027bb       0xe3 picoc/table.o
 .debug_line    0x0000289e      0x3a5 picoc/lex.o
 .debug_line    0x00002c43      0x29b picoc/parse.o
 .debug_line    0x00002ede      0x55a picoc/expression.o
 .debug_line    0x00003438       0xf4 picoc/heap.o
 .debug_line    0x0000352c      0x230 picoc/type.o
 .debug_line    0x0000375c      0x1a0 picoc/variable.o
 .debug_line    0x000038fc      0x1b9 picoc/clibrary.o
 .debug_line    0x00003ab5      0x3bc picoc/library_surveyor.o
 .debug_line    0x00003e71      0x114 picoc/platform.o
 .debug_line    0x00003f85       0x9e picoc/platform_surveyor.o

.debug_frame    0x00000000     0x3b44
 .debug_frame   0x00000000       0x4c camera.o
 .debug_frame   0x0000004c      0x100 edit.o
 .debug_frame   0x0000014c       0xd0 httpd.o
 .debug_frame   0x0000021c       0x40 i2c.o
 .debug_frame   0x0000025c      0x214 stm_m25p32.o
 .debug_frame   0x00000470       0xd4 printf.o
 .debug_frame   0x00000544       0xc8 xmodem.o
 .debug_frame   0x0000060c      0x244 float.o
 .debug_frame   0x00000850      0x1ac gps.o
 .debug_frame   0x000009fc       0x28 myfunc.o
 .debug_frame   0x00000a24       0x38 main.o
 .debug_frame   0x00000a5c       0x94 malloc.o
 .debug_frame   0x00000af0      0x210 string.o
 .debug_frame   0x00000d00      0xb18 srv.o
 .debug_frame   0x00001818      0x1f4 uart.o
 .debug_frame   0x00001a0c      0x274 colors.o
 .debug_frame   0x00001c80      0x1b0 jpeg.o
 .debug_frame   0x00001e30      0x16c neural.o
 .debug_frame   0x00001f9c       0xa4 init.o
 .debug_frame   0x00002040      0x1a8 sdcard.o
 .debug_frame   0x000021e8       0x74 picoc/picoc.o
 .debug_frame   0x0000225c      0x14c picoc/table.o
 .debug_frame   0x000023a8      0x2b4 picoc/lex.o
 .debug_frame   0x0000265c      0x1b8 picoc/parse.o
 .debug_frame   0x00002814      0x340 picoc/expression.o
 .debug_frame   0x00002b54       0xcc picoc/heap.o
 .debug_frame   0x00002c20      0x1ec picoc/type.o
 .debug_frame   0x00002e0c      0x2e0 picoc/variable.o
 .debug_frame   0x000030ec      0x220 picoc/clibrary.o
 .debug_frame   0x0000330c      0x6c0 picoc/library_surveyor.o
 .debug_frame   0x000039cc       0xd8 picoc/platform.o
 .debug_frame   0x00003aa4       0xa0 picoc/platform_surveyor.o

.debug_loc      0x00000000    0x149aa
 .debug_loc     0x00000000       0x5b camera.o
 .debug_loc     0x0000005b      0x2eb edit.o
 .debug_loc     0x00000346      0xd2b httpd.o
 .debug_loc     0x00001071      0x23f i2c.o
 .debug_loc     0x000012b0      0x89e stm_m25p32.o
 .debug_loc     0x00001b4e      0x79d printf.o
 .debug_loc     0x000022eb      0x6ac xmodem.o
 .debug_loc     0x00002997      0xf70 float.o
 .debug_loc     0x00003907     0x1045 gps.o
 .debug_loc     0x0000494c       0x3e myfunc.o
 .debug_loc     0x0000498a       0x2b main.o
 .debug_loc     0x000049b5      0x1e1 malloc.o
 .debug_loc     0x00004b96      0xb0f string.o
 .debug_loc     0x000056a5     0x25bd srv.o
 .debug_loc     0x00007c62      0x6d3 uart.o
 .debug_loc     0x00008335     0x1422 colors.o
 .debug_loc     0x00009757     0x14f7 jpeg.o
 .debug_loc     0x0000ac4e      0x460 neural.o
 .debug_loc     0x0000b0ae      0x122 init.o
 .debug_loc     0x0000b1d0      0x6cb sdcard.o
 .debug_loc     0x0000b89b       0xfa picoc/picoc.o
 .debug_loc     0x0000b995      0x614 picoc/table.o
 .debug_loc     0x0000bfa9     0x1128 picoc/lex.o
 .debug_loc     0x0000d0d1      0xb5c picoc/parse.o
 .debug_loc     0x0000dc2d     0x2101 picoc/expression.o
 .debug_loc     0x0000fd2e      0x2f5 picoc/heap.o
 .debug_loc     0x00010023      0x996 picoc/type.o
 .debug_loc     0x000109b9      0xd20 picoc/variable.o
 .debug_loc     0x000116d9      0xc2e picoc/clibrary.o
 .debug_loc     0x00012307     0x1e8b picoc/library_surveyor.o
 .debug_loc     0x00014192      0x5f7 picoc/platform.o
 .debug_loc     0x00014789      0x221 picoc/platform_surveyor.o

.debug_pubnames
                0x00000000     0x2907
 .debug_pubnames
                0x00000000       0x59 camera.o
 .debug_pubnames
                0x00000059       0x98 edit.o
 .debug_pubnames
                0x000000f1       0x58 httpd.o
 .debug_pubnames
                0x00000149       0x39 i2c.o
 .debug_pubnames
                0x00000182      0x120 stm_m25p32.o
 .debug_pubnames
                0x000002a2       0x29 printf.o
 .debug_pubnames
                0x000002cb       0x5d xmodem.o
 .debug_pubnames
                0x00000328      0x10f float.o
 .debug_pubnames
                0x00000437       0x9f gps.o
 .debug_pubnames
                0x000004d6       0x1d myfunc.o
 .debug_pubnames
                0x000004f3       0x1b main.o
 .debug_pubnames
                0x0000050e       0x87 malloc.o
 .debug_pubnames
                0x00000595      0x11b string.o
 .debug_pubnames
                0x000006b0      0xa7d srv.o
 .debug_pubnames
                0x0000112d      0x150 uart.o
 .debug_pubnames
                0x0000127d      0x169 colors.o
 .debug_pubnames
                0x000013e6      0x2cc jpeg.o
 .debug_pubnames
                0x000016b2      0x11a neural.o
 .debug_pubnames
                0x000017cc       0x1f init.o
 .debug_pubnames
                0x000017eb       0xd1 sdcard.o
 .debug_pubnames
                0x000018bc       0x37 picoc/picoc.o
 .debug_pubnames
                0x000018f3       0xe1 picoc/table.o
 .debug_pubnames
                0x000019d4      0x1c9 picoc/lex.o
 .debug_pubnames
                0x00001b9d       0xe8 picoc/parse.o
 .debug_pubnames
                0x00001c85      0x25d picoc/expression.o
 .debug_pubnames
                0x00001ee2       0xc6 picoc/heap.o
 .debug_pubnames
                0x00001fa8      0x229 picoc/type.o
 .debug_pubnames
                0x000021d1      0x274 picoc/variable.o
 .debug_pubnames
                0x00002445      0x105 picoc/clibrary.o
 .debug_pubnames
                0x0000254a      0x2bb picoc/library_surveyor.o
 .debug_pubnames
                0x00002805       0x81 picoc/platform.o
 .debug_pubnames
                0x00002886       0x81 picoc/platform_surveyor.o

.debug_aranges  0x00000000      0x400
 .debug_aranges
                0x00000000       0x20 camera.o
 .debug_aranges
                0x00000020       0x20 edit.o
 .debug_aranges
                0x00000040       0x20 httpd.o
 .debug_aranges
                0x00000060       0x20 i2c.o
 .debug_aranges
                0x00000080       0x20 stm_m25p32.o
 .debug_aranges
                0x000000a0       0x20 printf.o
 .debug_aranges
                0x000000c0       0x20 xmodem.o
 .debug_aranges
                0x000000e0       0x20 float.o
 .debug_aranges
                0x00000100       0x20 gps.o
 .debug_aranges
                0x00000120       0x20 myfunc.o
 .debug_aranges
                0x00000140       0x20 main.o
 .debug_aranges
                0x00000160       0x20 malloc.o
 .debug_aranges
                0x00000180       0x20 string.o
 .debug_aranges
                0x000001a0       0x20 srv.o
 .debug_aranges
                0x000001c0       0x20 uart.o
 .debug_aranges
                0x000001e0       0x20 colors.o
 .debug_aranges
                0x00000200       0x20 jpeg.o
 .debug_aranges
                0x00000220       0x20 neural.o
 .debug_aranges
                0x00000240       0x20 init.o
 .debug_aranges
                0x00000260       0x20 sdcard.o
 .debug_aranges
                0x00000280       0x20 picoc/picoc.o
 .debug_aranges
                0x000002a0       0x20 picoc/table.o
 .debug_aranges
                0x000002c0       0x20 picoc/lex.o
 .debug_aranges
                0x000002e0       0x20 picoc/parse.o
 .debug_aranges
                0x00000300       0x20 picoc/expression.o
 .debug_aranges
                0x00000320       0x20 picoc/heap.o
 .debug_aranges
                0x00000340       0x20 picoc/type.o
 .debug_aranges
                0x00000360       0x20 picoc/variable.o
 .debug_aranges
                0x00000380       0x20 picoc/clibrary.o
 .debug_aranges
                0x000003a0       0x20 picoc/library_surveyor.o
 .debug_aranges
                0x000003c0       0x20 picoc/platform.o
 .debug_aranges
                0x000003e0       0x20 picoc/platform_surveyor.o

.debug_str      0x00000000     0x3c1c
 .debug_str     0x00000000       0xc8 camera.o
                                 0xce (size before relaxing)
 .debug_str     0x000000c8       0x94 edit.o
                                 0xcc (size before relaxing)
 .debug_str     0x0000015c      0x381 httpd.o
                                0x3fb (size before relaxing)
 .debug_str     0x000004dd       0x55 i2c.o
                                 0xa0 (size before relaxing)
 .debug_str     0x00000532      0x263 stm_m25p32.o
                                0x2f7 (size before relaxing)
 .debug_str     0x00000795       0x4e printf.o
                                 0xb7 (size before relaxing)
 .debug_str     0x000007e3       0xce xmodem.o
                                0x13e (size before relaxing)
 .debug_str     0x000008b1      0x161 float.o
                                0x1e2 (size before relaxing)
 .debug_str     0x00000a12       0xb2 gps.o
                                0x135 (size before relaxing)
 .debug_str     0x00000ac4       0x10 myfunc.o
                                 0x48 (size before relaxing)
 .debug_str     0x00000ad4       0x15 main.o
                                 0x4d (size before relaxing)
 .debug_str     0x00000ae9       0x6a malloc.o
                                 0xb9 (size before relaxing)
 .debug_str     0x00000b53      0x119 string.o
                                0x19b (size before relaxing)
 .debug_str     0x00000c6c      0x91f srv.o
                                0xabc (size before relaxing)
 .debug_str     0x0000158b      0x145 uart.o
                                0x1e3 (size before relaxing)
 .debug_str     0x000016d0       0xd9 colors.o
                                0x1ee (size before relaxing)
 .debug_str     0x000017a9      0x439 jpeg.o
                                0x4f6 (size before relaxing)
 .debug_str     0x00001be2       0xd9 neural.o
                                0x150 (size before relaxing)
 .debug_str     0x00001cbb       0x43 init.o
                                 0x6d (size before relaxing)
 .debug_str     0x00001cfe       0xce sdcard.o
                                0x128 (size before relaxing)
 .debug_str     0x00001dcc      0x295 picoc/picoc.o
                                0x3f5 (size before relaxing)
 .debug_str     0x00002061      0x11f picoc/table.o
                                0x4a8 (size before relaxing)
 .debug_str     0x00002180      0x88e picoc/lex.o
                                0xc61 (size before relaxing)
 .debug_str     0x00002a0e      0x28e picoc/parse.o
                                0xb86 (size before relaxing)
 .debug_str     0x00002c9c      0x50a picoc/expression.o
                                0xe98 (size before relaxing)
 .debug_str     0x000031a6      0x10d picoc/heap.o
                                0x1a8 (size before relaxing)
 .debug_str     0x000032b3      0x1e0 picoc/type.o
                                0xb97 (size before relaxing)
 .debug_str     0x00003493      0x25c picoc/variable.o
                                0x6cf (size before relaxing)
 .debug_str     0x000036ef      0x1c1 picoc/clibrary.o
                                0x605 (size before relaxing)
 .debug_str     0x000038b0      0x257 picoc/library_surveyor.o
                                0x7a3 (size before relaxing)
 .debug_str     0x00003b07       0xa5 picoc/platform.o
                                0x4af (size before relaxing)
 .debug_str     0x00003bac       0x70 picoc/platform_surveyor.o
                                0x1d7 (size before relaxing)

.comment        0x00000000      0x380
 .comment       0x00000000       0x1c camera.o
 .comment       0x0000001c       0x1c edit.o
 .comment       0x00000038       0x1c httpd.o
 .comment       0x00000054       0x1c i2c.o
 .comment       0x00000070       0x1c stm_m25p32.o
 .comment       0x0000008c       0x1c printf.o
 .comment       0x000000a8       0x1c xmodem.o
 .comment       0x000000c4       0x1c float.o
 .comment       0x000000e0       0x1c gps.o
 .comment       0x000000fc       0x1c myfunc.o
 .comment       0x00000118       0x1c main.o
 .comment       0x00000134       0x1c malloc.o
 .comment       0x00000150       0x1c string.o
 .comment       0x0000016c       0x1c srv.o
 .comment       0x00000188       0x1c uart.o
 .comment       0x000001a4       0x1c colors.o
 .comment       0x000001c0       0x1c jpeg.o
 .comment       0x000001dc       0x1c neural.o
 .comment       0x000001f8       0x1c init.o
 .comment       0x00000214       0x1c sdcard.o
 .comment       0x00000230       0x1c picoc/picoc.o
 .comment       0x0000024c       0x1c picoc/table.o
 .comment       0x00000268       0x1c picoc/lex.o
 .comment       0x00000284       0x1c picoc/parse.o
 .comment       0x000002a0       0x1c picoc/expression.o
 .comment       0x000002bc       0x1c picoc/heap.o
 .comment       0x000002d8       0x1c picoc/type.o
 .comment       0x000002f4       0x1c picoc/variable.o
 .comment       0x00000310       0x1c picoc/clibrary.o
 .comment       0x0000032c       0x1c picoc/library_surveyor.o
 .comment       0x00000348       0x1c picoc/platform.o
 .comment       0x00000364       0x1c picoc/platform_surveyor.o

.debug_ranges   0x00000000      0x760
 .debug_ranges  0x00000000      0x1d0 httpd.o
 .debug_ranges  0x000001d0       0x28 printf.o
 .debug_ranges  0x000001f8       0x70 xmodem.o
 .debug_ranges  0x00000268       0x58 string.o
 .debug_ranges  0x000002c0       0x38 init.o
 .debug_ranges  0x000002f8       0xb8 picoc/table.o
 .debug_ranges  0x000003b0       0x80 picoc/lex.o
 .debug_ranges  0x00000430       0x50 picoc/parse.o
 .debug_ranges  0x00000480      0x270 picoc/expression.o
 .debug_ranges  0x000006f0       0x18 picoc/type.o
 .debug_ranges  0x00000708       0x58 picoc/clibrary.o
