
Allocating common symbols
Common symbol       size              file

imgWidth            0x4               srv.o
rfailsafe           0x4               srv.o
j                   0x4               srv.o
Y2                  0x80              jpeg.o
x_acc               0x4               srv.o
i                   0x4               srv.o
blobcnt             0xfc              colors.o
segmentation_flag   0x4               srv.o
Temp                0x80              jpeg.o
Cqt                 0x40              jpeg.o
ymax                0x44              colors.o
blobx1              0xfc              colors.o
pwm2_init           0x4               srv.o
Y3                  0x80              jpeg.o
base                0x8               malloc.o
sonar_data          0x14              srv.o
weights             0x1400            neural.o
teach_neurons       0x40              neural.o
nerror              0x80              neural.o
y_acc0              0x4               srv.o
StringHashTable     0x184             picoc/table.o
CharArrayType       0x4               picoc/type.o
Y4                  0x80              jpeg.o
FunctionType        0x24              picoc/type.o
umax                0x44              colors.o
ICqt                0x80              jpeg.o
hist0               0x400             colors.o
heap_end            0x4               malloc.o
quality             0x4               srv.o
ExitBuf             0xa4              picoc/platform_surveyor.o
y_acc               0x4               srv.o
output_start        0x4               srv.o
hist1               0x400             colors.o
pwm1_init           0x4               srv.o
image_size          0x4               srv.o
ILqt                0x80              jpeg.o
heap_start          0x4               malloc.o
pwm1_mode           0x4               srv.o
neurons             0x180             neural.o
StringLiteralHashTable
                    0x184             picoc/variable.o
x_center            0x4               srv.o
blobix              0xfc              colors.o
EnumType            0x24              picoc/type.o
VoidType            0x24              picoc/type.o
lfailsafe           0x4               srv.o
edge_thresh         0x4               srv.o
master              0x4               srv.o
bloby2              0xfc              colors.o
mean                0xc               colors.o
base_speed          0x4               srv.o
rspeed2             0x4               srv.o
lspeed              0x4               srv.o
GlobalHashTable     0x184             picoc/variable.o
vmax                0x44              colors.o
CR                  0x80              jpeg.o
overlay_flag        0x4               srv.o
StringTable         0x8               picoc/table.o
lspeed2             0x4               srv.o
err1                0x4               srv.o
cp                  0x4               srv.o
Lqt                 0x40              jpeg.o
GlobalTable         0x8               picoc/variable.o
MacroType           0x24              picoc/type.o
Type_Type           0x24              picoc/type.o
CharType            0x24              picoc/type.o
output_end          0x4               srv.o
CB                  0x80              jpeg.o
pwm2_mode           0x4               srv.o
CharPtrType         0x4               picoc/type.o
fdct_temp           0x80              jpeg.o
gps_gga             0x20              gps.o
StringLiteralTable  0x8               picoc/variable.o
framecount          0x4               srv.o
vmin                0x44              colors.o
heap_ptr            0x4               malloc.o
bloby1              0xfc              colors.o
WordType            0x24              picoc/type.o
x_acc0              0x4               srv.o
IntType             0x24              picoc/type.o
imgHead             0xb               srv.o
read_format         0x4               jpeg.o
edge_detect_flag    0x4               srv.o
imgHeight           0x4               srv.o
UberType            0x24              picoc/type.o
failsafe_clock      0x4               srv.o
blobx2              0xfc              colors.o
dlist2              0xc               camera.o
y_center            0x4               srv.o
xbuff               0x406             xmodem.o
dlist1              0xc               camera.o
ymin                0x44              colors.o
umin                0x44              colors.o
rspeed              0x4               srv.o
base_speed2         0x4               srv.o
frame_diff_flag     0x4               srv.o
ix                  0x4               srv.o
Y1                  0x80              jpeg.o

Memory Configuration

Name             Origin             Length             Attributes
ram              0x00000000         0x02000000         xrw
l1code           0xffa00000         0x00010000         x
l1data_a         0xff800000         0x00008000         rw
l1data_b         0xff900000         0x00008000         rw
scratchpad       0xffb00000         0x00001000         rw
*default*        0x00000000         0xffffffff

Linker script and memory map


.sdram.text
 camera.o(.sdram.text)
 edit.o(.sdram.text)
 i2c.o(.sdram.text)
 stm_m25p32.o(.sdram.text)
 printf.o(.sdram.text)
 xmodem.o(.sdram.text)
 gps.o(.sdram.text)
 myfunc.o(.sdram.text)
 *(.gnu.warning)

.l1code         0xffa00000     0x6e10
 main.o(.text)
 .text          0xffa00000      0x2cc main.o
                0xffa00000                main
 math.o(.text)
 .text          0xffa002cc      0x200 math.o
                0xffa00398                __umodsi3
                0xffa003ca                __divsi3
                0xffa002cc                __udivsi3
 malloc.o(.text)
 .text          0xffa004cc      0x1a4 malloc.o
                0xffa005a8                morecore
                0xffa00520                free
                0xffa004cc                init_heap
                0xffa0050c                sbrk
                0xffa005ec                malloc
 srv.o(.text)
 .text          0xffa00670     0x3438 srv.o
                0xffa01980                motor_command
                0xffa0247c                process_i2c
                0xffa023fc                restore_video
                0xffa029f4                xmodem_receive
                0xffa01090                clearRTC
                0xffa011b0                delayUS
                0xffa02424                invert_video
                0xffa008b8                grab_reference_frame
                0xffa010a0                delayMS
                0xffa01a84                set_edge_thresh
                0xffa01224                delayNS
                0xffa00c30                setPPM1
                0xffa01338                rand
                0xffa0176c                testSD
                0xffa0235c                tilt
                0xffa02930                read_user_sector
                0xffa00e6c                initRTC
                0xffa02ce4                serial_out_flashbuffer
                0xffa02a38                camera_reset
                0xffa0244c                init_tilt
                0xffa02840                write_boot_flash
                0xffa023d0                read_tilt
                0xffa008ec                initPWM
                0xffa009d4                init_sonar
                0xffa012b4                check_failsafe
                0xffa0175c                show_stack_ptr
                0xffa022d8                read_compass
                0xffa03374                process_colors
                0xffa01e58                laser_range
                0xffa01744                show_heap_ptr
                0xffa015a4                overlay_on
                0xffa00b90                setPWM2
                0xffa016a0                lasers_off
                0xffa00744                clear_sdram
                0xffa00788                led1_on
                0xffa01a38                change_image_quality
                0xffa0076c                stack_remaining
                0xffa00da8                check_bounds_0_100
                0xffa00890                move_image
                0xffa028a4                write_user_sector
                0xffa01ab4                process_neuralnet
                0xffa018c8                motor2_command
                0xffa01808                ppm2_command
                0xffa00aa4                setPWM
                0xffa00950                initPWM2
                0xffa02728                init_analog
                0xffa022bc                show_laser_range
                0xffa029c8                crc_flash_buffer
                0xffa02d4c                send_frame
                0xffa01678                check_battery
                0xffa014e0                motor_increase_base_speed
                0xffa0164c                ping_sonar
                0xffa01558                clear_flash_buffer
                0xffa017b4                enable_failsafe
                0xffa016c0                lasers_on
                0xffa01868                ppm1_command
                0xffa01428                motor_action
                0xffa00e8c                readRTC
                0xffa00dc4                motor_trim_right
                0xffa00778                led0_on
                0xffa00e18                motor_trim_left
                0xffa00670                init_io
                0xffa016fc                serial_out_version
                0xffa00f00                sonar
                0xffa00798                compute_frame_diff
                0xffa029ec                launch_editor
                0xffa015e8                enable_edge_detect
                0xffa032cc                grab_frame
                0xffa01610                enable_segmentation
                0xffa02904                write_user_flash
                0xffa010d0                motor_set
                0xffa009a0                initTMR4
                0xffa009fc                initPPM1
                0xffa00cec                setPPM2
                0xffa01468                motor_decrease_base_speed
                0xffa00a50                initPPM2
                0xffa016e0                serial_out_time
                0xffa007f0                set_caption
                0xffa015bc                disable_frame_diff
                0xffa00718                reset_cpu
                0xffa02988                read_user_flash
                0xffa013e4                isqrt
                0xffa025ac                analog
                0xffa0129c                reset_failsafe_clock
                0xffa01410                disable_failsafe
                0xffa026ec                read_analog
                0xffa0158c                overlay_off
                0xffa01628                enable_frame_diff
                0xffa02c10                camera_setup
 uart.o(.text)
 .text          0xffa03aa8      0x2f8 uart.o
                0xffa03c04                uart1SendChar
                0xffa03c78                uart1GetCh
                0xffa03be0                uart0GetChar
                0xffa03ba0                uart0SendChars
                0xffa03bc4                uart0GetCh
                0xffa03b74                uart0SendString
                0xffa03b44                uart0SendChar
                0xffa03c54                uart1SendChars
                0xffa03aa8                init_uart0
                0xffa03cb8                printNumber
                0xffa03c28                uart1SendString
                0xffa03c94                uart1GetChar
                0xffa03af4                init_uart1
 float.o(.text)
 .text          0xffa03da0      0xbb4 float.o
                0xffa03da0                bytesToFloat
                0xffa04718                printFloat
                0xffa044d4                bigMulti
                0xffa0467c                power
                0xffa0433c                isOne
                0xffa03dd0                minus
                0xffa04694                printBinary
                0xffa043e8                intToFloat
                0xffa03ddc                divFloat
                0xffa03dc4                parseFloat
                0xffa0492c                printExponent
                0xffa046d4                printMantissa
                0xffa043dc                lteFloat
                0xffa03e98                addFloat
                0xffa04558                mulFloat
                0xffa0434c                gteFloat
                0xffa0418c                subFloat
                0xffa048bc                floatInBinary
 colors.o(.text)
 .text          0xffa04954      0xcd4 colors.o
                0xffa04b00                vmean
                0xffa04d7c                edge_detect
                0xffa04f1c                svs_segcode
                0xffa04bc8                color_segment
                0xffa05110                vblob
                0xffa049d8                blob_merge
                0xffa05074                svs_segview
                0xffa04954                init_colors
                0xffa04a34                vhist
                0xffa049a4                vpix
 jpeg.o(.text)
 .text          0xffa05628      0xdc4 jpeg.o
                0xffa061f4                DCT
                0xffa05be8                close_bitstream
                0xffa06208                encodeMCU
                0xffa05720                huffman
                0xffa05c5c                write_markers
                0xffa06304                encode_image
                0xffa05e7c                initialize_quantization_tables
                0xffa06040                read_422_format
                0xffa05628                initialization
                0xffa05700                levelshift
                0xffa05f70                quantization
                0xffa05fc0                read_400_format
 r8x8dct.o(.text)
 *fill*         0xffa063ec        0x4 00
 .text          0xffa063f0       0xf0 r8x8dct.o
                0xffa063f0                _r8x8dct
 spi.o(.text)
 .text          0xffa064e0      0x1e8 spi.o
                0xffa065c8                svs_master
                0xffa064e0                svs_slave
 uart.o(.text)
 setjmp.o(.text)
 .text          0xffa066c8      0x184 setjmp.o
                0xffa066c8                longjmp
                0xffa06790                setjmp
 neural.o(.text)
 .text          0xffa0684c      0x5c4 neural.o
                0xffa06bec                nnpack8x8
                0xffa06dd8                nninit_network
                0xffa06c68                nndisplay
                0xffa068e4                f_logic
                0xffa06944                nncalculate_network
                0xffa06a2c                nncalculate_errors
                0xffa06cfc                nntrain_network
                0xffa06ce8                nninit_pattern
                0xffa0684c                nnset_pattern
                0xffa06ae0                nnscale8x8

.text           0x00000000     0x7ab8
 .text          0x00000000       0xf0 camera.o
                0x00000000                camera_init
                0x000000a8                camera_start
                0x000000cc                camera_stop
 .text          0x000000f0      0x340 edit.o
                0x00000288                insert_char
                0x00000138                find_next_line
                0x00000300                edit
                0x000001d4                find_buffer_end
                0x000000f0                delete_char
                0x0000021c                print_lines
                0x000002e0                print_help
                0x00000188                find_previous_line
 .text          0x00000430      0x290 i2c.o
                0x00000500                i2cwritex
                0x00000430                i2cwrite
                0x000005c8                i2cread
 .text          0x000006c0      0x4d4 stm_m25p32.o
                0x0000079c                SetupSPI
                0x0000085c                spi_read
                0x000008f4                Wait_For_WEL
                0x0000077c                SPI_OFF
                0x0000095c                WriteFlash
                0x00000ac8                spi_write
                0x000006cc                spi_init_r
                0x00000a4c                EraseBlock
                0x000008bc                Wait_For_Status
                0x00000718                GetSectorNumber
                0x000009f8                WriteData
                0x000006c0                spi_init_f
                0x00000878                ReadStatusRegister
                0x00000928                SendSingleCommand
                0x000007cc                ReadData
                0x000006d8                Wait_For_SPIF
                0x00000740                udelay
 .text          0x00000b94      0x338 printf.o
                0x00000e90                sprintf
                0x00000eac                printf
 .text          0x00000ecc      0x4fc xmodem.o
                0x00000f58                xmodemTransmit
                0x00000f08                _inbyte
                0x00000ecc                crc16_ccitt
                0x000011d0                xmodemReceive
 .text          0x000013c8      0x5e4 gps.o
                0x000013c8                gps_parse
                0x00001908                gps_show
 .text          0x000019ac       0x28 myfunc.o
                0x000019ac                myfunc
 .text          0x000019d4       0xd0 init.o
                0x000019d4                initcode
 .text          0x00001aa4      0x3a4 string.o
                0x00001aa4                strcmp
                0x00001dc8                strtok_r
                0x00001b20                strncpy
                0x00001b58                atoi
                0x00001cd8                memcpy
                0x00001cf4                memset
                0x00001d08                ctoi
                0x00001c3c                itoa
                0x00001e20                strdup
                0x00001c04                reverse
                0x00001d50                strpbrk
                0x00001af8                strchr
                0x00001b10                strcpy
                0x00001d88                strspn
                0x00001ac4                strncmp
                0x00001ccc                isdigit
                0x00001be4                strlen
                0x00001d20                atoi_b16
 .text          0x00001e48      0x4f8 sdcard.o
                0x00001ff4                GetCardParams
                0x00001e8c                CloseSD
                0x00002218                ReadMultipleBlocks
                0x000020d4                EraseBlocks
                0x000022b0                WriteMultipleBlocks
                0x00001e48                InitSD
                0x00001f70                GetToken
                0x0000212c                WriteSector
                0x00001fac                CardInit
                0x000021b0                ReadSector
                0x00001eec                SendCommand
                0x00001e9c                WriteByte
 .text          0x00002340      0x140 picoc/picoc.o
                0x000023bc                picoc
                0x00002360                Initialise
                0x00002340                Cleanup
 .text          0x00002480      0x28c picoc/table.o
                0x00002654                TableStrRegister
                0x000024bc                TableGet
                0x00002540                TableStrFree
                0x00002584                TableSetIdentifier
                0x000026bc                TableInitTable
                0x00002640                TableStrRegister2
                0x000024f0                TableDelete
                0x00002670                TableSet
                0x000026d0                TableInit
 .text          0x0000270c      0xdac picoc/lex.o
                0x00002a54                LexInteractiveClear
                0x0000348c                LexInit
                0x00002bec                LexGetCharacterConstant
                0x000029c4                LexInitParser
                0x00002c40                LexGetWord
                0x00002aa0                LexCleanup
                0x0000270c                LexCheckReservedWord
                0x000029f0                LexInteractiveCompleted
                0x00002aa8                LexCopyTokens
                0x000029e0                LexInteractiveStatementPrompt
                0x00002858                LexUnEscapeCharacter
                0x00003458                LexToEndOfLine
                0x00002770                LexGetNumber
                0x00002734                IsBaseDigit
                0x00003174                LexAnalyse
                0x00003198                LexGetToken
                0x00002928                LexSkipComment
                0x000029a0                LexTokenSize
                0x00002dd4                LexScanGetToken
                0x000030c0                LexTokenise
                0x00002cbc                LexGetStringConstant
 .text          0x000034b8      0xbd0 picoc/parse.o
                0x00003580                ParseFunctionDefinition
                0x00003e6c                ParseBlock
                0x000037a0                ParseDeclaration
                0x000034c8                ParseCleanup
                0x000034b8                ParserCopyPos
                0x00003ef4                ParseStatementMaybeRun
                0x00003f28                ParseFor
                0x00003de4                Parse
                0x00003904                ParseStatement
                0x000034dc                ParseMacroDefinition
                0x00003d70                ParseInteractive
 .text          0x00004088      0xf60 picoc/expression.o
                0x00004264                ExpressionPostfixOperator
                0x00004d24                ExpressionParseInt
                0x00004228                ExpressionPushInt
                0x000040e8                ExpressionGetStructElement
                0x00004354                ExpressionPrefixOperator
                0x00004094                ExpressionStackPushOperator
                0x00004088                debugf
                0x00004940                ExpressionStackCollapse
                0x00004300                ExpressionStackPushValueByType
                0x000044c8                ExpressionStackPushValue
                0x00004d90                ExpressionParseFunctionCall
                0x000044ec                ExpressionInfixOperator
                0x000040c4                ExpressionStackPushValueNode
                0x00004a2c                ExpressionParse
                0x00004334                ExpressionStackPushLValue
 .text          0x00004fe8      0x25c picoc/heap.o
                0x00005078                HeapFree
                0x000051ac                HeapAllocStack
                0x00005034                HeapPushStackFrame
                0x00005054                HeapPopStackFrame
                0x000050d0                HeapAlloc
                0x00005200                HeapPopStack
                0x00004fe8                HeapInit
 .text          0x00005244      0x7e4 picoc/type.o
                0x0000526c                TypeStackSizeValue
                0x00005314                TypeInit
                0x000059d8                TypeCleanupNode
                0x0000529c                TypeAddBaseType
                0x000055ac                TypeParseStruct
                0x00005a1c                TypeCleanup
                0x00005280                TypeSize
                0x00005804                TypeParse
                0x00005830                TypeParseIdentPart
                0x000053dc                TypeGetMatching
                0x0000576c                TypeParseFront
                0x00005244                TypeSizeValue
                0x000052d0                TypeAdd
                0x00005450                TypeParseEnum
 .text          0x00005a28      0x5b8 picoc/variable.o
                0x00005a64                VariableDefined
                0x00005cf8                VariableStackPop
                0x00005b1c                VariableStackFramePop
                0x00005e0c                VariableAllocValueAndData
                0x00005e44                VariableDefinePlatformVar
                0x00005c38                VariableFree
                0x00005cd8                VariableCleanup
                0x00005a28                VariableStringLiteralDefine
                0x00005f94                VariableAllocValueFromType
                0x00005c94                VariableTableCleanup
                0x00005a3c                VariableStringLiteralGet
                0x00005be8                VariableInit
                0x00005b6c                VariableStackFrameAdd
                0x00005ac0                VariableGet
                0x00005ee8                VariableAllocValueAndCopy
                0x00005de4                VariableAllocValueShared
                0x00005dac                VariableAllocValueFromExistingData
                0x00005d64                VariableAlloc
                0x00005f30                VariableDefine
 .text          0x00005fe0      0x354 picoc/clibrary.o
                0x000060fc                LibPrintf
                0x00006008                PrintInt
                0x00005fe0                PrintStr
                0x000060b0                LibGets
                0x000062a8                LibraryInit
                0x00006230                CLibraryInit
                0x00006098                LibGetc
 .text          0x00006334     0x1570 picoc/library_surveyor.o
                0x000066fc                Ctan
                0x000072e0                Cvrcap
                0x00006e10                Cwritei2c
                0x00007304                Csonar
                0x00006e0c                Cnninit
                0x00006520                Csin
                0x00006364                Cioread
                0x00006bb4                Cnnmatchblob
                0x0000642c                Claser
                0x000072e8                Crange
                0x00006ebc                Cgps
                0x00006490                Cvcolor
                0x0000745c                Cmotors2
                0x00006b84                Cnnshow
                0x000073e4                Cservos
                0x0000660c                Ccos
                0x00006950                Cacos
                0x0000736c                Cservos2
                0x000070c8                Ccompass
                0x000074fc                Cmotors
                0x00006f34                Canalog
                0x00006a20                Casin
                0x000063f0                Cpoke
                0x000072e4                Cvcap
                0x00007294                Cvpix
                0x00006470                Cbattery
                0x00006818                Catan
                0x00007090                Ctilt
                0x00006adc                Cnnlearnblob
                0x00006e84                Creadi2c
                0x00006e44                Creadi2c2
                0x0000639c                Cpeek
                0x000075dc                Cinput
                0x000075b4                Crand
                0x0000759c                Ctime
                0x00006d84                Cnntrain
                0x0000650c                Cvdiff
                0x00006334                Ciodir
                0x00007144                Cdelay
                0x0000715c                Cvblob
                0x00007628                PlatformLibraryInit
                0x00006cc0                Cnntest
                0x00006904                Cnnset
                0x0000637c                Ciowrite
                0x000075f8                Csignal
                0x00007254                Cvmean
 .text          0x000078a4      0x16c picoc/platform.o
                0x00007974                PlatformPrintf
                0x00007990                LexFail
                0x000078a4                PlatformVPrintf
                0x000079cc                ProgramFail
 .text          0x00007a10       0xa8 picoc/platform_surveyor.o
                0x00007a48                PlatformPutc
                0x00007a50                PlatformGetLine
                0x00007a10                PlatformCleanup
                0x00007a38                PlatformGetCharacter
                0x00007a1c                PlatformExit

.l1data         0xff800000     0x16e8
 *(.data)
 .data          0xff800000        0x0 camera.o
 .data          0xff800000        0x0 edit.o
 .data          0xff800000        0x0 i2c.o
 .data          0xff800000        0x0 stm_m25p32.o
 .data          0xff800000        0x0 printf.o
 .data          0xff800000        0x0 xmodem.o
 .data          0xff800000        0x0 gps.o
 .data          0xff800000        0x0 myfunc.o
 .data          0xff800000        0x0 main.o
 .data          0xff800000        0x0 math.o
 .data          0xff800000        0x0 malloc.o
 .data          0xff800000      0xa84 srv.o
                0xff800462                vhpel
                0xff800408                version_string
                0xff800008                font8x8
                0xff800000                fontmask
                0xff800430                frame
                0xff800450                hhpel
                0xff800474                rand_seed
 .data          0xff800a84        0x0 uart.o
 .data          0xff800a84        0x0 float.o
 .data          0xff800a84        0x0 colors.o
 .data          0xff800a84      0x8f0 jpeg.o
                0xff8012b4                zigzag_table
                0xff800adc                chrominance_dc_size_table
                0xff800d7c                chrominance_ac_code_table
                0xff800c38                luminance_ac_size_table
                0xff800af4                luminance_ac_code_table
                0xff800aac                luminance_dc_size_table
                0xff800ac4                chrominance_dc_code_table
                0xff8012f4                luminance_quant_table
                0xff801104                markerdata
                0xff800a94                luminance_dc_code_table
                0xff800a84                fdct_coeff
                0xff801334                chrominance_quant_table
                0xff801004                bitsize
                0xff800ec0                chrominance_ac_size_table
 .data          0xff801374        0x0 r8x8dct.o
 .data          0xff801374        0x0 spi.o
 .data          0xff801374        0x0 setjmp.o
 .data          0xff801374       0x8c neural.o
                0xff801378                npattern
                0xff8013f8                nmask
                0xff801374                learn
 .data          0xff801400        0x0 init.o
 .data          0xff801400        0x0 string.o
 .data          0xff801400        0x0 sdcard.o
 .data          0xff801400        0x0 picoc/picoc.o
 .data          0xff801400        0x0 picoc/table.o
 .data          0xff801400      0x148 picoc/lex.o
 .data          0xff801548        0x0 picoc/parse.o
 .data          0xff801548        0x0 picoc/expression.o
 .data          0xff801548        0xc picoc/heap.o
                0xff801548                HeapStackTop
 .data          0xff801554        0x0 picoc/type.o
 .data          0xff801554        0x0 picoc/variable.o
 .data          0xff801554       0x24 picoc/clibrary.o
                0xff801554                CLibrary
 .data          0xff801578      0x170 picoc/library_surveyor.o
                0xff801578                PlatformLibrary
 .data          0xff8016e8        0x0 picoc/platform.o
 .data          0xff8016e8        0x0 picoc/platform_surveyor.o
 *(.l1data)
 *(.l1data.a)

.l1data.b
 *(.l1data.b)

.rodata         0xff8016e8     0x2654
 *(.rodata .rodata.* .gnu.linkonce.r.*)
 .rodata.str1.4
                0xff8016e8       0xb2 edit.o
                                 0xb4 (size before relaxing)
 *fill*         0xff80179a        0x2 00
 .rodata        0xff80179c       0x5c edit.o
 .rodata.str1.4
                0xff8017f8        0x7 printf.o
                                  0x8 (size before relaxing)
 *fill*         0xff8017ff        0x1 00
 .rodata        0xff801800      0x200 xmodem.o
 .rodata.str1.4
                0xff801a00       0xaa gps.o
                                 0xac (size before relaxing)
 *fill*         0xff801aaa        0x2 00
 .rodata.str1.4
                0xff801aac       0x14 myfunc.o
 .rodata        0xff801ac0      0x358 main.o
 .rodata        0xff801e18      0x114 srv.o
 .rodata.str1.4
                0xff801f2c      0x662 srv.o
                                0x670 (size before relaxing)
 *fill*         0xff80258e        0x2 00
 .rodata        0xff802590       0x10 uart.o
 .rodata.str1.4
                0xff8025a0       0x33 float.o
                                 0x34 (size before relaxing)
 *fill*         0xff8025d3        0x1 00
 .rodata.str1.4
                0xff8025d4       0x27 colors.o
                                 0x28 (size before relaxing)
 *fill*         0xff8025fb        0x1 00
 .rodata.str1.4
                0xff8025fc       0x5b spi.o
                                 0x5c (size before relaxing)
 *fill*         0xff802657        0x1 00
 .rodata.str1.4
                0xff802658        0x4 neural.o
                                  0xc (size before relaxing)
 .rodata.str1.4
                0xff80265c       0x57 picoc/picoc.o
                                 0x58 (size before relaxing)
 *fill*         0xff8026b3        0x1 00
 .rodata.str1.4
                0xff8026b4        0xe picoc/table.o
                                 0x14 (size before relaxing)
 *fill*         0xff8026c2        0x2 00
 .rodata        0xff8026c4      0x2cc picoc/lex.o
 .rodata.str1.4
                0xff802990       0xee picoc/lex.o
                                0x108 (size before relaxing)
 *fill*         0xff802a7e        0x2 00
 .rodata.str1.4
                0xff802a80      0x1a1 picoc/parse.o
                                0x1a8 (size before relaxing)
 *fill*         0xff802c21        0x3 00
 .rodata        0xff802c24       0x98 picoc/parse.o
 .rodata.str1.4
                0xff802cbc      0x366 picoc/expression.o
                                0x3ac (size before relaxing)
 *fill*         0xff803022        0x2 00
 .rodata        0xff803024      0x264 picoc/expression.o
 .rodata.str1.4
                0xff803288        0x6 picoc/heap.o
                                  0x8 (size before relaxing)
 *fill*         0xff80328e        0x2 00
 .rodata.str1.4
                0xff803290      0x12d picoc/type.o
                                0x164 (size before relaxing)
 *fill*         0xff8033bd        0x3 00
 .rodata        0xff8033c0       0x2c picoc/type.o
 .rodata.str1.4
                0xff8033ec       0x43 picoc/variable.o
                                 0x6c (size before relaxing)
 *fill*         0xff80342f        0x1 00
 .rodata.str1.4
                0xff803430       0x5e picoc/clibrary.o
                                 0x6c (size before relaxing)
 *fill*         0xff80348e        0x2 00
 .rodata.str1.4
                0xff803490      0x726 picoc/library_surveyor.o
                                0x73c (size before relaxing)
 *fill*         0xff803bb6        0x2 00
 .rodata        0xff803bb8      0x17c picoc/library_surveyor.o
 .rodata.str1.4
                0xff803d34        0x8 picoc/platform.o
                                  0xc (size before relaxing)
 .rodata.str1.4
                0x00000000       0x10 picoc/platform_surveyor.o

.data
 *(.data .data.* .gnu.linkonce.d.*)

.ctors
 *crtbegin*.o(.ctors)
 *(EXCLUDE_FILE(*crtend*.o) .ctors)
 *(SORT(.ctors.*))
 *(.ctors)

.dtors
 *crtbegin*.o(.dtors)
 *(EXCLUDE_FILE(*crtend*.o) .dtors)
 *(SORT(.dtors.*))
 *(.dtors)

.sdram.bss      0x00007ab8        0x0
                0x00007ab8                __sdram_bss_start = .
 *(.bss.sdram)
                0x00007ab8                . = ALIGN (0x4)
                0x00007ab8                __sdram_bss_end = .

.bss            0xff900000     0x37d4
                0xff900000                __bss_start = .
 *(.dynbss)
 *(.bss .bss.* .gnu.linkonce.b.*)
 .bss           0xff900000        0x0 camera.o
 .bss           0xff900000       0x10 edit.o
 .bss           0xff900010        0x0 i2c.o
 .bss           0xff900010        0x0 stm_m25p32.o
 .bss           0xff900010        0x0 printf.o
 .bss           0xff900010        0x0 xmodem.o
 .bss           0xff900010        0x0 gps.o
 .bss           0xff900010        0x0 myfunc.o
 .bss           0xff900010        0x0 main.o
 .bss           0xff900010        0x0 math.o
 .bss           0xff900010        0x4 malloc.o
                0xff900010                allocp
 .bss           0xff900014       0x10 srv.o
                0xff900018                sonar_flag
                0xff900014                failsafe_mode
                0xff90001c                uart1_flag
                0xff900020                thumbnail_flag
 .bss           0xff900024        0x0 uart.o
 .bss           0xff900024        0x0 float.o
 .bss           0xff900024        0x0 colors.o
 .bss           0xff900024        0x8 jpeg.o
                0xff900024                lcode
                0xff900028                bitindex
 .bss           0xff90002c        0x0 r8x8dct.o
 .bss           0xff90002c        0x0 spi.o
 .bss           0xff90002c        0x0 setjmp.o
 .bss           0xff90002c        0x0 neural.o
 .bss           0xff90002c        0x0 init.o
 .bss           0xff90002c        0x0 string.o
 .bss           0xff90002c        0x0 sdcard.o
 .bss           0xff90002c        0x0 picoc/picoc.o
 .bss           0xff90002c        0x4 picoc/table.o
                0xff90002c                StrEmpty
 .bss           0xff900030       0x3c picoc/lex.o
 .bss           0xff90006c        0x4 picoc/parse.o
 .bss           0xff900070        0x0 picoc/expression.o
 .bss           0xff900070       0x24 picoc/heap.o
 .bss           0xff900094        0x0 picoc/type.o
 .bss           0xff900094        0x4 picoc/variable.o
                0xff900094                TopStackFrame
 .bss           0xff900098        0x4 picoc/clibrary.o
 .bss           0xff90009c       0x4c picoc/library_surveyor.o
 .bss           0xff9000e8        0x0 picoc/platform.o
 .bss           0xff9000e8        0x0 picoc/platform_surveyor.o
 *(COMMON)
 COMMON         0xff9000e8       0x18 camera.o
                0xff9000e8                dlist2
                0xff9000f4                dlist1
 COMMON         0xff900100      0x406 xmodem.o
                0xff900100                xbuff
 *fill*         0xff900506        0x2 00
 COMMON         0xff900508       0x20 gps.o
                0xff900508                gps_gga
 COMMON         0xff900528       0x14 malloc.o
                0xff900528                base
                0xff900530                heap_end
                0xff900534                heap_start
                0xff900538                heap_ptr
 COMMON         0xff90053c       0xb4 srv.o
                0xff90053c                imgWidth
                0xff900540                rfailsafe
                0xff900544                j
                0xff900548                x_acc
                0xff90054c                i
                0xff900550                segmentation_flag
                0xff900554                pwm2_init
                0xff900558                sonar_data
                0xff90056c                y_acc0
                0xff900570                quality
                0xff900574                y_acc
                0xff900578                output_start
                0xff90057c                pwm1_init
                0xff900580                image_size
                0xff900584                pwm1_mode
                0xff900588                x_center
                0xff90058c                lfailsafe
                0xff900590                edge_thresh
                0xff900594                master
                0xff900598                base_speed
                0xff90059c                rspeed2
                0xff9005a0                lspeed
                0xff9005a4                overlay_flag
                0xff9005a8                lspeed2
                0xff9005ac                err1
                0xff9005b0                cp
                0xff9005b4                output_end
                0xff9005b8                pwm2_mode
                0xff9005bc                framecount
                0xff9005c0                x_acc0
                0xff9005c4                imgHead
                0xff9005d0                edge_detect_flag
                0xff9005d4                imgHeight
                0xff9005d8                failsafe_clock
                0xff9005dc                y_center
                0xff9005e0                rspeed
                0xff9005e4                base_speed2
                0xff9005e8                frame_diff_flag
                0xff9005ec                ix
 COMMON         0xff9005f0      0xf8c colors.o
                0xff9005f0                blobcnt
                0xff9006ec                ymax
                0xff900730                blobx1
                0xff90082c                umax
                0xff900870                hist0
                0xff900c70                hist1
                0xff901070                blobix
                0xff90116c                bloby2
                0xff901268                mean
                0xff901274                vmax
                0xff9012b8                vmin
                0xff9012fc                bloby1
                0xff9013f8                blobx2
                0xff9014f4                ymin
                0xff901538                umin
 COMMON         0xff90157c      0x584 jpeg.o
                0xff90157c                Y2
                0xff9015fc                Temp
                0xff90167c                Cqt
                0xff9016bc                Y3
                0xff90173c                Y4
                0xff9017bc                ICqt
                0xff90183c                ILqt
                0xff9018bc                CR
                0xff90193c                Lqt
                0xff90197c                CB
                0xff9019fc                fdct_temp
                0xff901a7c                read_format
                0xff901a80                Y1
 COMMON         0xff901b00     0x1640 neural.o
                0xff901b00                weights
                0xff902f00                teach_neurons
                0xff902f40                nerror
                0xff902fc0                neurons
 COMMON         0xff903140      0x18c picoc/table.o
                0xff903140                StringHashTable
                0xff9032c4                StringTable
 COMMON         0xff9032cc      0x14c picoc/type.o
                0xff9032cc                CharArrayType
                0xff9032d0                FunctionType
                0xff9032f4                EnumType
                0xff903318                VoidType
                0xff90333c                MacroType
                0xff903360                Type_Type
                0xff903384                CharType
                0xff9033a8                CharPtrType
                0xff9033ac                WordType
                0xff9033d0                IntType
                0xff9033f4                UberType
 COMMON         0xff903418      0x318 picoc/variable.o
                0xff903418                StringLiteralHashTable
                0xff90359c                GlobalHashTable
                0xff903720                GlobalTable
                0xff903728                StringLiteralTable
 COMMON         0xff903730       0xa4 picoc/platform_surveyor.o
                0xff903730                ExitBuf
                0xff9037d4                . = ALIGN (0x4)
                0xff9037d4                __bss_end = .
                0xffb00ffc                . = 0xffb00ffc
                0xffb00ffc                PROVIDE (_supervisor_stack, .)
LOAD init.o
LOAD main.o
LOAD srv.o
LOAD uart.o
LOAD camera.o
LOAD jpeg.o
LOAD i2c.o
LOAD stm_m25p32.o
LOAD float.o
LOAD xmodem.o
LOAD colors.o
LOAD edit.o
LOAD malloc.o
LOAD string.o
LOAD spi.o
LOAD printf.o
LOAD myfunc.o
LOAD neural.o
LOAD gps.o
LOAD sdcard.o
LOAD picoc/picoc.o
LOAD picoc/table.o
LOAD picoc/lex.o
LOAD picoc/parse.o
LOAD picoc/expression.o
LOAD picoc/heap.o
LOAD picoc/type.o
LOAD picoc/variable.o
LOAD picoc/clibrary.o
LOAD picoc/library_surveyor.o
LOAD picoc/platform.o
LOAD picoc/platform_surveyor.o
LOAD r8x8dct.o
LOAD math.o
LOAD setjmp.o
OUTPUT(srv1.bin elf32-bfin)

.comment        0x00000000      0x380
 .comment       0x00000000       0x1c camera.o
 .comment       0x0000001c       0x1c edit.o
 .comment       0x00000038       0x1c i2c.o
 .comment       0x00000054       0x1c stm_m25p32.o
 .comment       0x00000070       0x1c printf.o
 .comment       0x0000008c       0x1c xmodem.o
 .comment       0x000000a8       0x1c gps.o
 .comment       0x000000c4       0x1c myfunc.o
 .comment       0x000000e0       0x1c main.o
 .comment       0x000000fc       0x1c malloc.o
 .comment       0x00000118       0x1c srv.o
 .comment       0x00000134       0x1c uart.o
 .comment       0x00000150       0x1c float.o
 .comment       0x0000016c       0x1c colors.o
 .comment       0x00000188       0x1c jpeg.o
 .comment       0x000001a4       0x1c spi.o
 .comment       0x000001c0       0x1c neural.o
 .comment       0x000001dc       0x1c init.o
 .comment       0x000001f8       0x1c string.o
 .comment       0x00000214       0x1c sdcard.o
 .comment       0x00000230       0x1c picoc/picoc.o
 .comment       0x0000024c       0x1c picoc/table.o
 .comment       0x00000268       0x1c picoc/lex.o
 .comment       0x00000284       0x1c picoc/parse.o
 .comment       0x000002a0       0x1c picoc/expression.o
 .comment       0x000002bc       0x1c picoc/heap.o
 .comment       0x000002d8       0x1c picoc/type.o
 .comment       0x000002f4       0x1c picoc/variable.o
 .comment       0x00000310       0x1c picoc/clibrary.o
 .comment       0x0000032c       0x1c picoc/library_surveyor.o
 .comment       0x00000348       0x1c picoc/platform.o
 .comment       0x00000364       0x1c picoc/platform_surveyor.o
