
Allocating common symbols
Common symbol       size              file

pv_length           0x80              chess.o
imgWidth            0x4               srv.o
fifty               0x4               chess.o
rfailsafe           0x4               srv.o
j                   0x4               srv.o
first_move          0x80              chess.o
max_time            0x4               chess.o
protected_registers
                    0x4               lisp.o
Y2                  0x80              jpeg.o
x_acc               0x4               srv.o
i                   0x4               srv.o
blobcnt             0xfc              colors.o
segmentation_flag   0x4               srv.o
Temp                0x80              jpeg.o
hash_piece          0xc00             chess.o
Cqt                 0x40              jpeg.o
ymax                0x44              colors.o
blobx1              0xfc              colors.o
side                0x4               chess.o
pwm2_init           0x4               srv.o
piece               0x100             chess.o
Y3                  0x80              jpeg.o
base                0x8               malloc.o
follow_pv           0x4               chess.o
sonar_data          0x14              srv.o
lheap_2             0x4               lisp.o
weights             0x1400            neural.o
teach_neurons       0x40              neural.o
nerror              0x80              neural.o
y_acc0              0x4               srv.o
sym_errobj          0x4               lisp.o
Y4                  0x80              jpeg.o
hash                0x4               chess.o
umax                0x44              colors.o
which_lheap         0x4               lisp.o
ICqt                0x80              jpeg.o
pv                  0x4               chess.o
hist_dat            0x4               chess.o
oblist              0x4               lisp.o
gvar_index          0x4               c.o
history             0x4               chess.o
my_one              0x4               lisp.o
token_type          0x1               c.o
hist0               0x400             colors.o
heap_end            0x4               malloc.o
quality             0x4               srv.o
sym_quote           0x4               lisp.o
truth               0x4               lisp.o
max_depth           0x4               chess.o
y_acc               0x4               srv.o
lheap_size          0x4               lisp.o
output_start        0x4               srv.o
hist1               0x400             colors.o
pwm1_init           0x4               srv.o
image_size          0x4               srv.o
ILqt                0x80              jpeg.o
heap_start          0x4               malloc.o
local_var_stack     0x640             c.o
pwm1_mode           0x4               srv.o
save_dct_ptr        0x4               srv.o
neurons             0x180             neural.o
x_center            0x4               srv.o
sym_progn           0x4               lisp.o
lfailsafe           0x4               srv.o
prog                0x4               c.o
eof_val             0x4               lisp.o
edge_thresh         0x4               srv.o
piece_mat           0x8               chess.o
master              0x4               srv.o
bloby2              0xfc              colors.o
mean                0xc               colors.o
functos             0x4               c.o
base_speed          0x4               srv.o
rspeed2             0x4               srv.o
stop_time           0x4               chess.o
tkbuffer            0x64              lisp.o
lspeed              0x4               srv.o
stop_search         0x4               chess.o
lheap_org           0x4               lisp.o
global_vars         0x640             c.o
hash_side           0x4               chess.o
vmax                0x44              colors.o
ply                 0x4               chess.o
token               0x50              c.o
hash_ep             0x100             chess.o
ugetc               0x1               lisp.o
CR                  0x80              jpeg.o
overlay_flag        0x4               srv.o
nodes               0x4               chess.o
lspeed2             0x4               srv.o
ep                  0x4               chess.o
call_stack          0xa0              c.o
err1                0x4               srv.o
my_two              0x4               lisp.o
cp                  0x4               srv.o
tok                 0x1               c.o
Lqt                 0x40              jpeg.o
hply                0x4               chess.o
output_end          0x4               srv.o
lvartos             0x4               c.o
CB                  0x80              jpeg.o
pwm2_mode           0x4               srv.o
fdct_temp           0x80              jpeg.o
start_time          0x4               chess.o
lisp_mode           0x4               lisp.o
func_table          0x5a0             c.o
xside               0x4               chess.o
framecount          0x4               srv.o
gc_status_flag      0x4               lisp.o
vmin                0x44              colors.o
fp                  0x4               lisp.o
heap_ptr            0x4               malloc.o
bloby1              0xfc              colors.o
p_buf               0x4               c.o
pawn_rank           0x50              chess.o
dct_view_flag       0x4               srv.o
x_acc0              0x4               srv.o
ret_value           0x4               c.o
imgHead             0xb               srv.o
read_format         0x4               jpeg.o
castle              0x4               chess.o
pawn_mat            0x8               chess.o
lheap_end           0x4               lisp.o
silent_console      0x4               srv.o
edge_detect_flag    0x4               srv.o
lheap_1             0x4               lisp.o
imgHeight           0x4               srv.o
failsafe_clock      0x4               srv.o
blobx2              0xfc              colors.o
func_index          0x4               c.o
dlist2              0xc               camera.o
y_center            0x4               srv.o
ugetf               0x4               lisp.o
xbuff               0x406             xmodem.o
errjmp              0xa4              c.o
lheap               0x4               lisp.o
lquit               0x4               lisp.o
old_lheap_used      0x4               lisp.o
dlist1              0xc               camera.o
unbound_marker      0x4               lisp.o
ymin                0x44              colors.o
umin                0x44              colors.o
rspeed              0x4               srv.o
frame_diff_flag     0x4               srv.o
gen_dat             0x4               chess.o
ix                  0x4               srv.o
book_file           0x4               chess.o
sym_lambda          0x4               lisp.o
Y1                  0x80              jpeg.o

Memory Configuration

Name             Origin             Length             Attributes
ram              0x00000000         0x02000000         xrw
l1code           0xffa00000         0x00010000         x
l1data_a         0xff800000         0x00008000         rw
l1data_b         0xff900000         0x00008000         rw
scratchpad       0xffb00000         0x00001000         rw
*default*        0x00000000         0xffffffff

Linker script and memory map


.sdram.text
 camera.o(.sdram.text)
 c.o(.sdram.text)
 lisp.o(.sdram.text)
 edit.o(.sdram.text)
 i2c.o(.sdram.text)
 stm_m25p32.o(.sdram.text)
 printf.o(.sdram.text)
 xmodem.o(.sdram.text)
 myfunc.o(.sdram.text)
 *(.gnu.warning)

.l1code         0xffa00000     0x8558
 main.o(.text)
 .text          0xffa00000      0x2f8 main.o
                0xffa00000                main
 math.o(.text)
 .text          0xffa002f8      0x200 math.o
                0xffa003c4                __umodsi3
                0xffa003f6                __divsi3
                0xffa002f8                __udivsi3
 malloc.o(.text)
 .text          0xffa004f8      0x1a4 malloc.o
                0xffa005d4                morecore
                0xffa0054c                free
                0xffa004f8                init_heap
                0xffa00538                sbrk
                0xffa00618                malloc
 srv.o(.text)
 .text          0xffa0069c     0x3218 srv.o
                0xffa014e0                motor_command
                0xffa021fc                process_i2c
                0xffa022f8                restore_video
                0xffa02574                xmodem_receive
                0xffa00e4c                clearRTC
                0xffa02fd0                show_dct_coeff
                0xffa00f6c                delayUS
                0xffa02538                start_lisp_from_buffer
                0xffa02334                invert_video
                0xffa008f4                grab_reference_frame
                0xffa00e5c                delayMS
                0xffa016d8                set_edge_thresh
                0xffa00fe0                delayNS
                0xffa00b7c                setPPM1
                0xffa010f4                rand
                0xffa02460                read_user_sector
                0xffa00db8                initRTC
                0xffa028c0                serial_out_flashbuffer
                0xffa025b8                camera_reset
                0xffa02370                write_boot_flash
                0xffa00928                initPWM
                0xffa009c0                init_sonar
                0xffa02ea8                recv_grab_code
                0xffa01070                check_failsafe
                0xffa01a7c                show_stack_ptr
                0xffa03120                process_colors
                0xffa01d60                laser_range
                0xffa01a64                show_heap_ptr
                0xffa01668                overlay_on
                0xffa019a0                lasers_off
                0xffa00780                clear_sdram
                0xffa007c4                led1_on
                0xffa015e4                change_image_quality
                0xffa007a8                stack_remaining
                0xffa00cf4                check_bounds_0_100
                0xffa008cc                move_image
                0xffa023d4                write_user_sector
                0xffa01a8c                process_neuralnet
                0xffa01274                ppm2_command
                0xffa00a90                setPWM
                0xffa021c4                show_laser_range
                0xffa024f8                crc_flash_buffer
                0xffa02928                send_frame
                0xffa011cc                ctoi
                0xffa01978                check_battery
                0xffa01454                motor_increase_base_speed
                0xffa017dc                ping_sonar
                0xffa015b0                clear_flash_buffer
                0xffa0120c                enable_failsafe
                0xffa019d0                lasers_on
                0xffa012ec                ppm1_command
                0xffa01364                motor_action
                0xffa00dd8                readRTC
                0xffa00d10                motor_trim_right
                0xffa007b4                led0_on
                0xffa00d64                motor_trim_left
                0xffa0069c                init_io
                0xffa01a1c                serial_out_version
                0xffa0254c                start_cinterpreter
                0xffa0171c                enable_dct_view
                0xffa007d4                compute_frame_diff
                0xffa0251c                launch_editor
                0xffa0282c                grab_dct_coeff
                0xffa01744                enable_edge_detect
                0xffa03078                grab_frame
                0xffa0177c                enable_segmentation
                0xffa02434                write_user_flash
                0xffa00e8c                motor_set
                0xffa0098c                initTMR4
                0xffa009e8                initPPM1
                0xffa02f3c                grab_code_send
                0xffa00c38                setPPM2
                0xffa013bc                motor_decrease_base_speed
                0xffa00a3c                initPPM2
                0xffa01a00                serial_out_time
                0xffa0082c                set_caption
                0xffa01690                disable_frame_diff
                0xffa00754                reset_cpu
                0xffa024b8                read_user_flash
                0xffa011a0                isqrt
                0xffa01058                reset_failsafe_clock
                0xffa02524                start_lisp_from_console
                0xffa011e4                disable_failsafe
                0xffa02f6c                show_dct_coeff310
                0xffa01640                overlay_off
                0xffa017a4                enable_frame_diff
                0xffa0276c                camera_setup
 uart.o(.text)
 .text          0xffa038b4      0x314 uart.o
                0xffa03a5c                uart1SendChar
                0xffa03ad0                uart1GetCh
                0xffa03a38                uart0GetChar
                0xffa03900                init_fast_uart0
                0xffa039f8                uart0SendChars
                0xffa03a1c                uart0GetCh
                0xffa039cc                uart0SendString
                0xffa0399c                uart0SendChar
                0xffa03aac                uart1SendChars
                0xffa038b4                init_uart0
                0xffa03b10                printNumber
                0xffa03a80                uart1SendString
                0xffa03aec                uart1GetChar
                0xffa0394c                init_uart1
 colors.o(.text)
 .text          0xffa03bc8      0xca4 colors.o
                0xffa03d74                vmean
                0xffa03ff0                edge_detect
                0xffa04190                svs_segcode
                0xffa03e3c                color_segment
                0xffa04384                vblob
                0xffa03c4c                blob_merge
                0xffa042e8                svs_segview
                0xffa03bc8                init_colors
                0xffa03ca8                vhist
                0xffa03c18                vpix
 jpeg.o(.text)
 .text          0xffa0486c      0xeb4 jpeg.o
                0xffa054d0                DCT
                0xffa04ec4                close_bitstream
                0xffa054e4                encodeMCU
                0xffa049fc                huffman
                0xffa04f38                write_markers
                0xffa05638                encode_image
                0xffa05158                initialize_quantization_tables
                0xffa0531c                read_422_format
                0xffa0486c                initialization
                0xffa04944                levelshift
                0xffa0524c                quantization
                0xffa0529c                read_400_format
                0xffa04964                save_dct
 r8x8dct.o(.text)
 .text          0xffa05720       0xf0 r8x8dct.o
                0xffa05720                _r8x8dct
 spi.o(.text)
 .text          0xffa05810      0x1e8 spi.o
                0xffa058f8                svs_master
                0xffa05810                svs_slave
 uart.o(.text)
 chess.o(.text)
 .text          0xffa059f8     0x2620 chess.o
                0xffa0615c                gen
                0xffa076e4                init_mem
                0xffa05c00                attack
                0xffa076a4                free_mem
                0xffa05ea0                gen_caps
                0xffa07638                open_book
                0xffa075c4                hash_rand
                0xffa07684                flush_input
                0xffa05d68                gen_promote
                0xffa059f8                parse_move
                0xffa07738                scan
                0xffa06c8c                eval_dark_king
                0xffa07010                reps
                0xffa07314                book_match
                0xffa05b64                init_board
                0xffa06b14                eval_lkp
                0xffa06b74                eval_light_king
                0xffa0792c                search
                0xffa07078                sort_pv
                0xffa069a8                getline
                0xffa06d60                eval
                0xffa05d24                in_check
                0xffa07778                get_ms
                0xffa06a74                eval_dark_pawn
                0xffa07b20                think
                0xffa069e0                eval_light_pawn
                0xffa077b4                quiesce
                0xffa06c3c                eval_dkp
                0xffa07358                move_str
                0xffa07104                sort
                0xffa0777c                checkup
                0xffa07d1c                chess
                0xffa075c8                init_hash
                0xffa07180                print_result
                0xffa07430                book_move
                0xffa05dc8                gen_push
                0xffa05ac0                set_hash
                0xffa064c8                takeback
                0xffa06638                makemove
                0xffa07258                print_board
 setjmp.o(.text)
 .text          0xffa08018      0x184 setjmp.o
                0xffa08018                longjmp
                0xffa080e0                setjmp
 neural.o(.text)
 .text          0xffa0819c      0x3bc neural.o
                0xffa08520                nninit_network
                0xffa08234                f_logic
                0xffa08294                nncalculate_network
                0xffa0837c                nncalculate_errors
                0xffa08444                nntrain_network
                0xffa08430                nninit_pattern
                0xffa0819c                nnset_pattern

.text           0x00000000     0x5a4c
 .text          0x00000000       0xf0 camera.o
                0x00000000                camera_init
                0x000000a8                camera_start
                0x000000cc                camera_stop
 .text          0x000000f0     0x1cd4 c.o
                0x00000a68                get_params
                0x00000164                isdelim
                0x00001aa8                get_args
                0x00000dcc                eval_exp5
                0x000018b0                get
                0x0000135c                writei2c
                0x00000b90                interp_block
                0x00000250                is_var
                0x0000019c                internal_func
                0x00001044                eval_exp0
                0x00001440                readi2c
                0x000000f0                isalph
                0x0000071c                finish_check
                0x000007e8                input
                0x00000900                assign_var
                0x0000110c                resolution
                0x00000144                iswhite
                0x00000e6c                eval_exp3
                0x000007c0                imgcap
                0x00001be4                prescan
                0x00000b08                decl_local
                0x00000cd0                atom
                0x0000085c                find_var
                0x000013d8                readi2c2
                0x000019b4                exec_do
                0x00000780                crange
                0x000007d4                time
                0x00000f9c                eval_exp1
                0x00000c70                call
                0x00000a0c                local_push
                0x000001ec                look_up
                0x00001a84                func_ret
                0x00000798                crand
                0x00001330                sonar
                0x00001190                color
                0x000015dc                laser
                0x00001a04                exec_while
                0x0000099c                func_push
                0x00000f40                eval_exp2
                0x000010c0                eval_exp
                0x000015c0                imgdiff
                0x0000011c                putback
                0x000007ac                imgrcap
                0x00000e18                eval_exp4
                0x000018d0                set
                0x00001cec                c
                0x000016d4                servo
                0x00001814                print
                0x00001a44                exec_if
                0x000009d4                func_pop
                0x000002e0                find_func
                0x00001644                servo2
                0x00001914                exec_for
                0x000014a0                blob
                0x00001610                delay
                0x000003cc                get_token
                0x0000032c                sntx_err
                0x00000758                start_check
                0x00001764                motors
                0x00000818                find_eob
                0x00001b60                decl_global
 .text          0x00001dc4     0x2760 lisp.o
                0x00003cbc                our_subrs
                0x00002688                lrange
                0x00003a4c                lreadparen
                0x00003e14                init_subrs
                0x00002368                symbol_boundp
                0x000037b0                gc_protect
                0x0000269c                lrand
                0x0000387c                lreadtk
                0x00002060                lconsole
                0x000037d8                cintern_soft
                0x00002864                setcdr
                0x00003b8c                let_macro
                0x00002900                car
                0x00003c90                init_subr
                0x00002118                envlookup
                0x00003430                leval_setq
                0x000024dc                greaterp
                0x000031b4                leval_and
                0x00001f68                lrobot
                0x00001ed8                leval_tenv
                0x00003ad8                repl
                0x0000280c                cfib
                0x000026bc                quotient
                0x000021c4                setvar
                0x00002a18                lprin1
                0x00002000                ldelay
                0x00001f34                lasers
                0x00003230                leval_or
                0x000035fc                lerr
                0x00002544                flocons
                0x00002e10                syntax_define
                0x00002710                difference
                0x00003b44                cintern
                0x0000258c                lping
                0x00003508                scan_newspace
                0x00002764                ltimes
                0x00003a8c                lreadf
                0x00002b78                gc_status
                0x00003584                scan_registers
                0x00002fd8                leval
                0x00002e88                extend_env
                0x0000394c                lreadr
                0x00004404                print_hs_2
                0x000036f4                flush_ws
                0x00002c1c                cons
                0x00001f1c                nullp
                0x00002db0                leval_lambda
                0x0000208c                err
                0x0000226c                closure
                0x00002018                lsignal
                0x000025ec                lcompass
                0x00002b74                leval_quote
                0x0000444c                lisp
                0x00002f7c                leval_let
                0x00002474                lessp
                0x00001ee4                unreadchar
                0x0000240c                equalp
                0x00002d2c                copy_list
                0x0000333c                leval_if
                0x00001e1c                eql
                0x00003654                readchar
                0x000020cc                arglchk
                0x00002304                symbol_value
                0x00003390                leval_define
                0x000032f0                leval_while
                0x000027b8                plus
                0x00002b48                lprint
                0x00001e04                eq
                0x0000443c                ldump
                0x00002d60                oblistfn
                0x000035b4                gc
                0x00001e5c                symbolp
                0x00003298                leval_progn
                0x00002214                assq
                0x0000203c                quit
                0x00002d70                lreverse
                0x00003634                print_hs_1
                0x0000289c                setcar
                0x00002678                ltime
                0x00001e7c                get_newspace
                0x00003820                rintern
                0x0000292c                lcolor
                0x00003460                gc_relocate
                0x00002edc                leval_args
                0x00004228                init_storage
                0x0000377c                must_malloc
                0x00002660                linput
                0x000023c0                symcons
                0x00002c68                lblob
                0x00001de4                numberp
                0x000028d4                cdr
                0x00001dc4                consp
                0x000022b8                subrcons
                0x00003ad4                lread
 .text          0x00004524      0x340 edit.o
                0x000046bc                insert_char
                0x0000456c                find_next_line
                0x00004734                edit
                0x00004608                find_buffer_end
                0x00004524                delete_char
                0x00004650                print_lines
                0x00004714                print_help
                0x000045bc                find_previous_line
 .text          0x00004864      0x1c8 i2c.o
                0x00004864                i2cwrite
                0x00004934                i2cread
 .text          0x00004a2c      0x4d4 stm_m25p32.o
                0x00004b08                SetupSPI
                0x00004bc8                spi_read
                0x00004c60                Wait_For_WEL
                0x00004ae8                SPI_OFF
                0x00004cc8                WriteFlash
                0x00004e34                spi_write
                0x00004a38                spi_init_r
                0x00004db8                EraseBlock
                0x00004c28                Wait_For_Status
                0x00004a84                GetSectorNumber
                0x00004d64                WriteData
                0x00004a2c                spi_init_f
                0x00004be4                ReadStatusRegister
                0x00004c94                SendSingleCommand
                0x00004b38                ReadData
                0x00004a44                Wait_For_SPIF
                0x00004aac                udelay
 .text          0x00004f00      0x338 printf.o
                0x000051fc                sprintf
                0x00005218                printf
 .text          0x00005238      0x4fc xmodem.o
                0x000052c4                xmodemTransmit
                0x00005274                _inbyte
                0x00005238                crc16_ccitt
                0x0000553c                xmodemReceive
 .text          0x00005734       0x28 myfunc.o
                0x00005734                myfunc
 .text          0x0000575c       0xd0 init.o
                0x0000575c                initcode
 .text          0x0000582c      0x220 string.o
                0x0000582c                strcmp
                0x00005874                atoi
                0x000059f4                memcpy
                0x00005a10                memset
                0x00005958                itoa
                0x00005a24                strdup
                0x00005920                reverse
                0x0000584c                strchr
                0x00005864                strcpy
                0x000059e8                isdigit
                0x00005900                strlen

.l1data         0xff800000     0x2110
 *(.data)
 .data          0xff800000        0x0 camera.o
 .data          0xff800000      0x194 c.o
                0xff8000d4                intern_func
                0xff800000                table
                0xff80018c                relops
 .data          0xff800194        0x0 lisp.o
 .data          0xff800194        0x0 edit.o
 .data          0xff800194        0x0 i2c.o
 .data          0xff800194        0x0 stm_m25p32.o
 .data          0xff800194        0x0 printf.o
 .data          0xff800194        0x0 xmodem.o
 .data          0xff800194        0x0 myfunc.o
 .data          0xff800194        0x0 main.o
 .data          0xff800194        0x0 math.o
 .data          0xff800194        0x0 malloc.o
 .data          0xff800194      0x910 srv.o
                0xff8005f6                vhpel
                0xff80059c                version_string
                0xff80019c                font8x8
                0xff800194                fontmask
                0xff8005c4                frame
                0xff8005e4                hhpel
                0xff800608                rand_seed
 .data          0xff800aa4        0x0 uart.o
 .data          0xff800aa4        0x0 colors.o
 .data          0xff800aa4      0x8f0 jpeg.o
                0xff8012d4                zigzag_table
                0xff800afc                chrominance_dc_size_table
                0xff800d9c                chrominance_ac_code_table
                0xff800c58                luminance_ac_size_table
                0xff800b14                luminance_ac_code_table
                0xff800acc                luminance_dc_size_table
                0xff800ae4                chrominance_dc_code_table
                0xff801314                luminance_quant_table
                0xff801124                markerdata
                0xff800ab4                luminance_dc_code_table
                0xff800aa4                fdct_coeff
                0xff801354                chrominance_quant_table
                0xff801024                bitsize
                0xff800ee0                chrominance_ac_size_table
 .data          0xff801394        0x0 r8x8dct.o
 .data          0xff801394        0x0 spi.o
 .data          0xff801394      0xcf0 chess.o
                0xff801a6c                piece_value
                0xff801a84                pawn_pcsq
                0xff801864                piece_char
                0xff80196c                init_piece
                0xff801f84                flip
                0xff801c84                bishop_pcsq
                0xff801e84                king_endgame_pcsq
                0xff801674                slide
                0xff801574                mailbox64
                0xff801394                mailbox
                0xff801764                castle_mask
                0xff801d84                king_pcsq
                0xff801b84                knight_pcsq
                0xff8016a4                offset
                0xff80168c                offsets
                0xff80186c                init_color
 .data          0xff802084        0x0 setjmp.o
 .data          0xff802084       0x8c neural.o
                0xff802088                npattern
                0xff802108                nmask
                0xff802084                learn
 .data          0xff802110        0x0 init.o
 .data          0xff802110        0x0 string.o
 *(.l1data)
 *(.l1data.a)

.l1data.b
 *(.l1data.b)

.rodata         0xff802110     0x1b54
 *(.rodata .rodata.* .gnu.linkonce.r.*)
 .rodata.str1.4
                0xff802110      0x2cd c.o
                                0x2dc (size before relaxing)
 *fill*         0xff8023dd        0x3 00
 .rodata        0xff8023e0       0x94 c.o
 .rodata        0xff802474       0xa8 lisp.o
 .rodata.str1.4
                0xff80251c      0x670 lisp.o
                                0x6cc (size before relaxing)
 .rodata.str1.4
                0xff802b8c       0xb2 edit.o
                                 0xb4 (size before relaxing)
 *fill*         0xff802c3e        0x2 00
 .rodata        0xff802c40       0x5c edit.o
 .rodata.str1.4
                0xff802c9c        0x7 printf.o
                                  0x8 (size before relaxing)
 *fill*         0xff802ca3        0x1 00
 .rodata        0xff802ca4      0x200 xmodem.o
 .rodata.str1.4
                0xff802ea4       0x14 myfunc.o
 .rodata.str1.4
                0xff802eb8        0xb main.o
                                  0xc (size before relaxing)
 *fill*         0xff802ec3        0x1 00
 .rodata        0xff802ec4      0x23c main.o
 .rodata        0xff803100      0x104 srv.o
 .rodata.str1.4
                0xff803204      0x60e srv.o
                                0x620 (size before relaxing)
 *fill*         0xff803812        0x2 00
 .rodata        0xff803814       0x10 uart.o
 .rodata.str1.4
                0xff803824       0x27 colors.o
                                 0x28 (size before relaxing)
 *fill*         0xff80384b        0x1 00
 .rodata        0xff80384c       0x40 jpeg.o
 .rodata.str1.4
                0xff80388c       0x5b spi.o
                                 0x5c (size before relaxing)
 *fill*         0xff8038e7        0x1 00
 .rodata        0xff8038e8       0x30 chess.o
 .rodata.str1.4
                0xff803918      0x34c chess.o
                                0x35c (size before relaxing)

.data
 *(.data .data.* .gnu.linkonce.d.*)

.ctors
 *crtbegin*.o(.ctors)
 *(EXCLUDE_FILE(*crtend*.o) .ctors)
 *(SORT(.ctors.*))
 *(.ctors)

.dtors
 *crtbegin*.o(.dtors)
 *(EXCLUDE_FILE(*crtend*.o) .dtors)
 *(SORT(.dtors.*))
 *(.dtors)

.sdram.bss      0x00005a4c        0x0
                0x00005a4c                __sdram_bss_start = .
 *(.bss.sdram)
                0x00005a4c                . = ALIGN (0x4)
                0x00005a4c                __sdram_bss_end = .

.bss            0xff900000     0x53c4
                0xff900000                __bss_start = .
 *(.dynbss)
 *(.bss .bss.* .gnu.linkonce.b.*)
 .bss           0xff900000        0x0 camera.o
 .bss           0xff900000        0x0 c.o
 .bss           0xff900000        0x0 lisp.o
 .bss           0xff900000       0x10 edit.o
 .bss           0xff900010        0x0 i2c.o
 .bss           0xff900010        0x0 stm_m25p32.o
 .bss           0xff900010        0x0 printf.o
 .bss           0xff900010        0x0 xmodem.o
 .bss           0xff900010        0x0 myfunc.o
 .bss           0xff900010        0x0 main.o
 .bss           0xff900010        0x0 math.o
 .bss           0xff900010        0x4 malloc.o
                0xff900010                allocp
 .bss           0xff900014        0x8 srv.o
                0xff900018                failsafe_mode
                0xff900014                save_dct_flag
 .bss           0xff90001c        0x0 uart.o
 .bss           0xff90001c        0x0 colors.o
 .bss           0xff90001c        0x8 jpeg.o
                0xff90001c                lcode
                0xff900020                bitindex
 .bss           0xff900024        0x0 r8x8dct.o
 .bss           0xff900024        0x0 spi.o
 .bss           0xff900024        0x8 chess.o
 .bss           0xff90002c        0x0 setjmp.o
 .bss           0xff90002c        0x0 neural.o
 .bss           0xff90002c        0x0 init.o
 .bss           0xff90002c        0x0 string.o
 *(COMMON)
 COMMON         0xff90002c       0x18 camera.o
                0xff90002c                dlist2
                0xff900038                dlist1
 COMMON         0xff900044     0x13d8 c.o
                0xff900044                gvar_index
                0xff900048                token_type
                0xff90004c                local_var_stack
                0xff90068c                prog
                0xff900690                functos
                0xff900694                global_vars
                0xff900cd4                token
                0xff900d24                call_stack
                0xff900dc4                tok
                0xff900dc8                lvartos
                0xff900dcc                func_table
                0xff90136c                p_buf
                0xff901370                ret_value
                0xff901374                func_index
                0xff901378                errjmp
 COMMON         0xff90141c       0xc8 lisp.o
                0xff90141c                protected_registers
                0xff901420                lheap_2
                0xff901424                sym_errobj
                0xff901428                which_lheap
                0xff90142c                oblist
                0xff901430                my_one
                0xff901434                sym_quote
                0xff901438                truth
                0xff90143c                lheap_size
                0xff901440                sym_progn
                0xff901444                eof_val
                0xff901448                tkbuffer
                0xff9014ac                lheap_org
                0xff9014b0                ugetc
                0xff9014b4                my_two
                0xff9014b8                lisp_mode
                0xff9014bc                gc_status_flag
                0xff9014c0                fp
                0xff9014c4                lheap_end
                0xff9014c8                lheap_1
                0xff9014cc                ugetf
                0xff9014d0                lheap
                0xff9014d4                lquit
                0xff9014d8                old_lheap_used
                0xff9014dc                unbound_marker
                0xff9014e0                sym_lambda
 COMMON         0xff9014e4      0x406 xmodem.o
                0xff9014e4                xbuff
 *fill*         0xff9018ea        0x2 00
 COMMON         0xff9018ec       0x14 malloc.o
                0xff9018ec                base
                0xff9018f4                heap_end
                0xff9018f8                heap_start
                0xff9018fc                heap_ptr
 COMMON         0xff901900       0xbc srv.o
                0xff901900                imgWidth
                0xff901904                rfailsafe
                0xff901908                j
                0xff90190c                x_acc
                0xff901910                i
                0xff901914                segmentation_flag
                0xff901918                pwm2_init
                0xff90191c                sonar_data
                0xff901930                y_acc0
                0xff901934                quality
                0xff901938                y_acc
                0xff90193c                output_start
                0xff901940                pwm1_init
                0xff901944                image_size
                0xff901948                pwm1_mode
                0xff90194c                save_dct_ptr
                0xff901950                x_center
                0xff901954                lfailsafe
                0xff901958                edge_thresh
                0xff90195c                master
                0xff901960                base_speed
                0xff901964                rspeed2
                0xff901968                lspeed
                0xff90196c                overlay_flag
                0xff901970                lspeed2
                0xff901974                err1
                0xff901978                cp
                0xff90197c                output_end
                0xff901980                pwm2_mode
                0xff901984                framecount
                0xff901988                dct_view_flag
                0xff90198c                x_acc0
                0xff901990                imgHead
                0xff90199c                silent_console
                0xff9019a0                edge_detect_flag
                0xff9019a4                imgHeight
                0xff9019a8                failsafe_clock
                0xff9019ac                y_center
                0xff9019b0                rspeed
                0xff9019b4                frame_diff_flag
                0xff9019b8                ix
 COMMON         0xff9019bc      0xe90 colors.o
                0xff9019bc                blobcnt
                0xff901ab8                ymax
                0xff901afc                blobx1
                0xff901bf8                umax
                0xff901c3c                hist0
                0xff90203c                hist1
                0xff90243c                bloby2
                0xff902538                mean
                0xff902544                vmax
                0xff902588                vmin
                0xff9025cc                bloby1
                0xff9026c8                blobx2
                0xff9027c4                ymin
                0xff902808                umin
 COMMON         0xff90284c      0x584 jpeg.o
                0xff90284c                Y2
                0xff9028cc                Temp
                0xff90294c                Cqt
                0xff90298c                Y3
                0xff902a0c                Y4
                0xff902a8c                ICqt
                0xff902b0c                ILqt
                0xff902b8c                CR
                0xff902c0c                Lqt
                0xff902c4c                CB
                0xff902ccc                fdct_temp
                0xff902d4c                read_format
                0xff902d50                Y1
 COMMON         0xff902dd0      0xfb4 chess.o
                0xff902dd0                pv_length
                0xff902e50                fifty
                0xff902e54                first_move
                0xff902ed4                max_time
                0xff902ed8                hash_piece
                0xff903ad8                side
                0xff903adc                piece
                0xff903bdc                follow_pv
                0xff903be0                hash
                0xff903be4                pv
                0xff903be8                hist_dat
                0xff903bec                history
                0xff903bf0                max_depth
                0xff903bf4                piece_mat
                0xff903bfc                stop_time
                0xff903c00                stop_search
                0xff903c04                hash_side
                0xff903c08                ply
                0xff903c0c                hash_ep
                0xff903d0c                nodes
                0xff903d10                ep
                0xff903d14                hply
                0xff903d18                start_time
                0xff903d1c                xside
                0xff903d20                pawn_rank
                0xff903d70                castle
                0xff903d74                pawn_mat
                0xff903d7c                gen_dat
                0xff903d80                book_file
 COMMON         0xff903d84     0x1640 neural.o
                0xff903d84                weights
                0xff905184                teach_neurons
                0xff9051c4                nerror
                0xff905244                neurons
                0xff9053c4                . = ALIGN (0x4)
                0xff9053c4                __bss_end = .
                0xffb00ffc                . = 0xffb00ffc
                0xffb00ffc                PROVIDE (_supervisor_stack, .)
LOAD init.o
LOAD main.o
LOAD srv.o
LOAD uart.o
LOAD camera.o
LOAD jpeg.o
LOAD i2c.o
LOAD stm_m25p32.o
LOAD xmodem.o
LOAD colors.o
LOAD edit.o
LOAD malloc.o
LOAD string.o
LOAD spi.o
LOAD lisp.o
LOAD c.o
LOAD printf.o
LOAD chess.o
LOAD myfunc.o
LOAD neural.o
LOAD r8x8dct.o
LOAD math.o
LOAD setjmp.o
OUTPUT(srv1.bin elf32-bfin)

.comment        0x00000000      0x230
 .comment       0x00000000       0x1c camera.o
 .comment       0x0000001c       0x1c c.o
 .comment       0x00000038       0x1c lisp.o
 .comment       0x00000054       0x1c edit.o
 .comment       0x00000070       0x1c i2c.o
 .comment       0x0000008c       0x1c stm_m25p32.o
 .comment       0x000000a8       0x1c printf.o
 .comment       0x000000c4       0x1c xmodem.o
 .comment       0x000000e0       0x1c myfunc.o
 .comment       0x000000fc       0x1c main.o
 .comment       0x00000118       0x1c malloc.o
 .comment       0x00000134       0x1c srv.o
 .comment       0x00000150       0x1c uart.o
 .comment       0x0000016c       0x1c colors.o
 .comment       0x00000188       0x1c jpeg.o
 .comment       0x000001a4       0x1c spi.o
 .comment       0x000001c0       0x1c chess.o
 .comment       0x000001dc       0x1c neural.o
 .comment       0x000001f8       0x1c init.o
 .comment       0x00000214       0x1c string.o
