
Allocating common symbols
Common symbol       size              file

pv_length           0x80              chess.o
imgWidth            0x4               srv.o
fifty               0x4               chess.o
rfailsafe           0x4               srv.o
j                   0x4               srv.o
first_move          0x80              chess.o
max_time            0x4               chess.o
protected_registers
                    0x4               lisp.o
Y2                  0x80              jpeg.o
x_acc               0x4               srv.o
i                   0x4               srv.o
blobcnt             0xfc              colors.o
segmentation_flag   0x4               srv.o
Temp                0x80              jpeg.o
hash_piece          0xc00             chess.o
Cqt                 0x40              jpeg.o
ymax                0x44              colors.o
blobx1              0xfc              colors.o
side                0x4               chess.o
pwm2_init           0x4               srv.o
piece               0x100             chess.o
Y3                  0x80              jpeg.o
base                0x8               malloc.o
follow_pv           0x4               chess.o
sonar_data          0x14              srv.o
lheap_2             0x4               lisp.o
y_acc0              0x4               srv.o
sym_errobj          0x4               lisp.o
Y4                  0x80              jpeg.o
hash                0x4               chess.o
umax                0x44              colors.o
which_lheap         0x4               lisp.o
ICqt                0x80              jpeg.o
pv                  0x4               chess.o
hist_dat            0x4               chess.o
oblist              0x4               lisp.o
gvar_index          0x4               c.o
history             0x4               chess.o
my_one              0x4               lisp.o
token_type          0x1               c.o
hist0               0x400             colors.o
heap_end            0x4               malloc.o
quality             0x4               srv.o
sym_quote           0x4               lisp.o
truth               0x4               lisp.o
max_depth           0x4               chess.o
y_acc               0x4               srv.o
lheap_size          0x4               lisp.o
output_start        0x4               srv.o
hist1               0x400             colors.o
pwm1_init           0x4               srv.o
image_size          0x4               srv.o
ILqt                0x80              jpeg.o
heap_start          0x4               malloc.o
local_var_stack     0x640             c.o
pwm1_mode           0x4               srv.o
save_dct_ptr        0x4               srv.o
x_center            0x4               srv.o
sym_progn           0x4               lisp.o
lfailsafe           0x4               srv.o
prog                0x4               c.o
eof_val             0x4               lisp.o
edge_thresh         0x4               srv.o
piece_mat           0x8               chess.o
master              0x4               srv.o
bloby2              0xfc              colors.o
mean                0xc               colors.o
functos             0x4               c.o
base_speed          0x4               srv.o
rspeed2             0x4               srv.o
stop_time           0x4               chess.o
tkbuffer            0x64              lisp.o
lspeed              0x4               srv.o
stop_search         0x4               chess.o
lheap_org           0x4               lisp.o
global_vars         0x640             c.o
hash_side           0x4               chess.o
vmax                0x44              colors.o
ply                 0x4               chess.o
token               0x50              c.o
hash_ep             0x100             chess.o
ugetc               0x1               lisp.o
CR                  0x80              jpeg.o
overlay_flag        0x4               srv.o
nodes               0x4               chess.o
lspeed2             0x4               srv.o
ep                  0x4               chess.o
call_stack          0xa0              c.o
err1                0x4               srv.o
my_two              0x4               lisp.o
cp                  0x4               srv.o
tok                 0x1               c.o
Lqt                 0x40              jpeg.o
hply                0x4               chess.o
output_end          0x4               srv.o
lvartos             0x4               c.o
CB                  0x80              jpeg.o
pwm2_mode           0x4               srv.o
fdct_temp           0x80              jpeg.o
start_time          0x4               chess.o
lisp_mode           0x4               lisp.o
func_table          0x5a0             c.o
xside               0x4               chess.o
framecount          0x4               srv.o
gc_status_flag      0x4               lisp.o
vmin                0x44              colors.o
fp                  0x4               lisp.o
heap_ptr            0x4               malloc.o
bloby1              0xfc              colors.o
p_buf               0x4               c.o
pawn_rank           0x50              chess.o
dct_view_flag       0x4               srv.o
x_acc0              0x4               srv.o
ret_value           0x4               c.o
imgHead             0xb               srv.o
read_format         0x4               jpeg.o
castle              0x4               chess.o
pawn_mat            0x8               chess.o
lheap_end           0x4               lisp.o
silent_console      0x4               srv.o
edge_detect_flag    0x4               srv.o
lheap_1             0x4               lisp.o
imgHeight           0x4               srv.o
failsafe_clock      0x4               srv.o
blobx2              0xfc              colors.o
func_index          0x4               c.o
dlist2              0xc               camera.o
y_center            0x4               srv.o
ugetf               0x4               lisp.o
xbuff               0x406             xmodem.o
errjmp              0xa4              c.o
lheap               0x4               lisp.o
lquit               0x4               lisp.o
old_lheap_used      0x4               lisp.o
dlist1              0xc               camera.o
unbound_marker      0x4               lisp.o
ymin                0x44              colors.o
umin                0x44              colors.o
rspeed              0x4               srv.o
frame_diff_flag     0x4               srv.o
gen_dat             0x4               chess.o
ix                  0x4               srv.o
book_file           0x4               chess.o
sym_lambda          0x4               lisp.o
Y1                  0x80              jpeg.o

Memory Configuration

Name             Origin             Length             Attributes
ram              0x00000000         0x02000000         xrw
l1code           0xffa00000         0x00010000         x
l1data_a         0xff800000         0x00008000         rw
l1data_b         0xff900000         0x00008000         rw
scratchpad       0xffb00000         0x00001000         rw
*default*        0x00000000         0xffffffff

Linker script and memory map


.sdram.text
 camera.o(.sdram.text)
 c.o(.sdram.text)
 lisp.o(.sdram.text)
 edit.o(.sdram.text)
 i2c.o(.sdram.text)
 stm_m25p32.o(.sdram.text)
 printf.o(.sdram.text)
 xmodem.o(.sdram.text)
 *(.gnu.warning)

.l1code         0xffa00000     0x7eac
 main.o(.text)
 .text          0xffa00000      0x2ec main.o
                0xffa00000                main
 math.o(.text)
 .text          0xffa002ec      0x200 math.o
                0xffa003b8                __umodsi3
                0xffa003ea                __divsi3
                0xffa002ec                __udivsi3
 malloc.o(.text)
 .text          0xffa004ec      0x1a4 malloc.o
                0xffa005c8                morecore
                0xffa00540                free
                0xffa004ec                init_heap
                0xffa0052c                sbrk
                0xffa0060c                malloc
 srv.o(.text)
 .text          0xffa00690     0x2f2c srv.o
                0xffa014bc                motor_command
                0xffa01f04                process_i2c
                0xffa02000                restore_video
                0xffa0227c                xmodem_receive
                0xffa00e40                clearRTC
                0xffa02cd8                show_dct_coeff
                0xffa00f60                delayUS
                0xffa02240                start_lisp_from_buffer
                0xffa0203c                invert_video
                0xffa008e8                grab_reference_frame
                0xffa00e50                delayMS
                0xffa016b4                set_edge_thresh
                0xffa00fd4                delayNS
                0xffa00b70                setPPM1
                0xffa010e8                rand
                0xffa02168                read_user_sector
                0xffa00dac                initRTC
                0xffa025c8                serial_out_flashbuffer
                0xffa022c0                camera_reset
                0xffa02078                write_boot_flash
                0xffa0091c                initPWM
                0xffa009b4                init_sonar
                0xffa02bb0                recv_grab_code
                0xffa01064                check_failsafe
                0xffa01a58                show_stack_ptr
                0xffa02e28                process_colors
                0xffa01a68                laser_range
                0xffa01a40                show_heap_ptr
                0xffa01644                overlay_on
                0xffa0197c                lasers_off
                0xffa00774                clear_sdram
                0xffa007b8                led1_on
                0xffa015c0                change_image_quality
                0xffa0079c                stack_remaining
                0xffa00ce8                check_bounds_0_100
                0xffa008c0                move_image
                0xffa020dc                write_user_sector
                0xffa01250                ppm2_command
                0xffa00a84                setPWM
                0xffa01ecc                show_laser_range
                0xffa02200                crc_flash_buffer
                0xffa02630                send_frame
                0xffa01954                check_battery
                0xffa01430                motor_increase_base_speed
                0xffa017b8                ping_sonar
                0xffa0158c                clear_flash_buffer
                0xffa011e8                enable_failsafe
                0xffa019ac                lasers_on
                0xffa012c8                ppm1_command
                0xffa01340                motor_action
                0xffa00dcc                readRTC
                0xffa00d04                motor_trim_right
                0xffa007a8                led0_on
                0xffa00d58                motor_trim_left
                0xffa00690                init_io
                0xffa019f8                serial_out_version
                0xffa02254                start_cinterpreter
                0xffa016f8                enable_dct_view
                0xffa007c8                compute_frame_diff
                0xffa02224                launch_editor
                0xffa02534                grab_dct_coeff
                0xffa01720                enable_edge_detect
                0xffa02d80                grab_frame
                0xffa01758                enable_segmentation
                0xffa0213c                write_user_flash
                0xffa00e80                motor_set
                0xffa00980                initTMR4
                0xffa009dc                initPPM1
                0xffa02c44                grab_code_send
                0xffa00c2c                setPPM2
                0xffa01398                motor_decrease_base_speed
                0xffa00a30                initPPM2
                0xffa019dc                serial_out_time
                0xffa00820                set_caption
                0xffa0166c                disable_frame_diff
                0xffa00748                reset_cpu
                0xffa021c0                read_user_flash
                0xffa01194                isqrt
                0xffa0104c                reset_failsafe_clock
                0xffa0222c                start_lisp_from_console
                0xffa011c0                disable_failsafe
                0xffa02c74                show_dct_coeff310
                0xffa0161c                overlay_off
                0xffa01780                enable_frame_diff
                0xffa02474                camera_setup
 uart.o(.text)
 .text          0xffa035bc      0x314 uart.o
                0xffa03764                uart1SendChar
                0xffa037d8                uart1GetCh
                0xffa03740                uart0GetChar
                0xffa03608                init_fast_uart0
                0xffa03700                uart0SendChars
                0xffa03724                uart0GetCh
                0xffa036d4                uart0SendString
                0xffa036a4                uart0SendChar
                0xffa037b4                uart1SendChars
                0xffa035bc                init_uart0
                0xffa03818                printNumber
                0xffa03788                uart1SendString
                0xffa037f4                uart1GetChar
                0xffa03654                init_uart1
 colors.o(.text)
 .text          0xffa038d0      0xca8 colors.o
                0xffa03a7c                vmean
                0xffa03cf8                edge_detect
                0xffa03e98                svs_segcode
                0xffa03b44                color_segment
                0xffa0408c                vblob
                0xffa03954                blob_merge
                0xffa03ff0                svs_segview
                0xffa038d0                init_colors
                0xffa039b0                vhist
                0xffa03920                vpix
 jpeg.o(.text)
 .text          0xffa04578      0xeb4 jpeg.o
                0xffa051dc                DCT
                0xffa04bd0                close_bitstream
                0xffa051f0                encodeMCU
                0xffa04708                huffman
                0xffa04c44                write_markers
                0xffa05344                encode_image
                0xffa04e64                initialize_quantization_tables
                0xffa05028                read_422_format
                0xffa04578                initialization
                0xffa04650                levelshift
                0xffa04f58                quantization
                0xffa04fa8                read_400_format
                0xffa04670                save_dct
 r8x8dct.o(.text)
 *fill*         0xffa0542c        0x4 00
 .text          0xffa05430       0xf0 r8x8dct.o
                0xffa05430                _r8x8dct
 spi.o(.text)
 .text          0xffa05520      0x1e8 spi.o
                0xffa05608                svs_master
                0xffa05520                svs_slave
 uart.o(.text)
 chess.o(.text)
 .text          0xffa05708     0x2620 chess.o
                0xffa05e6c                gen
                0xffa073f4                init_mem
                0xffa05910                attack
                0xffa073b4                free_mem
                0xffa05bb0                gen_caps
                0xffa07348                open_book
                0xffa072d4                hash_rand
                0xffa07394                flush_input
                0xffa05a78                gen_promote
                0xffa05708                parse_move
                0xffa07448                scan
                0xffa0699c                eval_dark_king
                0xffa06d20                reps
                0xffa07024                book_match
                0xffa05874                init_board
                0xffa06824                eval_lkp
                0xffa06884                eval_light_king
                0xffa0763c                search
                0xffa06d88                sort_pv
                0xffa066b8                getline
                0xffa06a70                eval
                0xffa05a34                in_check
                0xffa07488                get_ms
                0xffa06784                eval_dark_pawn
                0xffa07830                think
                0xffa066f0                eval_light_pawn
                0xffa074c4                quiesce
                0xffa0694c                eval_dkp
                0xffa07068                move_str
                0xffa06e14                sort
                0xffa0748c                checkup
                0xffa07a2c                chess
                0xffa072d8                init_hash
                0xffa06e90                print_result
                0xffa07140                book_move
                0xffa05ad8                gen_push
                0xffa057d0                set_hash
                0xffa061d8                takeback
                0xffa06348                makemove
                0xffa06f68                print_board
 setjmp.o(.text)
 .text          0xffa07d28      0x184 setjmp.o
                0xffa07d28                longjmp
                0xffa07df0                setjmp

.text           0x00000000     0x5a24
 .text          0x00000000       0xf0 camera.o
                0x00000000                camera_init
                0x000000a8                camera_start
                0x000000cc                camera_stop
 .text          0x000000f0     0x1cd4 c.o
                0x00000a68                get_params
                0x00000164                isdelim
                0x00001aa8                get_args
                0x00000dcc                eval_exp5
                0x000018b0                get
                0x0000135c                writei2c
                0x00000b90                interp_block
                0x00000250                is_var
                0x0000019c                internal_func
                0x00001044                eval_exp0
                0x00001440                readi2c
                0x000000f0                isalph
                0x0000071c                finish_check
                0x000007e8                input
                0x00000900                assign_var
                0x0000110c                resolution
                0x00000144                iswhite
                0x00000e6c                eval_exp3
                0x000007c0                imgcap
                0x00001be4                prescan
                0x00000b08                decl_local
                0x00000cd0                atom
                0x0000085c                find_var
                0x000013d8                readi2c2
                0x000019b4                exec_do
                0x00000780                crange
                0x000007d4                time
                0x00000f9c                eval_exp1
                0x00000c70                call
                0x00000a0c                local_push
                0x000001ec                look_up
                0x00001a84                func_ret
                0x00000798                crand
                0x00001330                sonar
                0x00001190                color
                0x000015dc                laser
                0x00001a04                exec_while
                0x0000099c                func_push
                0x00000f40                eval_exp2
                0x000010c0                eval_exp
                0x000015c0                imgdiff
                0x0000011c                putback
                0x000007ac                imgrcap
                0x00000e18                eval_exp4
                0x000018d0                set
                0x00001cec                c
                0x000016d4                servo
                0x00001814                print
                0x00001a44                exec_if
                0x000009d4                func_pop
                0x000002e0                find_func
                0x00001644                servo2
                0x00001914                exec_for
                0x000014a0                blob
                0x00001610                delay
                0x000003cc                get_token
                0x0000032c                sntx_err
                0x00000758                start_check
                0x00001764                motors
                0x00000818                find_eob
                0x00001b60                decl_global
 .text          0x00001dc4     0x2760 lisp.o
                0x00003cbc                our_subrs
                0x00002688                lrange
                0x00003a4c                lreadparen
                0x00003e14                init_subrs
                0x00002368                symbol_boundp
                0x000037b0                gc_protect
                0x0000269c                lrand
                0x0000387c                lreadtk
                0x00002060                lconsole
                0x000037d8                cintern_soft
                0x00002864                setcdr
                0x00003b8c                let_macro
                0x00002900                car
                0x00003c90                init_subr
                0x00002118                envlookup
                0x00003430                leval_setq
                0x000024dc                greaterp
                0x000031b4                leval_and
                0x00001f68                lrobot
                0x00001ed8                leval_tenv
                0x00003ad8                repl
                0x0000280c                cfib
                0x000026bc                quotient
                0x000021c4                setvar
                0x00002a18                lprin1
                0x00002000                ldelay
                0x00001f34                lasers
                0x00003230                leval_or
                0x000035fc                lerr
                0x00002544                flocons
                0x00002e10                syntax_define
                0x00002710                difference
                0x00003b44                cintern
                0x0000258c                lping
                0x00003508                scan_newspace
                0x00002764                ltimes
                0x00003a8c                lreadf
                0x00002b78                gc_status
                0x00003584                scan_registers
                0x00002fd8                leval
                0x00002e88                extend_env
                0x0000394c                lreadr
                0x00004404                print_hs_2
                0x000036f4                flush_ws
                0x00002c1c                cons
                0x00001f1c                nullp
                0x00002db0                leval_lambda
                0x0000208c                err
                0x0000226c                closure
                0x00002018                lsignal
                0x000025ec                lcompass
                0x00002b74                leval_quote
                0x0000444c                lisp
                0x00002f7c                leval_let
                0x00002474                lessp
                0x00001ee4                unreadchar
                0x0000240c                equalp
                0x00002d2c                copy_list
                0x0000333c                leval_if
                0x00001e1c                eql
                0x00003654                readchar
                0x000020cc                arglchk
                0x00002304                symbol_value
                0x00003390                leval_define
                0x000032f0                leval_while
                0x000027b8                plus
                0x00002b48                lprint
                0x00001e04                eq
                0x0000443c                ldump
                0x00002d60                oblistfn
                0x000035b4                gc
                0x00001e5c                symbolp
                0x00003298                leval_progn
                0x00002214                assq
                0x0000203c                quit
                0x00002d70                lreverse
                0x00003634                print_hs_1
                0x0000289c                setcar
                0x00002678                ltime
                0x00001e7c                get_newspace
                0x00003820                rintern
                0x0000292c                lcolor
                0x00003460                gc_relocate
                0x00002edc                leval_args
                0x00004228                init_storage
                0x0000377c                must_malloc
                0x00002660                linput
                0x000023c0                symcons
                0x00002c68                lblob
                0x00001de4                numberp
                0x000028d4                cdr
                0x00001dc4                consp
                0x000022b8                subrcons
                0x00003ad4                lread
 .text          0x00004524      0x340 edit.o
                0x000046bc                insert_char
                0x0000456c                find_next_line
                0x00004734                edit
                0x00004608                find_buffer_end
                0x00004524                delete_char
                0x00004650                print_lines
                0x00004714                print_help
                0x000045bc                find_previous_line
 .text          0x00004864      0x1c8 i2c.o
                0x00004864                i2cwrite
                0x00004934                i2cread
 .text          0x00004a2c      0x4d4 stm_m25p32.o
                0x00004b08                SetupSPI
                0x00004bc8                spi_read
                0x00004c60                Wait_For_WEL
                0x00004ae8                SPI_OFF
                0x00004cc8                WriteFlash
                0x00004e34                spi_write
                0x00004a38                spi_init_r
                0x00004db8                EraseBlock
                0x00004c28                Wait_For_Status
                0x00004a84                GetSectorNumber
                0x00004d64                WriteData
                0x00004a2c                spi_init_f
                0x00004be4                ReadStatusRegister
                0x00004c94                SendSingleCommand
                0x00004b38                ReadData
                0x00004a44                Wait_For_SPIF
                0x00004aac                udelay
 .text          0x00004f00      0x338 printf.o
                0x000051fc                sprintf
                0x00005218                printf
 .text          0x00005238      0x4fc xmodem.o
                0x000052c4                xmodemTransmit
                0x00005274                _inbyte
                0x00005238                crc16_ccitt
                0x0000553c                xmodemReceive
 .text          0x00005734       0xd0 init.o
                0x00005734                initcode
 .text          0x00005804      0x220 string.o
                0x00005804                strcmp
                0x0000584c                atoi
                0x000059cc                memcpy
                0x000059e8                memset
                0x00005930                itoa
                0x000059fc                strdup
                0x000058f8                reverse
                0x00005824                strchr
                0x0000583c                strcpy
                0x000059c0                isdigit
                0x000058d8                strlen

.l1data         0xff800000     0x2084
 *(.data)
 .data          0xff800000        0x0 camera.o
 .data          0xff800000      0x194 c.o
                0xff8000d4                intern_func
                0xff800000                table
                0xff80018c                relops
 .data          0xff800194        0x0 lisp.o
 .data          0xff800194        0x0 edit.o
 .data          0xff800194        0x0 i2c.o
 .data          0xff800194        0x0 stm_m25p32.o
 .data          0xff800194        0x0 printf.o
 .data          0xff800194        0x0 xmodem.o
 .data          0xff800194        0x0 main.o
 .data          0xff800194        0x0 math.o
 .data          0xff800194        0x0 malloc.o
 .data          0xff800194      0x910 srv.o
                0xff8005f6                vhpel
                0xff80059c                version_string
                0xff80019c                font8x8
                0xff800194                fontmask
                0xff8005c4                frame
                0xff8005e4                hhpel
                0xff800608                rand_seed
 .data          0xff800aa4        0x0 uart.o
 .data          0xff800aa4        0x0 colors.o
 .data          0xff800aa4      0x8f0 jpeg.o
                0xff8012d4                zigzag_table
                0xff800afc                chrominance_dc_size_table
                0xff800d9c                chrominance_ac_code_table
                0xff800c58                luminance_ac_size_table
                0xff800b14                luminance_ac_code_table
                0xff800acc                luminance_dc_size_table
                0xff800ae4                chrominance_dc_code_table
                0xff801314                luminance_quant_table
                0xff801124                markerdata
                0xff800ab4                luminance_dc_code_table
                0xff800aa4                fdct_coeff
                0xff801354                chrominance_quant_table
                0xff801024                bitsize
                0xff800ee0                chrominance_ac_size_table
 .data          0xff801394        0x0 r8x8dct.o
 .data          0xff801394        0x0 spi.o
 .data          0xff801394      0xcf0 chess.o
                0xff801a6c                piece_value
                0xff801a84                pawn_pcsq
                0xff801864                piece_char
                0xff80196c                init_piece
                0xff801f84                flip
                0xff801c84                bishop_pcsq
                0xff801e84                king_endgame_pcsq
                0xff801674                slide
                0xff801574                mailbox64
                0xff801394                mailbox
                0xff801764                castle_mask
                0xff801d84                king_pcsq
                0xff801b84                knight_pcsq
                0xff8016a4                offset
                0xff80168c                offsets
                0xff80186c                init_color
 .data          0xff802084        0x0 setjmp.o
 .data          0xff802084        0x0 init.o
 .data          0xff802084        0x0 string.o
 *(.l1data)
 *(.l1data.a)

.l1data.b
 *(.l1data.b)

.rodata         0xff802084     0x1a40
 *(.rodata .rodata.* .gnu.linkonce.r.*)
 .rodata.str1.4
                0xff802084      0x2cd c.o
                                0x2dc (size before relaxing)
 *fill*         0xff802351        0x3 00
 .rodata        0xff802354       0x94 c.o
 .rodata        0xff8023e8       0xa8 lisp.o
 .rodata.str1.4
                0xff802490      0x670 lisp.o
                                0x6cc (size before relaxing)
 .rodata.str1.4
                0xff802b00       0xb2 edit.o
                                 0xb4 (size before relaxing)
 *fill*         0xff802bb2        0x2 00
 .rodata        0xff802bb4       0x5c edit.o
 .rodata.str1.4
                0xff802c10        0x7 printf.o
                                  0x8 (size before relaxing)
 *fill*         0xff802c17        0x1 00
 .rodata        0xff802c18      0x200 xmodem.o
 .rodata.str1.4
                0xff802e18        0xb main.o
                                  0xc (size before relaxing)
 *fill*         0xff802e23        0x1 00
 .rodata        0xff802e24      0x23c main.o
 .rodata        0xff803060       0xa8 srv.o
 .rodata.str1.4
                0xff803108      0x566 srv.o
                                0x578 (size before relaxing)
 *fill*         0xff80366e        0x2 00
 .rodata        0xff803670       0x10 uart.o
 .rodata.str1.4
                0xff803680       0x27 colors.o
                                 0x28 (size before relaxing)
 *fill*         0xff8036a7        0x1 00
 .rodata        0xff8036a8       0x40 jpeg.o
 .rodata.str1.4
                0xff8036e8       0x5b spi.o
                                 0x5c (size before relaxing)
 *fill*         0xff803743        0x1 00
 .rodata        0xff803744       0x30 chess.o
 .rodata.str1.4
                0xff803774      0x350 chess.o
                                0x35c (size before relaxing)

.data
 *(.data .data.* .gnu.linkonce.d.*)

.ctors
 *crtbegin*.o(.ctors)
 *(EXCLUDE_FILE(*crtend*.o) .ctors)
 *(SORT(.ctors.*))
 *(.ctors)

.dtors
 *crtbegin*.o(.dtors)
 *(EXCLUDE_FILE(*crtend*.o) .dtors)
 *(SORT(.dtors.*))
 *(.dtors)

.sdram.bss      0x00005a24        0x0
                0x00005a24                __sdram_bss_start = .
 *(.bss.sdram)
                0x00005a24                . = ALIGN (0x4)
                0x00005a24                __sdram_bss_end = .

.bss            0xff900000     0x3d84
                0xff900000                __bss_start = .
 *(.dynbss)
 *(.bss .bss.* .gnu.linkonce.b.*)
 .bss           0xff900000        0x0 camera.o
 .bss           0xff900000        0x0 c.o
 .bss           0xff900000        0x0 lisp.o
 .bss           0xff900000       0x10 edit.o
 .bss           0xff900010        0x0 i2c.o
 .bss           0xff900010        0x0 stm_m25p32.o
 .bss           0xff900010        0x0 printf.o
 .bss           0xff900010        0x0 xmodem.o
 .bss           0xff900010        0x0 main.o
 .bss           0xff900010        0x0 math.o
 .bss           0xff900010        0x4 malloc.o
                0xff900010                allocp
 .bss           0xff900014        0x8 srv.o
                0xff900018                failsafe_mode
                0xff900014                save_dct_flag
 .bss           0xff90001c        0x0 uart.o
 .bss           0xff90001c        0x0 colors.o
 .bss           0xff90001c        0x8 jpeg.o
                0xff90001c                lcode
                0xff900020                bitindex
 .bss           0xff900024        0x0 r8x8dct.o
 .bss           0xff900024        0x0 spi.o
 .bss           0xff900024        0x8 chess.o
 .bss           0xff90002c        0x0 setjmp.o
 .bss           0xff90002c        0x0 init.o
 .bss           0xff90002c        0x0 string.o
 *(COMMON)
 COMMON         0xff90002c       0x18 camera.o
                0xff90002c                dlist2
                0xff900038                dlist1
 COMMON         0xff900044     0x13d8 c.o
                0xff900044                gvar_index
                0xff900048                token_type
                0xff90004c                local_var_stack
                0xff90068c                prog
                0xff900690                functos
                0xff900694                global_vars
                0xff900cd4                token
                0xff900d24                call_stack
                0xff900dc4                tok
                0xff900dc8                lvartos
                0xff900dcc                func_table
                0xff90136c                p_buf
                0xff901370                ret_value
                0xff901374                func_index
                0xff901378                errjmp
 COMMON         0xff90141c       0xc8 lisp.o
                0xff90141c                protected_registers
                0xff901420                lheap_2
                0xff901424                sym_errobj
                0xff901428                which_lheap
                0xff90142c                oblist
                0xff901430                my_one
                0xff901434                sym_quote
                0xff901438                truth
                0xff90143c                lheap_size
                0xff901440                sym_progn
                0xff901444                eof_val
                0xff901448                tkbuffer
                0xff9014ac                lheap_org
                0xff9014b0                ugetc
                0xff9014b4                my_two
                0xff9014b8                lisp_mode
                0xff9014bc                gc_status_flag
                0xff9014c0                fp
                0xff9014c4                lheap_end
                0xff9014c8                lheap_1
                0xff9014cc                ugetf
                0xff9014d0                lheap
                0xff9014d4                lquit
                0xff9014d8                old_lheap_used
                0xff9014dc                unbound_marker
                0xff9014e0                sym_lambda
 COMMON         0xff9014e4      0x406 xmodem.o
                0xff9014e4                xbuff
 *fill*         0xff9018ea        0x2 00
 COMMON         0xff9018ec       0x14 malloc.o
                0xff9018ec                base
                0xff9018f4                heap_end
                0xff9018f8                heap_start
                0xff9018fc                heap_ptr
 COMMON         0xff901900       0xbc srv.o
                0xff901900                imgWidth
                0xff901904                rfailsafe
                0xff901908                j
                0xff90190c                x_acc
                0xff901910                i
                0xff901914                segmentation_flag
                0xff901918                pwm2_init
                0xff90191c                sonar_data
                0xff901930                y_acc0
                0xff901934                quality
                0xff901938                y_acc
                0xff90193c                output_start
                0xff901940                pwm1_init
                0xff901944                image_size
                0xff901948                pwm1_mode
                0xff90194c                save_dct_ptr
                0xff901950                x_center
                0xff901954                lfailsafe
                0xff901958                edge_thresh
                0xff90195c                master
                0xff901960                base_speed
                0xff901964                rspeed2
                0xff901968                lspeed
                0xff90196c                overlay_flag
                0xff901970                lspeed2
                0xff901974                err1
                0xff901978                cp
                0xff90197c                output_end
                0xff901980                pwm2_mode
                0xff901984                framecount
                0xff901988                dct_view_flag
                0xff90198c                x_acc0
                0xff901990                imgHead
                0xff90199c                silent_console
                0xff9019a0                edge_detect_flag
                0xff9019a4                imgHeight
                0xff9019a8                failsafe_clock
                0xff9019ac                y_center
                0xff9019b0                rspeed
                0xff9019b4                frame_diff_flag
                0xff9019b8                ix
 COMMON         0xff9019bc      0xe90 colors.o
                0xff9019bc                blobcnt
                0xff901ab8                ymax
                0xff901afc                blobx1
                0xff901bf8                umax
                0xff901c3c                hist0
                0xff90203c                hist1
                0xff90243c                bloby2
                0xff902538                mean
                0xff902544                vmax
                0xff902588                vmin
                0xff9025cc                bloby1
                0xff9026c8                blobx2
                0xff9027c4                ymin
                0xff902808                umin
 COMMON         0xff90284c      0x584 jpeg.o
                0xff90284c                Y2
                0xff9028cc                Temp
                0xff90294c                Cqt
                0xff90298c                Y3
                0xff902a0c                Y4
                0xff902a8c                ICqt
                0xff902b0c                ILqt
                0xff902b8c                CR
                0xff902c0c                Lqt
                0xff902c4c                CB
                0xff902ccc                fdct_temp
                0xff902d4c                read_format
                0xff902d50                Y1
 COMMON         0xff902dd0      0xfb4 chess.o
                0xff902dd0                pv_length
                0xff902e50                fifty
                0xff902e54                first_move
                0xff902ed4                max_time
                0xff902ed8                hash_piece
                0xff903ad8                side
                0xff903adc                piece
                0xff903bdc                follow_pv
                0xff903be0                hash
                0xff903be4                pv
                0xff903be8                hist_dat
                0xff903bec                history
                0xff903bf0                max_depth
                0xff903bf4                piece_mat
                0xff903bfc                stop_time
                0xff903c00                stop_search
                0xff903c04                hash_side
                0xff903c08                ply
                0xff903c0c                hash_ep
                0xff903d0c                nodes
                0xff903d10                ep
                0xff903d14                hply
                0xff903d18                start_time
                0xff903d1c                xside
                0xff903d20                pawn_rank
                0xff903d70                castle
                0xff903d74                pawn_mat
                0xff903d7c                gen_dat
                0xff903d80                book_file
                0xff903d84                . = ALIGN (0x4)
                0xff903d84                __bss_end = .
                0xffb00ffc                . = 0xffb00ffc
                0xffb00ffc                PROVIDE (_supervisor_stack, .)
LOAD init.o
LOAD main.o
LOAD srv.o
LOAD uart.o
LOAD camera.o
LOAD jpeg.o
LOAD i2c.o
LOAD stm_m25p32.o
LOAD xmodem.o
LOAD colors.o
LOAD edit.o
LOAD malloc.o
LOAD string.o
LOAD spi.o
LOAD lisp.o
LOAD c.o
LOAD printf.o
LOAD chess.o
LOAD r8x8dct.o
LOAD math.o
LOAD setjmp.o
OUTPUT(srv1.bin elf32-bfin)

.comment        0x00000000      0x1f8
 .comment       0x00000000       0x1c camera.o
 .comment       0x0000001c       0x1c c.o
 .comment       0x00000038       0x1c lisp.o
 .comment       0x00000054       0x1c edit.o
 .comment       0x00000070       0x1c i2c.o
 .comment       0x0000008c       0x1c stm_m25p32.o
 .comment       0x000000a8       0x1c printf.o
 .comment       0x000000c4       0x1c xmodem.o
 .comment       0x000000e0       0x1c main.o
 .comment       0x000000fc       0x1c malloc.o
 .comment       0x00000118       0x1c srv.o
 .comment       0x00000134       0x1c uart.o
 .comment       0x00000150       0x1c colors.o
 .comment       0x0000016c       0x1c jpeg.o
 .comment       0x00000188       0x1c spi.o
 .comment       0x000001a4       0x1c chess.o
 .comment       0x000001c0       0x1c init.o
 .comment       0x000001dc       0x1c string.o
