
Allocating common symbols
Common symbol       size              file

pv_length           0x80              chess.o
imgWidth            0x4               srv.o
fifty               0x4               chess.o
rfailsafe           0x4               srv.o
j                   0x4               srv.o
first_move          0x80              chess.o
max_time            0x4               chess.o
protected_registers
                    0x4               lisp.o
Y2                  0x80              jpeg.o
x_acc               0x4               srv.o
i                   0x4               srv.o
blobcnt             0x40              colors.o
segmentation_flag   0x4               srv.o
Temp                0x80              jpeg.o
hash_piece          0xc00             chess.o
Cqt                 0x40              jpeg.o
ymax                0x44              colors.o
blobx1              0x40              colors.o
side                0x4               chess.o
pwm2_init           0x4               srv.o
piece               0x100             chess.o
Y3                  0x80              jpeg.o
base                0x8               malloc.o
follow_pv           0x4               chess.o
sonar_data          0x14              srv.o
lheap_2             0x4               lisp.o
y_acc0              0x4               srv.o
sym_errobj          0x4               lisp.o
Y4                  0x80              jpeg.o
hash                0x4               chess.o
umax                0x44              colors.o
which_lheap         0x4               lisp.o
ICqt                0x80              jpeg.o
pv                  0x4               chess.o
hist_dat            0x4               chess.o
oblist              0x4               lisp.o
gvar_index          0x4               c.o
history             0x4               chess.o
my_one              0x4               lisp.o
token_type          0x1               c.o
hist0               0x400             colors.o
heap_end            0x4               malloc.o
quality             0x4               srv.o
sym_quote           0x4               lisp.o
truth               0x4               lisp.o
max_depth           0x4               chess.o
y_acc               0x4               srv.o
lheap_size          0x4               lisp.o
output_start        0x4               srv.o
hist1               0x400             colors.o
pwm1_init           0x4               srv.o
image_size          0x4               srv.o
ILqt                0x80              jpeg.o
heap_start          0x4               malloc.o
local_var_stack     0x640             c.o
pwm1_mode           0x4               srv.o
save_dct_ptr        0x4               srv.o
x_center            0x4               srv.o
sym_progn           0x4               lisp.o
lfailsafe           0x4               srv.o
prog                0x4               c.o
eof_val             0x4               lisp.o
edge_thresh         0x4               srv.o
piece_mat           0x8               chess.o
master              0x4               srv.o
bloby2              0x40              colors.o
mean                0xc               colors.o
functos             0x4               c.o
base_speed          0x4               srv.o
rspeed2             0x4               srv.o
stop_time           0x4               chess.o
tkbuffer            0x64              lisp.o
lspeed              0x4               srv.o
stop_search         0x4               chess.o
lheap_org           0x4               lisp.o
global_vars         0x640             c.o
hash_side           0x4               chess.o
vmax                0x44              colors.o
ply                 0x4               chess.o
token               0x50              c.o
hash_ep             0x100             chess.o
ugetc               0x1               lisp.o
CR                  0x80              jpeg.o
overlay_flag        0x4               srv.o
nodes               0x4               chess.o
lspeed2             0x4               srv.o
ep                  0x4               chess.o
call_stack          0xa0              c.o
err1                0x4               srv.o
my_two              0x4               lisp.o
cp                  0x4               srv.o
tok                 0x1               c.o
Lqt                 0x40              jpeg.o
hply                0x4               chess.o
output_end          0x4               srv.o
lvartos             0x4               c.o
CB                  0x80              jpeg.o
pwm2_mode           0x4               srv.o
fdct_temp           0x80              jpeg.o
start_time          0x4               chess.o
lisp_mode           0x4               lisp.o
func_table          0x5a0             c.o
xside               0x4               chess.o
framecount          0x4               srv.o
gc_status_flag      0x4               lisp.o
vmin                0x44              colors.o
fp                  0x4               lisp.o
heap_ptr            0x4               malloc.o
bloby1              0x40              colors.o
p_buf               0x4               c.o
pawn_rank           0x50              chess.o
dct_view_flag       0x4               srv.o
x_acc0              0x4               srv.o
ret_value           0x4               c.o
imgHead             0xb               srv.o
read_format         0x4               jpeg.o
castle              0x4               chess.o
pawn_mat            0x8               chess.o
lheap_end           0x4               lisp.o
silent_console      0x4               srv.o
edge_detect_flag    0x4               srv.o
lheap_1             0x4               lisp.o
imgHeight           0x4               srv.o
failsafe_clock      0x4               srv.o
blobx2              0x40              colors.o
func_index          0x4               c.o
dlist2              0xc               camera.o
y_center            0x4               srv.o
ugetf               0x4               lisp.o
xbuff               0x406             xmodem.o
errjmp              0xa4              c.o
lheap               0x4               lisp.o
lquit               0x4               lisp.o
old_lheap_used      0x4               lisp.o
dlist1              0xc               camera.o
unbound_marker      0x4               lisp.o
ymin                0x44              colors.o
umin                0x44              colors.o
rspeed              0x4               srv.o
frame_diff_flag     0x4               srv.o
gen_dat             0x4               chess.o
ix                  0x4               srv.o
book_file           0x4               chess.o
sym_lambda          0x4               lisp.o
Y1                  0x80              jpeg.o

Memory Configuration

Name             Origin             Length             Attributes
ram              0x00000000         0x02000000         xrw
l1code           0xffa00000         0x00010000         x
l1data_a         0xff800000         0x00008000         rw
l1data_b         0xff900000         0x00008000         rw
scratchpad       0xffb00000         0x00001000         rw
*default*        0x00000000         0xffffffff

Linker script and memory map


.sdram.text
 camera.o(.sdram.text)
 c.o(.sdram.text)
 lisp.o(.sdram.text)
 edit.o(.sdram.text)
 i2c.o(.sdram.text)
 stm_m25p32.o(.sdram.text)
 printf.o(.sdram.text)
 xmodem.o(.sdram.text)
 *(.gnu.warning)

.l1code         0xffa00000     0x7cc4
 main.o(.text)
 .text          0xffa00000      0x2b8 main.o
                0xffa00000                main
 math.o(.text)
 .text          0xffa002b8      0x200 math.o
                0xffa00384                __umodsi3
                0xffa003b6                __divsi3
                0xffa002b8                __udivsi3
 malloc.o(.text)
 .text          0xffa004b8      0x1a4 malloc.o
                0xffa00594                morecore
                0xffa0050c                free
                0xffa004b8                init_heap
                0xffa004f8                sbrk
                0xffa005d8                malloc
 srv.o(.text)
 .text          0xffa0065c     0x2ed8 srv.o
                0xffa01388                motor_command
                0xffa01df8                process_i2c
                0xffa01ef4                restore_video
                0xffa02170                xmodem_receive
                0xffa00e0c                clearRTC
                0xffa02bcc                show_dct_coeff
                0xffa02134                start_lisp_from_buffer
                0xffa01f30                invert_video
                0xffa008b4                grab_reference_frame
                0xffa00e1c                delayMS
                0xffa01580                set_edge_thresh
                0xffa00b3c                setPPM1
                0xffa00fc8                rand
                0xffa0205c                read_user_sector
                0xffa00d78                initRTC
                0xffa024bc                serial_out_flashbuffer
                0xffa021b4                camera_reset
                0xffa01f6c                write_boot_flash
                0xffa008e8                initPWM
                0xffa00980                init_sonar
                0xffa02aa4                recv_grab_code
                0xffa00f44                check_failsafe
                0xffa01924                show_stack_ptr
                0xffa02d1c                process_colors
                0xffa01934                laser_range
                0xffa0190c                show_heap_ptr
                0xffa01510                overlay_on
                0xffa01848                lasers_off
                0xffa00740                clear_sdram
                0xffa00784                led1_on
                0xffa0148c                change_image_quality
                0xffa00768                stack_remaining
                0xffa00cb4                check_bounds_0_100
                0xffa0088c                move_image
                0xffa01fd0                write_user_sector
                0xffa0111c                ppm2_command
                0xffa00a50                setPWM
                0xffa01dc0                show_laser_range
                0xffa020f4                crc_flash_buffer
                0xffa02524                send_frame
                0xffa01820                check_battery
                0xffa012fc                motor_increase_base_speed
                0xffa01684                ping_sonar
                0xffa01458                clear_flash_buffer
                0xffa010c8                enable_failsafe
                0xffa01878                lasers_on
                0xffa01194                ppm1_command
                0xffa0120c                motor_action
                0xffa00d98                readRTC
                0xffa00cd0                motor_trim_right
                0xffa00774                led0_on
                0xffa00d24                motor_trim_left
                0xffa0065c                init_io
                0xffa018c4                serial_out_version
                0xffa02148                start_cinterpreter
                0xffa015c4                enable_dct_view
                0xffa00794                compute_frame_diff
                0xffa02118                launch_editor
                0xffa02428                grab_dct_coeff
                0xffa015ec                enable_edge_detect
                0xffa02c74                grab_frame
                0xffa01624                enable_segmentation
                0xffa02030                write_user_flash
                0xffa00e4c                motor_set
                0xffa0094c                initTMR4
                0xffa009a8                initPPM1
                0xffa02b38                grab_code_send
                0xffa00bf8                setPPM2
                0xffa01264                motor_decrease_base_speed
                0xffa009fc                initPPM2
                0xffa018a8                serial_out_time
                0xffa007ec                set_caption
                0xffa01538                disable_frame_diff
                0xffa00714                reset_cpu
                0xffa020b4                read_user_flash
                0xffa01074                isqrt
                0xffa00f2c                reset_failsafe_clock
                0xffa02120                start_lisp_from_console
                0xffa010a0                disable_failsafe
                0xffa02b68                show_dct_coeff310
                0xffa014e8                overlay_off
                0xffa0164c                enable_frame_diff
                0xffa02368                camera_setup
 uart.o(.text)
 .text          0xffa03534      0x314 uart.o
                0xffa036dc                uart1SendChar
                0xffa03750                uart1GetCh
                0xffa036b8                uart0GetChar
                0xffa03580                init_fast_uart0
                0xffa03678                uart0SendChars
                0xffa0369c                uart0GetCh
                0xffa0364c                uart0SendString
                0xffa0361c                uart0SendChar
                0xffa0372c                uart1SendChars
                0xffa03534                init_uart0
                0xffa03790                printNumber
                0xffa03700                uart1SendString
                0xffa0376c                uart1GetChar
                0xffa035cc                init_uart1
 colors.o(.text)
 .text          0xffa03848      0xb28 colors.o
                0xffa03d70                vmean
                0xffa03fdc                edge_detect
                0xffa0417c                svs_segcode
                0xffa03e28                color_segment
                0xffa03a2c                vblob
                0xffa042d4                svs_segview
                0xffa03848                init_colors
                0xffa03ca4                vhist
                0xffa03898                vpix
                0xffa038cc                vblok
 jpeg.o(.text)
 .text          0xffa04370      0xeb4 jpeg.o
                0xffa04fd4                DCT
                0xffa049c8                close_bitstream
                0xffa04fe8                encodeMCU
                0xffa04500                huffman
                0xffa04a3c                write_markers
                0xffa0513c                encode_image
                0xffa04c5c                initialize_quantization_tables
                0xffa04e20                read_422_format
                0xffa04370                initialization
                0xffa04448                levelshift
                0xffa04d50                quantization
                0xffa04da0                read_400_format
                0xffa04468                save_dct
 r8x8dct.o(.text)
 *fill*         0xffa05224        0x4 00
 .text          0xffa05228       0xf0 r8x8dct.o
                0xffa05228                _r8x8dct
 spi.o(.text)
 .text          0xffa05318      0x1e8 spi.o
                0xffa05400                svs_master
                0xffa05318                svs_slave
 uart.o(.text)
 chess.o(.text)
 .text          0xffa05500     0x2640 chess.o
                0xffa05c64                gen
                0xffa071e8                init_mem
                0xffa05708                attack
                0xffa071a8                free_mem
                0xffa059a8                gen_caps
                0xffa0713c                open_book
                0xffa070c8                hash_rand
                0xffa07188                flush_input
                0xffa05870                gen_promote
                0xffa05500                parse_move
                0xffa07260                scan
                0xffa06790                eval_dark_king
                0xffa06b14                reps
                0xffa06e18                book_match
                0xffa0566c                init_board
                0xffa06618                eval_lkp
                0xffa06678                eval_light_king
                0xffa07454                search
                0xffa06b7c                sort_pv
                0xffa064b0                getline
                0xffa06864                eval
                0xffa0582c                in_check
                0xffa072a0                get_ms
                0xffa06578                eval_dark_pawn
                0xffa07648                think
                0xffa064e4                eval_light_pawn
                0xffa072dc                quiesce
                0xffa06740                eval_dkp
                0xffa06e5c                move_str
                0xffa06c08                sort
                0xffa072a4                checkup
                0xffa07844                chess
                0xffa070cc                init_hash
                0xffa06c84                print_result
                0xffa06f34                book_move
                0xffa058d0                gen_push
                0xffa055c8                set_hash
                0xffa05fd0                takeback
                0xffa06140                makemove
                0xffa06d5c                print_board
 setjmp.o(.text)
 .text          0xffa07b40      0x184 setjmp.o
                0xffa07b40                longjmp
                0xffa07c08                setjmp

.text           0x00000000     0x5a1c
 .text          0x00000000       0xf0 camera.o
                0x00000000                camera_init
                0x000000a8                camera_start
                0x000000cc                camera_stop
 .text          0x000000f0     0x1cd0 c.o
                0x00000a68                get_params
                0x00000164                isdelim
                0x00001aa4                get_args
                0x00000dcc                eval_exp5
                0x000018ac                get
                0x0000135c                writei2c
                0x00000b90                interp_block
                0x00000250                is_var
                0x0000019c                internal_func
                0x00001044                eval_exp0
                0x00001440                readi2c
                0x000000f0                isalph
                0x0000071c                finish_check
                0x000007e8                input
                0x00000900                assign_var
                0x0000110c                resolution
                0x00000144                iswhite
                0x00000e6c                eval_exp3
                0x000007c0                imgcap
                0x00001be0                prescan
                0x00000b08                decl_local
                0x00000cd0                atom
                0x0000085c                find_var
                0x000013d8                readi2c2
                0x000019b0                exec_do
                0x00000780                crange
                0x000007d4                time
                0x00000f9c                eval_exp1
                0x00000c70                call
                0x00000a0c                local_push
                0x000001ec                look_up
                0x00001a80                func_ret
                0x00000798                crand
                0x00001330                sonar
                0x00001190                color
                0x000015d8                laser
                0x00001a00                exec_while
                0x0000099c                func_push
                0x00000f40                eval_exp2
                0x000010c0                eval_exp
                0x000015bc                imgdiff
                0x0000011c                putback
                0x000007ac                imgrcap
                0x00000e18                eval_exp4
                0x000018cc                set
                0x00001ce8                c
                0x000016d0                servo
                0x00001810                print
                0x00001a40                exec_if
                0x000009d4                func_pop
                0x000002e0                find_func
                0x00001640                servo2
                0x00001910                exec_for
                0x000014a0                blob
                0x0000160c                delay
                0x000003cc                get_token
                0x0000032c                sntx_err
                0x00000758                start_check
                0x00001760                motors
                0x00000818                find_eob
                0x00001b5c                decl_global
 .text          0x00001dc0     0x275c lisp.o
                0x00003cb4                our_subrs
                0x00002684                lrange
                0x00003a44                lreadparen
                0x00003e0c                init_subrs
                0x00002364                symbol_boundp
                0x000037a8                gc_protect
                0x00002698                lrand
                0x00003874                lreadtk
                0x0000205c                lconsole
                0x000037d0                cintern_soft
                0x00002860                setcdr
                0x00003b84                let_macro
                0x000028fc                car
                0x00003c88                init_subr
                0x00002114                envlookup
                0x00003428                leval_setq
                0x000024d8                greaterp
                0x000031ac                leval_and
                0x00001f64                lrobot
                0x00001ed4                leval_tenv
                0x00003ad0                repl
                0x00002808                cfib
                0x000026b8                quotient
                0x000021c0                setvar
                0x00002a14                lprin1
                0x00001ffc                ldelay
                0x00001f30                lasers
                0x00003228                leval_or
                0x000035f4                lerr
                0x00002540                flocons
                0x00002e08                syntax_define
                0x0000270c                difference
                0x00003b3c                cintern
                0x00002588                lping
                0x00003500                scan_newspace
                0x00002760                ltimes
                0x00003a84                lreadf
                0x00002b74                gc_status
                0x0000357c                scan_registers
                0x00002fd0                leval
                0x00002e80                extend_env
                0x00003944                lreadr
                0x000043fc                print_hs_2
                0x000036ec                flush_ws
                0x00002c18                cons
                0x00001f18                nullp
                0x00002da8                leval_lambda
                0x00002088                err
                0x00002268                closure
                0x00002014                lsignal
                0x000025e8                lcompass
                0x00002b70                leval_quote
                0x00004444                lisp
                0x00002f74                leval_let
                0x00002470                lessp
                0x00001ee0                unreadchar
                0x00002408                equalp
                0x00002d24                copy_list
                0x00003334                leval_if
                0x00001e18                eql
                0x0000364c                readchar
                0x000020c8                arglchk
                0x00002300                symbol_value
                0x00003388                leval_define
                0x000032e8                leval_while
                0x000027b4                plus
                0x00002b44                lprint
                0x00001e00                eq
                0x00004434                ldump
                0x00002d58                oblistfn
                0x000035ac                gc
                0x00001e58                symbolp
                0x00003290                leval_progn
                0x00002210                assq
                0x00002038                quit
                0x00002d68                lreverse
                0x0000362c                print_hs_1
                0x00002898                setcar
                0x00002674                ltime
                0x00001e78                get_newspace
                0x00003818                rintern
                0x00002928                lcolor
                0x00003458                gc_relocate
                0x00002ed4                leval_args
                0x00004220                init_storage
                0x00003774                must_malloc
                0x0000265c                linput
                0x000023bc                symcons
                0x00002c64                lblob
                0x00001de0                numberp
                0x000028d0                cdr
                0x00001dc0                consp
                0x000022b4                subrcons
                0x00003acc                lread
 .text          0x0000451c      0x340 edit.o
                0x000046b4                insert_char
                0x00004564                find_next_line
                0x0000472c                edit
                0x00004600                find_buffer_end
                0x0000451c                delete_char
                0x00004648                print_lines
                0x0000470c                print_help
                0x000045b4                find_previous_line
 .text          0x0000485c      0x1c8 i2c.o
                0x0000485c                i2cwrite
                0x0000492c                i2cread
 .text          0x00004a24      0x4d4 stm_m25p32.o
                0x00004b00                SetupSPI
                0x00004bc0                spi_read
                0x00004c58                Wait_For_WEL
                0x00004ae0                SPI_OFF
                0x00004cc0                WriteFlash
                0x00004e2c                spi_write
                0x00004a30                spi_init_r
                0x00004db0                EraseBlock
                0x00004c20                Wait_For_Status
                0x00004a7c                GetSectorNumber
                0x00004d5c                WriteData
                0x00004a24                spi_init_f
                0x00004bdc                ReadStatusRegister
                0x00004c8c                SendSingleCommand
                0x00004b30                ReadData
                0x00004a3c                Wait_For_SPIF
                0x00004aa4                udelay
 .text          0x00004ef8      0x338 printf.o
                0x000051f4                sprintf
                0x00005210                printf
 .text          0x00005230      0x4fc xmodem.o
                0x000052bc                xmodemTransmit
                0x0000526c                _inbyte
                0x00005230                crc16_ccitt
                0x00005534                xmodemReceive
 .text          0x0000572c       0xd0 init.o
                0x0000572c                initcode
 .text          0x000057fc      0x220 string.o
                0x000057fc                strcmp
                0x00005844                atoi
                0x000059c4                memcpy
                0x000059e0                memset
                0x00005928                itoa
                0x000059f4                strdup
                0x000058f0                reverse
                0x0000581c                strchr
                0x00005834                strcpy
                0x000059b8                isdigit
                0x000058d0                strlen

.l1data         0xff800000     0x2084
 *(.data)
 .data          0xff800000        0x0 camera.o
 .data          0xff800000      0x194 c.o
                0xff8000d4                intern_func
                0xff800000                table
                0xff80018c                relops
 .data          0xff800194        0x0 lisp.o
 .data          0xff800194        0x0 edit.o
 .data          0xff800194        0x0 i2c.o
 .data          0xff800194        0x0 stm_m25p32.o
 .data          0xff800194        0x0 printf.o
 .data          0xff800194        0x0 xmodem.o
 .data          0xff800194        0x0 main.o
 .data          0xff800194        0x0 math.o
 .data          0xff800194        0x0 malloc.o
 .data          0xff800194      0x910 srv.o
                0xff8005f6                vhpel
                0xff80059c                version_string
                0xff80019c                font8x8
                0xff800194                fontmask
                0xff8005c4                frame
                0xff8005e4                hhpel
                0xff800608                rand_seed
 .data          0xff800aa4        0x0 uart.o
 .data          0xff800aa4        0x0 colors.o
 .data          0xff800aa4      0x8f0 jpeg.o
                0xff8012d4                zigzag_table
                0xff800afc                chrominance_dc_size_table
                0xff800d9c                chrominance_ac_code_table
                0xff800c58                luminance_ac_size_table
                0xff800b14                luminance_ac_code_table
                0xff800acc                luminance_dc_size_table
                0xff800ae4                chrominance_dc_code_table
                0xff801314                luminance_quant_table
                0xff801124                markerdata
                0xff800ab4                luminance_dc_code_table
                0xff800aa4                fdct_coeff
                0xff801354                chrominance_quant_table
                0xff801024                bitsize
                0xff800ee0                chrominance_ac_size_table
 .data          0xff801394        0x0 r8x8dct.o
 .data          0xff801394        0x0 spi.o
 .data          0xff801394      0xcf0 chess.o
                0xff801a6c                piece_value
                0xff801a84                pawn_pcsq
                0xff801864                piece_char
                0xff80196c                init_piece
                0xff801f84                flip
                0xff801c84                bishop_pcsq
                0xff801e84                king_endgame_pcsq
                0xff801674                slide
                0xff801574                mailbox64
                0xff801394                mailbox
                0xff801764                castle_mask
                0xff801d84                king_pcsq
                0xff801b84                knight_pcsq
                0xff8016a4                offset
                0xff80168c                offsets
                0xff80186c                init_color
 .data          0xff802084        0x0 setjmp.o
 .data          0xff802084        0x0 init.o
 .data          0xff802084        0x0 string.o
 *(.l1data)
 *(.l1data.a)

.l1data.b
 *(.l1data.b)

.rodata         0xff802084     0x1a20
 *(.rodata .rodata.* .gnu.linkonce.r.*)
 .rodata.str1.4
                0xff802084      0x2cd c.o
                                0x2dc (size before relaxing)
 *fill*         0xff802351        0x3 00
 .rodata        0xff802354       0x94 c.o
 .rodata        0xff8023e8       0xa8 lisp.o
 .rodata.str1.4
                0xff802490      0x670 lisp.o
                                0x6cc (size before relaxing)
 .rodata.str1.4
                0xff802b00       0xb2 edit.o
                                 0xb4 (size before relaxing)
 *fill*         0xff802bb2        0x2 00
 .rodata        0xff802bb4       0x5c edit.o
 .rodata.str1.4
                0xff802c10        0x7 printf.o
                                  0x8 (size before relaxing)
 *fill*         0xff802c17        0x1 00
 .rodata        0xff802c18      0x200 xmodem.o
 .rodata        0xff802e18      0x23c main.o
 .rodata        0xff803054       0xa8 srv.o
 .rodata.str1.4
                0xff8030fc      0x57a srv.o
                                0x58c (size before relaxing)
 *fill*         0xff803676        0x2 00
 .rodata        0xff803678       0x10 uart.o
 .rodata        0xff803688       0x40 jpeg.o
 .rodata.str1.4
                0xff8036c8       0x5b spi.o
                                 0x5c (size before relaxing)
 *fill*         0xff803723        0x1 00
 .rodata        0xff803724       0x30 chess.o
 .rodata.str1.4
                0xff803754      0x350 chess.o
                                0x35c (size before relaxing)

.data
 *(.data .data.* .gnu.linkonce.d.*)

.ctors
 *crtbegin*.o(.ctors)
 *(EXCLUDE_FILE(*crtend*.o) .ctors)
 *(SORT(.ctors.*))
 *(.ctors)

.dtors
 *crtbegin*.o(.dtors)
 *(EXCLUDE_FILE(*crtend*.o) .dtors)
 *(SORT(.dtors.*))
 *(.dtors)

.sdram.bss      0x00005a1c        0x0
                0x00005a1c                __sdram_bss_start = .
 *(.bss.sdram)
                0x00005a1c                . = ALIGN (0x4)
                0x00005a1c                __sdram_bss_end = .

.bss            0xff900000     0x39d8
                0xff900000                __bss_start = .
 *(.dynbss)
 *(.bss .bss.* .gnu.linkonce.b.*)
 .bss           0xff900000        0x0 camera.o
 .bss           0xff900000        0x0 c.o
 .bss           0xff900000        0x0 lisp.o
 .bss           0xff900000       0x10 edit.o
 .bss           0xff900010        0x0 i2c.o
 .bss           0xff900010        0x0 stm_m25p32.o
 .bss           0xff900010        0x0 printf.o
 .bss           0xff900010        0x0 xmodem.o
 .bss           0xff900010        0x0 main.o
 .bss           0xff900010        0x0 math.o
 .bss           0xff900010        0x4 malloc.o
                0xff900010                allocp
 .bss           0xff900014        0x8 srv.o
                0xff900018                failsafe_mode
                0xff900014                save_dct_flag
 .bss           0xff90001c        0x0 uart.o
 .bss           0xff90001c        0x0 colors.o
 .bss           0xff90001c        0x8 jpeg.o
                0xff90001c                lcode
                0xff900020                bitindex
 .bss           0xff900024        0x0 r8x8dct.o
 .bss           0xff900024        0x0 spi.o
 .bss           0xff900024        0x8 chess.o
 .bss           0xff90002c        0x0 setjmp.o
 .bss           0xff90002c        0x0 init.o
 .bss           0xff90002c        0x0 string.o
 *(COMMON)
 COMMON         0xff90002c       0x18 camera.o
                0xff90002c                dlist2
                0xff900038                dlist1
 COMMON         0xff900044     0x13d8 c.o
                0xff900044                gvar_index
                0xff900048                token_type
                0xff90004c                local_var_stack
                0xff90068c                prog
                0xff900690                functos
                0xff900694                global_vars
                0xff900cd4                token
                0xff900d24                call_stack
                0xff900dc4                tok
                0xff900dc8                lvartos
                0xff900dcc                func_table
                0xff90136c                p_buf
                0xff901370                ret_value
                0xff901374                func_index
                0xff901378                errjmp
 COMMON         0xff90141c       0xc8 lisp.o
                0xff90141c                protected_registers
                0xff901420                lheap_2
                0xff901424                sym_errobj
                0xff901428                which_lheap
                0xff90142c                oblist
                0xff901430                my_one
                0xff901434                sym_quote
                0xff901438                truth
                0xff90143c                lheap_size
                0xff901440                sym_progn
                0xff901444                eof_val
                0xff901448                tkbuffer
                0xff9014ac                lheap_org
                0xff9014b0                ugetc
                0xff9014b4                my_two
                0xff9014b8                lisp_mode
                0xff9014bc                gc_status_flag
                0xff9014c0                fp
                0xff9014c4                lheap_end
                0xff9014c8                lheap_1
                0xff9014cc                ugetf
                0xff9014d0                lheap
                0xff9014d4                lquit
                0xff9014d8                old_lheap_used
                0xff9014dc                unbound_marker
                0xff9014e0                sym_lambda
 COMMON         0xff9014e4      0x406 xmodem.o
                0xff9014e4                xbuff
 *fill*         0xff9018ea        0x2 00
 COMMON         0xff9018ec       0x14 malloc.o
                0xff9018ec                base
                0xff9018f4                heap_end
                0xff9018f8                heap_start
                0xff9018fc                heap_ptr
 COMMON         0xff901900       0xbc srv.o
                0xff901900                imgWidth
                0xff901904                rfailsafe
                0xff901908                j
                0xff90190c                x_acc
                0xff901910                i
                0xff901914                segmentation_flag
                0xff901918                pwm2_init
                0xff90191c                sonar_data
                0xff901930                y_acc0
                0xff901934                quality
                0xff901938                y_acc
                0xff90193c                output_start
                0xff901940                pwm1_init
                0xff901944                image_size
                0xff901948                pwm1_mode
                0xff90194c                save_dct_ptr
                0xff901950                x_center
                0xff901954                lfailsafe
                0xff901958                edge_thresh
                0xff90195c                master
                0xff901960                base_speed
                0xff901964                rspeed2
                0xff901968                lspeed
                0xff90196c                overlay_flag
                0xff901970                lspeed2
                0xff901974                err1
                0xff901978                cp
                0xff90197c                output_end
                0xff901980                pwm2_mode
                0xff901984                framecount
                0xff901988                dct_view_flag
                0xff90198c                x_acc0
                0xff901990                imgHead
                0xff90199c                silent_console
                0xff9019a0                edge_detect_flag
                0xff9019a4                imgHeight
                0xff9019a8                failsafe_clock
                0xff9019ac                y_center
                0xff9019b0                rspeed
                0xff9019b4                frame_diff_flag
                0xff9019b8                ix
 COMMON         0xff9019bc      0xae4 colors.o
                0xff9019bc                blobcnt
                0xff9019fc                ymax
                0xff901a40                blobx1
                0xff901a80                umax
                0xff901ac4                hist0
                0xff901ec4                hist1
                0xff9022c4                bloby2
                0xff902304                mean
                0xff902310                vmax
                0xff902354                vmin
                0xff902398                bloby1
                0xff9023d8                blobx2
                0xff902418                ymin
                0xff90245c                umin
 COMMON         0xff9024a0      0x584 jpeg.o
                0xff9024a0                Y2
                0xff902520                Temp
                0xff9025a0                Cqt
                0xff9025e0                Y3
                0xff902660                Y4
                0xff9026e0                ICqt
                0xff902760                ILqt
                0xff9027e0                CR
                0xff902860                Lqt
                0xff9028a0                CB
                0xff902920                fdct_temp
                0xff9029a0                read_format
                0xff9029a4                Y1
 COMMON         0xff902a24      0xfb4 chess.o
                0xff902a24                pv_length
                0xff902aa4                fifty
                0xff902aa8                first_move
                0xff902b28                max_time
                0xff902b2c                hash_piece
                0xff90372c                side
                0xff903730                piece
                0xff903830                follow_pv
                0xff903834                hash
                0xff903838                pv
                0xff90383c                hist_dat
                0xff903840                history
                0xff903844                max_depth
                0xff903848                piece_mat
                0xff903850                stop_time
                0xff903854                stop_search
                0xff903858                hash_side
                0xff90385c                ply
                0xff903860                hash_ep
                0xff903960                nodes
                0xff903964                ep
                0xff903968                hply
                0xff90396c                start_time
                0xff903970                xside
                0xff903974                pawn_rank
                0xff9039c4                castle
                0xff9039c8                pawn_mat
                0xff9039d0                gen_dat
                0xff9039d4                book_file
                0xff9039d8                . = ALIGN (0x4)
                0xff9039d8                __bss_end = .
                0xffb00ffc                . = 0xffb00ffc
                0xffb00ffc                PROVIDE (_supervisor_stack, .)
LOAD init.o
LOAD main.o
LOAD srv.o
LOAD uart.o
LOAD camera.o
LOAD jpeg.o
LOAD i2c.o
LOAD stm_m25p32.o
LOAD xmodem.o
LOAD colors.o
LOAD edit.o
LOAD malloc.o
LOAD string.o
LOAD spi.o
LOAD lisp.o
LOAD c.o
LOAD printf.o
LOAD chess.o
LOAD r8x8dct.o
LOAD math.o
LOAD setjmp.o
OUTPUT(srv1.bin elf32-bfin)

.comment        0x00000000      0x1f8
 .comment       0x00000000       0x1c camera.o
 .comment       0x0000001c       0x1c c.o
 .comment       0x00000038       0x1c lisp.o
 .comment       0x00000054       0x1c edit.o
 .comment       0x00000070       0x1c i2c.o
 .comment       0x0000008c       0x1c stm_m25p32.o
 .comment       0x000000a8       0x1c printf.o
 .comment       0x000000c4       0x1c xmodem.o
 .comment       0x000000e0       0x1c main.o
 .comment       0x000000fc       0x1c malloc.o
 .comment       0x00000118       0x1c srv.o
 .comment       0x00000134       0x1c uart.o
 .comment       0x00000150       0x1c colors.o
 .comment       0x0000016c       0x1c jpeg.o
 .comment       0x00000188       0x1c spi.o
 .comment       0x000001a4       0x1c chess.o
 .comment       0x000001c0       0x1c init.o
 .comment       0x000001dc       0x1c string.o
