
Allocating common symbols
Common symbol       size              file

imgWidth            0x4               srv.o
rfailsafe           0x4               srv.o
j                   0x4               srv.o
Y2                  0x80              jpeg.o
x_acc               0x4               srv.o
i                   0x4               srv.o
blobcnt             0xfc              colors.o
segmentation_flag   0x4               srv.o
Temp                0x80              jpeg.o
Cqt                 0x40              jpeg.o
ymax                0x44              colors.o
blobx1              0xfc              colors.o
pwm2_init           0x4               srv.o
Y3                  0x80              jpeg.o
base                0x8               malloc.o
sonar_data          0x14              srv.o
weights             0x1400            neural.o
teach_neurons       0x40              neural.o
nerror              0x80              neural.o
y_acc0              0x4               srv.o
StringHashTable     0x184             picoc/table.o
CharArrayType       0x4               picoc/type.o
Y4                  0x80              jpeg.o
FunctionType        0x24              picoc/type.o
umax                0x44              colors.o
ICqt                0x80              jpeg.o
hist0               0x400             colors.o
heap_end            0x4               malloc.o
quality             0x4               srv.o
ExitBuf             0xa4              picoc/platform_surveyor.o
y_acc               0x4               srv.o
output_start        0x4               srv.o
hist1               0x400             colors.o
pwm1_init           0x4               srv.o
image_size          0x4               srv.o
ILqt                0x80              jpeg.o
heap_start          0x4               malloc.o
pwm1_mode           0x4               srv.o
neurons             0x180             neural.o
StringLiteralHashTable
                    0x184             picoc/variable.o
x_center            0x4               srv.o
blobix              0xfc              colors.o
EnumType            0x24              picoc/type.o
VoidType            0x24              picoc/type.o
lfailsafe           0x4               srv.o
edge_thresh         0x4               srv.o
master              0x4               srv.o
bloby2              0xfc              colors.o
mean                0xc               colors.o
base_speed          0x4               srv.o
rspeed2             0x4               srv.o
lspeed              0x4               srv.o
GlobalHashTable     0x184             picoc/variable.o
vmax                0x44              colors.o
CR                  0x80              jpeg.o
overlay_flag        0x4               srv.o
StringTable         0x8               picoc/table.o
lspeed2             0x4               srv.o
err1                0x4               srv.o
cp                  0x4               srv.o
Lqt                 0x40              jpeg.o
GlobalTable         0x8               picoc/variable.o
MacroType           0x24              picoc/type.o
Type_Type           0x24              picoc/type.o
CharType            0x24              picoc/type.o
output_end          0x4               srv.o
CB                  0x80              jpeg.o
pwm2_mode           0x4               srv.o
CharPtrType         0x4               picoc/type.o
fdct_temp           0x80              jpeg.o
gps_gga             0x20              gps.o
StringLiteralTable  0x8               picoc/variable.o
framecount          0x4               srv.o
vmin                0x44              colors.o
heap_ptr            0x4               malloc.o
bloby1              0xfc              colors.o
WordType            0x24              picoc/type.o
x_acc0              0x4               srv.o
IntType             0x24              picoc/type.o
imgHead             0xb               srv.o
read_format         0x4               jpeg.o
edge_detect_flag    0x4               srv.o
imgHeight           0x4               srv.o
UberType            0x24              picoc/type.o
failsafe_clock      0x4               srv.o
blobx2              0xfc              colors.o
dlist2              0xc               camera.o
y_center            0x4               srv.o
xbuff               0x406             xmodem.o
dlist1              0xc               camera.o
ymin                0x44              colors.o
umin                0x44              colors.o
rspeed              0x4               srv.o
base_speed2         0x4               srv.o
frame_diff_flag     0x4               srv.o
ix                  0x4               srv.o
Y1                  0x80              jpeg.o

Memory Configuration

Name             Origin             Length             Attributes
ram              0x00000000         0x02000000         xrw
l1code           0xffa00000         0x00010000         x
l1data_a         0xff800000         0x00008000         rw
l1data_b         0xff900000         0x00008000         rw
scratchpad       0xffb00000         0x00001000         rw
*default*        0x00000000         0xffffffff

Linker script and memory map


.sdram.text
 camera.o(.sdram.text)
 edit.o(.sdram.text)
 i2c.o(.sdram.text)
 stm_m25p32.o(.sdram.text)
 printf.o(.sdram.text)
 xmodem.o(.sdram.text)
 gps.o(.sdram.text)
 myfunc.o(.sdram.text)
 *(.gnu.warning)

.l1code         0xffa00000     0x7240
 main.o(.text)
 .text          0xffa00000      0x2cc main.o
                0xffa00000                main
 math.o(.text)
 .text          0xffa002cc      0x200 math.o
                0xffa00398                __umodsi3
                0xffa003ca                __divsi3
                0xffa002cc                __udivsi3
 malloc.o(.text)
 .text          0xffa004cc      0x1a4 malloc.o
                0xffa005a8                morecore
                0xffa00520                free
                0xffa004cc                init_heap
                0xffa0050c                sbrk
                0xffa005ec                malloc
 srv.o(.text)
 .text          0xffa00670     0x3720 srv.o
                0xffa019b0                motor_command
                0xffa024a8                process_i2c
                0xffa01e84                restore_video
                0xffa02a20                xmodem_receive
                0xffa010d0                clearRTC
                0xffa011ec                delayUS
                0xffa01eac                invert_video
                0xffa008b8                grab_reference_frame
                0xffa010e0                delayMS
                0xffa01ab4                set_edge_thresh
                0xffa0125c                delayNS
                0xffa00c38                setPPM1
                0xffa0136c                rand
                0xffa0179c                testSD
                0xffa02408                tilt
                0xffa0295c                read_user_sector
                0xffa00e6c                initRTC
                0xffa02d38                serial_out_flashbuffer
                0xffa02a8c                camera_reset
                0xffa01ed4                init_tilt
                0xffa0286c                write_boot_flash
                0xffa0247c                read_tilt
                0xffa008ec                initPWM
                0xffa009d4                init_sonar
                0xffa012e8                check_failsafe
                0xffa0178c                show_stack_ptr
                0xffa02384                read_compass
                0xffa033c4                process_colors
                0xffa01f04                laser_range
                0xffa01774                show_heap_ptr
                0xffa015d0                overlay_on
                0xffa00b98                setPWM2
                0xffa016d0                lasers_off
                0xffa00744                clear_sdram
                0xffa00788                led1_on
                0xffa01a68                change_image_quality
                0xffa0076c                stack_remaining
                0xffa00db0                check_bounds_0_100
                0xffa00890                move_image
                0xffa028d0                write_user_sector
                0xffa01ae4                process_neuralnet
                0xffa018f8                motor2_command
                0xffa01838                ppm2_command
                0xffa00aac                setPWM
                0xffa00950                initPWM2
                0xffa02754                init_analog
                0xffa02368                show_laser_range
                0xffa029f4                crc_flash_buffer
                0xffa02da0                send_frame
                0xffa016a8                check_battery
                0xffa01510                motor_increase_base_speed
                0xffa01678                ping_sonar
                0xffa01584                clear_flash_buffer
                0xffa017e4                enable_failsafe
                0xffa016f0                lasers_on
                0xffa01898                ppm1_command
                0xffa0145c                motor_action
                0xffa00e8c                readRTC
                0xffa00dcc                motor_trim_right
                0xffa00778                led0_on
                0xffa00e1c                motor_trim_left
                0xffa00670                init_io
                0xffa0172c                serial_out_version
                0xffa00f00                sonar
                0xffa00798                compute_frame_diff
                0xffa02a18                launch_editor
                0xffa01614                enable_edge_detect
                0xffa0331c                grab_frame
                0xffa0163c                enable_segmentation
                0xffa02930                write_user_flash
                0xffa01110                motor_set
                0xffa009a0                initTMR4
                0xffa00a04                initPPM1
                0xffa00cf4                setPPM2
                0xffa0149c                motor_decrease_base_speed
                0xffa00a58                initPPM2
                0xffa01710                serial_out_time
                0xffa007f0                set_caption
                0xffa015e8                disable_frame_diff
                0xffa00718                reset_cpu
                0xffa029b4                read_user_flash
                0xffa01418                isqrt
                0xffa025d8                analog
                0xffa012d0                reset_failsafe_clock
                0xffa01444                disable_failsafe
                0xffa02718                read_analog
                0xffa015b8                overlay_off
                0xffa01654                enable_frame_diff
                0xffa02c64                camera_setup
 uart.o(.text)
 .text          0xffa03d90      0x2f8 uart.o
                0xffa03eec                uart1SendChar
                0xffa03f60                uart1GetCh
                0xffa03ec8                uart0GetChar
                0xffa03e88                uart0SendChars
                0xffa03eac                uart0GetCh
                0xffa03e5c                uart0SendString
                0xffa03e2c                uart0SendChar
                0xffa03f3c                uart1SendChars
                0xffa03d90                init_uart0
                0xffa03fa0                printNumber
                0xffa03f10                uart1SendString
                0xffa03f7c                uart1GetChar
                0xffa03ddc                init_uart1
 float.o(.text)
 .text          0xffa04088      0xb9c float.o
                0xffa04088                bytesToFloat
                0xffa049f4                printFloat
                0xffa047bc                bigMulti
                0xffa04958                power
                0xffa04624                isOne
                0xffa040b8                minus
                0xffa04970                printBinary
                0xffa046d0                intToFloat
                0xffa040c4                divFloat
                0xffa040ac                parseFloat
                0xffa04bfc                printExponent
                0xffa049b0                printMantissa
                0xffa046c4                lteFloat
                0xffa04180                addFloat
                0xffa04838                mulFloat
                0xffa04634                gteFloat
                0xffa04474                subFloat
                0xffa04b8c                floatInBinary
 colors.o(.text)
 .text          0xffa04c24      0xe64 colors.o
                0xffa04dd0                vmean
                0xffa05144                edge_detect
                0xffa05044                vfind
                0xffa052dc                svs_segcode
                0xffa04e94                color_segment
                0xffa05574                vblob
                0xffa04ca8                blob_merge
                0xffa054dc                svs_segview
                0xffa04c24                init_colors
                0xffa0542c                vscan
                0xffa04d04                vhist
                0xffa04c74                vpix
 jpeg.o(.text)
 .text          0xffa05a88      0xd9c jpeg.o
                0xffa06634                DCT
                0xffa0602c                close_bitstream
                0xffa06648                encodeMCU
                0xffa05b74                huffman
                0xffa060a0                write_markers
                0xffa06744                encode_image
                0xffa062c0                initialize_quantization_tables
                0xffa06480                read_422_format
                0xffa05a88                initialization
                0xffa05b54                levelshift
                0xffa063b0                quantization
                0xffa06400                read_400_format
 r8x8dct.o(.text)
 *fill*         0xffa06824        0x4 00
 .text          0xffa06828       0xf0 r8x8dct.o
                0xffa06828                _r8x8dct
 spi.o(.text)
 .text          0xffa06918      0x1e0 spi.o
                0xffa069fc                svs_master
                0xffa06918                svs_slave
 uart.o(.text)
 setjmp.o(.text)
 .text          0xffa06af8      0x184 setjmp.o
                0xffa06af8                longjmp
                0xffa06bc0                setjmp
 neural.o(.text)
 .text          0xffa06c7c      0x5c4 neural.o
                0xffa0701c                nnpack8x8
                0xffa07208                nninit_network
                0xffa07098                nndisplay
                0xffa06d14                f_logic
                0xffa06d74                nncalculate_network
                0xffa06e5c                nncalculate_errors
                0xffa0712c                nntrain_network
                0xffa07118                nninit_pattern
                0xffa06c7c                nnset_pattern
                0xffa06f10                nnscale8x8

.text           0x00000000     0x7a04
 .text          0x00000000       0xf0 camera.o
                0x00000000                camera_init
                0x000000a8                camera_start
                0x000000cc                camera_stop
 .text          0x000000f0      0x33c edit.o
                0x00000288                insert_char
                0x00000138                find_next_line
                0x00000300                edit
                0x000001d4                find_buffer_end
                0x000000f0                delete_char
                0x0000021c                print_lines
                0x000002e0                print_help
                0x00000188                find_previous_line
 .text          0x0000042c      0x290 i2c.o
                0x000004fc                i2cwritex
                0x0000042c                i2cwrite
                0x000005c4                i2cread
 .text          0x000006bc      0x4d4 stm_m25p32.o
                0x00000798                SetupSPI
                0x00000858                spi_read
                0x000008f0                Wait_For_WEL
                0x00000778                SPI_OFF
                0x00000958                WriteFlash
                0x00000ac4                spi_write
                0x000006c8                spi_init_r
                0x00000a48                EraseBlock
                0x000008b8                Wait_For_Status
                0x00000714                GetSectorNumber
                0x000009f4                WriteData
                0x000006bc                spi_init_f
                0x00000874                ReadStatusRegister
                0x00000924                SendSingleCommand
                0x000007c8                ReadData
                0x000006d4                Wait_For_SPIF
                0x0000073c                udelay
 .text          0x00000b90      0x334 printf.o
                0x00000e8c                sprintf
                0x00000ea8                printf
 .text          0x00000ec4      0x4fc xmodem.o
                0x00000f50                xmodemTransmit
                0x00000f00                _inbyte
                0x00000ec4                crc16_ccitt
                0x000011c8                xmodemReceive
 .text          0x000013c0      0x5e4 gps.o
                0x000013c0                gps_parse
                0x00001900                gps_show
 .text          0x000019a4       0x28 myfunc.o
                0x000019a4                myfunc
 .text          0x000019cc       0xd0 init.o
                0x000019cc                initcode
 .text          0x00001a9c      0x3a0 string.o
                0x00001a9c                strcmp
                0x00001dbc                strtok_r
                0x00001b18                strncpy
                0x00001b50                atoi
                0x00001ccc                memcpy
                0x00001ce8                memset
                0x00001cfc                ctoi
                0x00001c34                itoa
                0x00001e14                strdup
                0x00001bfc                reverse
                0x00001d44                strpbrk
                0x00001af0                strchr
                0x00001b08                strcpy
                0x00001d7c                strspn
                0x00001abc                strncmp
                0x00001cc0                isdigit
                0x00001bdc                strlen
                0x00001d14                atoi_b16
 .text          0x00001e3c      0x4f8 sdcard.o
                0x00001fe8                GetCardParams
                0x00001e80                CloseSD
                0x0000220c                ReadMultipleBlocks
                0x000020c8                EraseBlocks
                0x000022a4                WriteMultipleBlocks
                0x00001e3c                InitSD
                0x00001f64                GetToken
                0x00002120                WriteSector
                0x00001fa0                CardInit
                0x000021a4                ReadSector
                0x00001ee0                SendCommand
                0x00001e90                WriteByte
 .text          0x00002334      0x13c picoc/picoc.o
                0x000023ac                picoc
                0x00002354                Initialise
                0x00002334                Cleanup
 .text          0x00002470      0x28c picoc/table.o
                0x00002644                TableStrRegister
                0x000024ac                TableGet
                0x00002530                TableStrFree
                0x00002574                TableSetIdentifier
                0x000026ac                TableInitTable
                0x00002630                TableStrRegister2
                0x000024e0                TableDelete
                0x00002660                TableSet
                0x000026c0                TableInit
 .text          0x000026fc      0xd98 picoc/lex.o
                0x00002a38                LexInteractiveClear
                0x00003468                LexInit
                0x00002bd0                LexGetCharacterConstant
                0x000029b4                LexInitParser
                0x00002c24                LexGetWord
                0x00002a84                LexCleanup
                0x000026fc                LexCheckReservedWord
                0x000029dc                LexInteractiveCompleted
                0x00002a8c                LexCopyTokens
                0x000029cc                LexInteractiveStatementPrompt
                0x00002848                LexUnEscapeCharacter
                0x00003434                LexToEndOfLine
                0x00002760                LexGetNumber
                0x00002724                IsBaseDigit
                0x00003154                LexAnalyse
                0x00003174                LexGetToken
                0x00002918                LexSkipComment
                0x00002990                LexTokenSize
                0x00002db8                LexScanGetToken
                0x000030a4                LexTokenise
                0x00002ca0                LexGetStringConstant
 .text          0x00003494      0xbcc picoc/parse.o
                0x0000355c                ParseFunctionDefinition
                0x00003e44                ParseBlock
                0x0000377c                ParseDeclaration
                0x000034a4                ParseCleanup
                0x00003494                ParserCopyPos
                0x00003ecc                ParseStatementMaybeRun
                0x00003f00                ParseFor
                0x00003dc0                Parse
                0x000038e0                ParseStatement
                0x000034b8                ParseMacroDefinition
                0x00003d4c                ParseInteractive
 .text          0x00004060      0xe40 picoc/expression.o
                0x00004238                ExpressionPostfixOperator
                0x00004bdc                ExpressionParseInt
                0x00004200                ExpressionPushInt
                0x000040c0                ExpressionGetStructElement
                0x0000431c                ExpressionPrefixOperator
                0x0000406c                ExpressionStackPushOperator
                0x00004060                debugf
                0x000047f8                ExpressionStackCollapse
                0x000042d4                ExpressionStackPushValueByType
                0x0000448c                ExpressionStackPushValue
                0x00004c48                ExpressionParseFunctionCall
                0x000044b0                ExpressionInfixOperator
                0x0000409c                ExpressionStackPushValueNode
                0x000048e4                ExpressionParse
                0x000042fc                ExpressionStackPushLValue
 .text          0x00004ea0      0x254 picoc/heap.o
                0x00004f30                HeapFree
                0x00005064                HeapAllocStack
                0x00004eec                HeapPushStackFrame
                0x00004f0c                HeapPopStackFrame
                0x00004f88                HeapAlloc
                0x000050b0                HeapPopStack
                0x00004ea0                HeapInit
 .text          0x000050f4      0x7c4 picoc/type.o
                0x0000511c                TypeStackSizeValue
                0x000051bc                TypeInit
                0x00005868                TypeCleanupNode
                0x0000514c                TypeAddBaseType
                0x00005450                TypeParseStruct
                0x000058ac                TypeCleanup
                0x00005130                TypeSize
                0x000056a4                TypeParse
                0x000056d0                TypeParseIdentPart
                0x00005284                TypeGetMatching
                0x0000560c                TypeParseFront
                0x000050f4                TypeSizeValue
                0x0000517c                TypeAdd
                0x000052f8                TypeParseEnum
 .text          0x000058b8      0x59c picoc/variable.o
                0x000058f4                VariableDefined
                0x00005b80                VariableStackPop
                0x000059a4                VariableStackFramePop
                0x00005c94                VariableAllocValueAndData
                0x00005ccc                VariableDefinePlatformVar
                0x00005ac0                VariableFree
                0x00005b60                VariableCleanup
                0x000058b8                VariableStringLiteralDefine
                0x00005e0c                VariableAllocValueFromType
                0x00005b1c                VariableTableCleanup
                0x000058cc                VariableStringLiteralGet
                0x00005a70                VariableInit
                0x000059f4                VariableStackFrameAdd
                0x0000594c                VariableGet
                0x00005d68                VariableAllocValueAndCopy
                0x00005c6c                VariableAllocValueShared
                0x00005c34                VariableAllocValueFromExistingData
                0x00005bec                VariableAlloc
                0x00005dac                VariableDefine
 .text          0x00005e54      0x2dc picoc/clibrary.o
                0x00005f70                LibPrintf
                0x00005e7c                PrintInt
                0x00005e54                PrintStr
                0x00005f24                LibGets
                0x000060a4                LibraryInit
                0x00005f0c                LibGetc
 .text          0x00006130     0x16c0 picoc/library_surveyor.o
                0x000064f8                Ctan
                0x000071b8                Cvrcap
                0x00006c28                Cwritei2c
                0x00007220                Csonar
                0x00006c24                Cnninit
                0x0000631c                Csin
                0x00006160                Cioread
                0x000069cc                Cnnmatchblob
                0x00006228                Claser
                0x00006c5c                Cvcam
                0x000070f8                Cvscan
                0x00007204                Crange
                0x00006d20                Cgps
                0x0000628c                Cvcolor
                0x00007378                Cmotors2
                0x0000699c                Cnnshow
                0x00007300                Cservos
                0x00006408                Ccos
                0x00006768                Cacos
                0x00007288                Cservos2
                0x00006f2c                Ccompass
                0x00007418                Cmotors
                0x00006d98                Canalog
                0x00006838                Casin
                0x000061ec                Cpoke
                0x000071bc                Cvcap
                0x0000716c                Cvpix
                0x00006700                Cexit
                0x0000626c                Cbattery
                0x00006614                Catan
                0x00006ef4                Ctilt
                0x000068f4                Cnnlearnblob
                0x00006ce8                Creadi2c
                0x00006ca8                Creadi2c2
                0x00006198                Cpeek
                0x000074f8                Cinput
                0x000074d0                Crand
                0x000074b8                Ctime
                0x000071c0                Cvfind
                0x00006b9c                Cnntrain
                0x00006308                Cvdiff
                0x00006130                Ciodir
                0x00006fa8                Cdelay
                0x00006fc0                Cvblob
                0x00007544                PlatformLibraryInit
                0x00006ad8                Cnntest
                0x0000671c                Cnnset
                0x00006178                Ciowrite
                0x00007514                Csignal
                0x000070b8                Cvmean
 .text          0x000077f0      0x16c picoc/platform.o
                0x000078c0                PlatformPrintf
                0x000078dc                LexFail
                0x000077f0                PlatformVPrintf
                0x00007918                ProgramFail
 .text          0x0000795c       0xa8 picoc/platform_surveyor.o
                0x00007994                PlatformPutc
                0x0000799c                PlatformGetLine
                0x0000795c                PlatformCleanup
                0x00007984                PlatformGetCharacter
                0x00007968                PlatformExit

.l1data         0xff800000     0x16e0
 *(.data)
 .data          0xff800000        0x0 camera.o
 .data          0xff800000        0x0 edit.o
 .data          0xff800000        0x0 i2c.o
 .data          0xff800000        0x0 stm_m25p32.o
 .data          0xff800000        0x0 printf.o
 .data          0xff800000        0x0 xmodem.o
 .data          0xff800000        0x0 gps.o
 .data          0xff800000        0x0 myfunc.o
 .data          0xff800000        0x0 main.o
 .data          0xff800000        0x0 math.o
 .data          0xff800000        0x0 malloc.o
 .data          0xff800000      0xa60 srv.o
                0xff800408                version_string
                0xff800008                font8x8
                0xff800000                fontmask
                0xff800430                frame
                0xff800450                rand_seed
 .data          0xff800a60        0x0 uart.o
 .data          0xff800a60        0x0 float.o
 .data          0xff800a60        0x0 colors.o
 .data          0xff800a60      0x8f0 jpeg.o
                0xff801290                zigzag_table
                0xff800ab8                chrominance_dc_size_table
                0xff800d58                chrominance_ac_code_table
                0xff800c14                luminance_ac_size_table
                0xff800ad0                luminance_ac_code_table
                0xff800a88                luminance_dc_size_table
                0xff800aa0                chrominance_dc_code_table
                0xff8012d0                luminance_quant_table
                0xff8010e0                markerdata
                0xff800a70                luminance_dc_code_table
                0xff800a60                fdct_coeff
                0xff801310                chrominance_quant_table
                0xff800fe0                bitsize
                0xff800e9c                chrominance_ac_size_table
 .data          0xff801350        0x0 r8x8dct.o
 .data          0xff801350        0x0 spi.o
 .data          0xff801350        0x0 setjmp.o
 .data          0xff801350       0x8c neural.o
                0xff801354                npattern
                0xff8013d4                nmask
                0xff801350                learn
 .data          0xff8013dc        0x0 init.o
 .data          0xff8013dc        0x0 string.o
 .data          0xff8013dc        0x0 sdcard.o
 .data          0xff8013dc        0x0 picoc/picoc.o
 .data          0xff8013dc        0x0 picoc/table.o
 .data          0xff8013dc      0x148 picoc/lex.o
 .data          0xff801524        0x0 picoc/parse.o
 .data          0xff801524        0x0 picoc/expression.o
 .data          0xff801524        0xc picoc/heap.o
                0xff801524                HeapStackTop
 .data          0xff801530        0x0 picoc/type.o
 .data          0xff801530        0x0 picoc/variable.o
 .data          0xff801530       0x20 picoc/clibrary.o
                0xff801530                CLibrary
 .data          0xff801550      0x190 picoc/library_surveyor.o
                0xff801550                PlatformLibrary
 .data          0xff8016e0        0x0 picoc/platform.o
 .data          0xff8016e0        0x0 picoc/platform_surveyor.o
 *(.l1data)
 *(.l1data.a)

.l1data.b
 *(.l1data.b)

.rodata         0xff8016e0     0x2724
 *(.rodata .rodata.* .gnu.linkonce.r.*)
 .rodata.str1.4
                0xff8016e0       0xb2 edit.o
                                 0xb4 (size before relaxing)
 *fill*         0xff801792        0x2 00
 .rodata        0xff801794       0x5c edit.o
 .rodata.str1.4
                0xff8017f0        0x7 printf.o
                                  0x8 (size before relaxing)
 *fill*         0xff8017f7        0x1 00
 .rodata        0xff8017f8      0x200 xmodem.o
 .rodata.str1.4
                0xff8019f8       0xaa gps.o
                                 0xac (size before relaxing)
 *fill*         0xff801aa2        0x2 00
 .rodata.str1.4
                0xff801aa4       0x14 myfunc.o
 .rodata        0xff801ab8      0x358 main.o
 .rodata        0xff801e10      0x118 srv.o
 .rodata.str1.4
                0xff801f28      0x6a2 srv.o
                                0x6b0 (size before relaxing)
 *fill*         0xff8025ca        0x2 00
 .rodata        0xff8025cc       0x10 uart.o
 .rodata.str1.4
                0xff8025dc       0x33 float.o
                                 0x34 (size before relaxing)
 *fill*         0xff80260f        0x1 00
 .rodata.str1.4
                0xff802610       0x27 colors.o
                                 0x28 (size before relaxing)
 *fill*         0xff802637        0x1 00
 .rodata.str1.4
                0xff802638       0x5b spi.o
                                 0x5c (size before relaxing)
 *fill*         0xff802693        0x1 00
 .rodata.str1.4
                0xff802694        0x4 neural.o
                                  0xc (size before relaxing)
 .rodata.str1.4
                0xff802698       0x57 picoc/picoc.o
                                 0x58 (size before relaxing)
 *fill*         0xff8026ef        0x1 00
 .rodata.str1.4
                0xff8026f0        0xe picoc/table.o
                                 0x14 (size before relaxing)
 *fill*         0xff8026fe        0x2 00
 .rodata        0xff802700      0x2cc picoc/lex.o
 .rodata.str1.4
                0xff8029cc       0xee picoc/lex.o
                                0x108 (size before relaxing)
 *fill*         0xff802aba        0x2 00
 .rodata.str1.4
                0xff802abc      0x1a1 picoc/parse.o
                                0x1a8 (size before relaxing)
 *fill*         0xff802c5d        0x3 00
 .rodata        0xff802c60       0x98 picoc/parse.o
 .rodata.str1.4
                0xff802cf8      0x346 picoc/expression.o
                                0x38c (size before relaxing)
 *fill*         0xff80303e        0x2 00
 .rodata        0xff803040      0x264 picoc/expression.o
 .rodata.str1.4
                0xff8032a4        0x6 picoc/heap.o
                                  0x8 (size before relaxing)
 *fill*         0xff8032aa        0x2 00
 .rodata.str1.4
                0xff8032ac      0x12d picoc/type.o
                                0x164 (size before relaxing)
 *fill*         0xff8033d9        0x3 00
 .rodata        0xff8033dc       0x2c picoc/type.o
 .rodata.str1.4
                0xff803408       0x43 picoc/variable.o
                                 0x6c (size before relaxing)
 *fill*         0xff80344b        0x1 00
 .rodata.str1.4
                0xff80344c       0x46 picoc/clibrary.o
                                 0x54 (size before relaxing)
 *fill*         0xff803492        0x2 00
 .rodata.str1.4
                0xff803494      0x7ec picoc/library_surveyor.o
                                0x800 (size before relaxing)
 .rodata        0xff803c80      0x17c picoc/library_surveyor.o
 .rodata.str1.4
                0xff803dfc        0x8 picoc/platform.o
                                  0xc (size before relaxing)
 .rodata.str1.4
                0x00000000       0x10 picoc/platform_surveyor.o

.data
 *(.data .data.* .gnu.linkonce.d.*)

.ctors
 *crtbegin*.o(.ctors)
 *(EXCLUDE_FILE(*crtend*.o) .ctors)
 *(SORT(.ctors.*))
 *(.ctors)

.dtors
 *crtbegin*.o(.dtors)
 *(EXCLUDE_FILE(*crtend*.o) .dtors)
 *(SORT(.dtors.*))
 *(.dtors)

.sdram.bss      0x00007a04        0x0
                0x00007a04                __sdram_bss_start = .
 *(.bss.sdram)
                0x00007a04                . = ALIGN (0x4)
                0x00007a04                __sdram_bss_end = .

.bss            0xff900000     0x3810
                0xff900000                __bss_start = .
 *(.dynbss)
 *(.bss .bss.* .gnu.linkonce.b.*)
 .bss           0xff900000        0x0 camera.o
 .bss           0xff900000       0x10 edit.o
 .bss           0xff900010        0x0 i2c.o
 .bss           0xff900010        0x0 stm_m25p32.o
 .bss           0xff900010        0x0 printf.o
 .bss           0xff900010        0x0 xmodem.o
 .bss           0xff900010        0x0 gps.o
 .bss           0xff900010        0x0 myfunc.o
 .bss           0xff900010        0x0 main.o
 .bss           0xff900010        0x0 math.o
 .bss           0xff900010        0x4 malloc.o
                0xff900010                allocp
 .bss           0xff900014       0x10 srv.o
                0xff900018                sonar_flag
                0xff900014                failsafe_mode
                0xff90001c                uart1_flag
                0xff900020                thumbnail_flag
 .bss           0xff900024        0x0 uart.o
 .bss           0xff900024        0x0 float.o
 .bss           0xff900024        0x0 colors.o
 .bss           0xff900024        0x8 jpeg.o
                0xff900024                lcode
                0xff900028                bitindex
 .bss           0xff90002c        0x0 r8x8dct.o
 .bss           0xff90002c        0x0 spi.o
 .bss           0xff90002c        0x0 setjmp.o
 .bss           0xff90002c        0x0 neural.o
 .bss           0xff90002c        0x0 init.o
 .bss           0xff90002c        0x0 string.o
 .bss           0xff90002c        0x0 sdcard.o
 .bss           0xff90002c        0x0 picoc/picoc.o
 .bss           0xff90002c        0x4 picoc/table.o
                0xff90002c                StrEmpty
 .bss           0xff900030       0x3c picoc/lex.o
 .bss           0xff90006c        0x4 picoc/parse.o
 .bss           0xff900070        0x0 picoc/expression.o
 .bss           0xff900070       0x24 picoc/heap.o
 .bss           0xff900094        0x0 picoc/type.o
 .bss           0xff900094        0x4 picoc/variable.o
                0xff900094                TopStackFrame
 .bss           0xff900098        0x0 picoc/clibrary.o
 .bss           0xff900098       0x8c picoc/library_surveyor.o
 .bss           0xff900124        0x0 picoc/platform.o
 .bss           0xff900124        0x0 picoc/platform_surveyor.o
 *(COMMON)
 COMMON         0xff900124       0x18 camera.o
                0xff900124                dlist2
                0xff900130                dlist1
 COMMON         0xff90013c      0x406 xmodem.o
                0xff90013c                xbuff
 *fill*         0xff900542        0x2 00
 COMMON         0xff900544       0x20 gps.o
                0xff900544                gps_gga
 COMMON         0xff900564       0x14 malloc.o
                0xff900564                base
                0xff90056c                heap_end
                0xff900570                heap_start
                0xff900574                heap_ptr
 COMMON         0xff900578       0xb4 srv.o
                0xff900578                imgWidth
                0xff90057c                rfailsafe
                0xff900580                j
                0xff900584                x_acc
                0xff900588                i
                0xff90058c                segmentation_flag
                0xff900590                pwm2_init
                0xff900594                sonar_data
                0xff9005a8                y_acc0
                0xff9005ac                quality
                0xff9005b0                y_acc
                0xff9005b4                output_start
                0xff9005b8                pwm1_init
                0xff9005bc                image_size
                0xff9005c0                pwm1_mode
                0xff9005c4                x_center
                0xff9005c8                lfailsafe
                0xff9005cc                edge_thresh
                0xff9005d0                master
                0xff9005d4                base_speed
                0xff9005d8                rspeed2
                0xff9005dc                lspeed
                0xff9005e0                overlay_flag
                0xff9005e4                lspeed2
                0xff9005e8                err1
                0xff9005ec                cp
                0xff9005f0                output_end
                0xff9005f4                pwm2_mode
                0xff9005f8                framecount
                0xff9005fc                x_acc0
                0xff900600                imgHead
                0xff90060c                edge_detect_flag
                0xff900610                imgHeight
                0xff900614                failsafe_clock
                0xff900618                y_center
                0xff90061c                rspeed
                0xff900620                base_speed2
                0xff900624                frame_diff_flag
                0xff900628                ix
 COMMON         0xff90062c      0xf8c colors.o
                0xff90062c                blobcnt
                0xff900728                ymax
                0xff90076c                blobx1
                0xff900868                umax
                0xff9008ac                hist0
                0xff900cac                hist1
                0xff9010ac                blobix
                0xff9011a8                bloby2
                0xff9012a4                mean
                0xff9012b0                vmax
                0xff9012f4                vmin
                0xff901338                bloby1
                0xff901434                blobx2
                0xff901530                ymin
                0xff901574                umin
 COMMON         0xff9015b8      0x584 jpeg.o
                0xff9015b8                Y2
                0xff901638                Temp
                0xff9016b8                Cqt
                0xff9016f8                Y3
                0xff901778                Y4
                0xff9017f8                ICqt
                0xff901878                ILqt
                0xff9018f8                CR
                0xff901978                Lqt
                0xff9019b8                CB
                0xff901a38                fdct_temp
                0xff901ab8                read_format
                0xff901abc                Y1
 COMMON         0xff901b3c     0x1640 neural.o
                0xff901b3c                weights
                0xff902f3c                teach_neurons
                0xff902f7c                nerror
                0xff902ffc                neurons
 COMMON         0xff90317c      0x18c picoc/table.o
                0xff90317c                StringHashTable
                0xff903300                StringTable
 COMMON         0xff903308      0x14c picoc/type.o
                0xff903308                CharArrayType
                0xff90330c                FunctionType
                0xff903330                EnumType
                0xff903354                VoidType
                0xff903378                MacroType
                0xff90339c                Type_Type
                0xff9033c0                CharType
                0xff9033e4                CharPtrType
                0xff9033e8                WordType
                0xff90340c                IntType
                0xff903430                UberType
 COMMON         0xff903454      0x318 picoc/variable.o
                0xff903454                StringLiteralHashTable
                0xff9035d8                GlobalHashTable
                0xff90375c                GlobalTable
                0xff903764                StringLiteralTable
 COMMON         0xff90376c       0xa4 picoc/platform_surveyor.o
                0xff90376c                ExitBuf
                0xff903810                . = ALIGN (0x4)
                0xff903810                __bss_end = .
                0xffb00ffc                . = 0xffb00ffc
                0xffb00ffc                PROVIDE (_supervisor_stack, .)
LOAD init.o
LOAD main.o
LOAD srv.o
LOAD uart.o
LOAD camera.o
LOAD jpeg.o
LOAD i2c.o
LOAD stm_m25p32.o
LOAD float.o
LOAD xmodem.o
LOAD colors.o
LOAD edit.o
LOAD malloc.o
LOAD string.o
LOAD spi.o
LOAD printf.o
LOAD myfunc.o
LOAD neural.o
LOAD gps.o
LOAD sdcard.o
LOAD picoc/picoc.o
LOAD picoc/table.o
LOAD picoc/lex.o
LOAD picoc/parse.o
LOAD picoc/expression.o
LOAD picoc/heap.o
LOAD picoc/type.o
LOAD picoc/variable.o
LOAD picoc/clibrary.o
LOAD picoc/library_surveyor.o
LOAD picoc/platform.o
LOAD picoc/platform_surveyor.o
LOAD r8x8dct.o
LOAD math.o
LOAD setjmp.o
OUTPUT(srv1.bin elf32-bfin)

.debug_abbrev   0x00000000     0x2cb2
 .debug_abbrev  0x00000000       0xcf camera.o
 .debug_abbrev  0x000000cf       0xeb edit.o
 .debug_abbrev  0x000001ba       0x8a i2c.o
 .debug_abbrev  0x00000244      0x1d8 stm_m25p32.o
 .debug_abbrev  0x0000041c      0x124 printf.o
 .debug_abbrev  0x00000540      0x183 xmodem.o
 .debug_abbrev  0x000006c3       0xe2 gps.o
 .debug_abbrev  0x000007a5       0x43 myfunc.o
 .debug_abbrev  0x000007e8       0x6e main.o
 .debug_abbrev  0x00000856      0x14c malloc.o
 .debug_abbrev  0x000009a2      0x295 srv.o
 .debug_abbrev  0x00000c37      0x10f uart.o
 .debug_abbrev  0x00000d46      0x244 float.o
 .debug_abbrev  0x00000f8a      0x1c3 colors.o
 .debug_abbrev  0x0000114d      0x186 jpeg.o
 .debug_abbrev  0x000012d3       0x99 spi.o
 .debug_abbrev  0x0000136c      0x114 neural.o
 .debug_abbrev  0x00001480       0x45 init.o
 .debug_abbrev  0x000014c5      0x152 string.o
 .debug_abbrev  0x00001617       0xf3 sdcard.o
 .debug_abbrev  0x0000170a      0x142 picoc/picoc.o
 .debug_abbrev  0x0000184c      0x239 picoc/table.o
 .debug_abbrev  0x00001a85      0x276 picoc/lex.o
 .debug_abbrev  0x00001cfb      0x258 picoc/parse.o
 .debug_abbrev  0x00001f53      0x23b picoc/expression.o
 .debug_abbrev  0x0000218e      0x138 picoc/heap.o
 .debug_abbrev  0x000022c6      0x252 picoc/type.o
 .debug_abbrev  0x00002518      0x1c4 picoc/variable.o
 .debug_abbrev  0x000026dc      0x19b picoc/clibrary.o
 .debug_abbrev  0x00002877      0x253 picoc/library_surveyor.o
 .debug_abbrev  0x00002aca       0xed picoc/platform.o
 .debug_abbrev  0x00002bb7       0xfb picoc/platform_surveyor.o

.debug_info     0x00000000     0xd7b1
 .debug_info    0x00000000      0x136 camera.o
 .debug_info    0x00000136      0x1e7 edit.o
 .debug_info    0x0000031d      0x158 i2c.o
 .debug_info    0x00000475      0x604 stm_m25p32.o
 .debug_info    0x00000a79      0x34a printf.o
 .debug_info    0x00000dc3      0x3e3 xmodem.o
 .debug_info    0x000011a6      0x1a1 gps.o
 .debug_info    0x00001347       0x54 myfunc.o
 .debug_info    0x0000139b       0x7d main.o
 .debug_info    0x00001418      0x23a malloc.o
 .debug_info    0x00001652     0x16fa srv.o
 .debug_info    0x00002d4c      0x30c uart.o
 .debug_info    0x00003058      0x781 float.o
 .debug_info    0x000037d9      0x9a1 colors.o
 .debug_info    0x0000417a      0xb0b jpeg.o
 .debug_info    0x00004c85       0xfa spi.o
 .debug_info    0x00004d7f      0x438 neural.o
 .debug_info    0x000051b7       0x64 init.o
 .debug_info    0x0000521b      0x516 string.o
 .debug_info    0x00005731      0x391 sdcard.o
 .debug_info    0x00005ac2      0x552 picoc/picoc.o
 .debug_info    0x00006014      0x8e1 picoc/table.o
 .debug_info    0x000068f5      0xf1a picoc/lex.o
 .debug_info    0x0000780f      0xc1f picoc/parse.o
 .debug_info    0x0000842e      0xfc4 picoc/expression.o
 .debug_info    0x000093f2      0x291 picoc/heap.o
 .debug_info    0x00009683      0xcb5 picoc/type.o
 .debug_info    0x0000a338      0xaca picoc/variable.o
 .debug_info    0x0000ae02      0x810 picoc/clibrary.o
 .debug_info    0x0000b612     0x1e18 picoc/library_surveyor.o
 .debug_info    0x0000d42a      0x248 picoc/platform.o
 .debug_info    0x0000d672      0x13f picoc/platform_surveyor.o

.debug_line     0x00000000     0x359e
 .debug_line    0x00000000       0x72 camera.o
 .debug_line    0x00000072       0xd1 edit.o
 .debug_line    0x00000143       0xa7 i2c.o
 .debug_line    0x000001ea      0x1ac stm_m25p32.o
 .debug_line    0x00000396       0xf8 printf.o
 .debug_line    0x0000048e      0x139 xmodem.o
 .debug_line    0x000005c7      0x13d gps.o
 .debug_line    0x00000704       0x3c myfunc.o
 .debug_line    0x00000740      0x108 main.o
 .debug_line    0x00000848       0xa6 malloc.o
 .debug_line    0x000008ee      0x95a srv.o
 .debug_line    0x00001248       0xd1 uart.o
 .debug_line    0x00001319      0x316 float.o
 .debug_line    0x0000162f      0x2e5 colors.o
 .debug_line    0x00001914      0x315 jpeg.o
 .debug_line    0x00001c29       0x94 spi.o
 .debug_line    0x00001cbd      0x11e neural.o
 .debug_line    0x00001ddb       0x53 init.o
 .debug_line    0x00001e2e      0x10a string.o
 .debug_line    0x00001f38      0x10b sdcard.o
 .debug_line    0x00002043       0x93 picoc/picoc.o
 .debug_line    0x000020d6       0xe3 picoc/table.o
 .debug_line    0x000021b9      0x351 picoc/lex.o
 .debug_line    0x0000250a      0x26b picoc/parse.o
 .debug_line    0x00002775      0x365 picoc/expression.o
 .debug_line    0x00002ada       0xf6 picoc/heap.o
 .debug_line    0x00002bd0      0x1d2 picoc/type.o
 .debug_line    0x00002da2      0x164 picoc/variable.o
 .debug_line    0x00002f06      0x105 picoc/clibrary.o
 .debug_line    0x0000300b      0x452 picoc/library_surveyor.o
 .debug_line    0x0000345d       0xbc picoc/platform.o
 .debug_line    0x00003519       0x85 picoc/platform_surveyor.o

.debug_frame    0x00000000     0x3274
 .debug_frame   0x00000000       0x4c camera.o
 .debug_frame   0x0000004c      0x100 edit.o
 .debug_frame   0x0000014c       0x40 i2c.o
 .debug_frame   0x0000018c      0x214 stm_m25p32.o
 .debug_frame   0x000003a0       0xd4 printf.o
 .debug_frame   0x00000474       0xc8 xmodem.o
 .debug_frame   0x0000053c       0x5c gps.o
 .debug_frame   0x00000598       0x28 myfunc.o
 .debug_frame   0x000005c0       0x38 main.o
 .debug_frame   0x000005f8       0x94 malloc.o
 .debug_frame   0x0000068c      0x944 srv.o
 .debug_frame   0x00000fd0      0x144 uart.o
 .debug_frame   0x00001114      0x244 float.o
 .debug_frame   0x00001358      0x1f0 colors.o
 .debug_frame   0x00001548      0x1b0 jpeg.o
 .debug_frame   0x000016f8       0x5c spi.o
 .debug_frame   0x00001754      0x16c neural.o
 .debug_frame   0x000018c0       0xa4 init.o
 .debug_frame   0x00001964      0x18c string.o
 .debug_frame   0x00001af0      0x1a8 sdcard.o
 .debug_frame   0x00001c98       0x74 picoc/picoc.o
 .debug_frame   0x00001d0c      0x14c picoc/table.o
 .debug_frame   0x00001e58      0x29c picoc/lex.o
 .debug_frame   0x000020f4      0x1b4 picoc/parse.o
 .debug_frame   0x000022a8      0x264 picoc/expression.o
 .debug_frame   0x0000250c       0xc4 picoc/heap.o
 .debug_frame   0x000025d0      0x1cc picoc/type.o
 .debug_frame   0x0000279c      0x2b0 picoc/variable.o
 .debug_frame   0x00002a4c      0x100 picoc/clibrary.o
 .debug_frame   0x00002b4c      0x620 picoc/library_surveyor.o
 .debug_frame   0x0000316c       0x7c picoc/platform.o
 .debug_frame   0x000031e8       0x8c picoc/platform_surveyor.o

.debug_loc      0x00000000    0x109f1
 .debug_loc     0x00000000       0x5b camera.o
 .debug_loc     0x0000005b      0x2eb edit.o
 .debug_loc     0x00000346      0x23f i2c.o
 .debug_loc     0x00000585      0x89e stm_m25p32.o
 .debug_loc     0x00000e23      0x79d printf.o
 .debug_loc     0x000015c0      0x6ac xmodem.o
 .debug_loc     0x00001c6c      0x7e9 gps.o
 .debug_loc     0x00002455       0x3e myfunc.o
 .debug_loc     0x00002493       0x6d main.o
 .debug_loc     0x00002500      0x1e1 malloc.o
 .debug_loc     0x000026e1     0x1b54 srv.o
 .debug_loc     0x00004235      0x4aa uart.o
 .debug_loc     0x000046df      0xf18 float.o
 .debug_loc     0x000055f7      0xff1 colors.o
 .debug_loc     0x000065e8     0x1539 jpeg.o
 .debug_loc     0x00007b21      0x1b5 spi.o
 .debug_loc     0x00007cd6      0x460 neural.o
 .debug_loc     0x00008136      0x122 init.o
 .debug_loc     0x00008258      0x716 string.o
 .debug_loc     0x0000896e      0x6cb sdcard.o
 .debug_loc     0x00009039       0xfa picoc/picoc.o
 .debug_loc     0x00009133      0x614 picoc/table.o
 .debug_loc     0x00009747      0xf3b picoc/lex.o
 .debug_loc     0x0000a682      0xb78 picoc/parse.o
 .debug_loc     0x0000b1fa     0x17b5 picoc/expression.o
 .debug_loc     0x0000c9af      0x341 picoc/heap.o
 .debug_loc     0x0000ccf0      0x90a picoc/type.o
 .debug_loc     0x0000d5fa      0xbd2 picoc/variable.o
 .debug_loc     0x0000e1cc      0x57f picoc/clibrary.o
 .debug_loc     0x0000e74b     0x1f25 picoc/library_surveyor.o
 .debug_loc     0x00010670      0x1f9 picoc/platform.o
 .debug_loc     0x00010869      0x188 picoc/platform_surveyor.o

.debug_pubnames
                0x00000000     0x2336
 .debug_pubnames
                0x00000000       0x59 camera.o
 .debug_pubnames
                0x00000059       0x98 edit.o
 .debug_pubnames
                0x000000f1       0x39 i2c.o
 .debug_pubnames
                0x0000012a      0x120 stm_m25p32.o
 .debug_pubnames
                0x0000024a       0x29 printf.o
 .debug_pubnames
                0x00000273       0x5d xmodem.o
 .debug_pubnames
                0x000002d0       0x39 gps.o
 .debug_pubnames
                0x00000309       0x1d myfunc.o
 .debug_pubnames
                0x00000326       0x1b main.o
 .debug_pubnames
                0x00000341       0x87 malloc.o
 .debug_pubnames
                0x000003c8      0x897 srv.o
 .debug_pubnames
                0x00000c5f       0xf2 uart.o
 .debug_pubnames
                0x00000d51      0x10f float.o
 .debug_pubnames
                0x00000e60      0x144 colors.o
 .debug_pubnames
                0x00000fa4      0x2cc jpeg.o
 .debug_pubnames
                0x00001270       0x2f spi.o
 .debug_pubnames
                0x0000129f      0x11a neural.o
 .debug_pubnames
                0x000013b9       0x1f init.o
 .debug_pubnames
                0x000013d8       0xdb string.o
 .debug_pubnames
                0x000014b3       0xd1 sdcard.o
 .debug_pubnames
                0x00001584       0x37 picoc/picoc.o
 .debug_pubnames
                0x000015bb       0xe1 picoc/table.o
 .debug_pubnames
                0x0000169c      0x1b8 picoc/lex.o
 .debug_pubnames
                0x00001854       0xe8 picoc/parse.o
 .debug_pubnames
                0x0000193c      0x1af picoc/expression.o
 .debug_pubnames
                0x00001aeb       0x9c picoc/heap.o
 .debug_pubnames
                0x00001b87      0x1a7 picoc/type.o
 .debug_pubnames
                0x00001d2e      0x255 picoc/variable.o
 .debug_pubnames
                0x00001f83       0x6f picoc/clibrary.o
 .debug_pubnames
                0x00001ff2      0x26e picoc/library_surveyor.o
 .debug_pubnames
                0x00002260       0x55 picoc/platform.o
 .debug_pubnames
                0x000022b5       0x81 picoc/platform_surveyor.o

.debug_aranges  0x00000000      0x400
 .debug_aranges
                0x00000000       0x20 camera.o
 .debug_aranges
                0x00000020       0x20 edit.o
 .debug_aranges
                0x00000040       0x20 i2c.o
 .debug_aranges
                0x00000060       0x20 stm_m25p32.o
 .debug_aranges
                0x00000080       0x20 printf.o
 .debug_aranges
                0x000000a0       0x20 xmodem.o
 .debug_aranges
                0x000000c0       0x20 gps.o
 .debug_aranges
                0x000000e0       0x20 myfunc.o
 .debug_aranges
                0x00000100       0x20 main.o
 .debug_aranges
                0x00000120       0x20 malloc.o
 .debug_aranges
                0x00000140       0x20 srv.o
 .debug_aranges
                0x00000160       0x20 uart.o
 .debug_aranges
                0x00000180       0x20 float.o
 .debug_aranges
                0x000001a0       0x20 colors.o
 .debug_aranges
                0x000001c0       0x20 jpeg.o
 .debug_aranges
                0x000001e0       0x20 spi.o
 .debug_aranges
                0x00000200       0x20 neural.o
 .debug_aranges
                0x00000220       0x20 init.o
 .debug_aranges
                0x00000240       0x20 string.o
 .debug_aranges
                0x00000260       0x20 sdcard.o
 .debug_aranges
                0x00000280       0x20 picoc/picoc.o
 .debug_aranges
                0x000002a0       0x20 picoc/table.o
 .debug_aranges
                0x000002c0       0x20 picoc/lex.o
 .debug_aranges
                0x000002e0       0x20 picoc/parse.o
 .debug_aranges
                0x00000300       0x20 picoc/expression.o
 .debug_aranges
                0x00000320       0x20 picoc/heap.o
 .debug_aranges
                0x00000340       0x20 picoc/type.o
 .debug_aranges
                0x00000360       0x20 picoc/variable.o
 .debug_aranges
                0x00000380       0x20 picoc/clibrary.o
 .debug_aranges
                0x000003a0       0x20 picoc/library_surveyor.o
 .debug_aranges
                0x000003c0       0x20 picoc/platform.o
 .debug_aranges
                0x000003e0       0x20 picoc/platform_surveyor.o

.debug_str      0x00000000     0x3111
 .debug_str     0x00000000       0xc7 camera.o
                                 0xcd (size before relaxing)
 .debug_str     0x000000c7       0x94 edit.o
                                 0xcb (size before relaxing)
 .debug_str     0x0000015b       0x55 i2c.o
                                 0x9f (size before relaxing)
 .debug_str     0x000001b0      0x263 stm_m25p32.o
                                0x2f6 (size before relaxing)
 .debug_str     0x00000413       0x4e printf.o
                                 0xb6 (size before relaxing)
 .debug_str     0x00000461       0xce xmodem.o
                                0x13d (size before relaxing)
 .debug_str     0x0000052f       0x41 gps.o
                                 0xb3 (size before relaxing)
 .debug_str     0x00000570       0x10 myfunc.o
                                 0x47 (size before relaxing)
 .debug_str     0x00000580       0x1b main.o
                                 0x5f (size before relaxing)
 .debug_str     0x0000059b       0x6a malloc.o
                                 0xb8 (size before relaxing)
 .debug_str     0x00000605      0x76e srv.o
                                0x8b2 (size before relaxing)
 .debug_str     0x00000d73       0xd6 uart.o
                                0x151 (size before relaxing)
 .debug_str     0x00000e49      0x15a float.o
                                0x1dc (size before relaxing)
 .debug_str     0x00000fa3       0xb5 colors.o
                                0x1a8 (size before relaxing)
 .debug_str     0x00001058      0x444 jpeg.o
                                0x4f5 (size before relaxing)
 .debug_str     0x0000149c       0x40 spi.o
                                 0x82 (size before relaxing)
 .debug_str     0x000014dc       0xd9 neural.o
                                0x14f (size before relaxing)
 .debug_str     0x000015b5       0x43 init.o
                                 0x6c (size before relaxing)
 .debug_str     0x000015f8       0xba string.o
                                0x115 (size before relaxing)
 .debug_str     0x000016b2       0xce sdcard.o
                                0x127 (size before relaxing)
 .debug_str     0x00001780      0x23b picoc/picoc.o
                                0x354 (size before relaxing)
 .debug_str     0x000019bb      0x11f picoc/table.o
                                0x407 (size before relaxing)
 .debug_str     0x00001ada      0x83f picoc/lex.o
                                0xb68 (size before relaxing)
 .debug_str     0x00002319      0x248 picoc/parse.o
                                0xa8c (size before relaxing)
 .debug_str     0x00002561      0x35b picoc/expression.o
                                0xc28 (size before relaxing)
 .debug_str     0x000028bc       0xeb picoc/heap.o
                                0x172 (size before relaxing)
 .debug_str     0x000029a7      0x173 picoc/type.o
                                0xa57 (size before relaxing)
 .debug_str     0x00002b1a      0x223 picoc/variable.o
                                0x5be (size before relaxing)
 .debug_str     0x00002d3d       0xc3 picoc/clibrary.o
                                0x436 (size before relaxing)
 .debug_str     0x00002e00      0x247 picoc/library_surveyor.o
                                0x6e5 (size before relaxing)
 .debug_str     0x00003047       0x54 picoc/platform.o
                                0x166 (size before relaxing)
 .debug_str     0x0000309b       0x76 picoc/platform_surveyor.o
                                 0xe3 (size before relaxing)

.comment        0x00000000      0x380
 .comment       0x00000000       0x1c camera.o
 .comment       0x0000001c       0x1c edit.o
 .comment       0x00000038       0x1c i2c.o
 .comment       0x00000054       0x1c stm_m25p32.o
 .comment       0x00000070       0x1c printf.o
 .comment       0x0000008c       0x1c xmodem.o
 .comment       0x000000a8       0x1c gps.o
 .comment       0x000000c4       0x1c myfunc.o
 .comment       0x000000e0       0x1c main.o
 .comment       0x000000fc       0x1c malloc.o
 .comment       0x00000118       0x1c srv.o
 .comment       0x00000134       0x1c uart.o
 .comment       0x00000150       0x1c float.o
 .comment       0x0000016c       0x1c colors.o
 .comment       0x00000188       0x1c jpeg.o
 .comment       0x000001a4       0x1c spi.o
 .comment       0x000001c0       0x1c neural.o
 .comment       0x000001dc       0x1c init.o
 .comment       0x000001f8       0x1c string.o
 .comment       0x00000214       0x1c sdcard.o
 .comment       0x00000230       0x1c picoc/picoc.o
 .comment       0x0000024c       0x1c picoc/table.o
 .comment       0x00000268       0x1c picoc/lex.o
 .comment       0x00000284       0x1c picoc/parse.o
 .comment       0x000002a0       0x1c picoc/expression.o
 .comment       0x000002bc       0x1c picoc/heap.o
 .comment       0x000002d8       0x1c picoc/type.o
 .comment       0x000002f4       0x1c picoc/variable.o
 .comment       0x00000310       0x1c picoc/clibrary.o
 .comment       0x0000032c       0x1c picoc/library_surveyor.o
 .comment       0x00000348       0x1c picoc/platform.o
 .comment       0x00000364       0x1c picoc/platform_surveyor.o

.debug_ranges   0x00000000      0x3d0
 .debug_ranges  0x00000000       0x28 printf.o
 .debug_ranges  0x00000028       0x70 xmodem.o
 .debug_ranges  0x00000098       0x38 init.o
 .debug_ranges  0x000000d0       0x30 string.o
 .debug_ranges  0x00000100       0xb8 picoc/table.o
 .debug_ranges  0x000001b8       0x78 picoc/lex.o
 .debug_ranges  0x00000230       0x60 picoc/parse.o
 .debug_ranges  0x00000290      0x110 picoc/expression.o
 .debug_ranges  0x000003a0       0x18 picoc/type.o
 .debug_ranges  0x000003b8       0x18 picoc/clibrary.o
