
Allocating common symbols
Common symbol       size              file

pv_length           0x80              chess.o
imgWidth            0x4               srv.o
fifty               0x4               chess.o
rfailsafe           0x4               srv.o
j                   0x4               srv.o
first_move          0x80              chess.o
max_time            0x4               chess.o
protected_registers
                    0x4               lisp.o
Y2                  0x80              jpeg.o
x_acc               0x4               srv.o
i                   0x4               srv.o
blobcnt             0x40              colors.o
segmentation_flag   0x4               srv.o
Temp                0x80              jpeg.o
hash_piece          0xc00             chess.o
Cqt                 0x40              jpeg.o
ymax                0x44              colors.o
blobx1              0x40              colors.o
side                0x4               chess.o
pwm2_init           0x4               srv.o
piece               0x100             chess.o
Y3                  0x80              jpeg.o
base                0x8               malloc.o
follow_pv           0x4               chess.o
sonar_data          0x14              srv.o
lheap_2             0x4               lisp.o
y_acc0              0x4               srv.o
sym_errobj          0x4               lisp.o
Y4                  0x80              jpeg.o
hash                0x4               chess.o
umax                0x44              colors.o
which_lheap         0x4               lisp.o
ICqt                0x80              jpeg.o
pv                  0x4               chess.o
hist_dat            0x4               chess.o
oblist              0x4               lisp.o
gvar_index          0x4               c.o
history             0x4               chess.o
my_one              0x4               lisp.o
token_type          0x1               c.o
hist0               0x400             colors.o
heap_end            0x4               malloc.o
quality             0x4               srv.o
sym_quote           0x4               lisp.o
truth               0x4               lisp.o
max_depth           0x4               chess.o
y_acc               0x4               srv.o
lheap_size          0x4               lisp.o
output_start        0x4               srv.o
hist1               0x400             colors.o
pwm1_init           0x4               srv.o
image_size          0x4               srv.o
ILqt                0x80              jpeg.o
heap_start          0x4               malloc.o
local_var_stack     0x640             c.o
pwm1_mode           0x4               srv.o
save_dct_ptr        0x4               srv.o
x_center            0x4               srv.o
sym_progn           0x4               lisp.o
lfailsafe           0x4               srv.o
prog                0x4               c.o
eof_val             0x4               lisp.o
edge_thresh         0x4               srv.o
piece_mat           0x8               chess.o
master              0x4               srv.o
bloby2              0x40              colors.o
mean                0xc               colors.o
functos             0x4               c.o
base_speed          0x4               srv.o
rspeed2             0x4               srv.o
stop_time           0x4               chess.o
tkbuffer            0x64              lisp.o
lspeed              0x4               srv.o
stop_search         0x4               chess.o
lheap_org           0x4               lisp.o
global_vars         0x640             c.o
hash_side           0x4               chess.o
vmax                0x44              colors.o
ply                 0x4               chess.o
token               0x50              c.o
hash_ep             0x100             chess.o
ugetc               0x1               lisp.o
CR                  0x80              jpeg.o
overlay_flag        0x4               srv.o
nodes               0x4               chess.o
lspeed2             0x4               srv.o
ep                  0x4               chess.o
call_stack          0xa0              c.o
err1                0x4               srv.o
my_two              0x4               lisp.o
deadbeef_seed       0x4               srv.o
cp                  0x4               srv.o
tok                 0x1               c.o
Lqt                 0x40              jpeg.o
hply                0x4               chess.o
output_end          0x4               srv.o
lvartos             0x4               c.o
CB                  0x80              jpeg.o
pwm2_mode           0x4               srv.o
fdct_temp           0x80              jpeg.o
start_time          0x4               chess.o
lisp_mode           0x4               lisp.o
func_table          0x5a0             c.o
xside               0x4               chess.o
framecount          0x4               srv.o
gc_status_flag      0x4               lisp.o
vmin                0x44              colors.o
fp                  0x4               lisp.o
heap_ptr            0x4               malloc.o
bloby1              0x40              colors.o
p_buf               0x4               c.o
pawn_rank           0x50              chess.o
dct_view_flag       0x4               srv.o
x_acc0              0x4               srv.o
ret_value           0x4               c.o
imgHead             0xb               srv.o
read_format         0x4               jpeg.o
castle              0x4               chess.o
pawn_mat            0x8               chess.o
lheap_end           0x4               lisp.o
silent_console      0x4               srv.o
edge_detect_flag    0x4               srv.o
lheap_1             0x4               lisp.o
imgHeight           0x4               srv.o
failsafe_clock      0x4               srv.o
blobx2              0x40              colors.o
func_index          0x4               c.o
dlist2              0xc               camera.o
y_center            0x4               srv.o
ugetf               0x4               lisp.o
xbuff               0x406             xmodem.o
errjmp              0xa4              c.o
lheap               0x4               lisp.o
lquit               0x4               lisp.o
old_lheap_used      0x4               lisp.o
dlist1              0xc               camera.o
unbound_marker      0x4               lisp.o
ymin                0x44              colors.o
umin                0x44              colors.o
rspeed              0x4               srv.o
frame_diff_flag     0x4               srv.o
gen_dat             0x4               chess.o
ix                  0x4               srv.o
book_file           0x4               chess.o
sym_lambda          0x4               lisp.o
Y1                  0x80              jpeg.o

Memory Configuration

Name             Origin             Length             Attributes
ram              0x00000000         0x02000000         xrw
l1code           0xffa00000         0x00010000         x
l1data_a         0xff800000         0x00008000         rw
l1data_b         0xff900000         0x00008000         rw
scratchpad       0xffb00000         0x00001000         rw
*default*        0x00000000         0xffffffff

Linker script and memory map


.sdram.text
 camera.o(.sdram.text)
 c.o(.sdram.text)
 lisp.o(.sdram.text)
 edit.o(.sdram.text)
 i2c.o(.sdram.text)
 stm_m25p32.o(.sdram.text)
 printf.o(.sdram.text)
 xmodem.o(.sdram.text)
 chess.o(.sdram.text)
 *(.gnu.warning)

.l1code         0xffa00000     0x563c
 main.o(.text)
 .text          0xffa00000      0x2b8 main.o
                0xffa00000                main
 math.o(.text)
 .text          0xffa002b8      0x200 math.o
                0xffa00384                __umodsi3
                0xffa003b6                __divsi3
                0xffa002b8                __udivsi3
 malloc.o(.text)
 .text          0xffa004b8      0x1a4 malloc.o
                0xffa00594                morecore
                0xffa0050c                free
                0xffa004b8                init_heap
                0xffa004f8                sbrk
                0xffa005d8                malloc
 srv.o(.text)
 .text          0xffa0065c     0x2e94 srv.o
                0xffa01344                motor_command
                0xffa01db4                process_i2c
                0xffa01eb0                restore_video
                0xffa0212c                xmodem_receive
                0xffa00e0c                clearRTC
                0xffa02b88                show_dct_coeff
                0xffa020f0                start_lisp_from_buffer
                0xffa01eec                invert_video
                0xffa008b4                grab_reference_frame
                0xffa00e1c                delayMS
                0xffa0153c                set_edge_thresh
                0xffa00b3c                setPPM1
                0xffa00fc8                rand
                0xffa02018                read_user_sector
                0xffa00d78                initRTC
                0xffa02478                serial_out_flashbuffer
                0xffa02170                camera_reset
                0xffa01f28                write_boot_flash
                0xffa008e8                initPWM
                0xffa00980                init_sonar
                0xffa02a60                recv_grab_code
                0xffa00f44                check_failsafe
                0xffa018e0                show_stack_ptr
                0xffa02cd8                process_colors
                0xffa018f0                laser_range
                0xffa018c8                show_heap_ptr
                0xffa014cc                overlay_on
                0xffa01804                lasers_off
                0xffa00740                clear_sdram
                0xffa00784                led1_on
                0xffa01448                change_image_quality
                0xffa00768                stack_remaining
                0xffa00cb4                check_bounds_0_100
                0xffa0088c                move_image
                0xffa01f8c                write_user_sector
                0xffa010d8                ppm2_command
                0xffa00a50                setPWM
                0xffa01d7c                show_laser_range
                0xffa020b0                crc_flash_buffer
                0xffa024e0                send_frame
                0xffa017dc                check_battery
                0xffa012b8                motor_increase_base_speed
                0xffa01640                ping_sonar
                0xffa01414                clear_flash_buffer
                0xffa01084                enable_failsafe
                0xffa01834                lasers_on
                0xffa01150                ppm1_command
                0xffa011c8                motor_action
                0xffa00d98                readRTC
                0xffa00cd0                motor_trim_right
                0xffa00774                led0_on
                0xffa00d24                motor_trim_left
                0xffa0065c                init_io
                0xffa01880                serial_out_version
                0xffa02104                start_cinterpreter
                0xffa01580                enable_dct_view
                0xffa00794                compute_frame_diff
                0xffa020d4                launch_editor
                0xffa023e4                grab_dct_coeff
                0xffa015a8                enable_edge_detect
                0xffa02c30                grab_frame
                0xffa015e0                enable_segmentation
                0xffa01fec                write_user_flash
                0xffa00e4c                motor_set
                0xffa0094c                initTMR4
                0xffa009a8                initPPM1
                0xffa02af4                grab_code_send
                0xffa00bf8                setPPM2
                0xffa01220                motor_decrease_base_speed
                0xffa009fc                initPPM2
                0xffa01864                serial_out_time
                0xffa007ec                set_caption
                0xffa014f4                disable_frame_diff
                0xffa00714                reset_cpu
                0xffa02070                read_user_flash
                0xffa01030                isqrt
                0xffa00f2c                reset_failsafe_clock
                0xffa020dc                start_lisp_from_console
                0xffa0105c                disable_failsafe
                0xffa02b24                show_dct_coeff310
                0xffa014a4                overlay_off
                0xffa01608                enable_frame_diff
                0xffa02324                camera_setup
 uart.o(.text)
 .text          0xffa034f0      0x314 uart.o
                0xffa03698                uart1SendChar
                0xffa0370c                uart1GetCh
                0xffa03674                uart0GetChar
                0xffa0353c                init_fast_uart0
                0xffa03634                uart0SendChars
                0xffa03658                uart0GetCh
                0xffa03608                uart0SendString
                0xffa035d8                uart0SendChar
                0xffa036e8                uart1SendChars
                0xffa034f0                init_uart0
                0xffa0374c                printNumber
                0xffa036bc                uart1SendString
                0xffa03728                uart1GetChar
                0xffa03588                init_uart1
 colors.o(.text)
 .text          0xffa03804      0xb28 colors.o
                0xffa03d2c                vmean
                0xffa03f98                edge_detect
                0xffa04138                svs_segcode
                0xffa03de4                color_segment
                0xffa039e8                vblob
                0xffa04290                svs_segview
                0xffa03804                init_colors
                0xffa03c60                vhist
                0xffa03854                vpix
                0xffa03888                vblok
 jpeg.o(.text)
 .text          0xffa0432c      0xeb4 jpeg.o
                0xffa04f90                DCT
                0xffa04984                close_bitstream
                0xffa04fa4                encodeMCU
                0xffa044bc                huffman
                0xffa049f8                write_markers
                0xffa050f8                encode_image
                0xffa04c18                initialize_quantization_tables
                0xffa04ddc                read_422_format
                0xffa0432c                initialization
                0xffa04404                levelshift
                0xffa04d0c                quantization
                0xffa04d5c                read_400_format
                0xffa04424                save_dct
 r8x8dct.o(.text)
 .text          0xffa051e0       0xf0 r8x8dct.o
                0xffa051e0                _r8x8dct
 spi.o(.text)
 .text          0xffa052d0      0x1e8 spi.o
                0xffa053b8                svs_master
                0xffa052d0                svs_slave
 uart.o(.text)
 setjmp.o(.text)
 .text          0xffa054b8      0x184 setjmp.o
                0xffa054b8                longjmp
                0xffa05580                setjmp

.text           0x00000000     0x808c
 .text          0x00000000       0xf0 camera.o
                0x00000000                camera_init
                0x000000a8                camera_start
                0x000000cc                camera_stop
 .text          0x000000f0     0x1cd0 c.o
                0x00000a68                get_params
                0x00000164                isdelim
                0x00001aa4                get_args
                0x00000dcc                eval_exp5
                0x000018ac                get
                0x0000135c                writei2c
                0x00000b90                interp_block
                0x00000250                is_var
                0x0000019c                internal_func
                0x00001044                eval_exp0
                0x00001440                readi2c
                0x000000f0                isalph
                0x0000071c                finish_check
                0x000007e8                input
                0x00000900                assign_var
                0x0000110c                resolution
                0x00000144                iswhite
                0x00000e6c                eval_exp3
                0x000007c0                imgcap
                0x00001be0                prescan
                0x00000b08                decl_local
                0x00000cd0                atom
                0x0000085c                find_var
                0x000013d8                readi2c2
                0x000019b0                exec_do
                0x00000780                crange
                0x000007d4                time
                0x00000f9c                eval_exp1
                0x00000c70                call
                0x00000a0c                local_push
                0x000001ec                look_up
                0x00001a80                func_ret
                0x00000798                crand
                0x00001330                sonar
                0x00001190                color
                0x000015d8                laser
                0x00001a00                exec_while
                0x0000099c                func_push
                0x00000f40                eval_exp2
                0x000010c0                eval_exp
                0x000015bc                imgdiff
                0x0000011c                putback
                0x000007ac                imgrcap
                0x00000e18                eval_exp4
                0x000018cc                set
                0x00001ce8                c
                0x000016d0                servo
                0x00001810                print
                0x00001a40                exec_if
                0x000009d4                func_pop
                0x000002e0                find_func
                0x00001640                servo2
                0x00001910                exec_for
                0x000014a0                blob
                0x0000160c                delay
                0x000003cc                get_token
                0x0000032c                sntx_err
                0x00000758                start_check
                0x00001760                motors
                0x00000818                find_eob
                0x00001b5c                decl_global
 .text          0x00001dc0     0x275c lisp.o
                0x00003cb4                our_subrs
                0x00002684                lrange
                0x00003a44                lreadparen
                0x00003e0c                init_subrs
                0x00002364                symbol_boundp
                0x000037a8                gc_protect
                0x00002698                lrand
                0x00003874                lreadtk
                0x0000205c                lconsole
                0x000037d0                cintern_soft
                0x00002860                setcdr
                0x00003b84                let_macro
                0x000028fc                car
                0x00003c88                init_subr
                0x00002114                envlookup
                0x00003428                leval_setq
                0x000024d8                greaterp
                0x000031ac                leval_and
                0x00001f64                lrobot
                0x00001ed4                leval_tenv
                0x00003ad0                repl
                0x00002808                cfib
                0x000026b8                quotient
                0x000021c0                setvar
                0x00002a14                lprin1
                0x00001ffc                ldelay
                0x00001f30                lasers
                0x00003228                leval_or
                0x000035f4                lerr
                0x00002540                flocons
                0x00002e08                syntax_define
                0x0000270c                difference
                0x00003b3c                cintern
                0x00002588                lping
                0x00003500                scan_newspace
                0x00002760                ltimes
                0x00003a84                lreadf
                0x00002b74                gc_status
                0x0000357c                scan_registers
                0x00002fd0                leval
                0x00002e80                extend_env
                0x00003944                lreadr
                0x000043fc                print_hs_2
                0x000036ec                flush_ws
                0x00002c18                cons
                0x00001f18                nullp
                0x00002da8                leval_lambda
                0x00002088                err
                0x00002268                closure
                0x00002014                lsignal
                0x000025e8                lcompass
                0x00002b70                leval_quote
                0x00004444                lisp
                0x00002f74                leval_let
                0x00002470                lessp
                0x00001ee0                unreadchar
                0x00002408                equalp
                0x00002d24                copy_list
                0x00003334                leval_if
                0x00001e18                eql
                0x0000364c                readchar
                0x000020c8                arglchk
                0x00002300                symbol_value
                0x00003388                leval_define
                0x000032e8                leval_while
                0x000027b4                plus
                0x00002b44                lprint
                0x00001e00                eq
                0x00004434                ldump
                0x00002d58                oblistfn
                0x000035ac                gc
                0x00001e58                symbolp
                0x00003290                leval_progn
                0x00002210                assq
                0x00002038                quit
                0x00002d68                lreverse
                0x0000362c                print_hs_1
                0x00002898                setcar
                0x00002674                ltime
                0x00001e78                get_newspace
                0x00003818                rintern
                0x00002928                lcolor
                0x00003458                gc_relocate
                0x00002ed4                leval_args
                0x00004220                init_storage
                0x00003774                must_malloc
                0x0000265c                linput
                0x000023bc                symcons
                0x00002c64                lblob
                0x00001de0                numberp
                0x000028d0                cdr
                0x00001dc0                consp
                0x000022b4                subrcons
                0x00003acc                lread
 .text          0x0000451c      0x340 edit.o
                0x000046b4                insert_char
                0x00004564                find_next_line
                0x0000472c                edit
                0x00004600                find_buffer_end
                0x0000451c                delete_char
                0x00004648                print_lines
                0x0000470c                print_help
                0x000045b4                find_previous_line
 .text          0x0000485c      0x1c8 i2c.o
                0x0000485c                i2cwrite
                0x0000492c                i2cread
 .text          0x00004a24      0x4d4 stm_m25p32.o
                0x00004b00                SetupSPI
                0x00004bc0                spi_read
                0x00004c58                Wait_For_WEL
                0x00004ae0                SPI_OFF
                0x00004cc0                WriteFlash
                0x00004e2c                spi_write
                0x00004a30                spi_init_r
                0x00004db0                EraseBlock
                0x00004c20                Wait_For_Status
                0x00004a7c                GetSectorNumber
                0x00004d5c                WriteData
                0x00004a24                spi_init_f
                0x00004bdc                ReadStatusRegister
                0x00004c8c                SendSingleCommand
                0x00004b30                ReadData
                0x00004a3c                Wait_For_SPIF
                0x00004aa4                udelay
 .text          0x00004ef8      0x338 printf.o
                0x000051f4                sprintf
                0x00005210                printf
 .text          0x00005230      0x4fc xmodem.o
                0x000052bc                xmodemTransmit
                0x0000526c                _inbyte
                0x00005230                crc16_ccitt
                0x00005534                xmodemReceive
 .text          0x0000572c     0x2670 chess.o
                0x00005e8c                gen
                0x0000741c                init_mem
                0x00005934                attack
                0x000073dc                free_mem
                0x00005bd0                gen_caps
                0x00007370                open_book
                0x000072dc                hash_rand
                0x000073bc                flush_input
                0x00005a9c                gen_promote
                0x0000572c                parse_move
                0x00007470                scan
                0x000069b0                eval_dark_king
                0x00006d34                reps
                0x00007038                book_match
                0x00005898                init_board
                0x00006838                eval_lkp
                0x00006898                eval_light_king
                0x00007688                search
                0x00006d9c                sort_pv
                0x000066d8                getline
                0x00006a84                eval
                0x00005a58                in_check
                0x000074b0                get_ms
                0x00006798                eval_dark_pawn
                0x000078a0                think
                0x00006704                eval_light_pawn
                0x000074ec                quiesce
                0x00006960                eval_dkp
                0x0000707c                move_str
                0x00006e28                sort
                0x000074b4                checkup
                0x00007aa0                chess
                0x00007300                init_hash
                0x00006ea4                print_result
                0x00007154                book_move
                0x00005afc                gen_push
                0x000057f4                set_hash
                0x000061f8                takeback
                0x00006368                makemove
                0x00006f7c                print_board
 .text          0x00007d9c       0xd0 init.o
                0x00007d9c                initcode
 .text          0x00007e6c      0x220 string.o
                0x00007e6c                strcmp
                0x00007eb4                atoi
                0x00008034                memcpy
                0x00008050                memset
                0x00007f98                itoa
                0x00008064                strdup
                0x00007f60                reverse
                0x00007e8c                strchr
                0x00007ea4                strcpy
                0x00008028                isdigit
                0x00007f40                strlen

.l1data         0xff800000     0x2084
 *(.data)
 .data          0xff800000        0x0 camera.o
 .data          0xff800000      0x194 c.o
                0xff8000d4                intern_func
                0xff800000                table
                0xff80018c                relops
 .data          0xff800194        0x0 lisp.o
 .data          0xff800194        0x0 edit.o
 .data          0xff800194        0x0 i2c.o
 .data          0xff800194        0x0 stm_m25p32.o
 .data          0xff800194        0x0 printf.o
 .data          0xff800194        0x0 xmodem.o
 .data          0xff800194      0xcf0 chess.o
                0xff80086c                piece_value
                0xff800884                pawn_pcsq
                0xff800664                piece_char
                0xff80076c                init_piece
                0xff800d84                flip
                0xff800a84                bishop_pcsq
                0xff800c84                king_endgame_pcsq
                0xff800474                slide
                0xff800374                mailbox64
                0xff800194                mailbox
                0xff800564                castle_mask
                0xff800b84                king_pcsq
                0xff800984                knight_pcsq
                0xff8004a4                offset
                0xff80048c                offsets
                0xff80066c                init_color
 .data          0xff800e84        0x0 main.o
 .data          0xff800e84        0x0 math.o
 .data          0xff800e84        0x0 malloc.o
 .data          0xff800e84      0x910 srv.o
                0xff8012e6                vhpel
                0xff80128c                version_string
                0xff800e8c                font8x8
                0xff800e84                fontmask
                0xff8012f8                deadbeef_beef
                0xff8012b4                frame
                0xff8012d4                hhpel
 .data          0xff801794        0x0 uart.o
 .data          0xff801794        0x0 colors.o
 .data          0xff801794      0x8f0 jpeg.o
                0xff801fc4                zigzag_table
                0xff8017ec                chrominance_dc_size_table
                0xff801a8c                chrominance_ac_code_table
                0xff801948                luminance_ac_size_table
                0xff801804                luminance_ac_code_table
                0xff8017bc                luminance_dc_size_table
                0xff8017d4                chrominance_dc_code_table
                0xff802004                luminance_quant_table
                0xff801e14                markerdata
                0xff8017a4                luminance_dc_code_table
                0xff801794                fdct_coeff
                0xff802044                chrominance_quant_table
                0xff801d14                bitsize
                0xff801bd0                chrominance_ac_size_table
 .data          0xff802084        0x0 r8x8dct.o
 .data          0xff802084        0x0 spi.o
 .data          0xff802084        0x0 setjmp.o
 .data          0xff802084        0x0 init.o
 .data          0xff802084        0x0 string.o
 *(.l1data)
 *(.l1data.a)

.l1data.b
 *(.l1data.b)

.rodata         0xff802084     0x1a1c
 *(.rodata .rodata.* .gnu.linkonce.r.*)
 .rodata.str1.4
                0xff802084      0x2cd c.o
                                0x2dc (size before relaxing)
 *fill*         0xff802351        0x3 00
 .rodata        0xff802354       0x94 c.o
 .rodata        0xff8023e8       0xa8 lisp.o
 .rodata.str1.4
                0xff802490      0x670 lisp.o
                                0x6cc (size before relaxing)
 .rodata.str1.4
                0xff802b00       0xb2 edit.o
                                 0xb4 (size before relaxing)
 *fill*         0xff802bb2        0x2 00
 .rodata        0xff802bb4       0x5c edit.o
 .rodata.str1.4
                0xff802c10        0x7 printf.o
                                  0x8 (size before relaxing)
 *fill*         0xff802c17        0x1 00
 .rodata        0xff802c18      0x200 xmodem.o
 .rodata        0xff802e18       0x30 chess.o
 .rodata.str1.4
                0xff802e48      0x34c chess.o
                                0x358 (size before relaxing)
 .rodata        0xff803194      0x23c main.o
 .rodata        0xff8033d0       0xa8 srv.o
 .rodata.str1.4
                0xff803478      0x57a srv.o
                                0x58c (size before relaxing)
 *fill*         0xff8039f2        0x2 00
 .rodata        0xff8039f4       0x10 uart.o
 .rodata        0xff803a04       0x40 jpeg.o
 .rodata.str1.4
                0xff803a44       0x5c spi.o

.data
 *(.data .data.* .gnu.linkonce.d.*)

.ctors
 *crtbegin*.o(.ctors)
 *(EXCLUDE_FILE(*crtend*.o) .ctors)
 *(SORT(.ctors.*))
 *(.ctors)

.dtors
 *crtbegin*.o(.dtors)
 *(EXCLUDE_FILE(*crtend*.o) .dtors)
 *(SORT(.dtors.*))
 *(.dtors)

.sdram.bss      0x0000808c        0x0
                0x0000808c                __sdram_bss_start = .
 *(.bss.sdram)
                0x0000808c                . = ALIGN (0x4)
                0x0000808c                __sdram_bss_end = .

.bss            0xff900000     0x39e0
                0xff900000                __bss_start = .
 *(.dynbss)
 *(.bss .bss.* .gnu.linkonce.b.*)
 .bss           0xff900000        0x0 camera.o
 .bss           0xff900000        0x0 c.o
 .bss           0xff900000        0x0 lisp.o
 .bss           0xff900000       0x10 edit.o
 .bss           0xff900010        0x0 i2c.o
 .bss           0xff900010        0x0 stm_m25p32.o
 .bss           0xff900010        0x0 printf.o
 .bss           0xff900010        0x0 xmodem.o
 .bss           0xff900010        0xc chess.o
                0xff900010                ftime_ok
 .bss           0xff90001c        0x0 main.o
 .bss           0xff90001c        0x0 math.o
 .bss           0xff90001c        0x4 malloc.o
                0xff90001c                allocp
 .bss           0xff900020        0x8 srv.o
                0xff900024                failsafe_mode
                0xff900020                save_dct_flag
 .bss           0xff900028        0x0 uart.o
 .bss           0xff900028        0x0 colors.o
 .bss           0xff900028        0x8 jpeg.o
                0xff900028                lcode
                0xff90002c                bitindex
 .bss           0xff900030        0x0 r8x8dct.o
 .bss           0xff900030        0x0 spi.o
 .bss           0xff900030        0x0 setjmp.o
 .bss           0xff900030        0x0 init.o
 .bss           0xff900030        0x0 string.o
 *(COMMON)
 COMMON         0xff900030       0x18 camera.o
                0xff900030                dlist2
                0xff90003c                dlist1
 COMMON         0xff900048     0x13d8 c.o
                0xff900048                gvar_index
                0xff90004c                token_type
                0xff900050                local_var_stack
                0xff900690                prog
                0xff900694                functos
                0xff900698                global_vars
                0xff900cd8                token
                0xff900d28                call_stack
                0xff900dc8                tok
                0xff900dcc                lvartos
                0xff900dd0                func_table
                0xff901370                p_buf
                0xff901374                ret_value
                0xff901378                func_index
                0xff90137c                errjmp
 COMMON         0xff901420       0xc8 lisp.o
                0xff901420                protected_registers
                0xff901424                lheap_2
                0xff901428                sym_errobj
                0xff90142c                which_lheap
                0xff901430                oblist
                0xff901434                my_one
                0xff901438                sym_quote
                0xff90143c                truth
                0xff901440                lheap_size
                0xff901444                sym_progn
                0xff901448                eof_val
                0xff90144c                tkbuffer
                0xff9014b0                lheap_org
                0xff9014b4                ugetc
                0xff9014b8                my_two
                0xff9014bc                lisp_mode
                0xff9014c0                gc_status_flag
                0xff9014c4                fp
                0xff9014c8                lheap_end
                0xff9014cc                lheap_1
                0xff9014d0                ugetf
                0xff9014d4                lheap
                0xff9014d8                lquit
                0xff9014dc                old_lheap_used
                0xff9014e0                unbound_marker
                0xff9014e4                sym_lambda
 COMMON         0xff9014e8      0x406 xmodem.o
                0xff9014e8                xbuff
 *fill*         0xff9018ee        0x2 00
 COMMON         0xff9018f0      0xfb4 chess.o
                0xff9018f0                pv_length
                0xff901970                fifty
                0xff901974                first_move
                0xff9019f4                max_time
                0xff9019f8                hash_piece
                0xff9025f8                side
                0xff9025fc                piece
                0xff9026fc                follow_pv
                0xff902700                hash
                0xff902704                pv
                0xff902708                hist_dat
                0xff90270c                history
                0xff902710                max_depth
                0xff902714                piece_mat
                0xff90271c                stop_time
                0xff902720                stop_search
                0xff902724                hash_side
                0xff902728                ply
                0xff90272c                hash_ep
                0xff90282c                nodes
                0xff902830                ep
                0xff902834                hply
                0xff902838                start_time
                0xff90283c                xside
                0xff902840                pawn_rank
                0xff902890                castle
                0xff902894                pawn_mat
                0xff90289c                gen_dat
                0xff9028a0                book_file
 COMMON         0xff9028a4       0x14 malloc.o
                0xff9028a4                base
                0xff9028ac                heap_end
                0xff9028b0                heap_start
                0xff9028b4                heap_ptr
 COMMON         0xff9028b8       0xc0 srv.o
                0xff9028b8                imgWidth
                0xff9028bc                rfailsafe
                0xff9028c0                j
                0xff9028c4                x_acc
                0xff9028c8                i
                0xff9028cc                segmentation_flag
                0xff9028d0                pwm2_init
                0xff9028d4                sonar_data
                0xff9028e8                y_acc0
                0xff9028ec                quality
                0xff9028f0                y_acc
                0xff9028f4                output_start
                0xff9028f8                pwm1_init
                0xff9028fc                image_size
                0xff902900                pwm1_mode
                0xff902904                save_dct_ptr
                0xff902908                x_center
                0xff90290c                lfailsafe
                0xff902910                edge_thresh
                0xff902914                master
                0xff902918                base_speed
                0xff90291c                rspeed2
                0xff902920                lspeed
                0xff902924                overlay_flag
                0xff902928                lspeed2
                0xff90292c                err1
                0xff902930                deadbeef_seed
                0xff902934                cp
                0xff902938                output_end
                0xff90293c                pwm2_mode
                0xff902940                framecount
                0xff902944                dct_view_flag
                0xff902948                x_acc0
                0xff90294c                imgHead
                0xff902958                silent_console
                0xff90295c                edge_detect_flag
                0xff902960                imgHeight
                0xff902964                failsafe_clock
                0xff902968                y_center
                0xff90296c                rspeed
                0xff902970                frame_diff_flag
                0xff902974                ix
 COMMON         0xff902978      0xae4 colors.o
                0xff902978                blobcnt
                0xff9029b8                ymax
                0xff9029fc                blobx1
                0xff902a3c                umax
                0xff902a80                hist0
                0xff902e80                hist1
                0xff903280                bloby2
                0xff9032c0                mean
                0xff9032cc                vmax
                0xff903310                vmin
                0xff903354                bloby1
                0xff903394                blobx2
                0xff9033d4                ymin
                0xff903418                umin
 COMMON         0xff90345c      0x584 jpeg.o
                0xff90345c                Y2
                0xff9034dc                Temp
                0xff90355c                Cqt
                0xff90359c                Y3
                0xff90361c                Y4
                0xff90369c                ICqt
                0xff90371c                ILqt
                0xff90379c                CR
                0xff90381c                Lqt
                0xff90385c                CB
                0xff9038dc                fdct_temp
                0xff90395c                read_format
                0xff903960                Y1
                0xff9039e0                . = ALIGN (0x4)
                0xff9039e0                __bss_end = .
                0xffb00ffc                . = 0xffb00ffc
                0xffb00ffc                PROVIDE (_supervisor_stack, .)
LOAD init.o
LOAD main.o
LOAD srv.o
LOAD uart.o
LOAD camera.o
LOAD jpeg.o
LOAD i2c.o
LOAD stm_m25p32.o
LOAD xmodem.o
LOAD colors.o
LOAD edit.o
LOAD malloc.o
LOAD string.o
LOAD spi.o
LOAD lisp.o
LOAD c.o
LOAD printf.o
LOAD chess.o
LOAD r8x8dct.o
LOAD math.o
LOAD setjmp.o
OUTPUT(srv1.bin elf32-bfin)

.comment        0x00000000      0x1f8
 .comment       0x00000000       0x1c camera.o
 .comment       0x0000001c       0x1c c.o
 .comment       0x00000038       0x1c lisp.o
 .comment       0x00000054       0x1c edit.o
 .comment       0x00000070       0x1c i2c.o
 .comment       0x0000008c       0x1c stm_m25p32.o
 .comment       0x000000a8       0x1c printf.o
 .comment       0x000000c4       0x1c xmodem.o
 .comment       0x000000e0       0x1c chess.o
 .comment       0x000000fc       0x1c main.o
 .comment       0x00000118       0x1c malloc.o
 .comment       0x00000134       0x1c srv.o
 .comment       0x00000150       0x1c uart.o
 .comment       0x0000016c       0x1c colors.o
 .comment       0x00000188       0x1c jpeg.o
 .comment       0x000001a4       0x1c spi.o
 .comment       0x000001c0       0x1c init.o
 .comment       0x000001dc       0x1c string.o
