
Allocating common symbols
Common symbol       size              file

imgWidth            0x4               srv.o
rfailsafe           0x4               srv.o
j                   0x4               srv.o
Y2                  0x80              jpeg.o
x_acc               0x4               srv.o
i                   0x4               srv.o
invert_flag         0x4               srv.o
blobcnt             0xfc              colors.o
segmentation_flag   0x4               srv.o
move_stop_time      0x4               srv.o
Temp                0x80              jpeg.o
Cqt                 0x40              jpeg.o
ymax                0x44              colors.o
blobx1              0xfc              colors.o
pwm2_init           0x4               srv.o
Y3                  0x80              jpeg.o
base                0x8               malloc.o
sonar_data          0x14              srv.o
weights             0x1400            neural.o
teach_neurons       0x40              neural.o
nerror              0x80              neural.o
CStdOut             0x10              picoc/clibrary.o
y_acc0              0x4               srv.o
StringHashTable     0x184             picoc/table.o
CharArrayType       0x4               picoc/type.o
Y4                  0x80              jpeg.o
FunctionType        0x24              picoc/type.o
umax                0x44              colors.o
ICqt                0x80              jpeg.o
hist0               0x400             colors.o
heap_end            0x4               malloc.o
quality             0x4               srv.o
move_start_time     0x4               srv.o
ExitBuf             0xa4              picoc/platform_surveyor.o
y_acc               0x4               srv.o
output_start        0x4               srv.o
hist1               0x400             colors.o
lcount              0x4               srv.o
pwm1_init           0x4               srv.o
image_size          0x4               srv.o
ILqt                0x80              jpeg.o
heap_start          0x4               malloc.o
pwm1_mode           0x4               srv.o
neurons             0x180             neural.o
StringLiteralHashTable
                    0x184             picoc/variable.o
x_center            0x4               srv.o
blobix              0xfc              colors.o
EnumType            0x24              picoc/type.o
VoidType            0x24              picoc/type.o
lfailsafe           0x4               srv.o
edge_thresh         0x4               srv.o
horizon_detect_flag
                    0x4               srv.o
master              0x4               srv.o
bloby2              0xfc              colors.o
mean                0xc               colors.o
base_speed          0x4               srv.o
rspeed2             0x4               srv.o
lspeed              0x4               srv.o
GlobalHashTable     0x184             picoc/variable.o
vmax                0x44              colors.o
CR                  0x80              jpeg.o
overlay_flag        0x4               srv.o
StringTable         0x8               picoc/table.o
lspeed2             0x4               srv.o
err1                0x4               srv.o
cp                  0x4               srv.o
Lqt                 0x40              jpeg.o
GlobalTable         0x8               picoc/variable.o
MacroType           0x24              picoc/type.o
CharType            0x24              picoc/type.o
output_end          0x4               srv.o
CB                  0x80              jpeg.o
pwm2_mode           0x4               srv.o
CharPtrType         0x4               picoc/type.o
obstacle_detect_flag
                    0x4               srv.o
fdct_temp           0x80              jpeg.o
gps_gga             0x18              gps.o
StringLiteralTable  0x8               picoc/variable.o
framecount          0x4               srv.o
vmin                0x44              colors.o
heap_ptr            0x4               malloc.o
bloby1              0xfc              colors.o
WordType            0x24              picoc/type.o
rcount              0x4               srv.o
x_acc0              0x4               srv.o
IntType             0x24              picoc/type.o
imgHead             0xb               srv.o
read_format         0x4               jpeg.o
edge_detect_flag    0x4               srv.o
encoder_flag        0x4               srv.o
imgHeight           0x4               srv.o
UberType            0x24              picoc/type.o
failsafe_clock      0x4               srv.o
blobx2              0xfc              colors.o
move_time_mS        0x4               srv.o
dlist2              0xc               camera.o
y_center            0x4               srv.o
xbuff               0x406             xmodem.o
xwd_init            0x4               srv.o
dlist1              0xc               camera.o
ymin                0x44              colors.o
umin                0x44              colors.o
rspeed              0x4               srv.o
base_speed2         0x4               srv.o
frame_diff_flag     0x4               srv.o
ix                  0x4               srv.o
Y1                  0x80              jpeg.o
robot_moving        0x4               srv.o

Memory Configuration

Name             Origin             Length             Attributes
ram              0x00000000         0x02000000         xrw
l1code           0xffa00000         0x00010000         x
l1data_a         0xff800000         0x00008000         rw
l1data_b         0xff900000         0x00008000         rw
scratchpad       0xffb00000         0x00001000         rw
*default*        0x00000000         0xffffffff

Linker script and memory map


.sdram.text
 camera.o(.sdram.text)
 edit.o(.sdram.text)
 httpd.o(.sdram.text)
 i2c.o(.sdram.text)
 stm_m25p32.o(.sdram.text)
 printf.o(.sdram.text)
 xmodem.o(.sdram.text)
 float.o(.sdram.text)
 gps.o(.sdram.text)
 myfunc.o(.sdram.text)
 *(.gnu.warning)

.l1code         0xffa00000     0x82d0
 main.o(.text)
 .text          0xffa00000      0x368 main.o
                0xffa00000                main
 math.o(.text)
 .text          0xffa00368      0x200 math.o
                0xffa00434                __umodsi3
                0xffa00466                __divsi3
                0xffa00368                __udivsi3
 malloc.o(.text)
 .text          0xffa00568      0x1a4 malloc.o
                0xffa00644                morecore
                0xffa005bc                free
                0xffa00568                init_heap
                0xffa005a8                sbrk
                0xffa00688                malloc
 string.o(.text)
 .text          0xffa0070c      0x3a4 string.o
                0xffa0070c                strcmp
                0xffa00788                strncpy
                0xffa007c0                atoi
                0xffa0093c                memcpy
                0xffa00984                memset
                0xffa00998                ctoi
                0xffa008a4                itoa
                0xffa00a88                strdup
                0xffa0086c                reverse
                0xffa009e0                strpbrk
                0xffa00760                strchr
                0xffa00778                strcpy
                0xffa00a18                strtok
                0xffa0072c                strncmp
                0xffa00930                isdigit
                0xffa0084c                strlen
                0xffa009b0                atoi_b16
 srv.o(.text)
 .text          0xffa00ab0     0x41d8 srv.o
                0xffa02238                motor_command
                0xffa02d74                process_i2c
                0xffa0270c                restore_video
                0xffa03454                xmodem_receive
                0xffa01708                clearRTC
                0xffa0189c                delayUS
                0xffa03dd4                motion_vect80x64
                0xffa02758                invert_video
                0xffa00d28                grab_reference_frame
                0xffa01718                delayMS
                0xffa0233c                set_edge_thresh
                0xffa0190c                delayNS
                0xffa01270                setPPM1
                0xffa01bb0                rand
                0xffa02024                testSD
                0xffa02cd4                tilt
                0xffa03378                read_user_sector
                0xffa014a4                initRTC
                0xffa0376c                serial_out_flashbuffer
                0xffa00dc8                move_yuv422_to_planar
                0xffa034c0                camera_reset
                0xffa04c10                check_for_autorun
                0xffa027a0                init_tilt
                0xffa03188                write_boot_flash
                0xffa02d48                read_tilt
                0xffa00f24                initPWM
                0xffa0100c                init_sonar
                0xffa01998                check_failsafe
                0xffa02014                show_stack_ptr
                0xffa02c50                read_compass
                0xffa041cc                process_colors
                0xffa027d0                laser_range
                0xffa01ffc                show_heap_ptr
                0xffa01e14                overlay_on
                0xffa011d0                setPWM2
                0xffa01f78                lasers_off
                0xffa00bb4                clear_sdram
                0xffa00bf8                led1_on
                0xffa022f0                change_image_quality
                0xffa00bdc                stack_remaining
                0xffa013e8                check_bounds_0_100
                0xffa00d00                move_image
                0xffa0325c                write_user_sector
                0xffa0236c                process_neuralnet
                0xffa02180                motor2_command
                0xffa020c0                ppm2_command
                0xffa010e4                setPWM
                0xffa00f88                initPWM2
                0xffa01c5c                read_encoders
                0xffa03070                init_analog
                0xffa02c34                show_laser_range
                0xffa03428                crc_flash_buffer
                0xffa03858                send_frame
                0xffa01f50                check_battery
                0xffa01d54                motor_increase_base_speed
                0xffa01f20                ping_sonar
                0xffa00dac                copy_image
                0xffa01e94                enable_horizon_detect
                0xffa01a54                encoders
                0xffa01dc8                clear_flash_buffer
                0xffa0206c                enable_failsafe
                0xffa01f98                lasers_on
                0xffa02120                ppm1_command
                0xffa01ca0                motor_action
                0xffa014c4                readRTC
                0xffa01404                motor_trim_right
                0xffa00be8                led0_on
                0xffa01454                motor_trim_left
                0xffa00ab0                init_io
                0xffa01fd4                serial_out_version
                0xffa01538                sonar
                0xffa01a1c                init_encoders
                0xffa00c08                compute_frame_diff
                0xffa0344c                launch_editor
                0xffa03f58                motion_vect_test
                0xffa01ebc                enable_edge_detect
                0xffa04034                grab_frame
                0xffa01ee4                enable_segmentation
                0xffa032bc                write_user_flash
                0xffa037d4                send_80x64planar
                0xffa01748                motor_set
                0xffa00fd8                initTMR4
                0xffa0103c                initPPM1
                0xffa0132c                setPPM2
                0xffa01ce0                motor_decrease_base_speed
                0xffa01090                initPPM2
                0xffa01e6c                enable_obstacle_detect
                0xffa032e8                read_double_sector
                0xffa01fb8                serial_out_time
                0xffa00c60                set_caption
                0xffa01e2c                disable_frame_diff
                0xffa00e0c                scale_image_to_80x64_planar
                0xffa00b88                reset_cpu
                0xffa033e8                read_user_flash
                0xffa031dc                write_double_sector
                0xffa02ef4                analog
                0xffa01980                reset_failsafe_clock
                0xffa01c88                disable_failsafe
                0xffa03034                read_analog
                0xffa01dfc                overlay_off
                0xffa01efc                enable_frame_diff
                0xffa03698                camera_setup
                0xffa00d5c                move_inverted
 uart.o(.text)
 .text          0xffa04c88      0x4fc uart.o
                0xffa04e9c                uart1SendChar
                0xffa04f10                uart1GetCh
                0xffa04e68                uart0GetChar
                0xffa04e28                uart0SendChars
                0xffa05108                suartPutChar
                0xffa04e4c                uart0GetCh
                0xffa04dfc                uart0SendString
                0xffa04dcc                uart0SendChar
                0xffa04d44                uart0_CTS
                0xffa04eec                uart1SendChars
                0xffa04ce0                init_uart0
                0xffa04e8c                uart0Signal
                0xffa04c88                suartInit
                0xffa04f60                printNumber
                0xffa05048                suartGetChar
                0xffa04ec0                uart1SendString
                0xffa04f2c                uart1GetChar
                0xffa04f50                uart1Signal
                0xffa04d68                init_uart1
 colors.o(.text)
 .text          0xffa05184     0x1228 colors.o
                0xffa05330                vmean
                0xffa056a4                edge_detect
                0xffa055a4                vfind
                0xffa0583c                svs_segcode
                0xffa05c18                vhorizon
                0xffa053f4                color_segment
                0xffa05adc                addvect
                0xffa05e98                vblob
                0xffa05208                blob_merge
                0xffa05a44                svs_segview
                0xffa05184                init_colors
                0xffa0598c                vscan
                0xffa05264                vhist
                0xffa05b68                addline
                0xffa051d4                vpix
 jpeg.o(.text)
 .text          0xffa063ac      0xd9c jpeg.o
                0xffa06f58                DCT
                0xffa06950                close_bitstream
                0xffa06f6c                encodeMCU
                0xffa06498                huffman
                0xffa069c4                write_markers
                0xffa07068                encode_image
                0xffa06be4                initialize_quantization_tables
                0xffa06da4                read_422_format
                0xffa063ac                initialization
                0xffa06478                levelshift
                0xffa06cd4                quantization
                0xffa06d24                read_400_format
 r8x8dct.o(.text)
 .text          0xffa07148       0xf0 r8x8dct.o
                0xffa07148                _r8x8dct
 motionvect.o(.text)
 .text          0xffa07238      0x950 motionvect.o
                0xffa076a0                hpel
                0xffa07a00                _mve_core
                0xffa078b0                _hpel_core2
                0xffa07790                _hpel_core1
                0xffa07238                _motionvect
 uart.o(.text)
 setjmp.o(.text)
 .text          0xffa07b88      0x184 setjmp.o
                0xffa07b88                longjmp
                0xffa07c50                setjmp
 neural.o(.text)
 .text          0xffa07d0c      0x5c4 neural.o
                0xffa080ac                nnpack8x8
                0xffa08298                nninit_network
                0xffa08128                nndisplay
                0xffa07da4                f_logic
                0xffa07e04                nncalculate_network
                0xffa07eec                nncalculate_errors
                0xffa081bc                nntrain_network
                0xffa081a8                nninit_pattern
                0xffa07d0c                nnset_pattern
                0xffa07fa0                nnscale8x8

.text           0x00000000     0x9624
 .text          0x00000000       0xf0 camera.o
                0x00000000                camera_init
                0x000000a8                camera_start
                0x000000cc                camera_stop
 .text          0x000000f0      0x33c edit.o
                0x00000288                insert_char
                0x00000138                find_next_line
                0x00000300                edit
                0x000001d4                find_buffer_end
                0x000000f0                delete_char
                0x0000021c                print_lines
                0x000002e0                print_help
                0x00000188                find_previous_line
 .text          0x0000042c      0x650 httpd.o
                0x00000600                binary_camera_frame
                0x00000678                httpd_get
                0x00000490                base64_camera_frame
                0x0000042c                httpd_post
                0x00000438                clean_buffer
 .text          0x00000a7c      0x290 i2c.o
                0x00000b4c                i2cwritex
                0x00000a7c                i2cwrite
                0x00000c14                i2cread
 .text          0x00000d0c      0x4d4 stm_m25p32.o
                0x00000de8                SetupSPI
                0x00000ea8                spi_read
                0x00000f40                Wait_For_WEL
                0x00000dc8                SPI_OFF
                0x00000fa8                WriteFlash
                0x00001114                spi_write
                0x00000d18                spi_init_r
                0x00001098                EraseBlock
                0x00000f08                Wait_For_Status
                0x00000d64                GetSectorNumber
                0x00001044                WriteData
                0x00000d0c                spi_init_f
                0x00000ec4                ReadStatusRegister
                0x00000f74                SendSingleCommand
                0x00000e18                ReadData
                0x00000d24                Wait_For_SPIF
                0x00000d8c                udelay
 .text          0x000011e0      0x334 printf.o
                0x000014dc                sprintf
                0x000014f8                printf
 .text          0x00001514      0x4fc xmodem.o
                0x000015a0                xmodemTransmit
                0x00001550                _inbyte
                0x00001514                crc16_ccitt
                0x00001818                xmodemReceive
 .text          0x00001a10      0xb9c float.o
                0x00001a10                bytesToFloat
                0x000022f8                printFloat
                0x00002144                bigMulti
                0x000022e0                power
                0x00001fac                isOne
                0x00001a40                minus
                0x00002490                printBinary
                0x00002058                intToFloat
                0x00001a4c                divFloat
                0x00001a34                parseFloat
                0x00002540                printExponent
                0x00002568                printMantissa
                0x0000204c                lteFloat
                0x00001b08                addFloat
                0x000021c0                mulFloat
                0x00001fbc                gteFloat
                0x00001dfc                subFloat
                0x000024d0                floatInBinary
 .text          0x000025ac      0xedc gps.o
                0x00002758                tan
                0x00002980                atan
                0x00002b40                gps_dist
                0x00002864                asin
                0x00002c6c                read_ublox
                0x000028f0                acos
                0x00002a78                gps_head
                0x00002688                cos
                0x000025ac                sin
                0x00002cb4                gps_parse
                0x000033e0                gps_show
                0x00002a4c                isqrt
 .text          0x00003488       0x28 myfunc.o
                0x00003488                myfunc
 .text          0x000034b0       0xd0 init.o
                0x000034b0                initcode
 .text          0x00003580      0x4f8 sdcard.o
                0x0000372c                GetCardParams
                0x000035c4                CloseSD
                0x00003950                ReadMultipleBlocks
                0x0000380c                EraseBlocks
                0x000039e8                WriteMultipleBlocks
                0x00003580                InitSD
                0x000036a8                GetToken
                0x00003864                WriteSector
                0x000036e4                CardInit
                0x000038e8                ReadSector
                0x00003624                SendCommand
                0x000035d4                WriteByte
 .text          0x00003a78      0x128 picoc/picoc.o
                0x00003af4                picoc
                0x00003a98                Initialise
                0x00003a78                Cleanup
 .text          0x00003ba0      0x28c picoc/table.o
                0x00003d74                TableStrRegister
                0x00003bdc                TableGet
                0x00003c60                TableStrFree
                0x00003ca4                TableSetIdentifier
                0x00003ddc                TableInitTable
                0x00003d60                TableStrRegister2
                0x00003c10                TableDelete
                0x00003d90                TableSet
                0x00003df0                TableInit
 .text          0x00003e2c      0xdd4 picoc/lex.o
                0x00004190                LexInteractiveClear
                0x00004bd4                LexInit
                0x00004328                LexGetCharacterConstant
                0x0000410c                LexInitParser
                0x0000437c                LexGetWord
                0x000041dc                LexCleanup
                0x00003e2c                LexCheckReservedWord
                0x00004134                LexInteractiveCompleted
                0x000041e4                LexCopyTokens
                0x00004124                LexInteractiveStatementPrompt
                0x00003f9c                LexUnEscapeCharacter
                0x00004ba0                LexToEndOfLine
                0x00003e90                LexGetNumber
                0x00003e54                IsBaseDigit
                0x000048ac                LexAnalyse
                0x000048cc                LexGetToken
                0x0000406c                LexSkipComment
                0x000040e4                LexTokenSize
                0x00004510                LexScanGetToken
                0x000047fc                LexTokenise
                0x000043f8                LexGetStringConstant
 .text          0x00004c00      0xbd8 picoc/parse.o
                0x00004cc8                ParseFunctionDefinition
                0x000055bc                ParseBlock
                0x00004ee8                ParseDeclaration
                0x00004c10                ParseCleanup
                0x00004c00                ParserCopyPos
                0x00005644                ParseStatementMaybeRun
                0x00005678                ParseFor
                0x00005538                Parse
                0x00005058                ParseStatement
                0x00004c24                ParseMacroDefinition
                0x000054c4                ParseInteractive
 .text          0x000057d8     0x1228 picoc/expression.o
                0x00005b48                ExpressionPostfixOperator
                0x000066b8                ExpressionParseInt
                0x00005ae0                ExpressionPushInt
                0x00005a14                ExpressionAssignToPointer
                0x00005884                ExpressionGetStructElement
                0x000059cc                ExpressionStackPushDereference
                0x00005ca4                ExpressionPrefixOperator
                0x00005830                ExpressionStackPushOperator
                0x000057e4                ExpressionAssignInt
                0x000057d8                debugf
                0x000062d4                ExpressionStackCollapse
                0x00005b18                ExpressionStackPushValueByType
                0x00005eb8                ExpressionStackPushValue
                0x00006738                ExpressionParseFunctionCall
                0x00005edc                ExpressionInfixOperator
                0x00005860                ExpressionStackPushValueNode
                0x000063c0                ExpressionParse
                0x00005e88                ExpressionStackPushLValue
 .text          0x00006a00      0x238 picoc/heap.o
                0x00006ab8                HeapFree
                0x00006bec                HeapAllocStack
                0x00006a74                HeapPushStackFrame
                0x00006a94                HeapPopStackFrame
                0x00006b10                HeapAlloc
                0x00006a4c                HeapPopStack
                0x00006a00                HeapInit
 .text          0x00006c38      0x7f0 picoc/type.o
                0x00006c68                TypeStackSizeValue
                0x00006d38                TypeInit
                0x000073d8                TypeCleanupNode
                0x00006cc8                TypeAddBaseType
                0x00006fc0                TypeParseStruct
                0x00006c7c                TypeLastAccessibleOffset
                0x0000741c                TypeCleanup
                0x00006ca0                TypeSize
                0x00007214                TypeParse
                0x00007240                TypeParseIdentPart
                0x00006df0                TypeGetMatching
                0x0000717c                TypeParseFront
                0x00006c38                TypeSizeValue
                0x00006cf8                TypeAdd
                0x00006e64                TypeParseEnum
 .text          0x00007428      0x658 picoc/variable.o
                0x0000756c                VariableDefined
                0x000077a0                VariableStackPop
                0x000075c4                VariableStackFramePop
                0x000078b4                VariableAllocValueAndData
                0x000078ec                VariableDefinePlatformVar
                0x000076e0                VariableFree
                0x00007780                VariableCleanup
                0x000074d8                VariableStringLiteralDefine
                0x00007a38                VariableAllocValueFromType
                0x0000773c                VariableTableCleanup
                0x000074ec                VariableStringLiteralGet
                0x00007690                VariableInit
                0x00007614                VariableStackFrameAdd
                0x00007514                VariableGet
                0x00007988                VariableAllocValueAndCopy
                0x0000788c                VariableAllocValueShared
                0x00007854                VariableAllocValueFromExistingData
                0x0000780c                VariableAlloc
                0x000079cc                VariableDefine
                0x00007428                VariableDereferencePointer
 .text          0x00007a80      0x530 picoc/clibrary.o
                0x00007b64                PrintType
                0x00007e74                LibPrintf
                0x00007acc                PrintInt
                0x00007aa4                PrintStr
                0x00007c4c                LibGets
                0x00007a80                SPutc
                0x00007ddc                LibSPrintf
                0x00007c98                GenericPrintf
                0x00007a98                PrintCh
                0x00007f10                LibraryInit
                0x00007e98                CLibraryInit
                0x00007c34                LibGetc
 .text          0x00007fb0     0x143c picoc/library_surveyor.o
                0x000086fc                Ctan
                0x00008d84                Cvrcap
                0x0000875c                Cwritei2c
                0x00008dec                Csonar
                0x000085d0                Cnninit
                0x0000873c                Csin
                0x00009084                Cencoders
                0x00007fe0                Cioread
                0x00008364                Cnnmatchblob
                0x000080a8                Claser
                0x00008790                Cvcam
                0x00008cc4                Cvscan
                0x00008dd0                Crange
                0x00008854                Cgps
                0x0000810c                Cvcolor
                0x00008f44                Cmotors2
                0x000085d4                Csqrt
                0x00008334                Cnnshow
                0x00008ecc                Cservos
                0x00008adc                Cvsend
                0x0000871c                Ccos
                0x00008684                Cacos
                0x00008e54                Cservos2
                0x00008a48                Ccompass
                0x000081b4                Cautorun
                0x00008fe4                Cmotors
                0x000088b4                Canalog
                0x000086c0                Casin
                0x0000806c                Cpoke
                0x00008d88                Cvcap
                0x00008628                Cgps_head
                0x00008d38                Cvpix
                0x00008224                Cexit
                0x00008b2c                Cvjpeg
                0x000080ec                Cbattery
                0x0000865c                Catan
                0x00008a10                Ctilt
                0x0000828c                Cnnlearnblob
                0x0000881c                Creadi2c
                0x000087dc                Creadi2c2
                0x00008018                Cpeek
                0x000090d4                Cinput
                0x000090ac                Crand
                0x0000819c                Ctime
                0x00008d8c                Cvfind
                0x00008548                Cnntrain
                0x00008188                Cvdiff
                0x00007fb0                Ciodir
                0x00008ac4                Cdelay
                0x00008b90                Cvblob
                0x0000911c                PlatformLibraryInit
                0x00008478                Cnntest
                0x00008240                Cnnset
                0x00007ff8                Ciowrite
                0x000085f4                Cgps_dist
                0x000090f0                Csignal
                0x00008c84                Cvmean
 .text          0x000093ec      0x190 picoc/platform.o
                0x000094e0                PlatformPrintf
                0x000094fc                LexFail
                0x000093ec                PlatformVPrintf
                0x00009538                ProgramFail
 .text          0x0000957c       0xa8 picoc/platform_surveyor.o
                0x000095b4                PlatformPutc
                0x000095bc                PlatformGetLine
                0x0000957c                PlatformCleanup
                0x000095a4                PlatformGetCharacter
                0x00009588                PlatformExit

.l1data         0xff800000     0x179c
 *(.data)
 .data          0xff800000        0x0 camera.o
 .data          0xff800000        0x0 edit.o
 .data          0xff800000       0x64 httpd.o
                0xff800000                names
 .data          0xff800064        0x0 i2c.o
 .data          0xff800064        0x0 stm_m25p32.o
 .data          0xff800064        0x0 printf.o
 .data          0xff800064        0x0 xmodem.o
 .data          0xff800064        0x0 float.o
 .data          0xff800064        0x0 gps.o
 .data          0xff800064        0x0 myfunc.o
 .data          0xff800064        0x0 main.o
 .data          0xff800064        0x0 math.o
 .data          0xff800064        0x0 malloc.o
 .data          0xff800064        0x0 string.o
 .data          0xff800064      0xa70 srv.o
                0xff80046c                version_string
                0xff80006c                font8x8
                0xff800064                fontmask
                0xff8004a0                frame
                0xff8004c0                rand_seed
 .data          0xff800ad4        0x0 uart.o
 .data          0xff800ad4        0x0 colors.o
 .data          0xff800ad4      0x8f0 jpeg.o
                0xff801304                zigzag_table
                0xff800b2c                chrominance_dc_size_table
                0xff800dcc                chrominance_ac_code_table
                0xff800c88                luminance_ac_size_table
                0xff800b44                luminance_ac_code_table
                0xff800afc                luminance_dc_size_table
                0xff800b14                chrominance_dc_code_table
                0xff801344                luminance_quant_table
                0xff801154                markerdata
                0xff800ae4                luminance_dc_code_table
                0xff800ad4                fdct_coeff
                0xff801384                chrominance_quant_table
                0xff801054                bitsize
                0xff800f10                chrominance_ac_size_table
 .data          0xff8013c4        0x0 r8x8dct.o
 .data          0xff8013c4        0x0 motionvect.o
 .data          0xff8013c4        0x0 setjmp.o
 .data          0xff8013c4       0x8c neural.o
                0xff8013c8                npattern
                0xff801448                nmask
                0xff8013c4                learn
 .data          0xff801450        0x0 init.o
 .data          0xff801450        0x0 sdcard.o
 .data          0xff801450        0x0 picoc/picoc.o
 .data          0xff801450        0x0 picoc/table.o
 .data          0xff801450      0x148 picoc/lex.o
 .data          0xff801598        0x0 picoc/parse.o
 .data          0xff801598        0x0 picoc/expression.o
 .data          0xff801598       0x10 picoc/heap.o
                0xff80159c                HeapMemStart
                0xff801598                HeapStackTop
 .data          0xff8015a8        0x0 picoc/type.o
 .data          0xff8015a8        0x0 picoc/variable.o
 .data          0xff8015a8       0x2c picoc/clibrary.o
                0xff8015a8                CLibrary
 .data          0xff8015d4      0x1c8 picoc/library_surveyor.o
                0xff8015d4                PlatformLibrary
 .data          0xff80179c        0x0 picoc/platform.o
 .data          0xff80179c        0x0 picoc/platform_surveyor.o
 *(.l1data)
 *(.l1data.a)

.l1data.b
 *(.l1data.b)

.rodata         0xff80179c     0x2ee4
 *(.rodata .rodata.* .gnu.linkonce.r.*)
 .rodata.str1.4
                0xff80179c       0xb6 edit.o
                                 0xb8 (size before relaxing)
 *fill*         0xff801852        0x2 00
 .rodata        0xff801854       0x5c edit.o
 .rodata.str1.4
                0xff8018b0      0x289 httpd.o
                                0x290 (size before relaxing)
 *fill*         0xff801b39        0x3 00
 .rodata        0xff801b3c      0x148 httpd.o
 .rodata.str1.4
                0xff801c84        0x7 printf.o
                                  0x8 (size before relaxing)
 *fill*         0xff801c8b        0x1 00
 .rodata        0xff801c8c      0x200 xmodem.o
 .rodata.str1.4
                0xff801e8c       0x3f float.o
                                 0x40 (size before relaxing)
 *fill*         0xff801ecb        0x1 00
 .rodata.str1.4
                0xff801ecc       0xa6 gps.o
                                 0xa8 (size before relaxing)
 *fill*         0xff801f72        0x2 00
 .rodata        0xff801f74      0x16c gps.o
 .rodata.str1.4
                0xff8020e0       0x14 myfunc.o
 .rodata        0xff8020f4      0x38c main.o
 .rodata        0xff802480      0x1c4 srv.o
 .rodata.str1.4
                0xff802644      0x7d5 srv.o
                                0x7e0 (size before relaxing)
 *fill*         0xff802e19        0x3 00
 .rodata        0xff802e1c       0x10 uart.o
 .rodata.str1.4
                0xff802e2c       0x53 colors.o
                                 0x54 (size before relaxing)
 *fill*         0xff802e7f        0x1 00
 .rodata.str1.4
                0xff802e80        0x4 neural.o
                                  0xc (size before relaxing)
 .rodata.str1.4
                0xff802e84       0x37 picoc/picoc.o
                                 0x38 (size before relaxing)
 *fill*         0xff802ebb        0x1 00
 .rodata.str1.4
                0xff802ebc        0xe picoc/table.o
                                 0x14 (size before relaxing)
 *fill*         0xff802eca        0x2 00
 .rodata        0xff802ecc      0x2e0 picoc/lex.o
 .rodata.str1.4
                0xff8031ac       0xe6 picoc/lex.o
                                0x108 (size before relaxing)
 *fill*         0xff803292        0x2 00
 .rodata.str1.4
                0xff803294      0x1a1 picoc/parse.o
                                0x1a8 (size before relaxing)
 *fill*         0xff803435        0x3 00
 .rodata        0xff803438       0x98 picoc/parse.o
 .rodata.str1.4
                0xff8034d0      0x362 picoc/expression.o
                                0x3b0 (size before relaxing)
 *fill*         0xff803832        0x2 00
 .rodata        0xff803834      0x264 picoc/expression.o
 .rodata.str1.4
                0xff803a98      0x12d picoc/type.o
                                0x164 (size before relaxing)
 *fill*         0xff803bc5        0x3 00
 .rodata        0xff803bc8       0x2c picoc/type.o
 .rodata.str1.4
                0xff803bf4       0x9b picoc/variable.o
                                 0xc4 (size before relaxing)
 *fill*         0xff803c8f        0x1 00
 .rodata.str1.4
                0xff803c90       0xd2 picoc/clibrary.o
                                 0xf4 (size before relaxing)
 *fill*         0xff803d62        0x2 00
 .rodata        0xff803d64       0x28 picoc/clibrary.o
 .rodata.str1.4
                0xff803d8c      0x8da picoc/library_surveyor.o
                                0x8f0 (size before relaxing)
 .rodata        0xff804666       0x10 picoc/library_surveyor.o
 *fill*         0xff804676        0x2 00
 .rodata.str1.4
                0xff804678        0x8 picoc/platform.o
                                  0xc (size before relaxing)
 .rodata.str1.4
                0x00000000       0x10 picoc/platform_surveyor.o

.data
 *(.data .data.* .gnu.linkonce.d.*)

.ctors
 *crtbegin*.o(.ctors)
 *(EXCLUDE_FILE(*crtend*.o) .ctors)
 *(SORT(.ctors.*))
 *(.ctors)

.dtors
 *crtbegin*.o(.dtors)
 *(EXCLUDE_FILE(*crtend*.o) .dtors)
 *(SORT(.dtors.*))
 *(.dtors)

.sdram.bss      0x00009624        0x0
                0x00009624                __sdram_bss_start = .
 *(.bss.sdram)
                0x00009624                . = ALIGN (0x4)
                0x00009624                __sdram_bss_end = .

.bss            0xff900000     0x40c8
                0xff900000                __bss_start = .
 *(.dynbss)
 *(.bss .bss.* .gnu.linkonce.b.*)
 .bss           0xff900000        0x0 camera.o
 .bss           0xff900000       0x10 edit.o
 .bss           0xff900010      0x808 httpd.o
 .bss           0xff900818        0x0 i2c.o
 .bss           0xff900818        0x0 stm_m25p32.o
 .bss           0xff900818        0x0 printf.o
 .bss           0xff900818        0x0 xmodem.o
 .bss           0xff900818        0x0 float.o
 .bss           0xff900818        0x8 gps.o
 .bss           0xff900820        0x0 myfunc.o
 .bss           0xff900820        0x0 main.o
 .bss           0xff900820        0x0 math.o
 .bss           0xff900820        0x4 malloc.o
                0xff900820                allocp
 .bss           0xff900824        0x4 string.o
 .bss           0xff900828        0xc srv.o
                0xff90082c                sonar_flag
                0xff900828                failsafe_mode
                0xff900830                uart1_flag
 .bss           0xff900834        0x4 uart.o
 .bss           0xff900838       0x50 colors.o
 .bss           0xff900888        0x8 jpeg.o
                0xff900888                lcode
                0xff90088c                bitindex
 .bss           0xff900890        0x0 r8x8dct.o
 .bss           0xff900890        0x0 motionvect.o
 .bss           0xff900890        0x0 setjmp.o
 .bss           0xff900890        0x0 neural.o
 .bss           0xff900890        0x0 init.o
 .bss           0xff900890        0x0 sdcard.o
 .bss           0xff900890        0x0 picoc/picoc.o
 .bss           0xff900890        0x4 picoc/table.o
                0xff900890                StrEmpty
 .bss           0xff900894       0x3c picoc/lex.o
 .bss           0xff9008d0        0x4 picoc/parse.o
 .bss           0xff9008d4        0x0 picoc/expression.o
 .bss           0xff9008d4       0x24 picoc/heap.o
 .bss           0xff9008f8        0x0 picoc/type.o
 .bss           0xff9008f8        0x4 picoc/variable.o
                0xff9008f8                TopStackFrame
 .bss           0xff9008fc        0x4 picoc/clibrary.o
 .bss           0xff900900       0xcc picoc/library_surveyor.o
 .bss           0xff9009cc        0x0 picoc/platform.o
 .bss           0xff9009cc        0x0 picoc/platform_surveyor.o
 *(COMMON)
 COMMON         0xff9009cc       0x18 camera.o
                0xff9009cc                dlist2
                0xff9009d8                dlist1
 COMMON         0xff9009e4      0x406 xmodem.o
                0xff9009e4                xbuff
 *fill*         0xff900dea        0x2 00
 COMMON         0xff900dec       0x18 gps.o
                0xff900dec                gps_gga
 COMMON         0xff900e04       0x14 malloc.o
                0xff900e04                base
                0xff900e0c                heap_end
                0xff900e10                heap_start
                0xff900e14                heap_ptr
 COMMON         0xff900e18       0xe0 srv.o
                0xff900e18                imgWidth
                0xff900e1c                rfailsafe
                0xff900e20                j
                0xff900e24                x_acc
                0xff900e28                i
                0xff900e2c                invert_flag
                0xff900e30                segmentation_flag
                0xff900e34                move_stop_time
                0xff900e38                pwm2_init
                0xff900e3c                sonar_data
                0xff900e50                y_acc0
                0xff900e54                quality
                0xff900e58                move_start_time
                0xff900e5c                y_acc
                0xff900e60                output_start
                0xff900e64                lcount
                0xff900e68                pwm1_init
                0xff900e6c                image_size
                0xff900e70                pwm1_mode
                0xff900e74                x_center
                0xff900e78                lfailsafe
                0xff900e7c                edge_thresh
                0xff900e80                horizon_detect_flag
                0xff900e84                master
                0xff900e88                base_speed
                0xff900e8c                rspeed2
                0xff900e90                lspeed
                0xff900e94                overlay_flag
                0xff900e98                lspeed2
                0xff900e9c                err1
                0xff900ea0                cp
                0xff900ea4                output_end
                0xff900ea8                pwm2_mode
                0xff900eac                obstacle_detect_flag
                0xff900eb0                framecount
                0xff900eb4                rcount
                0xff900eb8                x_acc0
                0xff900ebc                imgHead
                0xff900ec8                edge_detect_flag
                0xff900ecc                encoder_flag
                0xff900ed0                imgHeight
                0xff900ed4                failsafe_clock
                0xff900ed8                move_time_mS
                0xff900edc                y_center
                0xff900ee0                xwd_init
                0xff900ee4                rspeed
                0xff900ee8                base_speed2
                0xff900eec                frame_diff_flag
                0xff900ef0                ix
                0xff900ef4                robot_moving
 COMMON         0xff900ef8      0xf8c colors.o
                0xff900ef8                blobcnt
                0xff900ff4                ymax
                0xff901038                blobx1
                0xff901134                umax
                0xff901178                hist0
                0xff901578                hist1
                0xff901978                blobix
                0xff901a74                bloby2
                0xff901b70                mean
                0xff901b7c                vmax
                0xff901bc0                vmin
                0xff901c04                bloby1
                0xff901d00                blobx2
                0xff901dfc                ymin
                0xff901e40                umin
 COMMON         0xff901e84      0x584 jpeg.o
                0xff901e84                Y2
                0xff901f04                Temp
                0xff901f84                Cqt
                0xff901fc4                Y3
                0xff902044                Y4
                0xff9020c4                ICqt
                0xff902144                ILqt
                0xff9021c4                CR
                0xff902244                Lqt
                0xff902284                CB
                0xff902304                fdct_temp
                0xff902384                read_format
                0xff902388                Y1
 COMMON         0xff902408     0x1640 neural.o
                0xff902408                weights
                0xff903808                teach_neurons
                0xff903848                nerror
                0xff9038c8                neurons
 COMMON         0xff903a48      0x18c picoc/table.o
                0xff903a48                StringHashTable
                0xff903bcc                StringTable
 COMMON         0xff903bd4      0x128 picoc/type.o
                0xff903bd4                CharArrayType
                0xff903bd8                FunctionType
                0xff903bfc                EnumType
                0xff903c20                VoidType
                0xff903c44                MacroType
                0xff903c68                CharType
                0xff903c8c                CharPtrType
                0xff903c90                WordType
                0xff903cb4                IntType
                0xff903cd8                UberType
 COMMON         0xff903cfc      0x318 picoc/variable.o
                0xff903cfc                StringLiteralHashTable
                0xff903e80                GlobalHashTable
                0xff904004                GlobalTable
                0xff90400c                StringLiteralTable
 COMMON         0xff904014       0x10 picoc/clibrary.o
                0xff904014                CStdOut
 COMMON         0xff904024       0xa4 picoc/platform_surveyor.o
                0xff904024                ExitBuf
                0xff9040c8                . = ALIGN (0x4)
                0xff9040c8                __bss_end = .
                0xffb00ffc                . = 0xffb00ffc
                0xffb00ffc                PROVIDE (_supervisor_stack, .)
LOAD init.o
LOAD main.o
LOAD srv.o
LOAD uart.o
LOAD camera.o
LOAD jpeg.o
LOAD i2c.o
LOAD stm_m25p32.o
LOAD float.o
LOAD httpd.o
LOAD xmodem.o
LOAD colors.o
LOAD edit.o
LOAD malloc.o
LOAD string.o
LOAD printf.o
LOAD myfunc.o
LOAD neural.o
LOAD gps.o
LOAD sdcard.o
LOAD picoc/picoc.o
LOAD picoc/table.o
LOAD picoc/lex.o
LOAD picoc/parse.o
LOAD picoc/expression.o
LOAD picoc/heap.o
LOAD picoc/type.o
LOAD picoc/variable.o
LOAD picoc/clibrary.o
LOAD picoc/library_surveyor.o
LOAD picoc/platform.o
LOAD picoc/platform_surveyor.o
LOAD r8x8dct.o
LOAD math.o
LOAD setjmp.o
LOAD motionvect.o
OUTPUT(srv1.bin elf32-bfin)

.debug_abbrev   0x00000000     0x30ce
 .debug_abbrev  0x00000000       0xcf camera.o
 .debug_abbrev  0x000000cf       0xeb edit.o
 .debug_abbrev  0x000001ba      0x1b3 httpd.o
 .debug_abbrev  0x0000036d       0x8a i2c.o
 .debug_abbrev  0x000003f7      0x1d8 stm_m25p32.o
 .debug_abbrev  0x000005cf      0x124 printf.o
 .debug_abbrev  0x000006f3      0x183 xmodem.o
 .debug_abbrev  0x00000876      0x244 float.o
 .debug_abbrev  0x00000aba      0x1b7 gps.o
 .debug_abbrev  0x00000c71       0x43 myfunc.o
 .debug_abbrev  0x00000cb4       0x6e main.o
 .debug_abbrev  0x00000d22      0x14c malloc.o
 .debug_abbrev  0x00000e6e      0x16c string.o
 .debug_abbrev  0x00000fda      0x25c srv.o
 .debug_abbrev  0x00001236      0x128 uart.o
 .debug_abbrev  0x0000135e      0x1c3 colors.o
 .debug_abbrev  0x00001521      0x186 jpeg.o
 .debug_abbrev  0x000016a7      0x114 neural.o
 .debug_abbrev  0x000017bb       0x45 init.o
 .debug_abbrev  0x00001800       0xf3 sdcard.o
 .debug_abbrev  0x000018f3      0x153 picoc/picoc.o
 .debug_abbrev  0x00001a46      0x239 picoc/table.o
 .debug_abbrev  0x00001c7f      0x276 picoc/lex.o
 .debug_abbrev  0x00001ef5      0x269 picoc/parse.o
 .debug_abbrev  0x0000215e      0x245 picoc/expression.o
 .debug_abbrev  0x000023a3      0x151 picoc/heap.o
 .debug_abbrev  0x000024f4      0x252 picoc/type.o
 .debug_abbrev  0x00002746      0x1fb picoc/variable.o
 .debug_abbrev  0x00002941      0x270 picoc/clibrary.o
 .debug_abbrev  0x00002bb1      0x273 picoc/library_surveyor.o
 .debug_abbrev  0x00002e24      0x142 picoc/platform.o
 .debug_abbrev  0x00002f66      0x168 picoc/platform_surveyor.o

.debug_info     0x00000000     0xf48d
 .debug_info    0x00000000      0x136 camera.o
 .debug_info    0x00000136      0x1e7 edit.o
 .debug_info    0x0000031d      0x448 httpd.o
 .debug_info    0x00000765      0x158 i2c.o
 .debug_info    0x000008bd      0x604 stm_m25p32.o
 .debug_info    0x00000ec1      0x34a printf.o
 .debug_info    0x0000120b      0x3e3 xmodem.o
 .debug_info    0x000015ee      0x78d float.o
 .debug_info    0x00001d7b      0x5af gps.o
 .debug_info    0x0000232a       0x54 myfunc.o
 .debug_info    0x0000237e       0x75 main.o
 .debug_info    0x000023f3      0x23a malloc.o
 .debug_info    0x0000262d      0x501 string.o
 .debug_info    0x00002b2e     0x1dec srv.o
 .debug_info    0x0000491a      0x465 uart.o
 .debug_info    0x00004d7f      0xbfe colors.o
 .debug_info    0x0000597d      0xb0b jpeg.o
 .debug_info    0x00006488      0x438 neural.o
 .debug_info    0x000068c0       0x64 init.o
 .debug_info    0x00006924      0x391 sdcard.o
 .debug_info    0x00006cb5      0x54f picoc/picoc.o
 .debug_info    0x00007204      0x8db picoc/table.o
 .debug_info    0x00007adf      0xf3c picoc/lex.o
 .debug_info    0x00008a1b      0xc1e picoc/parse.o
 .debug_info    0x00009639     0x12a0 picoc/expression.o
 .debug_info    0x0000a8d9      0x29f picoc/heap.o
 .debug_info    0x0000ab78      0xcda picoc/type.o
 .debug_info    0x0000b852      0xb67 picoc/variable.o
 .debug_info    0x0000c3b9      0xaa1 picoc/clibrary.o
 .debug_info    0x0000ce5a     0x20f9 picoc/library_surveyor.o
 .debug_info    0x0000ef53      0x2fb picoc/platform.o
 .debug_info    0x0000f24e      0x23f picoc/platform_surveyor.o

.debug_line     0x00000000     0x3c28
 .debug_line    0x00000000       0x72 camera.o
 .debug_line    0x00000072       0xd1 edit.o
 .debug_line    0x00000143      0x168 httpd.o
 .debug_line    0x000002ab       0xa7 i2c.o
 .debug_line    0x00000352      0x1ac stm_m25p32.o
 .debug_line    0x000004fe       0xf8 printf.o
 .debug_line    0x000005f6      0x139 xmodem.o
 .debug_line    0x0000072f      0x30e float.o
 .debug_line    0x00000a3d      0x2a7 gps.o
 .debug_line    0x00000ce4       0x3c myfunc.o
 .debug_line    0x00000d20      0x134 main.o
 .debug_line    0x00000e54       0xa6 malloc.o
 .debug_line    0x00000efa      0x10d string.o
 .debug_line    0x00001007      0xb25 srv.o
 .debug_line    0x00001b2c      0x12f uart.o
 .debug_line    0x00001c5b      0x380 colors.o
 .debug_line    0x00001fdb      0x315 jpeg.o
 .debug_line    0x000022f0      0x11e neural.o
 .debug_line    0x0000240e       0x53 init.o
 .debug_line    0x00002461      0x10b sdcard.o
 .debug_line    0x0000256c       0x92 picoc/picoc.o
 .debug_line    0x000025fe       0xe3 picoc/table.o
 .debug_line    0x000026e1      0x36e picoc/lex.o
 .debug_line    0x00002a4f      0x26b picoc/parse.o
 .debug_line    0x00002cba      0x46f picoc/expression.o
 .debug_line    0x00003129       0xe9 picoc/heap.o
 .debug_line    0x00003212      0x1e4 picoc/type.o
 .debug_line    0x000033f6      0x1a2 picoc/variable.o
 .debug_line    0x00003598      0x176 picoc/clibrary.o
 .debug_line    0x0000370e      0x3c3 picoc/library_surveyor.o
 .debug_line    0x00003ad1       0xc7 picoc/platform.o
 .debug_line    0x00003b98       0x90 picoc/platform_surveyor.o

.debug_frame    0x00000000     0x3934
 .debug_frame   0x00000000       0x4c camera.o
 .debug_frame   0x0000004c      0x100 edit.o
 .debug_frame   0x0000014c       0xb8 httpd.o
 .debug_frame   0x00000204       0x40 i2c.o
 .debug_frame   0x00000244      0x214 stm_m25p32.o
 .debug_frame   0x00000458       0xd4 printf.o
 .debug_frame   0x0000052c       0xc8 xmodem.o
 .debug_frame   0x000005f4      0x244 float.o
 .debug_frame   0x00000838      0x1ac gps.o
 .debug_frame   0x000009e4       0x28 myfunc.o
 .debug_frame   0x00000a0c       0x38 main.o
 .debug_frame   0x00000a44       0x94 malloc.o
 .debug_frame   0x00000ad8      0x174 string.o
 .debug_frame   0x00000c4c      0xb18 srv.o
 .debug_frame   0x00001764      0x1f4 uart.o
 .debug_frame   0x00001958      0x274 colors.o
 .debug_frame   0x00001bcc      0x1b0 jpeg.o
 .debug_frame   0x00001d7c      0x16c neural.o
 .debug_frame   0x00001ee8       0xa4 init.o
 .debug_frame   0x00001f8c      0x1a8 sdcard.o
 .debug_frame   0x00002134       0x74 picoc/picoc.o
 .debug_frame   0x000021a8      0x14c picoc/table.o
 .debug_frame   0x000022f4      0x29c picoc/lex.o
 .debug_frame   0x00002590      0x1b8 picoc/parse.o
 .debug_frame   0x00002748      0x2e0 picoc/expression.o
 .debug_frame   0x00002a28       0xbc picoc/heap.o
 .debug_frame   0x00002ae4      0x1dc picoc/type.o
 .debug_frame   0x00002cc0      0x2e0 picoc/variable.o
 .debug_frame   0x00002fa0      0x1b4 picoc/clibrary.o
 .debug_frame   0x00003154      0x6d8 picoc/library_surveyor.o
 .debug_frame   0x0000382c       0x7c picoc/platform.o
 .debug_frame   0x000038a8       0x8c picoc/platform_surveyor.o

.debug_loc      0x00000000    0x13085
 .debug_loc     0x00000000       0x5b camera.o
 .debug_loc     0x0000005b      0x2eb edit.o
 .debug_loc     0x00000346      0x529 httpd.o
 .debug_loc     0x0000086f      0x23f i2c.o
 .debug_loc     0x00000aae      0x89e stm_m25p32.o
 .debug_loc     0x0000134c      0x79d printf.o
 .debug_loc     0x00001ae9      0x6ac xmodem.o
 .debug_loc     0x00002195      0xf70 float.o
 .debug_loc     0x00003105     0x1050 gps.o
 .debug_loc     0x00004155       0x3e myfunc.o
 .debug_loc     0x00004193       0x2b main.o
 .debug_loc     0x000041be      0x1e1 malloc.o
 .debug_loc     0x0000439f      0x65d string.o
 .debug_loc     0x000049fc     0x25c8 srv.o
 .debug_loc     0x00006fc4      0x6d3 uart.o
 .debug_loc     0x00007697     0x1422 colors.o
 .debug_loc     0x00008ab9     0x14f7 jpeg.o
 .debug_loc     0x00009fb0      0x460 neural.o
 .debug_loc     0x0000a410      0x122 init.o
 .debug_loc     0x0000a532      0x6cb sdcard.o
 .debug_loc     0x0000abfd       0xfa picoc/picoc.o
 .debug_loc     0x0000acf7      0x614 picoc/table.o
 .debug_loc     0x0000b30b      0xfb2 picoc/lex.o
 .debug_loc     0x0000c2bd      0xb63 picoc/parse.o
 .debug_loc     0x0000ce20     0x1d79 picoc/expression.o
 .debug_loc     0x0000eb99      0x2e2 picoc/heap.o
 .debug_loc     0x0000ee7b      0x951 picoc/type.o
 .debug_loc     0x0000f7cc      0xd45 picoc/variable.o
 .debug_loc     0x00010511      0x8db picoc/clibrary.o
 .debug_loc     0x00010dec     0x1eef picoc/library_surveyor.o
 .debug_loc     0x00012cdb      0x20f picoc/platform.o
 .debug_loc     0x00012eea      0x19b picoc/platform_surveyor.o

.debug_pubnames
                0x00000000     0x2794
 .debug_pubnames
                0x00000000       0x59 camera.o
 .debug_pubnames
                0x00000059       0x98 edit.o
 .debug_pubnames
                0x000000f1       0x7a httpd.o
 .debug_pubnames
                0x0000016b       0x39 i2c.o
 .debug_pubnames
                0x000001a4      0x120 stm_m25p32.o
 .debug_pubnames
                0x000002c4       0x29 printf.o
 .debug_pubnames
                0x000002ed       0x5d xmodem.o
 .debug_pubnames
                0x0000034a      0x10f float.o
 .debug_pubnames
                0x00000459       0x9f gps.o
 .debug_pubnames
                0x000004f8       0x1d myfunc.o
 .debug_pubnames
                0x00000515       0x1b main.o
 .debug_pubnames
                0x00000530       0x87 malloc.o
 .debug_pubnames
                0x000005b7       0xce string.o
 .debug_pubnames
                0x00000685      0xa7d srv.o
 .debug_pubnames
                0x00001102      0x150 uart.o
 .debug_pubnames
                0x00001252      0x169 colors.o
 .debug_pubnames
                0x000013bb      0x2cc jpeg.o
 .debug_pubnames
                0x00001687      0x11a neural.o
 .debug_pubnames
                0x000017a1       0x1f init.o
 .debug_pubnames
                0x000017c0       0xd1 sdcard.o
 .debug_pubnames
                0x00001891       0x37 picoc/picoc.o
 .debug_pubnames
                0x000018c8       0xe1 picoc/table.o
 .debug_pubnames
                0x000019a9      0x1b8 picoc/lex.o
 .debug_pubnames
                0x00001b61       0xe8 picoc/parse.o
 .debug_pubnames
                0x00001c49      0x208 picoc/expression.o
 .debug_pubnames
                0x00001e51       0xad picoc/heap.o
 .debug_pubnames
                0x00001efe      0x1b6 picoc/type.o
 .debug_pubnames
                0x000020b4      0x274 picoc/variable.o
 .debug_pubnames
                0x00002328       0xd1 picoc/clibrary.o
 .debug_pubnames
                0x000023f9      0x2c5 picoc/library_surveyor.o
 .debug_pubnames
                0x000026be       0x55 picoc/platform.o
 .debug_pubnames
                0x00002713       0x81 picoc/platform_surveyor.o

.debug_aranges  0x00000000      0x400
 .debug_aranges
                0x00000000       0x20 camera.o
 .debug_aranges
                0x00000020       0x20 edit.o
 .debug_aranges
                0x00000040       0x20 httpd.o
 .debug_aranges
                0x00000060       0x20 i2c.o
 .debug_aranges
                0x00000080       0x20 stm_m25p32.o
 .debug_aranges
                0x000000a0       0x20 printf.o
 .debug_aranges
                0x000000c0       0x20 xmodem.o
 .debug_aranges
                0x000000e0       0x20 float.o
 .debug_aranges
                0x00000100       0x20 gps.o
 .debug_aranges
                0x00000120       0x20 myfunc.o
 .debug_aranges
                0x00000140       0x20 main.o
 .debug_aranges
                0x00000160       0x20 malloc.o
 .debug_aranges
                0x00000180       0x20 string.o
 .debug_aranges
                0x000001a0       0x20 srv.o
 .debug_aranges
                0x000001c0       0x20 uart.o
 .debug_aranges
                0x000001e0       0x20 colors.o
 .debug_aranges
                0x00000200       0x20 jpeg.o
 .debug_aranges
                0x00000220       0x20 neural.o
 .debug_aranges
                0x00000240       0x20 init.o
 .debug_aranges
                0x00000260       0x20 sdcard.o
 .debug_aranges
                0x00000280       0x20 picoc/picoc.o
 .debug_aranges
                0x000002a0       0x20 picoc/table.o
 .debug_aranges
                0x000002c0       0x20 picoc/lex.o
 .debug_aranges
                0x000002e0       0x20 picoc/parse.o
 .debug_aranges
                0x00000300       0x20 picoc/expression.o
 .debug_aranges
                0x00000320       0x20 picoc/heap.o
 .debug_aranges
                0x00000340       0x20 picoc/type.o
 .debug_aranges
                0x00000360       0x20 picoc/variable.o
 .debug_aranges
                0x00000380       0x20 picoc/clibrary.o
 .debug_aranges
                0x000003a0       0x20 picoc/library_surveyor.o
 .debug_aranges
                0x000003c0       0x20 picoc/platform.o
 .debug_aranges
                0x000003e0       0x20 picoc/platform_surveyor.o

.debug_str      0x00000000     0x36e8
 .debug_str     0x00000000       0xc8 camera.o
                                 0xce (size before relaxing)
 .debug_str     0x000000c8       0x94 edit.o
                                 0xcc (size before relaxing)
 .debug_str     0x0000015c      0x164 httpd.o
                                0x1d8 (size before relaxing)
 .debug_str     0x000002c0       0x55 i2c.o
                                 0xa0 (size before relaxing)
 .debug_str     0x00000315      0x263 stm_m25p32.o
                                0x2f7 (size before relaxing)
 .debug_str     0x00000578       0x4e printf.o
                                 0xb7 (size before relaxing)
 .debug_str     0x000005c6       0xce xmodem.o
                                0x13e (size before relaxing)
 .debug_str     0x00000694      0x161 float.o
                                0x1e2 (size before relaxing)
 .debug_str     0x000007f5       0xb2 gps.o
                                0x135 (size before relaxing)
 .debug_str     0x000008a7       0x10 myfunc.o
                                 0x48 (size before relaxing)
 .debug_str     0x000008b7       0x15 main.o
                                 0x4d (size before relaxing)
 .debug_str     0x000008cc       0x6a malloc.o
                                 0xb9 (size before relaxing)
 .debug_str     0x00000936       0xb0 string.o
                                0x11b (size before relaxing)
 .debug_str     0x000009e6      0x910 srv.o
                                0xabc (size before relaxing)
 .debug_str     0x000012f6      0x145 uart.o
                                0x1e3 (size before relaxing)
 .debug_str     0x0000143b       0xd9 colors.o
                                0x1ee (size before relaxing)
 .debug_str     0x00001514      0x43f jpeg.o
                                0x4f6 (size before relaxing)
 .debug_str     0x00001953       0xd9 neural.o
                                0x150 (size before relaxing)
 .debug_str     0x00001a2c       0x43 init.o
                                 0x6d (size before relaxing)
 .debug_str     0x00001a6f       0xce sdcard.o
                                0x128 (size before relaxing)
 .debug_str     0x00001b3d      0x232 picoc/picoc.o
                                0x34c (size before relaxing)
 .debug_str     0x00001d6f      0x11f picoc/table.o
                                0x3ff (size before relaxing)
 .debug_str     0x00001e8e      0x84b picoc/lex.o
                                0xb75 (size before relaxing)
 .debug_str     0x000026d9      0x248 picoc/parse.o
                                0xa84 (size before relaxing)
 .debug_str     0x00002921      0x459 picoc/expression.o
                                0xd40 (size before relaxing)
 .debug_str     0x00002d7a       0xf8 picoc/heap.o
                                0x180 (size before relaxing)
 .debug_str     0x00002e72      0x18a picoc/type.o
                                0xa66 (size before relaxing)
 .debug_str     0x00002ffc      0x25c picoc/variable.o
                                0x618 (size before relaxing)
 .debug_str     0x00003258      0x16f picoc/clibrary.o
                                0x50d (size before relaxing)
 .debug_str     0x000033c7      0x25d picoc/library_surveyor.o
                                0x713 (size before relaxing)
 .debug_str     0x00003624       0x54 picoc/platform.o
                                0x1c1 (size before relaxing)
 .debug_str     0x00003678       0x70 picoc/platform_surveyor.o
                                0x1ac (size before relaxing)

.comment        0x00000000      0x380
 .comment       0x00000000       0x1c camera.o
 .comment       0x0000001c       0x1c edit.o
 .comment       0x00000038       0x1c httpd.o
 .comment       0x00000054       0x1c i2c.o
 .comment       0x00000070       0x1c stm_m25p32.o
 .comment       0x0000008c       0x1c printf.o
 .comment       0x000000a8       0x1c xmodem.o
 .comment       0x000000c4       0x1c float.o
 .comment       0x000000e0       0x1c gps.o
 .comment       0x000000fc       0x1c myfunc.o
 .comment       0x00000118       0x1c main.o
 .comment       0x00000134       0x1c malloc.o
 .comment       0x00000150       0x1c string.o
 .comment       0x0000016c       0x1c srv.o
 .comment       0x00000188       0x1c uart.o
 .comment       0x000001a4       0x1c colors.o
 .comment       0x000001c0       0x1c jpeg.o
 .comment       0x000001dc       0x1c neural.o
 .comment       0x000001f8       0x1c init.o
 .comment       0x00000214       0x1c sdcard.o
 .comment       0x00000230       0x1c picoc/picoc.o
 .comment       0x0000024c       0x1c picoc/table.o
 .comment       0x00000268       0x1c picoc/lex.o
 .comment       0x00000284       0x1c picoc/parse.o
 .comment       0x000002a0       0x1c picoc/expression.o
 .comment       0x000002bc       0x1c picoc/heap.o
 .comment       0x000002d8       0x1c picoc/type.o
 .comment       0x000002f4       0x1c picoc/variable.o
 .comment       0x00000310       0x1c picoc/clibrary.o
 .comment       0x0000032c       0x1c picoc/library_surveyor.o
 .comment       0x00000348       0x1c picoc/platform.o
 .comment       0x00000364       0x1c picoc/platform_surveyor.o

.debug_ranges   0x00000000      0x4d8
 .debug_ranges  0x00000000       0x40 httpd.o
 .debug_ranges  0x00000040       0x28 printf.o
 .debug_ranges  0x00000068       0x70 xmodem.o
 .debug_ranges  0x000000d8       0x30 string.o
 .debug_ranges  0x00000108       0x38 init.o
 .debug_ranges  0x00000140       0xb8 picoc/table.o
 .debug_ranges  0x000001f8       0x80 picoc/lex.o
 .debug_ranges  0x00000278       0x60 picoc/parse.o
 .debug_ranges  0x000002d8      0x1d0 picoc/expression.o
 .debug_ranges  0x000004a8       0x18 picoc/type.o
 .debug_ranges  0x000004c0       0x18 picoc/clibrary.o
