
Allocating common symbols
Common symbol       size              file

disparity_plane_fit
                    0x4               stereo.o
imgWidth            0x4               srv.o
rfailsafe           0x4               srv.o
j                   0x4               srv.o
footline_dist_mm    0x4               stereo.o
robot_x_mm          0x4               stereo.o
svs_calibration_offset_y
                    0x4               srv.o
Y2                  0x80              jpeg.o
x_acc               0x4               srv.o
robot_y_mm          0x4               stereo.o
map_y_mm            0x4               stereo.o
i                   0x4               srv.o
blobcnt             0xfc              colors.o
segmentation_flag   0x4               srv.o
footline            0x4               stereo.o
move_stop_time      0x4               srv.o
Temp                0x80              jpeg.o
row_peaks           0x4               stereo.o
Cqt                 0x40              jpeg.o
ymax                0x44              colors.o
blobx1              0xfc              colors.o
svs_enable_horizontal
                    0x4               srv.o
pwm2_init           0x4               srv.o
Y3                  0x80              jpeg.o
base                0x8               malloc.o
sonar_data          0x14              srv.o
svs_scale_num       0x4               srv.o
weights             0x1400            neural.o
teach_neurons       0x40              neural.o
nerror              0x80              neural.o
feature_y           0x4               stereo.o
CStdOut             0x10              picoc/clibrary.o
y_acc0              0x4               srv.o
svs_prev_width      0x4               stereo.o
StringHashTable     0x184             picoc/table.o
CharArrayType       0x4               picoc/type.o
Y4                  0x80              jpeg.o
prev_dist_moved_mm  0x4               stereo.o
FunctionType        0x24              picoc/type.o
umax                0x44              colors.o
robot_orientation_degrees
                    0x4               stereo.o
ICqt                0x80              jpeg.o
calibration_map     0x4               stereo.o
svs_height          0x4               srv.o
map_x_mm            0x4               stereo.o
hist0               0x400             colors.o
svs_disp_left       0x4               srv.o
svs_width           0x4               srv.o
robot_speed_mmsec   0x4               stereo.o
heap_end            0x4               malloc.o
quality             0x4               srv.o
move_start_time     0x4               srv.o
ExitBuf             0xa4              picoc/platform_surveyor.o
y_acc               0x4               srv.o
output_start        0x4               srv.o
svs_matches         0x4               stereo.o
svs_data_received   0x4               stereo.o
hist1               0x400             colors.o
Hpolar_map_occupancy
                    0x4               stereo.o
lcount              0x4               srv.o
pwm1_init           0x4               srv.o
image_size          0x4               srv.o
disparity_histogram_plane
                    0x4               stereo.o
ILqt                0x80              jpeg.o
heap_start          0x4               malloc.o
pwm1_mode           0x4               srv.o
neurons             0x180             neural.o
svs_centre_of_disortion_x
                    0x4               srv.o
StringLiteralHashTable
                    0x184             picoc/variable.o
x_center            0x4               srv.o
blobix              0xfc              colors.o
row_sum             0x4               stereo.o
svs_enable_ground_priors
                    0x4               srv.o
EnumType            0x24              picoc/type.o
VoidType            0x24              picoc/type.o
lfailsafe           0x4               srv.o
edge_thresh         0x4               srv.o
horizon_detect_flag
                    0x4               srv.o
master              0x4               srv.o
bloby2              0xfc              colors.o
mean                0xc               colors.o
base_speed          0x4               srv.o
svs_coeff           0x4               srv.o
rspeed2             0x4               srv.o
lspeed              0x4               srv.o
GlobalHashTable     0x184             picoc/variable.o
vmax                0x44              colors.o
CR                  0x80              jpeg.o
features_per_col    0x4               stereo.o
overlay_flag        0x4               srv.o
StringTable         0x8               picoc/table.o
lspeed2             0x4               srv.o
err1                0x4               srv.o
svs_disp_right      0x4               srv.o
enable_stereo_flag  0x4               srv.o
cp                  0x4               srv.o
svs_data            0x4               stereo.o
svs_coeff_degree    0x4               srv.o
Lqt                 0x40              jpeg.o
svs_ground_y_percent
                    0x4               srv.o
GlobalTable         0x8               picoc/variable.o
MacroType           0x24              picoc/type.o
CharType            0x24              picoc/type.o
output_end          0x4               srv.o
svs_ground_slope_percent
                    0x4               srv.o
CB                  0x80              jpeg.o
curr_ID             0x4               stereo.o
pwm2_mode           0x4               srv.o
svs_sensor_width_mmx100
                    0x4               srv.o
CharPtrType         0x4               picoc/type.o
stereo_processing_flag
                    0x4               srv.o
obstacle_detect_flag
                    0x4               srv.o
fdct_temp           0x80              jpeg.o
gps_gga             0x18              gps.o
StringLiteralTable  0x8               picoc/variable.o
framecount          0x4               srv.o
svs_data_previous   0x4               stereo.o
dist_moved_mm       0x4               stereo.o
vmin                0x44              colors.o
heap_ptr            0x4               malloc.o
bloby1              0xfc              colors.o
curr_ID_hits        0x4               stereo.o
svs_scale_denom     0x4               srv.o
svs_centre_of_disortion_y
                    0x4               srv.o
WordType            0x24              picoc/type.o
rcount              0x4               srv.o
x_acc0              0x4               srv.o
IntType             0x24              picoc/type.o
imgHead             0xb               srv.o
read_format         0x4               jpeg.o
stereo_sync_flag    0x4               srv.o
edge_detect_flag    0x4               srv.o
encoder_flag        0x4               srv.o
imgHeight           0x4               srv.o
UberType            0x24              picoc/type.o
failsafe_clock      0x4               srv.o
blobx2              0xfc              colors.o
move_time_mS        0x4               srv.o
svs_calibration_offset_x
                    0x4               srv.o
dlist2              0xc               camera.o
y_center            0x4               srv.o
svs_turn_tollerance_percent
                    0x4               srv.o
valid_quadrants     0x4               stereo.o
xbuff               0x406             xmodem.o
svs_right_turn_percent
                    0x4               srv.o
svs_steer           0x4               srv.o
dlist1              0xc               camera.o
disparity_priors    0x4               stereo.o
Hpolar_map_coords   0x4               stereo.o
ymin                0x44              colors.o
umin                0x44              colors.o
rspeed              0x4               srv.o
base_speed2         0x4               srv.o
frame_diff_flag     0x4               srv.o
ix                  0x4               srv.o
Y1                  0x80              jpeg.o
robot_moving        0x4               srv.o

Memory Configuration

Name             Origin             Length             Attributes
ram              0x00000000         0x02000000         xrw
l1code           0xffa00000         0x00010000         x
l1data_a         0xff800000         0x00008000         rw
l1data_b         0xff900000         0x00008000         rw
scratchpad       0xffb00000         0x00001000         rw
*default*        0x00000000         0xffffffff

Linker script and memory map


.sdram.text
 camera.o(.sdram.text)
 edit.o(.sdram.text)
 httpd.o(.sdram.text)
 i2c.o(.sdram.text)
 stm_m25p32.o(.sdram.text)
 printf.o(.sdram.text)
 xmodem.o(.sdram.text)
 float.o(.sdram.text)
 gps.o(.sdram.text)
 myfunc.o(.sdram.text)
 *(.gnu.warning)

.l1code         0xffa00000     0xb2a4
 main.o(.text)
 .text          0xffa00000      0x41c main.o
                0xffa00000                main
 math.o(.text)
 .text          0xffa0041c      0x200 math.o
                0xffa004e8                __umodsi3
                0xffa0051a                __divsi3
                0xffa0041c                __udivsi3
 malloc.o(.text)
 .text          0xffa0061c      0x1a4 malloc.o
                0xffa006f8                morecore
                0xffa00670                free
                0xffa0061c                init_heap
                0xffa0065c                sbrk
                0xffa0073c                malloc
 srv.o(.text)
 .text          0xffa007c0     0x40cc srv.o
                0xffa01fdc                motor_command
                0xffa02ad4                process_i2c
                0xffa024b0                restore_video
                0xffa0309c                xmodem_receive
                0xffa01414                clearRTC
                0xffa015a8                delayUS
                0xffa03a1c                motion_vect80x64
                0xffa024d8                invert_video
                0xffa00a84                grab_reference_frame
                0xffa01424                delayMS
                0xffa020e0                set_edge_thresh
                0xffa01618                delayNS
                0xffa00f7c                setPPM1
                0xffa018bc                rand
                0xffa01dc8                testSD
                0xffa02a34                tilt
                0xffa02fd8                read_user_sector
                0xffa011b0                initRTC
                0xffa033b4                serial_out_flashbuffer
                0xffa00ad4                move_yuv422_to_planar
                0xffa03108                camera_reset
                0xffa04814                check_for_autorun
                0xffa02500                init_tilt
                0xffa02ee8                write_boot_flash
                0xffa02aa8                read_tilt
                0xffa00c30                initPWM
                0xffa00d18                init_sonar
                0xffa016a4                check_failsafe
                0xffa01db8                show_stack_ptr
                0xffa029b0                read_compass
                0xffa03dd8                process_colors
                0xffa02530                laser_range
                0xffa01da0                show_heap_ptr
                0xffa01b4c                overlay_on
                0xffa00edc                setPWM2
                0xffa01ce4                lasers_off
                0xffa00950                check_stereo_sync
                0xffa008fc                clear_sdram
                0xffa00940                led1_on
                0xffa02094                change_image_quality
                0xffa00924                stack_remaining
                0xffa010f4                check_bounds_0_100
                0xffa00a5c                move_image
                0xffa02f4c                write_user_sector
                0xffa02110                process_neuralnet
                0xffa01f24                motor2_command
                0xffa01e64                ppm2_command
                0xffa00df0                setPWM
                0xffa00c94                initPWM2
                0xffa01968                read_encoders
                0xffa02dd0                init_analog
                0xffa02994                show_laser_range
                0xffa03070                crc_flash_buffer
                0xffa034a0                send_frame
                0xffa01cbc                check_battery
                0xffa01a8c                motor_increase_base_speed
                0xffa01c8c                ping_sonar
                0xffa00ab8                copy_image
                0xffa01c00                enable_horizon_detect
                0xffa01760                encoders
                0xffa01b00                clear_flash_buffer
                0xffa01e10                enable_failsafe
                0xffa01d04                lasers_on
                0xffa01ec4                ppm1_command
                0xffa019ac                motor_action
                0xffa011d0                readRTC
                0xffa01110                motor_trim_right
                0xffa00930                led0_on
                0xffa01160                motor_trim_left
                0xffa007c0                init_io
                0xffa01d40                serial_out_version
                0xffa01244                sonar
                0xffa01728                init_encoders
                0xffa00964                compute_frame_diff
                0xffa03094                launch_editor
                0xffa03ba0                motion_vect_test
                0xffa01c28                enable_edge_detect
                0xffa03c7c                grab_frame
                0xffa01c50                enable_segmentation
                0xffa02fac                write_user_flash
                0xffa0341c                send_80x64planar
                0xffa01454                motor_set
                0xffa00ce4                initTMR4
                0xffa00d48                initPPM1
                0xffa01038                setPPM2
                0xffa01a18                motor_decrease_base_speed
                0xffa00d9c                initPPM2
                0xffa01bd8                enable_obstacle_detect
                0xffa01d24                serial_out_time
                0xffa01bb0                enable_stereo_processing
                0xffa009bc                set_caption
                0xffa01b64                disable_frame_diff
                0xffa00b18                scale_image_to_80x64_planar
                0xffa008d0                reset_cpu
                0xffa03030                read_user_flash
                0xffa02c54                analog
                0xffa0168c                reset_failsafe_clock
                0xffa01994                disable_failsafe
                0xffa02d94                read_analog
                0xffa01b34                overlay_off
                0xffa01c68                enable_frame_diff
                0xffa032e0                camera_setup
 uart.o(.text)
 .text          0xffa0488c      0x318 uart.o
                0xffa049f8                uart1SendChar
                0xffa04a6c                uart1GetCh
                0xffa049c4                uart0GetChar
                0xffa04984                uart0SendChars
                0xffa049a8                uart0GetCh
                0xffa04958                uart0SendString
                0xffa04928                uart0SendChar
                0xffa04a48                uart1SendChars
                0xffa0488c                init_uart0
                0xffa049e8                uart0Signal
                0xffa04abc                printNumber
                0xffa04a1c                uart1SendString
                0xffa04a88                uart1GetChar
                0xffa04aac                uart1Signal
                0xffa048d8                init_uart1
 colors.o(.text)
 .text          0xffa04ba4     0x1228 colors.o
                0xffa04d50                vmean
                0xffa050c4                edge_detect
                0xffa04fc4                vfind
                0xffa0525c                svs_segcode
                0xffa05638                vhorizon
                0xffa04e14                color_segment
                0xffa054fc                addvect
                0xffa058b8                vblob
                0xffa04c28                blob_merge
                0xffa05464                svs_segview
                0xffa04ba4                init_colors
                0xffa053ac                vscan
                0xffa04c84                vhist
                0xffa05588                addline
                0xffa04bf4                vpix
 jpeg.o(.text)
 .text          0xffa05dcc      0xd9c jpeg.o
                0xffa06978                DCT
                0xffa06370                close_bitstream
                0xffa0698c                encodeMCU
                0xffa05eb8                huffman
                0xffa063e4                write_markers
                0xffa06a88                encode_image
                0xffa06604                initialize_quantization_tables
                0xffa067c4                read_422_format
                0xffa05dcc                initialization
                0xffa05e98                levelshift
                0xffa066f4                quantization
                0xffa06744                read_400_format
 r8x8dct.o(.text)
 .text          0xffa06b68       0xf0 r8x8dct.o
                0xffa06b68                _r8x8dct
 motionvect.o(.text)
 .text          0xffa06c58      0x950 motionvect.o
                0xffa070c0                hpel
                0xffa07420                _mve_core
                0xffa072d0                _hpel_core2
                0xffa071b0                _hpel_core1
                0xffa06c58                _motionvect
 stereo.o(.text)
 .text          0xffa075a8     0x35b4 stereo.o
                0xffa0a130                svs_rectify
                0xffa07818                svs_compute_descriptor
                0xffa0a7b4                svs_grab
                0xffa095c8                init_svs_matching_data
                0xffa0a8fc                svs_master
                0xffa0a548                svs_read_calib_params
                0xffa0a8a8                svs_send_features
                0xffa07f1c                svs_show_matches
                0xffa0a1c8                svs_get_features_horizontal
                0xffa085b0                svs_filter_plane
                0xffa08c0c                svs_map_recenter
                0xffa0a3f0                svs_get_features_vertical
                0xffa0a6f0                init_svs
                0xffa084d8                svs_send_disparities
                0xffa08048                svs_make_map
                0xffa09754                svs_match
                0xffa07c58                svs_ground_plane
                0xffa0aa8c                svs_stereo
                0xffa07650                svs_update_sums
                0xffa07aec                svs_visual_odometry
                0xffa07da4                svs_show_footline
                0xffa0aa10                svs_receive_features
                0xffa08e60                svs_map_update
                0xffa075a8                svs_slave
                0xffa08210                svs_show_map
                0xffa07944                svs_show_features
                0xffa07738                svs_non_max
 uart.o(.text)
 setjmp.o(.text)
 .text          0xffa0ab5c      0x184 setjmp.o
                0xffa0ab5c                longjmp
                0xffa0ac24                setjmp
 neural.o(.text)
 .text          0xffa0ace0      0x5c4 neural.o
                0xffa0b080                nnpack8x8
                0xffa0b26c                nninit_network
                0xffa0b0fc                nndisplay
                0xffa0ad78                f_logic
                0xffa0add8                nncalculate_network
                0xffa0aec0                nncalculate_errors
                0xffa0b190                nntrain_network
                0xffa0b17c                nninit_pattern
                0xffa0ace0                nnset_pattern
                0xffa0af74                nnscale8x8

.text           0x00000000     0x9db4
 .text          0x00000000       0xf0 camera.o
                0x00000000                camera_init
                0x000000a8                camera_start
                0x000000cc                camera_stop
 .text          0x000000f0      0x33c edit.o
                0x00000288                insert_char
                0x00000138                find_next_line
                0x00000300                edit
                0x000001d4                find_buffer_end
                0x000000f0                delete_char
                0x0000021c                print_lines
                0x000002e0                print_help
                0x00000188                find_previous_line
 .text          0x0000042c      0x210 httpd.o
                0x0000042c                httpd
 .text          0x0000063c      0x290 i2c.o
                0x0000070c                i2cwritex
                0x0000063c                i2cwrite
                0x000007d4                i2cread
 .text          0x000008cc      0x4d4 stm_m25p32.o
                0x000009a8                SetupSPI
                0x00000a68                spi_read
                0x00000b00                Wait_For_WEL
                0x00000988                SPI_OFF
                0x00000b68                WriteFlash
                0x00000cd4                spi_write
                0x000008d8                spi_init_r
                0x00000c58                EraseBlock
                0x00000ac8                Wait_For_Status
                0x00000924                GetSectorNumber
                0x00000c04                WriteData
                0x000008cc                spi_init_f
                0x00000a84                ReadStatusRegister
                0x00000b34                SendSingleCommand
                0x000009d8                ReadData
                0x000008e4                Wait_For_SPIF
                0x0000094c                udelay
 .text          0x00000da0      0x334 printf.o
                0x0000109c                sprintf
                0x000010b8                printf
 .text          0x000010d4      0x4fc xmodem.o
                0x00001160                xmodemTransmit
                0x00001110                _inbyte
                0x000010d4                crc16_ccitt
                0x000013d8                xmodemReceive
 .text          0x000015d0      0xb9c float.o
                0x000015d0                bytesToFloat
                0x00001eb8                printFloat
                0x00001d04                bigMulti
                0x00001ea0                power
                0x00001b6c                isOne
                0x00001600                minus
                0x00002050                printBinary
                0x00001c18                intToFloat
                0x0000160c                divFloat
                0x000015f4                parseFloat
                0x00002100                printExponent
                0x00002128                printMantissa
                0x00001c0c                lteFloat
                0x000016c8                addFloat
                0x00001d80                mulFloat
                0x00001b7c                gteFloat
                0x000019bc                subFloat
                0x00002090                floatInBinary
 .text          0x0000216c      0xed8 gps.o
                0x00002318                tan
                0x00002540                atan
                0x00002700                gps_dist
                0x00002424                asin
                0x0000282c                read_ublox
                0x000024b0                acos
                0x00002638                gps_head
                0x00002248                cos
                0x0000216c                sin
                0x00002874                gps_parse
                0x00002f9c                gps_show
                0x0000260c                isqrt
 .text          0x00003044       0x28 myfunc.o
                0x00003044                myfunc
 .text          0x0000306c       0xd0 init.o
                0x0000306c                initcode
 .text          0x0000313c      0x3cc string.o
                0x0000313c                strcmp
                0x00003488                strtok_r
                0x000031b8                strncpy
                0x000031f0                atoi
                0x0000336c                memcpy
                0x000033b4                memset
                0x000033c8                ctoi
                0x000032d4                itoa
                0x000034e0                strdup
                0x0000329c                reverse
                0x00003410                strpbrk
                0x00003190                strchr
                0x000031a8                strcpy
                0x00003448                strspn
                0x0000315c                strncmp
                0x00003360                isdigit
                0x0000327c                strlen
                0x000033e0                atoi_b16
 .text          0x00003508      0x4f8 sdcard.o
                0x000036b4                GetCardParams
                0x0000354c                CloseSD
                0x000038d8                ReadMultipleBlocks
                0x00003794                EraseBlocks
                0x00003970                WriteMultipleBlocks
                0x00003508                InitSD
                0x00003630                GetToken
                0x000037ec                WriteSector
                0x0000366c                CardInit
                0x00003870                ReadSector
                0x000035ac                SendCommand
                0x0000355c                WriteByte
 .text          0x00003a00      0x140 picoc/picoc.o
                0x00003a7c                picoc
                0x00003a20                Initialise
                0x00003a00                Cleanup
 .text          0x00003b40      0x28c picoc/table.o
                0x00003d14                TableStrRegister
                0x00003b7c                TableGet
                0x00003c00                TableStrFree
                0x00003c44                TableSetIdentifier
                0x00003d7c                TableInitTable
                0x00003d00                TableStrRegister2
                0x00003bb0                TableDelete
                0x00003d30                TableSet
                0x00003d90                TableInit
 .text          0x00003dcc      0xf80 picoc/lex.o
                0x00004204                LexInteractiveClear
                0x00004d20                LexInit
                0x0000439c                LexGetCharacterConstant
                0x00004178                LexInitParser
                0x00003f1c                LexUnEscapeCharacterConstant
                0x000043f4                LexGetWord
                0x00004250                LexCleanup
                0x00003dcc                LexCheckReservedWord
                0x000041a8                LexInteractiveCompleted
                0x00004258                LexCopyTokens
                0x00004198                LexInteractiveStatementPrompt
                0x00003fc4                LexUnEscapeCharacter
                0x00004cec                LexToEndOfLine
                0x00003df4                LexGetNumber
                0x000049e4                LexAnalyse
                0x00004a08                LexGetToken
                0x000040c4                LexSkipComment
                0x00004150                LexTokenSize
                0x000045a4                LexScanGetToken
                0x00004924                LexTokenise
                0x00004478                LexGetStringConstant
 .text          0x00004d4c      0xd44 picoc/parse.o
                0x00004e18                ParseFunctionDefinition
                0x00005878                ParseBlock
                0x00005084                ParseDeclaration
                0x00004d60                ParseCleanup
                0x00004d4c                ParserCopyPos
                0x00005900                ParseStatementMaybeRun
                0x00005934                ParseFor
                0x000057fc                Parse
                0x0000520c                ParseStatement
                0x00004d74                ParseMacroDefinition
                0x00005778                ParseInteractive
 .text          0x00005a90     0x13ec picoc/expression.o
                0x00005d40                ExpressionPostfixOperator
                0x00006bb0                ExpressionParseInt
                0x00005c90                ExpressionPushInt
                0x000060ac                ExpressionAssignToPointer
                0x00006188                ExpressionAssign
                0x00005b3c                ExpressionGetStructElement
                0x00005cc8                ExpressionStackPushDereference
                0x00005eac                ExpressionPrefixOperator
                0x00005ae8                ExpressionStackPushOperator
                0x00005a9c                ExpressionAssignInt
                0x00005a90                debugf
                0x000066fc                ExpressionStackCollapse
                0x00005d10                ExpressionStackPushValueByType
                0x00006818                ExpressionStackPushValue
                0x00006c30                ExpressionParseFunctionCall
                0x00006360                ExpressionInfixOperator
                0x00005b18                ExpressionStackPushValueNode
                0x0000683c                ExpressionParse
                0x000067e8                ExpressionStackPushLValue
 .text          0x00006e7c      0x24c picoc/heap.o
                0x00007080                HeapAllocStack
                0x00006f08                HeapPushStackFrame
                0x00006f28                HeapPopStackFrame
                0x00006f4c                HeapFreeMem
                0x00006ee0                HeapPopStack
                0x00006ec8                HeapUnpopStack
                0x00006e7c                HeapInit
                0x00006fa4                HeapAllocMem
 .text          0x000070c8      0x8b0 picoc/type.o
                0x000070f8                TypeStackSizeValue
                0x000071d0                TypeInit
                0x00007928                TypeCleanupNode
                0x00007160                TypeAddBaseType
                0x00007464                TypeParseStruct
                0x00007114                TypeLastAccessibleOffset
                0x0000796c                TypeCleanup
                0x00007138                TypeSize
                0x00007740                TypeParse
                0x0000776c                TypeParseIdentPart
                0x00007288                TypeGetMatching
                0x00007620                TypeParseFront
                0x000070c8                TypeSizeValue
                0x00007190                TypeAdd
                0x000072fc                TypeParseEnum
 .text          0x00007978      0x680 picoc/variable.o
                0x00007ad0                VariableDefined
                0x00007d04                VariableStackPop
                0x00007b28                VariableStackFramePop
                0x00007e0c                VariableAllocValueAndData
                0x00007e44                VariableDefinePlatformVar
                0x00007c44                VariableFree
                0x00007ce4                VariableCleanup
                0x00007a3c                VariableStringLiteralDefine
                0x00007f24                VariableAllocValueFromType
                0x00007ca0                VariableTableCleanup
                0x00007a50                VariableStringLiteralGet
                0x00007bf4                VariableInit
                0x00007b78                VariableStackFrameAdd
                0x00007a78                VariableGet
                0x00007ee0                VariableAllocValueAndCopy
                0x00007de4                VariableAllocValueShared
                0x00007dac                VariableAllocValueFromExistingData
                0x00007d64                VariableAlloc
                0x00007f70                VariableDefine
                0x00007978                VariableDereferencePointer
 .text          0x00007ff8      0x644 picoc/clibrary.o
                0x000080fc                PrintType
                0x000084fc                LibPrintf
                0x000080c4                PrintInt
                0x000081cc                LibExit
                0x0000801c                PrintStr
                0x000081e8                LibGets
                0x00007ff8                SPutc
                0x00008044                PrintUnsigned
                0x00008460                LibSPrintf
                0x00008234                GenericPrintf
                0x00008010                PrintCh
                0x00008598                LibraryInit
                0x00008520                CLibraryInit
                0x000081d0                LibGetc
 .text          0x0000863c     0x1388 picoc/library_surveyor.o
                0x00008d88                Ctan
                0x0000935c                Cvrcap
                0x00008de8                Cwritei2c
                0x000093c4                Csonar
                0x00008c5c                Cnninit
                0x00008dc8                Csin
                0x0000965c                Cencoders
                0x0000866c                Cioread
                0x000089f0                Cnnmatchblob
                0x00008734                Claser
                0x00008e1c                Cvcam
                0x0000929c                Cvscan
                0x000093a8                Crange
                0x00008ee0                Cgps
                0x00008798                Cvcolor
                0x0000951c                Cmotors2
                0x00008c60                Csqrt
                0x000089c0                Cnnshow
                0x000094a4                Cservos
                0x00008da8                Ccos
                0x00008d10                Cacos
                0x0000942c                Cservos2
                0x000090d4                Ccompass
                0x00008840                Cautorun
                0x000095bc                Cmotors
                0x00008f40                Canalog
                0x00008d4c                Casin
                0x000086f8                Cpoke
                0x00009360                Cvcap
                0x00008cb4                Cgps_head
                0x00009310                Cvpix
                0x000088b0                Cexit
                0x00008778                Cbattery
                0x00008ce8                Catan
                0x0000909c                Ctilt
                0x00008918                Cnnlearnblob
                0x00008ea8                Creadi2c
                0x00008e68                Creadi2c2
                0x000086a4                Cpeek
                0x000096ac                Cinput
                0x00009684                Crand
                0x00008828                Ctime
                0x00009364                Cvfind
                0x00008bd4                Cnntrain
                0x00008814                Cvdiff
                0x0000863c                Ciodir
                0x00009150                Cdelay
                0x00009168                Cvblob
                0x000096f4                PlatformLibraryInit
                0x00008b04                Cnntest
                0x000088cc                Cnnset
                0x00008684                Ciowrite
                0x00008c80                Cgps_dist
                0x000096c8                Csignal
                0x0000925c                Cvmean
 .text          0x000099c4      0x348 picoc/platform.o
                0x00009ab8                PlatformPrintf
                0x00009bf8                LexFail
                0x00009ad4                PrintSourceTextErrorLine
                0x00009c74                AssignFail
                0x000099c4                PlatformVPrintf
                0x00009c34                ProgramFail
 .text          0x00009d0c       0xa8 picoc/platform_surveyor.o
                0x00009d44                PlatformPutc
                0x00009d4c                PlatformGetLine
                0x00009d0c                PlatformCleanup
                0x00009d34                PlatformGetCharacter
                0x00009d18                PlatformExit

.l1data         0xff800000     0x5030
 *(.data)
 .data          0xff800000        0x0 camera.o
 .data          0xff800000        0x0 edit.o
 .data          0xff800000      0x16c httpd.o
                0xff800134                index_body2
                0xff800114                index_jpeg2
                0xff800000                index_head
                0xff8000c8                index_body1
                0xff8000f0                index_jpeg1
 .data          0xff80016c        0x0 i2c.o
 .data          0xff80016c        0x0 stm_m25p32.o
 .data          0xff80016c        0x0 printf.o
 .data          0xff80016c        0x0 xmodem.o
 .data          0xff80016c        0x0 float.o
 .data          0xff80016c        0x0 gps.o
 .data          0xff80016c        0x0 myfunc.o
 .data          0xff80016c        0x0 main.o
 .data          0xff80016c        0x0 math.o
 .data          0xff80016c        0x0 malloc.o
 .data          0xff80016c      0xa6c srv.o
                0xff800574                version_string
                0xff800174                font8x8
                0xff80016c                fontmask
                0xff8005a8                frame
                0xff8005c8                rand_seed
 .data          0xff800bd8        0x0 uart.o
 .data          0xff800bd8        0x0 colors.o
 .data          0xff800bd8      0x8f0 jpeg.o
                0xff801408                zigzag_table
                0xff800c30                chrominance_dc_size_table
                0xff800ed0                chrominance_ac_code_table
                0xff800d8c                luminance_ac_size_table
                0xff800c48                luminance_ac_code_table
                0xff800c00                luminance_dc_size_table
                0xff800c18                chrominance_dc_code_table
                0xff801448                luminance_quant_table
                0xff801258                markerdata
                0xff800be8                luminance_dc_code_table
                0xff800bd8                fdct_coeff
                0xff801488                chrominance_quant_table
                0xff801158                bitsize
                0xff801014                chrominance_ac_size_table
 .data          0xff8014c8        0x0 r8x8dct.o
 .data          0xff8014c8        0x0 motionvect.o
 .data          0xff8014c8     0x37a0 stereo.o
                0xff8046c8                SinLookup
                0xff8014c8                HpolarLookup
 .data          0xff804c68        0x0 setjmp.o
 .data          0xff804c68       0x8c neural.o
                0xff804c6c                npattern
                0xff804cec                nmask
                0xff804c68                learn
 .data          0xff804cf4        0x0 init.o
 .data          0xff804cf4        0x0 string.o
 .data          0xff804cf4        0x0 sdcard.o
 .data          0xff804cf4        0x0 picoc/picoc.o
 .data          0xff804cf4        0x0 picoc/table.o
 .data          0xff804cf4      0x148 picoc/lex.o
 .data          0xff804e3c        0x0 picoc/parse.o
 .data          0xff804e3c        0x0 picoc/expression.o
 .data          0xff804e3c       0x10 picoc/heap.o
                0xff804e40                HeapMemStart
                0xff804e3c                HeapStackTop
 .data          0xff804e4c        0x0 picoc/type.o
 .data          0xff804e4c        0x0 picoc/variable.o
 .data          0xff804e4c       0x34 picoc/clibrary.o
                0xff804e4c                CLibrary
 .data          0xff804e80      0x1b0 picoc/library_surveyor.o
                0xff804e80                PlatformLibrary
 .data          0xff805030        0x0 picoc/platform.o
 .data          0xff805030        0x0 picoc/platform_surveyor.o
 *(.l1data)
 *(.l1data.a)

.l1data.b
 *(.l1data.b)

.rodata         0xff805030     0x2fa8
 *(.rodata .rodata.* .gnu.linkonce.r.*)
 .rodata.str1.4
                0xff805030       0xb6 edit.o
                                 0xb8 (size before relaxing)
 *fill*         0xff8050e6        0x2 00
 .rodata        0xff8050e8       0x5c edit.o
 .rodata.str1.4
                0xff805144       0x55 httpd.o
                                 0x5c (size before relaxing)
 .rodata        0xff805199       0x40 httpd.o
 *fill*         0xff8051d9        0x3 00
 .rodata.str1.4
                0xff8051dc        0x7 printf.o
                                  0x8 (size before relaxing)
 *fill*         0xff8051e3        0x1 00
 .rodata        0xff8051e4      0x200 xmodem.o
 .rodata.str1.4
                0xff8053e4       0x3b float.o
                                 0x40 (size before relaxing)
 *fill*         0xff80541f        0x1 00
 .rodata.str1.4
                0xff805420       0xa6 gps.o
                                 0xa8 (size before relaxing)
 *fill*         0xff8054c6        0x2 00
 .rodata        0xff8054c8      0x16c gps.o
 .rodata.str1.4
                0xff805634       0x14 myfunc.o
 .rodata.str1.4
                0xff805648       0x46 main.o
                                 0x48 (size before relaxing)
 *fill*         0xff80568e        0x2 00
 .rodata        0xff805690      0x3a0 main.o
 .rodata        0xff805a30      0x1c4 srv.o
 .rodata.str1.4
                0xff805bf4      0x7a4 srv.o
                                0x7ac (size before relaxing)
 .rodata        0xff806398       0x10 uart.o
 .rodata.str1.4
                0xff8063a8       0x53 colors.o
                                 0x54 (size before relaxing)
 *fill*         0xff8063fb        0x1 00
 .rodata.str1.4
                0xff8063fc       0xa3 stereo.o
                                 0xa4 (size before relaxing)
 *fill*         0xff80649f        0x1 00
 .rodata        0xff8064a0      0x21c stereo.o
                0xff8064cc                pixel_offsets
                0xff8065bc                BitsSetTable256
 .rodata.str1.4
                0xff8066bc        0x4 neural.o
                                  0xc (size before relaxing)
 .rodata.str1.4
                0xff8066c0       0x57 picoc/picoc.o
                                 0x58 (size before relaxing)
 *fill*         0xff806717        0x1 00
 .rodata.str1.4
                0xff806718        0xe picoc/table.o
                                 0x14 (size before relaxing)
 *fill*         0xff806726        0x2 00
 .rodata        0xff806728      0x2e8 picoc/lex.o
 .rodata.str1.4
                0xff806a10       0xe6 picoc/lex.o
                                0x108 (size before relaxing)
 *fill*         0xff806af6        0x2 00
 .rodata.str1.4
                0xff806af8      0x1c9 picoc/parse.o
                                0x1d0 (size before relaxing)
 *fill*         0xff806cc1        0x3 00
 .rodata        0xff806cc4       0xd0 picoc/parse.o
 .rodata.str1.4
                0xff806d94      0x3a6 picoc/expression.o
                                0x3f4 (size before relaxing)
 *fill*         0xff80713a        0x2 00
 .rodata        0xff80713c      0x288 picoc/expression.o
 .rodata.str1.4
                0xff8073c4      0x12d picoc/type.o
                                0x164 (size before relaxing)
 *fill*         0xff8074f1        0x3 00
 .rodata        0xff8074f4       0x30 picoc/type.o
 .rodata.str1.4
                0xff807524       0x9b picoc/variable.o
                                 0xc4 (size before relaxing)
 *fill*         0xff8075bf        0x1 00
 .rodata.str1.4
                0xff8075c0       0xe0 picoc/clibrary.o
                                0x100 (size before relaxing)
 .rodata        0xff8076a0       0x84 picoc/clibrary.o
 .rodata.str1.4
                0xff807724      0x85e picoc/library_surveyor.o
                                0x874 (size before relaxing)
 .rodata        0xff807f82       0x10 picoc/library_surveyor.o
 *fill*         0xff807f92        0x2 00
 .rodata.str1.4
                0xff807f94       0x44 picoc/platform.o
                                 0x50 (size before relaxing)
 .rodata.str1.4
                0x00000000       0x10 picoc/platform_surveyor.o

.data
 *(.data .data.* .gnu.linkonce.d.*)

.ctors
 *crtbegin*.o(.ctors)
 *(EXCLUDE_FILE(*crtend*.o) .ctors)
 *(SORT(.ctors.*))
 *(.ctors)

.dtors
 *crtbegin*.o(.dtors)
 *(EXCLUDE_FILE(*crtend*.o) .dtors)
 *(SORT(.dtors.*))
 *(.dtors)

.sdram.bss      0x00009db4        0x0
                0x00009db4                __sdram_bss_start = .
 *(.bss.sdram)
                0x00009db4                . = ALIGN (0x4)
                0x00009db4                __sdram_bss_end = .

.bss            0xff900000     0x3a88
                0xff900000                __bss_start = .
 *(.dynbss)
 *(.bss .bss.* .gnu.linkonce.b.*)
 .bss           0xff900000        0x0 camera.o
 .bss           0xff900000       0x10 edit.o
 .bss           0xff900010      0x104 httpd.o
 .bss           0xff900114        0x0 i2c.o
 .bss           0xff900114        0x0 stm_m25p32.o
 .bss           0xff900114        0x0 printf.o
 .bss           0xff900114        0x0 xmodem.o
 .bss           0xff900114        0x0 float.o
 .bss           0xff900114        0x8 gps.o
 .bss           0xff90011c        0x0 myfunc.o
 .bss           0xff90011c        0x0 main.o
 .bss           0xff90011c        0x0 math.o
 .bss           0xff90011c        0x4 malloc.o
                0xff90011c                allocp
 .bss           0xff900120        0xc srv.o
                0xff900124                sonar_flag
                0xff900120                failsafe_mode
                0xff900128                uart1_flag
 .bss           0xff90012c        0x0 uart.o
 .bss           0xff90012c       0x50 colors.o
 .bss           0xff90017c        0x8 jpeg.o
                0xff90017c                lcode
                0xff900180                bitindex
 .bss           0xff900184        0x0 r8x8dct.o
 .bss           0xff900184        0x0 motionvect.o
 .bss           0xff900184        0x0 stereo.o
 .bss           0xff900184        0x0 setjmp.o
 .bss           0xff900184        0x0 neural.o
 .bss           0xff900184        0x0 init.o
 .bss           0xff900184        0x0 string.o
 .bss           0xff900184        0x0 sdcard.o
 .bss           0xff900184        0x0 picoc/picoc.o
 .bss           0xff900184        0x4 picoc/table.o
                0xff900184                StrEmpty
 .bss           0xff900188       0x44 picoc/lex.o
 .bss           0xff9001cc        0x4 picoc/parse.o
 .bss           0xff9001d0        0x0 picoc/expression.o
 .bss           0xff9001d0       0x24 picoc/heap.o
 .bss           0xff9001f4        0x0 picoc/type.o
 .bss           0xff9001f4        0x4 picoc/variable.o
                0xff9001f4                TopStackFrame
 .bss           0xff9001f8        0x4 picoc/clibrary.o
 .bss           0xff9001fc       0xcc picoc/library_surveyor.o
 .bss           0xff9002c8        0x0 picoc/platform.o
 .bss           0xff9002c8        0x0 picoc/platform_surveyor.o
 *(COMMON)
 COMMON         0xff9002c8       0x18 camera.o
                0xff9002c8                dlist2
                0xff9002d4                dlist1
 COMMON         0xff9002e0      0x406 xmodem.o
                0xff9002e0                xbuff
 *fill*         0xff9006e6        0x2 00
 COMMON         0xff9006e8       0x18 gps.o
                0xff9006e8                gps_gga
 COMMON         0xff900700       0x14 malloc.o
                0xff900700                base
                0xff900708                heap_end
                0xff90070c                heap_start
                0xff900710                heap_ptr
 COMMON         0xff900714      0x134 srv.o
                0xff900714                imgWidth
                0xff900718                rfailsafe
                0xff90071c                j
                0xff900720                svs_calibration_offset_y
                0xff900724                x_acc
                0xff900728                i
                0xff90072c                segmentation_flag
                0xff900730                move_stop_time
                0xff900734                svs_enable_horizontal
                0xff900738                pwm2_init
                0xff90073c                sonar_data
                0xff900750                svs_scale_num
                0xff900754                y_acc0
                0xff900758                svs_height
                0xff90075c                svs_disp_left
                0xff900760                svs_width
                0xff900764                quality
                0xff900768                move_start_time
                0xff90076c                y_acc
                0xff900770                output_start
                0xff900774                lcount
                0xff900778                pwm1_init
                0xff90077c                image_size
                0xff900780                pwm1_mode
                0xff900784                svs_centre_of_disortion_x
                0xff900788                x_center
                0xff90078c                svs_enable_ground_priors
                0xff900790                lfailsafe
                0xff900794                edge_thresh
                0xff900798                horizon_detect_flag
                0xff90079c                master
                0xff9007a0                base_speed
                0xff9007a4                svs_coeff
                0xff9007a8                rspeed2
                0xff9007ac                lspeed
                0xff9007b0                overlay_flag
                0xff9007b4                lspeed2
                0xff9007b8                err1
                0xff9007bc                svs_disp_right
                0xff9007c0                enable_stereo_flag
                0xff9007c4                cp
                0xff9007c8                svs_coeff_degree
                0xff9007cc                svs_ground_y_percent
                0xff9007d0                output_end
                0xff9007d4                svs_ground_slope_percent
                0xff9007d8                pwm2_mode
                0xff9007dc                svs_sensor_width_mmx100
                0xff9007e0                stereo_processing_flag
                0xff9007e4                obstacle_detect_flag
                0xff9007e8                framecount
                0xff9007ec                svs_scale_denom
                0xff9007f0                svs_centre_of_disortion_y
                0xff9007f4                rcount
                0xff9007f8                x_acc0
                0xff9007fc                imgHead
                0xff900808                stereo_sync_flag
                0xff90080c                edge_detect_flag
                0xff900810                encoder_flag
                0xff900814                imgHeight
                0xff900818                failsafe_clock
                0xff90081c                move_time_mS
                0xff900820                svs_calibration_offset_x
                0xff900824                y_center
                0xff900828                svs_turn_tollerance_percent
                0xff90082c                svs_right_turn_percent
                0xff900830                svs_steer
                0xff900834                rspeed
                0xff900838                base_speed2
                0xff90083c                frame_diff_flag
                0xff900840                ix
                0xff900844                robot_moving
 COMMON         0xff900848      0xf8c colors.o
                0xff900848                blobcnt
                0xff900944                ymax
                0xff900988                blobx1
                0xff900a84                umax
                0xff900ac8                hist0
                0xff900ec8                hist1
                0xff9012c8                blobix
                0xff9013c4                bloby2
                0xff9014c0                mean
                0xff9014cc                vmax
                0xff901510                vmin
                0xff901554                bloby1
                0xff901650                blobx2
                0xff90174c                ymin
                0xff901790                umin
 COMMON         0xff9017d4      0x584 jpeg.o
                0xff9017d4                Y2
                0xff901854                Temp
                0xff9018d4                Cqt
                0xff901914                Y3
                0xff901994                Y4
                0xff901a14                ICqt
                0xff901a94                ILqt
                0xff901b14                CR
                0xff901b94                Lqt
                0xff901bd4                CB
                0xff901c54                fdct_temp
                0xff901cd4                read_format
                0xff901cd8                Y1
 COMMON         0xff901d58       0x70 stereo.o
                0xff901d58                disparity_plane_fit
                0xff901d5c                footline_dist_mm
                0xff901d60                robot_x_mm
                0xff901d64                robot_y_mm
                0xff901d68                map_y_mm
                0xff901d6c                footline
                0xff901d70                row_peaks
                0xff901d74                feature_y
                0xff901d78                svs_prev_width
                0xff901d7c                prev_dist_moved_mm
                0xff901d80                robot_orientation_degrees
                0xff901d84                calibration_map
                0xff901d88                map_x_mm
                0xff901d8c                robot_speed_mmsec
                0xff901d90                svs_matches
                0xff901d94                svs_data_received
                0xff901d98                Hpolar_map_occupancy
                0xff901d9c                disparity_histogram_plane
                0xff901da0                row_sum
                0xff901da4                features_per_col
                0xff901da8                svs_data
                0xff901dac                curr_ID
                0xff901db0                svs_data_previous
                0xff901db4                dist_moved_mm
                0xff901db8                curr_ID_hits
                0xff901dbc                valid_quadrants
                0xff901dc0                disparity_priors
                0xff901dc4                Hpolar_map_coords
 COMMON         0xff901dc8     0x1640 neural.o
                0xff901dc8                weights
                0xff9031c8                teach_neurons
                0xff903208                nerror
                0xff903288                neurons
 COMMON         0xff903408      0x18c picoc/table.o
                0xff903408                StringHashTable
                0xff90358c                StringTable
 COMMON         0xff903594      0x128 picoc/type.o
                0xff903594                CharArrayType
                0xff903598                FunctionType
                0xff9035bc                EnumType
                0xff9035e0                VoidType
                0xff903604                MacroType
                0xff903628                CharType
                0xff90364c                CharPtrType
                0xff903650                WordType
                0xff903674                IntType
                0xff903698                UberType
 COMMON         0xff9036bc      0x318 picoc/variable.o
                0xff9036bc                StringLiteralHashTable
                0xff903840                GlobalHashTable
                0xff9039c4                GlobalTable
                0xff9039cc                StringLiteralTable
 COMMON         0xff9039d4       0x10 picoc/clibrary.o
                0xff9039d4                CStdOut
 COMMON         0xff9039e4       0xa4 picoc/platform_surveyor.o
                0xff9039e4                ExitBuf
                0xff903a88                . = ALIGN (0x4)
                0xff903a88                __bss_end = .
                0xffb00ffc                . = 0xffb00ffc
                0xffb00ffc                PROVIDE (_supervisor_stack, .)
LOAD init.o
LOAD main.o
LOAD srv.o
LOAD uart.o
LOAD camera.o
LOAD jpeg.o
LOAD i2c.o
LOAD stm_m25p32.o
LOAD float.o
LOAD httpd.o
LOAD xmodem.o
LOAD colors.o
LOAD edit.o
LOAD malloc.o
LOAD string.o
LOAD stereo.o
LOAD printf.o
LOAD myfunc.o
LOAD neural.o
LOAD gps.o
LOAD sdcard.o
LOAD picoc/picoc.o
LOAD picoc/table.o
LOAD picoc/lex.o
LOAD picoc/parse.o
LOAD picoc/expression.o
LOAD picoc/heap.o
LOAD picoc/type.o
LOAD picoc/variable.o
LOAD picoc/clibrary.o
LOAD picoc/library_surveyor.o
LOAD picoc/platform.o
LOAD picoc/platform_surveyor.o
LOAD r8x8dct.o
LOAD math.o
LOAD setjmp.o
LOAD motionvect.o
OUTPUT(srv1.bin.stereo elf32-bfin)

.debug_abbrev   0x00000000     0x3297
 .debug_abbrev  0x00000000       0xcf camera.o
 .debug_abbrev  0x000000cf       0xeb edit.o
 .debug_abbrev  0x000001ba       0xd3 httpd.o
 .debug_abbrev  0x0000028d       0x8a i2c.o
 .debug_abbrev  0x00000317      0x1d8 stm_m25p32.o
 .debug_abbrev  0x000004ef      0x124 printf.o
 .debug_abbrev  0x00000613      0x183 xmodem.o
 .debug_abbrev  0x00000796      0x244 float.o
 .debug_abbrev  0x000009da      0x1b7 gps.o
 .debug_abbrev  0x00000b91       0x43 myfunc.o
 .debug_abbrev  0x00000bd4       0x70 main.o
 .debug_abbrev  0x00000c44      0x14c malloc.o
 .debug_abbrev  0x00000d90      0x271 srv.o
 .debug_abbrev  0x00001001      0x10f uart.o
 .debug_abbrev  0x00001110      0x1c3 colors.o
 .debug_abbrev  0x000012d3      0x186 jpeg.o
 .debug_abbrev  0x00001459      0x242 stereo.o
 .debug_abbrev  0x0000169b      0x114 neural.o
 .debug_abbrev  0x000017af       0x45 init.o
 .debug_abbrev  0x000017f4      0x161 string.o
 .debug_abbrev  0x00001955       0xf3 sdcard.o
 .debug_abbrev  0x00001a48      0x14e picoc/picoc.o
 .debug_abbrev  0x00001b96      0x234 picoc/table.o
 .debug_abbrev  0x00001dca      0x253 picoc/lex.o
 .debug_abbrev  0x0000201d      0x273 picoc/parse.o
 .debug_abbrev  0x00002290      0x237 picoc/expression.o
 .debug_abbrev  0x000024c7      0x168 picoc/heap.o
 .debug_abbrev  0x0000262f      0x24f picoc/type.o
 .debug_abbrev  0x0000287e      0x214 picoc/variable.o
 .debug_abbrev  0x00002a92      0x2a1 picoc/clibrary.o
 .debug_abbrev  0x00002d33      0x26e picoc/library_surveyor.o
 .debug_abbrev  0x00002fa1      0x184 picoc/platform.o
 .debug_abbrev  0x00003125      0x172 picoc/platform_surveyor.o

.debug_info     0x00000000    0x116dc
 .debug_info    0x00000000      0x136 camera.o
 .debug_info    0x00000136      0x1e7 edit.o
 .debug_info    0x0000031d      0x20c httpd.o
 .debug_info    0x00000529      0x158 i2c.o
 .debug_info    0x00000681      0x604 stm_m25p32.o
 .debug_info    0x00000c85      0x34a printf.o
 .debug_info    0x00000fcf      0x3e3 xmodem.o
 .debug_info    0x000013b2      0x78d float.o
 .debug_info    0x00001b3f      0x5af gps.o
 .debug_info    0x000020ee       0x54 myfunc.o
 .debug_info    0x00002142       0xbc main.o
 .debug_info    0x000021fe      0x23a malloc.o
 .debug_info    0x00002438     0x1e28 srv.o
 .debug_info    0x00004260      0x338 uart.o
 .debug_info    0x00004598      0xbfe colors.o
 .debug_info    0x00005196      0xb0b jpeg.o
 .debug_info    0x00005ca1     0x1dd7 stereo.o
 .debug_info    0x00007a78      0x438 neural.o
 .debug_info    0x00007eb0       0x64 init.o
 .debug_info    0x00007f14      0x53f string.o
 .debug_info    0x00008453      0x391 sdcard.o
 .debug_info    0x000087e4      0x56f picoc/picoc.o
 .debug_info    0x00008d53      0x8fb picoc/table.o
 .debug_info    0x0000964e      0xfcc picoc/lex.o
 .debug_info    0x0000a61a      0xc8a picoc/parse.o
 .debug_info    0x0000b2a4     0x130d picoc/expression.o
 .debug_info    0x0000c5b1      0x2cc picoc/heap.o
 .debug_info    0x0000c87d      0xd04 picoc/type.o
 .debug_info    0x0000d581      0xbba picoc/variable.o
 .debug_info    0x0000e13b      0xb94 picoc/clibrary.o
 .debug_info    0x0000eccf     0x1fed picoc/library_surveyor.o
 .debug_info    0x00010cbc      0x7bd picoc/platform.o
 .debug_info    0x00011479      0x263 picoc/platform_surveyor.o

.debug_line     0x00000000     0x4771
 .debug_line    0x00000000       0x72 camera.o
 .debug_line    0x00000072       0xd1 edit.o
 .debug_line    0x00000143       0x86 httpd.o
 .debug_line    0x000001c9       0xa7 i2c.o
 .debug_line    0x00000270      0x1ac stm_m25p32.o
 .debug_line    0x0000041c       0xf8 printf.o
 .debug_line    0x00000514      0x139 xmodem.o
 .debug_line    0x0000064d      0x30e float.o
 .debug_line    0x0000095b      0x2a7 gps.o
 .debug_line    0x00000c02       0x3c myfunc.o
 .debug_line    0x00000c3e      0x148 main.o
 .debug_line    0x00000d86       0xa6 malloc.o
 .debug_line    0x00000e2c      0xae6 srv.o
 .debug_line    0x00001912       0xd5 uart.o
 .debug_line    0x000019e7      0x380 colors.o
 .debug_line    0x00001d67      0x315 jpeg.o
 .debug_line    0x0000207c      0xb8b stereo.o
 .debug_line    0x00002c07      0x11e neural.o
 .debug_line    0x00002d25       0x53 init.o
 .debug_line    0x00002d78      0x119 string.o
 .debug_line    0x00002e91      0x10b sdcard.o
 .debug_line    0x00002f9c       0x94 picoc/picoc.o
 .debug_line    0x00003030       0xe3 picoc/table.o
 .debug_line    0x00003113      0x3a4 picoc/lex.o
 .debug_line    0x000034b7      0x299 picoc/parse.o
 .debug_line    0x00003750      0x4ae picoc/expression.o
 .debug_line    0x00003bfe       0xf4 picoc/heap.o
 .debug_line    0x00003cf2      0x207 picoc/type.o
 .debug_line    0x00003ef9      0x19a picoc/variable.o
 .debug_line    0x00004093      0x192 picoc/clibrary.o
 .debug_line    0x00004225      0x3a9 picoc/library_surveyor.o
 .debug_line    0x000045ce      0x113 picoc/platform.o
 .debug_line    0x000046e1       0x90 picoc/platform_surveyor.o

.debug_frame    0x00000000     0x3cc0
 .debug_frame   0x00000000       0x4c camera.o
 .debug_frame   0x0000004c      0x100 edit.o
 .debug_frame   0x0000014c       0x3c httpd.o
 .debug_frame   0x00000188       0x40 i2c.o
 .debug_frame   0x000001c8      0x214 stm_m25p32.o
 .debug_frame   0x000003dc       0xd4 printf.o
 .debug_frame   0x000004b0       0xc8 xmodem.o
 .debug_frame   0x00000578      0x244 float.o
 .debug_frame   0x000007bc      0x1ac gps.o
 .debug_frame   0x00000968       0x28 myfunc.o
 .debug_frame   0x00000990       0x3c main.o
 .debug_frame   0x000009cc       0x94 malloc.o
 .debug_frame   0x00000a60      0xab4 srv.o
 .debug_frame   0x00001514      0x164 uart.o
 .debug_frame   0x00001678      0x274 colors.o
 .debug_frame   0x000018ec      0x1b0 jpeg.o
 .debug_frame   0x00001a9c      0x434 stereo.o
 .debug_frame   0x00001ed0      0x16c neural.o
 .debug_frame   0x0000203c       0xa4 init.o
 .debug_frame   0x000020e0      0x190 string.o
 .debug_frame   0x00002270      0x1a8 sdcard.o
 .debug_frame   0x00002418       0x74 picoc/picoc.o
 .debug_frame   0x0000248c      0x14c picoc/table.o
 .debug_frame   0x000025d8      0x2b4 picoc/lex.o
 .debug_frame   0x0000288c      0x1b8 picoc/parse.o
 .debug_frame   0x00002a44      0x318 picoc/expression.o
 .debug_frame   0x00002d5c       0xcc picoc/heap.o
 .debug_frame   0x00002e28      0x1d4 picoc/type.o
 .debug_frame   0x00002ffc      0x2e0 picoc/variable.o
 .debug_frame   0x000032dc      0x1f0 picoc/clibrary.o
 .debug_frame   0x000034cc      0x690 picoc/library_surveyor.o
 .debug_frame   0x00003b5c       0xd8 picoc/platform.o
 .debug_frame   0x00003c34       0x8c picoc/platform_surveyor.o

.debug_loc      0x00000000    0x160c9
 .debug_loc     0x00000000       0x5b camera.o
 .debug_loc     0x0000005b      0x2eb edit.o
 .debug_loc     0x00000346       0xa3 httpd.o
 .debug_loc     0x000003e9      0x23f i2c.o
 .debug_loc     0x00000628      0x89e stm_m25p32.o
 .debug_loc     0x00000ec6      0x79d printf.o
 .debug_loc     0x00001663      0x6b7 xmodem.o
 .debug_loc     0x00001d1a      0xf65 float.o
 .debug_loc     0x00002c7f     0x102f gps.o
 .debug_loc     0x00003cae       0x3e myfunc.o
 .debug_loc     0x00003cec       0x49 main.o
 .debug_loc     0x00003d35      0x1e1 malloc.o
 .debug_loc     0x00003f16     0x22b6 srv.o
 .debug_loc     0x000061cc      0x4aa uart.o
 .debug_loc     0x00006676     0x1417 colors.o
 .debug_loc     0x00007a8d     0x14f7 jpeg.o
 .debug_loc     0x00008f84     0x32f1 stereo.o
 .debug_loc     0x0000c275      0x460 neural.o
 .debug_loc     0x0000c6d5      0x122 init.o
 .debug_loc     0x0000c7f7      0x782 string.o
 .debug_loc     0x0000cf79      0x6cb sdcard.o
 .debug_loc     0x0000d644       0xfa picoc/picoc.o
 .debug_loc     0x0000d73e      0x614 picoc/table.o
 .debug_loc     0x0000dd52     0x1128 picoc/lex.o
 .debug_loc     0x0000ee7a      0xb30 picoc/parse.o
 .debug_loc     0x0000f9aa     0x1e97 picoc/expression.o
 .debug_loc     0x00011841      0x2f5 picoc/heap.o
 .debug_loc     0x00011b36      0x994 picoc/type.o
 .debug_loc     0x000124ca      0xd20 picoc/variable.o
 .debug_loc     0x000131ea      0x9ef picoc/clibrary.o
 .debug_loc     0x00013bd9     0x1d5e picoc/library_surveyor.o
 .debug_loc     0x00015937      0x5f7 picoc/platform.o
 .debug_loc     0x00015f2e      0x19b picoc/platform_surveyor.o

.debug_pubnames
                0x00000000     0x2e47
 .debug_pubnames
                0x00000000       0x59 camera.o
 .debug_pubnames
                0x00000059       0x98 edit.o
 .debug_pubnames
                0x000000f1       0x6b httpd.o
 .debug_pubnames
                0x0000015c       0x39 i2c.o
 .debug_pubnames
                0x00000195      0x120 stm_m25p32.o
 .debug_pubnames
                0x000002b5       0x29 printf.o
 .debug_pubnames
                0x000002de       0x5d xmodem.o
 .debug_pubnames
                0x0000033b      0x10f float.o
 .debug_pubnames
                0x0000044a       0x9f gps.o
 .debug_pubnames
                0x000004e9       0x1d myfunc.o
 .debug_pubnames
                0x00000506       0x1b main.o
 .debug_pubnames
                0x00000521       0x87 malloc.o
 .debug_pubnames
                0x000005a8      0xc6c srv.o
 .debug_pubnames
                0x00001214      0x112 uart.o
 .debug_pubnames
                0x00001326      0x169 colors.o
 .debug_pubnames
                0x0000148f      0x2cc jpeg.o
 .debug_pubnames
                0x0000175b      0x491 stereo.o
 .debug_pubnames
                0x00001bec      0x11a neural.o
 .debug_pubnames
                0x00001d06       0x1f init.o
 .debug_pubnames
                0x00001d25       0xdb string.o
 .debug_pubnames
                0x00001e00       0xd1 sdcard.o
 .debug_pubnames
                0x00001ed1       0x37 picoc/picoc.o
 .debug_pubnames
                0x00001f08       0xe1 picoc/table.o
 .debug_pubnames
                0x00001fe9      0x1c9 picoc/lex.o
 .debug_pubnames
                0x000021b2       0xe8 picoc/parse.o
 .debug_pubnames
                0x0000229a      0x21d picoc/expression.o
 .debug_pubnames
                0x000024b7       0xc6 picoc/heap.o
 .debug_pubnames
                0x0000257d      0x1b6 picoc/type.o
 .debug_pubnames
                0x00002733      0x274 picoc/variable.o
 .debug_pubnames
                0x000029a7       0xef picoc/clibrary.o
 .debug_pubnames
                0x00002a96      0x2af picoc/library_surveyor.o
 .debug_pubnames
                0x00002d45       0x81 picoc/platform.o
 .debug_pubnames
                0x00002dc6       0x81 picoc/platform_surveyor.o

.debug_aranges  0x00000000      0x420
 .debug_aranges
                0x00000000       0x20 camera.o
 .debug_aranges
                0x00000020       0x20 edit.o
 .debug_aranges
                0x00000040       0x20 httpd.o
 .debug_aranges
                0x00000060       0x20 i2c.o
 .debug_aranges
                0x00000080       0x20 stm_m25p32.o
 .debug_aranges
                0x000000a0       0x20 printf.o
 .debug_aranges
                0x000000c0       0x20 xmodem.o
 .debug_aranges
                0x000000e0       0x20 float.o
 .debug_aranges
                0x00000100       0x20 gps.o
 .debug_aranges
                0x00000120       0x20 myfunc.o
 .debug_aranges
                0x00000140       0x20 main.o
 .debug_aranges
                0x00000160       0x20 malloc.o
 .debug_aranges
                0x00000180       0x20 srv.o
 .debug_aranges
                0x000001a0       0x20 uart.o
 .debug_aranges
                0x000001c0       0x20 colors.o
 .debug_aranges
                0x000001e0       0x20 jpeg.o
 .debug_aranges
                0x00000200       0x20 stereo.o
 .debug_aranges
                0x00000220       0x20 neural.o
 .debug_aranges
                0x00000240       0x20 init.o
 .debug_aranges
                0x00000260       0x20 string.o
 .debug_aranges
                0x00000280       0x20 sdcard.o
 .debug_aranges
                0x000002a0       0x20 picoc/picoc.o
 .debug_aranges
                0x000002c0       0x20 picoc/table.o
 .debug_aranges
                0x000002e0       0x20 picoc/lex.o
 .debug_aranges
                0x00000300       0x20 picoc/parse.o
 .debug_aranges
                0x00000320       0x20 picoc/expression.o
 .debug_aranges
                0x00000340       0x20 picoc/heap.o
 .debug_aranges
                0x00000360       0x20 picoc/type.o
 .debug_aranges
                0x00000380       0x20 picoc/variable.o
 .debug_aranges
                0x000003a0       0x20 picoc/clibrary.o
 .debug_aranges
                0x000003c0       0x20 picoc/library_surveyor.o
 .debug_aranges
                0x000003e0       0x20 picoc/platform.o
 .debug_aranges
                0x00000400       0x20 picoc/platform_surveyor.o

.debug_str      0x00000000     0x42d7
 .debug_str     0x00000000       0xc0 camera.o
                                 0xcd (size before relaxing)
 .debug_str     0x000000c0       0x94 edit.o
                                 0xcb (size before relaxing)
 .debug_str     0x00000154       0x86 httpd.o
                                 0xf0 (size before relaxing)
 .debug_str     0x000001da       0x55 i2c.o
                                 0x9f (size before relaxing)
 .debug_str     0x0000022f      0x25c stm_m25p32.o
                                0x2f6 (size before relaxing)
 .debug_str     0x0000048b       0x4e printf.o
                                 0xb6 (size before relaxing)
 .debug_str     0x000004d9       0xce xmodem.o
                                0x13d (size before relaxing)
 .debug_str     0x000005a7      0x161 float.o
                                0x1e1 (size before relaxing)
 .debug_str     0x00000708       0xb2 gps.o
                                0x134 (size before relaxing)
 .debug_str     0x000007ba       0x10 myfunc.o
                                 0x47 (size before relaxing)
 .debug_str     0x000007ca       0x4f main.o
                                 0xc9 (size before relaxing)
 .debug_str     0x00000819       0x6a malloc.o
                                 0xb8 (size before relaxing)
 .debug_str     0x00000883      0xa77 srv.o
                                0xc4a (size before relaxing)
 .debug_str     0x000012fa       0xe7 uart.o
                                0x169 (size before relaxing)
 .debug_str     0x000013e1       0xca colors.o
                                0x1ed (size before relaxing)
 .debug_str     0x000014ab      0x444 jpeg.o
                                0x4f5 (size before relaxing)
 .debug_str     0x000018ef      0xa86 stereo.o
                                0xdcd (size before relaxing)
 .debug_str     0x00002375       0xd9 neural.o
                                0x14f (size before relaxing)
 .debug_str     0x0000244e       0x43 init.o
                                 0x6c (size before relaxing)
 .debug_str     0x00002491       0xba string.o
                                0x129 (size before relaxing)
 .debug_str     0x0000254b       0xce sdcard.o
                                0x127 (size before relaxing)
 .debug_str     0x00002619      0x234 picoc/picoc.o
                                0x363 (size before relaxing)
 .debug_str     0x0000284d      0x11f picoc/table.o
                                0x416 (size before relaxing)
 .debug_str     0x0000296c      0x884 picoc/lex.o
                                0xbc5 (size before relaxing)
 .debug_str     0x000031f0      0x28e picoc/parse.o
                                0xae1 (size before relaxing)
 .debug_str     0x0000347e      0x47b picoc/expression.o
                                0xd70 (size before relaxing)
 .debug_str     0x000038f9      0x10d picoc/heap.o
                                0x194 (size before relaxing)
 .debug_str     0x00003a06      0x18a picoc/type.o
                                0xa7d (size before relaxing)
 .debug_str     0x00003b90      0x25c picoc/variable.o
                                0x63d (size before relaxing)
 .debug_str     0x00003dec      0x187 picoc/clibrary.o
                                0x532 (size before relaxing)
 .debug_str     0x00003f73      0x24f picoc/library_surveyor.o
                                0x6f4 (size before relaxing)
 .debug_str     0x000041c2       0xa5 picoc/platform.o
                                0x41d (size before relaxing)
 .debug_str     0x00004267       0x70 picoc/platform_surveyor.o
                                0x1c3 (size before relaxing)

.comment        0x00000000      0x39c
 .comment       0x00000000       0x1c camera.o
 .comment       0x0000001c       0x1c edit.o
 .comment       0x00000038       0x1c httpd.o
 .comment       0x00000054       0x1c i2c.o
 .comment       0x00000070       0x1c stm_m25p32.o
 .comment       0x0000008c       0x1c printf.o
 .comment       0x000000a8       0x1c xmodem.o
 .comment       0x000000c4       0x1c float.o
 .comment       0x000000e0       0x1c gps.o
 .comment       0x000000fc       0x1c myfunc.o
 .comment       0x00000118       0x1c main.o
 .comment       0x00000134       0x1c malloc.o
 .comment       0x00000150       0x1c srv.o
 .comment       0x0000016c       0x1c uart.o
 .comment       0x00000188       0x1c colors.o
 .comment       0x000001a4       0x1c jpeg.o
 .comment       0x000001c0       0x1c stereo.o
 .comment       0x000001dc       0x1c neural.o
 .comment       0x000001f8       0x1c init.o
 .comment       0x00000214       0x1c string.o
 .comment       0x00000230       0x1c sdcard.o
 .comment       0x0000024c       0x1c picoc/picoc.o
 .comment       0x00000268       0x1c picoc/table.o
 .comment       0x00000284       0x1c picoc/lex.o
 .comment       0x000002a0       0x1c picoc/parse.o
 .comment       0x000002bc       0x1c picoc/expression.o
 .comment       0x000002d8       0x1c picoc/heap.o
 .comment       0x000002f4       0x1c picoc/type.o
 .comment       0x00000310       0x1c picoc/variable.o
 .comment       0x0000032c       0x1c picoc/clibrary.o
 .comment       0x00000348       0x1c picoc/library_surveyor.o
 .comment       0x00000364       0x1c picoc/platform.o
 .comment       0x00000380       0x1c picoc/platform_surveyor.o

.debug_ranges   0x00000000      0x5c8
 .debug_ranges  0x00000000       0x28 printf.o
 .debug_ranges  0x00000028       0x70 xmodem.o
 .debug_ranges  0x00000098       0xf8 stereo.o
 .debug_ranges  0x00000190       0x38 init.o
 .debug_ranges  0x000001c8       0x30 string.o
 .debug_ranges  0x000001f8       0xb8 picoc/table.o
 .debug_ranges  0x000002b0       0x80 picoc/lex.o
 .debug_ranges  0x00000330       0x50 picoc/parse.o
 .debug_ranges  0x00000380      0x208 picoc/expression.o
 .debug_ranges  0x00000588       0x40 picoc/clibrary.o
