
Allocating common symbols
Common symbol       size              file

imgWidth            0x4               srv.o
rfailsafe           0x4               srv.o
j                   0x4               srv.o
Y2                  0x80              jpeg.o
x_acc               0x4               srv.o
i                   0x4               srv.o
blobcnt             0xfc              colors.o
segmentation_flag   0x4               srv.o
Temp                0x80              jpeg.o
Cqt                 0x40              jpeg.o
ymax                0x44              colors.o
blobx1              0xfc              colors.o
pwm2_init           0x4               srv.o
Y3                  0x80              jpeg.o
base                0x8               malloc.o
sonar_data          0x14              srv.o
weights             0x1400            neural.o
teach_neurons       0x40              neural.o
nerror              0x80              neural.o
y_acc0              0x4               srv.o
StringHashTable     0x184             picoc/table.o
CharArrayType       0x4               picoc/type.o
Y4                  0x80              jpeg.o
FunctionType        0x20              picoc/type.o
umax                0x44              colors.o
ICqt                0x80              jpeg.o
hist0               0x400             colors.o
heap_end            0x4               malloc.o
quality             0x4               srv.o
y_acc               0x4               srv.o
output_start        0x4               srv.o
hist1               0x400             colors.o
pwm1_init           0x4               srv.o
image_size          0x4               srv.o
ILqt                0x80              jpeg.o
heap_start          0x4               malloc.o
pwm1_mode           0x4               srv.o
neurons             0x180             neural.o
x_center            0x4               srv.o
blobix              0xfc              colors.o
EnumType            0x20              picoc/type.o
VoidType            0x20              picoc/type.o
lfailsafe           0x4               srv.o
edge_thresh         0x4               srv.o
master              0x4               srv.o
bloby2              0xfc              colors.o
mean                0xc               colors.o
base_speed          0x4               srv.o
rspeed2             0x4               srv.o
lspeed              0x4               srv.o
GlobalHashTable     0x634             picoc/variable.o
vmax                0x44              colors.o
CR                  0x80              jpeg.o
overlay_flag        0x4               srv.o
StringTable         0x8               picoc/table.o
lspeed2             0x4               srv.o
err1                0x4               srv.o
cp                  0x4               srv.o
Lqt                 0x40              jpeg.o
GlobalTable         0x8               picoc/variable.o
MacroType           0x20              picoc/type.o
Type_Type           0x20              picoc/type.o
CharType            0x20              picoc/type.o
output_end          0x4               srv.o
CB                  0x80              jpeg.o
pwm2_mode           0x4               srv.o
CharPtrType         0x4               picoc/type.o
fdct_temp           0x80              jpeg.o
framecount          0x4               srv.o
vmin                0x44              colors.o
heap_ptr            0x4               malloc.o
bloby1              0xfc              colors.o
WordType            0x20              picoc/type.o
x_acc0              0x4               srv.o
IntType             0x20              picoc/type.o
imgHead             0xb               srv.o
read_format         0x4               jpeg.o
silent_console      0x4               srv.o
edge_detect_flag    0x4               srv.o
imgHeight           0x4               srv.o
UberType            0x20              picoc/type.o
failsafe_clock      0x4               srv.o
blobx2              0xfc              colors.o
dlist2              0xc               camera.o
y_center            0x4               srv.o
xbuff               0x406             xmodem.o
errjmp              0xa4              picoc/picoc.o
dlist1              0xc               camera.o
ymin                0x44              colors.o
umin                0x44              colors.o
rspeed              0x4               srv.o
frame_diff_flag     0x4               srv.o
ix                  0x4               srv.o
Y1                  0x80              jpeg.o

Memory Configuration

Name             Origin             Length             Attributes
ram              0x00000000         0x02000000         xrw
l1code           0xffa00000         0x00010000         x
l1data_a         0xff800000         0x00008000         rw
l1data_b         0xff900000         0x00008000         rw
scratchpad       0xffb00000         0x00001000         rw
*default*        0x00000000         0xffffffff

Linker script and memory map


.sdram.text
 camera.o(.sdram.text)
 edit.o(.sdram.text)
 i2c.o(.sdram.text)
 stm_m25p32.o(.sdram.text)
 printf.o(.sdram.text)
 xmodem.o(.sdram.text)
 myfunc.o(.sdram.text)
 *(.gnu.warning)

.l1code         0xffa00000     0x6828
 main.o(.text)
 .text          0xffa00000      0x2b4 main.o
                0xffa00000                main
 math.o(.text)
 .text          0xffa002b4      0x200 math.o
                0xffa00380                __umodsi3
                0xffa003b2                __divsi3
                0xffa002b4                __udivsi3
 malloc.o(.text)
 .text          0xffa004b4      0x1a4 malloc.o
                0xffa00590                morecore
                0xffa00508                free
                0xffa004b4                init_heap
                0xffa004f4                sbrk
                0xffa005d4                malloc
 srv.o(.text)
 .text          0xffa00658     0x2ff8 srv.o
                0xffa01488                motor_command
                0xffa0224c                process_i2c
                0xffa02348                restore_video
                0xffa02574                xmodem_receive
                0xffa00df4                clearRTC
                0xffa00f14                delayUS
                0xffa02384                invert_video
                0xffa0089c                grab_reference_frame
                0xffa00e04                delayMS
                0xffa01674                set_edge_thresh
                0xffa00f88                delayNS
                0xffa00b24                setPPM1
                0xffa0109c                rand
                0xffa024b0                read_user_sector
                0xffa00d60                initRTC
                0xffa0282c                serial_out_flashbuffer
                0xffa025b8                camera_reset
                0xffa023c0                write_boot_flash
                0xffa008d0                initPWM
                0xffa00968                init_sonar
                0xffa01018                check_failsafe
                0xffa019f0                show_stack_ptr
                0xffa02ebc                process_colors
                0xffa01db0                laser_range
                0xffa019d8                show_heap_ptr
                0xffa01610                overlay_on
                0xffa01914                lasers_off
                0xffa00728                clear_sdram
                0xffa0076c                led1_on
                0xffa0158c                change_image_quality
                0xffa00750                stack_remaining
                0xffa00c9c                check_bounds_0_100
                0xffa00874                move_image
                0xffa02424                write_user_sector
                0xffa01a00                process_neuralnet
                0xffa0121c                ppm2_command
                0xffa00a38                setPWM
                0xffa02214                show_laser_range
                0xffa02548                crc_flash_buffer
                0xffa02894                send_frame
                0xffa01174                ctoi
                0xffa018ec                check_battery
                0xffa013fc                motor_increase_base_speed
                0xffa01750                ping_sonar
                0xffa01558                clear_flash_buffer
                0xffa011b4                enable_failsafe
                0xffa01944                lasers_on
                0xffa01294                ppm1_command
                0xffa0130c                motor_action
                0xffa00d80                readRTC
                0xffa00cb8                motor_trim_right
                0xffa0075c                led0_on
                0xffa00d0c                motor_trim_left
                0xffa00658                init_io
                0xffa01990                serial_out_version
                0xffa0077c                compute_frame_diff
                0xffa0256c                launch_editor
                0xffa016b8                enable_edge_detect
                0xffa02e14                grab_frame
                0xffa016f0                enable_segmentation
                0xffa02484                write_user_flash
                0xffa00e34                motor_set
                0xffa00934                initTMR4
                0xffa00990                initPPM1
                0xffa00be0                setPPM2
                0xffa01364                motor_decrease_base_speed
                0xffa009e4                initPPM2
                0xffa01974                serial_out_time
                0xffa007d4                set_caption
                0xffa01638                disable_frame_diff
                0xffa006fc                reset_cpu
                0xffa02508                read_user_flash
                0xffa01148                isqrt
                0xffa01000                reset_failsafe_clock
                0xffa0118c                disable_failsafe
                0xffa015e8                overlay_off
                0xffa01718                enable_frame_diff
                0xffa0276c                camera_setup
 uart.o(.text)
 .text          0xffa03650      0x314 uart.o
                0xffa037f8                uart1SendChar
                0xffa0386c                uart1GetCh
                0xffa037d4                uart0GetChar
                0xffa0369c                init_fast_uart0
                0xffa03794                uart0SendChars
                0xffa037b8                uart0GetCh
                0xffa03768                uart0SendString
                0xffa03738                uart0SendChar
                0xffa03848                uart1SendChars
                0xffa03650                init_uart0
                0xffa038ac                printNumber
                0xffa0381c                uart1SendString
                0xffa03888                uart1GetChar
                0xffa036e8                init_uart1
 float.o(.text)
 .text          0xffa03964      0x9ec float.o
                0xffa04270                printLong
                0xffa03efc                ltFloat
                0xffa0397c                bytesToFloat
                0xffa04070                printFloat
                0xffa03964                power
                0xffa03e6c                isOne
                0xffa039ac                minus
                0xffa03fec                printBinary
                0xffa03e7c                gtFloat
                0xffa03f08                intToFloat
                0xffa041f4                printLLong
                0xffa039b8                divFloat
                0xffa039a0                parseFloat
                0xffa04328                printExponent
                0xffa0402c                printMantissa
                0xffa03b3c                addFloat
                0xffa03a7c                mulFloat
                0xffa03cc0                subFloat
                0xffa042b8                floatInBinary
 colors.o(.text)
 .text          0xffa04350      0xcf4 colors.o
                0xffa044fc                vmean
                0xffa04778                edge_detect
                0xffa04918                svs_segcode
                0xffa045c4                color_segment
                0xffa04b0c                vblob
                0xffa043d4                blob_merge
                0xffa04a70                svs_segview
                0xffa04350                init_colors
                0xffa04430                vhist
                0xffa043a0                vpix
 jpeg.o(.text)
 .text          0xffa05044      0xdc4 jpeg.o
                0xffa05c10                DCT
                0xffa05604                close_bitstream
                0xffa05c24                encodeMCU
                0xffa0513c                huffman
                0xffa05678                write_markers
                0xffa05d20                encode_image
                0xffa05898                initialize_quantization_tables
                0xffa05a5c                read_422_format
                0xffa05044                initialization
                0xffa0511c                levelshift
                0xffa0598c                quantization
                0xffa059dc                read_400_format
 r8x8dct.o(.text)
 .text          0xffa05e08       0xf0 r8x8dct.o
                0xffa05e08                _r8x8dct
 spi.o(.text)
 .text          0xffa05ef8      0x1e8 spi.o
                0xffa05fe0                svs_master
                0xffa05ef8                svs_slave
 uart.o(.text)
 setjmp.o(.text)
 .text          0xffa060e0      0x184 setjmp.o
                0xffa060e0                longjmp
                0xffa061a8                setjmp
 neural.o(.text)
 .text          0xffa06264      0x5c4 neural.o
                0xffa06604                nnpack8x8
                0xffa067f0                nninit_network
                0xffa06680                nndisplay
                0xffa062fc                f_logic
                0xffa0635c                nncalculate_network
                0xffa06444                nncalculate_errors
                0xffa06714                nntrain_network
                0xffa06700                nninit_pattern
                0xffa06264                nnset_pattern
                0xffa064f8                nnscale8x8

.text           0x00000000     0x5174
 .text          0x00000000       0xf0 camera.o
                0x00000000                camera_init
                0x000000a8                camera_start
                0x000000cc                camera_stop
 .text          0x000000f0      0x340 edit.o
                0x00000288                insert_char
                0x00000138                find_next_line
                0x00000300                edit
                0x000001d4                find_buffer_end
                0x000000f0                delete_char
                0x0000021c                print_lines
                0x000002e0                print_help
                0x00000188                find_previous_line
 .text          0x00000430      0x1c8 i2c.o
                0x00000430                i2cwrite
                0x00000500                i2cread
 .text          0x000005f8      0x4d4 stm_m25p32.o
                0x000006d4                SetupSPI
                0x00000794                spi_read
                0x0000082c                Wait_For_WEL
                0x000006b4                SPI_OFF
                0x00000894                WriteFlash
                0x00000a00                spi_write
                0x00000604                spi_init_r
                0x00000984                EraseBlock
                0x000007f4                Wait_For_Status
                0x00000650                GetSectorNumber
                0x00000930                WriteData
                0x000005f8                spi_init_f
                0x000007b0                ReadStatusRegister
                0x00000860                SendSingleCommand
                0x00000704                ReadData
                0x00000610                Wait_For_SPIF
                0x00000678                udelay
 .text          0x00000acc      0x338 printf.o
                0x00000dc8                sprintf
                0x00000de4                printf
 .text          0x00000e04      0x4f8 xmodem.o
                0x00000e90                xmodemTransmit
                0x00000e40                _inbyte
                0x00000e04                crc16_ccitt
                0x00001108                xmodemReceive
 .text          0x000012fc       0x28 myfunc.o
                0x000012fc                myfunc
 .text          0x00001324       0xd0 init.o
                0x00001324                initcode
 .text          0x000013f4      0x28c string.o
                0x000013f4                strcmp
                0x00001470                strncpy
                0x000014a8                atoi
                0x00001628                memcpy
                0x00001644                memset
                0x0000158c                itoa
                0x00001658                strdup
                0x00001554                reverse
                0x00001448                strchr
                0x00001460                strcpy
                0x00001414                strncmp
                0x0000161c                isdigit
                0x00001534                strlen
 .text          0x00001680      0x270 picoc/clibrary.o
                0x00001738                LibPrintf
                0x000016a8                PrintInt
                0x00001680                PrintStr
                0x0000186c                LibraryInit
 .text          0x000018f0      0x230 picoc/heap.o
                0x000019a4                HeapFree
                0x00001acc                HeapAllocStack
                0x00001964                HeapPushStackFrame
                0x00001984                HeapPopStackFrame
                0x000019fc                HeapAlloc
                0x0000193c                HeapPopStack
                0x000018f0                HeapInit
 .text          0x00001b20      0x910 picoc/lex.o
                0x00002404                LexInit
                0x00001e28                LexGetCharacterConstant
                0x00001d14                LexInitParser
                0x00001f88                LexGetWord
                0x00001b20                LexCheckReservedWord
                0x00001ba8                LexUnEscapeCharacter
                0x00001b48                LexGetNumber
                0x000023e4                LexAnalyse
                0x00001d30                LexGetToken
                0x00001c78                LexSkipComment
                0x00001cf0                LexTokenSize
                0x00002018                LexScanGetToken
                0x0000233c                LexTokenise
                0x00001e7c                LexGetStringConstant
 .text          0x00002430     0x13ac picoc/parse.o
                0x0000338c                ParseFunctionDefinition
                0x000024f8                ParseValue
                0x000032d0                ParseBlock
                0x00002440                ParsePushInt
                0x00003584                ParseFunctionCall
                0x00002430                ParserCopyPos
                0x00002c24                ParseIntExpression
                0x000028dc                ParseExpression
                0x00003358                ParseStatementMaybeRun
                0x00002c90                ParseFor
                0x00003278                Parse
                0x00002e10                ParseStatement
                0x00002468                ParseMacroDefinition
 .text          0x000037dc      0x108 picoc/picoc.o
                0x00003834                picoc
                0x000037dc                Initialise
 .text          0x000038e4      0xad0 picoc/platform_library.o
                0x00003b94                Ctan
                0x00003e94                Cwritei2c
                0x00003fd8                Csonar
                0x000039b8                Csin
                0x000038e4                Claser
                0x00003928                Ccolor
                0x00003fbc                Crange
                0x00004040                Cservo2
                0x00003aa4                Ccos
                0x00003fb8                Cimgcap
                0x000040b8                Cservo
                0x00003f40                Ccompass
                0x00004130                Cmotors
                0x00003fb4                Cimgrcap
                0x00003d9c                Cblob
                0x00003cb0                Catan
                0x00003f08                Creadi2c
                0x00003ec8                Creadi2c2
                0x00004228                Cinput
                0x000041e8                Crand
                0x000041d0                Ctime
                0x000039a4                Cimgdiff
                0x00004210                Cdelay
                0x00004274                PlatformLibraryInit
                0x000043a8                SayHello
                0x00004394                PrintInteger
                0x00004244                Csignal
 .text          0x000043b4      0x1a8 picoc/platform_support.o
                0x000044c0                PlatformPrintf
                0x000043c0                PlatformSetExitPoint
                0x000043e8                PlatformPutc
                0x000043b4                PlatformGetLine
                0x000044dc                LexFail
                0x000043f0                PlatformVPrintf
                0x00004518                ProgramFail
                0x000043cc                PlatformExit
 .text          0x0000455c      0x1f0 picoc/table.o
                0x00004694                TableStrRegister
                0x00004598                TableGet
                0x000045cc                TableSetIdentifier
                0x000046fc                TableInitTable
                0x00004680                TableStrRegister2
                0x000046b0                TableSet
                0x00004710                TableInit
 .text          0x0000474c      0x5cc picoc/type.o
                0x00004774                TypeStackSizeValue
                0x00004814                TypeInit
                0x000047a4                TypeAddBaseType
                0x00004950                TypeParseStruct
                0x00004788                TypeSize
                0x00004b10                TypeParse
                0x000048dc                TypeGetMatching
                0x0000474c                TypeSizeValue
                0x000047d4                TypeAdd
 .text          0x00004d18      0x45c picoc/variable.o
                0x00004ee0                VariableDefined
                0x00004e18                VariableStackPop
                0x00004d18                VariableStackFramePop
                0x00004fe4                VariableAllocValueAndData
                0x000050c8                VariableDefinePlatformVar
                0x00005128                VariableAllocValueFromType
                0x00004de4                VariableInit
                0x00004d68                VariableStackFrameAdd
                0x00004e84                VariableGet
                0x0000501c                VariableAllocValueAndCopy
                0x00004fbc                VariableAllocValueShared
                0x00004f84                VariableAllocValueFromExistingData
                0x00004f3c                VariableAlloc
                0x00005064                VariableDefine

.l1data         0xff800000     0x14c0
 *(.data)
 .data          0xff800000        0x0 camera.o
 .data          0xff800000        0x0 edit.o
 .data          0xff800000        0x0 i2c.o
 .data          0xff800000        0x0 stm_m25p32.o
 .data          0xff800000        0x0 printf.o
 .data          0xff800000        0x0 xmodem.o
 .data          0xff800000        0x0 myfunc.o
 .data          0xff800000        0x0 main.o
 .data          0xff800000        0x0 math.o
 .data          0xff800000        0x0 malloc.o
 .data          0xff800000      0x910 srv.o
                0xff800462                vhpel
                0xff800408                version_string
                0xff800008                font8x8
                0xff800000                fontmask
                0xff800430                frame
                0xff800450                hhpel
                0xff800474                rand_seed
 .data          0xff800910        0x0 uart.o
 .data          0xff800910        0x0 float.o
 .data          0xff800910        0x0 colors.o
 .data          0xff800910      0x8f0 jpeg.o
                0xff801140                zigzag_table
                0xff800968                chrominance_dc_size_table
                0xff800c08                chrominance_ac_code_table
                0xff800ac4                luminance_ac_size_table
                0xff800980                luminance_ac_code_table
                0xff800938                luminance_dc_size_table
                0xff800950                chrominance_dc_code_table
                0xff801180                luminance_quant_table
                0xff800f90                markerdata
                0xff800920                luminance_dc_code_table
                0xff800910                fdct_coeff
                0xff8011c0                chrominance_quant_table
                0xff800e90                bitsize
                0xff800d4c                chrominance_ac_size_table
 .data          0xff801200        0x0 r8x8dct.o
 .data          0xff801200        0x0 spi.o
 .data          0xff801200        0x0 setjmp.o
 .data          0xff801200       0x8c neural.o
                0xff801204                npattern
                0xff801284                nmask
                0xff801200                learn
 .data          0xff80128c        0x0 init.o
 .data          0xff80128c        0x0 string.o
 .data          0xff80128c       0x10 picoc/clibrary.o
                0xff80128c                CLibrary
 .data          0xff80129c        0xc picoc/heap.o
 .data          0xff8012a8      0x13c picoc/lex.o
 .data          0xff8013e4        0x0 picoc/parse.o
 .data          0xff8013e4        0x0 picoc/picoc.o
 .data          0xff8013e4       0xdc picoc/platform_library.o
                0xff8013e4                PlatformLibrary
 .data          0xff8014c0        0x0 picoc/platform_support.o
 .data          0xff8014c0        0x0 picoc/table.o
 .data          0xff8014c0        0x0 picoc/type.o
 .data          0xff8014c0        0x0 picoc/variable.o
 *(.l1data)
 *(.l1data.a)

.l1data.b
 *(.l1data.b)

.rodata         0xff8014c0     0x1d9c
 *(.rodata .rodata.* .gnu.linkonce.r.*)
 .rodata.str1.4
                0xff8014c0       0xb2 edit.o
                                 0xb4 (size before relaxing)
 *fill*         0xff801572        0x2 00
 .rodata        0xff801574       0x5c edit.o
 .rodata.str1.4
                0xff8015d0        0x7 printf.o
                                  0x8 (size before relaxing)
 *fill*         0xff8015d7        0x1 00
 .rodata        0xff8015d8      0x200 xmodem.o
 .rodata.str1.4
                0xff8017d8       0x14 myfunc.o
 .rodata.str1.4
                0xff8017ec        0xb main.o
                                  0xc (size before relaxing)
 *fill*         0xff8017f7        0x1 00
 .rodata        0xff8017f8      0x230 main.o
 .rodata        0xff801a28      0x104 srv.o
 .rodata.str1.4
                0xff801b2c      0x5ce srv.o
                                0x5dc (size before relaxing)
 *fill*         0xff8020fa        0x2 00
 .rodata        0xff8020fc       0x10 uart.o
 .rodata.str1.4
                0xff80210c       0x47 float.o
                                 0x48 (size before relaxing)
 *fill*         0xff802153        0x1 00
 .rodata.str1.4
                0xff802154       0x27 colors.o
                                 0x28 (size before relaxing)
 *fill*         0xff80217b        0x1 00
 .rodata.str1.4
                0xff80217c       0x5b spi.o
                                 0x5c (size before relaxing)
 *fill*         0xff8021d7        0x1 00
 .rodata.str1.4
                0xff8021d8        0x8 neural.o
                                  0xc (size before relaxing)
 .rodata.str1.4
                0xff8021e0       0x29 picoc/clibrary.o
                                 0x2c (size before relaxing)
 *fill*         0xff802209        0x3 00
 .rodata        0xff80220c      0x2cc picoc/lex.o
 .rodata.str1.4
                0xff8024d8       0xf2 picoc/lex.o
                                 0xfc (size before relaxing)
 *fill*         0xff8025ca        0x2 00
 .rodata.str1.4
                0xff8025cc      0x451 picoc/parse.o
                                0x464 (size before relaxing)
 *fill*         0xff802a1d        0x3 00
 .rodata        0xff802a20      0x1f0 picoc/parse.o
 .rodata.str1.4
                0xff802c10       0x4b picoc/picoc.o
                                 0x58 (size before relaxing)
 *fill*         0xff802c5b        0x1 00
 .rodata.str1.4
                0xff802c5c      0x2e3 picoc/platform_library.o
                                0x2e4 (size before relaxing)
 *fill*         0xff802f3f        0x1 00
 .rodata        0xff802f40      0x16c picoc/platform_library.o
 .rodata.str1.4
                0xff8030ac        0x8 picoc/platform_support.o
                                  0xc (size before relaxing)
 .rodata.str1.4
                0x00000000        0x8 picoc/table.o
                                 0x14 (size before relaxing)
 .rodata.str1.4
                0xff8030b4       0xd9 picoc/type.o
                                 0xec (size before relaxing)
 *fill*         0xff80318d        0x3 00
 .rodata        0xff803190       0x88 picoc/type.o
 .rodata.str1.4
                0xff803218       0x44 picoc/variable.o
                                 0x6c (size before relaxing)

.data
 *(.data .data.* .gnu.linkonce.d.*)

.ctors
 *crtbegin*.o(.ctors)
 *(EXCLUDE_FILE(*crtend*.o) .ctors)
 *(SORT(.ctors.*))
 *(.ctors)

.dtors
 *crtbegin*.o(.dtors)
 *(EXCLUDE_FILE(*crtend*.o) .dtors)
 *(SORT(.dtors.*))
 *(.dtors)

.sdram.bss      0x00005174        0x0
                0x00005174                __sdram_bss_start = .
 *(.bss.sdram)
                0x00005174                . = ALIGN (0x4)
                0x00005174                __sdram_bss_end = .

.bss            0xff900000     0x3a68
                0xff900000                __bss_start = .
 *(.dynbss)
 *(.bss .bss.* .gnu.linkonce.b.*)
 .bss           0xff900000        0x0 camera.o
 .bss           0xff900000       0x10 edit.o
 .bss           0xff900010        0x0 i2c.o
 .bss           0xff900010        0x0 stm_m25p32.o
 .bss           0xff900010        0x0 printf.o
 .bss           0xff900010        0x0 xmodem.o
 .bss           0xff900010        0x0 myfunc.o
 .bss           0xff900010        0x0 main.o
 .bss           0xff900010        0x0 math.o
 .bss           0xff900010        0x4 malloc.o
                0xff900010                allocp
 .bss           0xff900014        0x4 srv.o
                0xff900014                failsafe_mode
 .bss           0xff900018        0x0 uart.o
 .bss           0xff900018        0x0 float.o
 .bss           0xff900018        0x0 colors.o
 .bss           0xff900018        0x8 jpeg.o
                0xff900018                lcode
                0xff90001c                bitindex
 .bss           0xff900020        0x0 r8x8dct.o
 .bss           0xff900020        0x0 spi.o
 .bss           0xff900020        0x0 setjmp.o
 .bss           0xff900020        0x0 neural.o
 .bss           0xff900020        0x0 init.o
 .bss           0xff900020        0x0 string.o
 .bss           0xff900020        0x0 picoc/clibrary.o
 .bss           0xff900020       0x24 picoc/heap.o
 .bss           0xff900044       0x2c picoc/lex.o
 .bss           0xff900070        0x0 picoc/parse.o
 .bss           0xff900070        0x0 picoc/picoc.o
 .bss           0xff900070       0x24 picoc/platform_library.o
 .bss           0xff900094        0x0 picoc/platform_support.o
 .bss           0xff900094        0x4 picoc/table.o
                0xff900094                StrEmpty
 .bss           0xff900098        0x0 picoc/type.o
 .bss           0xff900098        0x4 picoc/variable.o
                0xff900098                TopStackFrame
 *(COMMON)
 COMMON         0xff90009c       0x18 camera.o
                0xff90009c                dlist2
                0xff9000a8                dlist1
 COMMON         0xff9000b4      0x406 xmodem.o
                0xff9000b4                xbuff
 *fill*         0xff9004ba        0x2 00
 COMMON         0xff9004bc       0x14 malloc.o
                0xff9004bc                base
                0xff9004c4                heap_end
                0xff9004c8                heap_start
                0xff9004cc                heap_ptr
 COMMON         0xff9004d0       0xb4 srv.o
                0xff9004d0                imgWidth
                0xff9004d4                rfailsafe
                0xff9004d8                j
                0xff9004dc                x_acc
                0xff9004e0                i
                0xff9004e4                segmentation_flag
                0xff9004e8                pwm2_init
                0xff9004ec                sonar_data
                0xff900500                y_acc0
                0xff900504                quality
                0xff900508                y_acc
                0xff90050c                output_start
                0xff900510                pwm1_init
                0xff900514                image_size
                0xff900518                pwm1_mode
                0xff90051c                x_center
                0xff900520                lfailsafe
                0xff900524                edge_thresh
                0xff900528                master
                0xff90052c                base_speed
                0xff900530                rspeed2
                0xff900534                lspeed
                0xff900538                overlay_flag
                0xff90053c                lspeed2
                0xff900540                err1
                0xff900544                cp
                0xff900548                output_end
                0xff90054c                pwm2_mode
                0xff900550                framecount
                0xff900554                x_acc0
                0xff900558                imgHead
                0xff900564                silent_console
                0xff900568                edge_detect_flag
                0xff90056c                imgHeight
                0xff900570                failsafe_clock
                0xff900574                y_center
                0xff900578                rspeed
                0xff90057c                frame_diff_flag
                0xff900580                ix
 COMMON         0xff900584      0xf8c colors.o
                0xff900584                blobcnt
                0xff900680                ymax
                0xff9006c4                blobx1
                0xff9007c0                umax
                0xff900804                hist0
                0xff900c04                hist1
                0xff901004                blobix
                0xff901100                bloby2
                0xff9011fc                mean
                0xff901208                vmax
                0xff90124c                vmin
                0xff901290                bloby1
                0xff90138c                blobx2
                0xff901488                ymin
                0xff9014cc                umin
 COMMON         0xff901510      0x584 jpeg.o
                0xff901510                Y2
                0xff901590                Temp
                0xff901610                Cqt
                0xff901650                Y3
                0xff9016d0                Y4
                0xff901750                ICqt
                0xff9017d0                ILqt
                0xff901850                CR
                0xff9018d0                Lqt
                0xff901910                CB
                0xff901990                fdct_temp
                0xff901a10                read_format
                0xff901a14                Y1
 COMMON         0xff901a94     0x1640 neural.o
                0xff901a94                weights
                0xff902e94                teach_neurons
                0xff902ed4                nerror
                0xff902f54                neurons
 COMMON         0xff9030d4       0xa4 picoc/picoc.o
                0xff9030d4                errjmp
 COMMON         0xff903178      0x18c picoc/table.o
                0xff903178                StringHashTable
                0xff9032fc                StringTable
 COMMON         0xff903304      0x128 picoc/type.o
                0xff903304                CharArrayType
                0xff903308                FunctionType
                0xff903328                EnumType
                0xff903348                VoidType
                0xff903368                MacroType
                0xff903388                Type_Type
                0xff9033a8                CharType
                0xff9033c8                CharPtrType
                0xff9033cc                WordType
                0xff9033ec                IntType
                0xff90340c                UberType
 COMMON         0xff90342c      0x63c picoc/variable.o
                0xff90342c                GlobalHashTable
                0xff903a60                GlobalTable
                0xff903a68                . = ALIGN (0x4)
                0xff903a68                __bss_end = .
                0xffb00ffc                . = 0xffb00ffc
                0xffb00ffc                PROVIDE (_supervisor_stack, .)
LOAD init.o
LOAD main.o
LOAD srv.o
LOAD uart.o
LOAD camera.o
LOAD jpeg.o
LOAD i2c.o
LOAD stm_m25p32.o
LOAD float.o
LOAD xmodem.o
LOAD colors.o
LOAD edit.o
LOAD malloc.o
LOAD string.o
LOAD spi.o
LOAD printf.o
LOAD myfunc.o
LOAD neural.o
LOAD picoc/clibrary.o
LOAD picoc/heap.o
LOAD picoc/lex.o
LOAD picoc/parse.o
LOAD picoc/picoc.o
LOAD picoc/platform_library.o
LOAD picoc/platform_support.o
LOAD picoc/table.o
LOAD picoc/type.o
LOAD picoc/variable.o
LOAD r8x8dct.o
LOAD math.o
LOAD setjmp.o
OUTPUT(srv1.bin elf32-bfin)

.comment        0x00000000      0x310
 .comment       0x00000000       0x1c camera.o
 .comment       0x0000001c       0x1c edit.o
 .comment       0x00000038       0x1c i2c.o
 .comment       0x00000054       0x1c stm_m25p32.o
 .comment       0x00000070       0x1c printf.o
 .comment       0x0000008c       0x1c xmodem.o
 .comment       0x000000a8       0x1c myfunc.o
 .comment       0x000000c4       0x1c main.o
 .comment       0x000000e0       0x1c malloc.o
 .comment       0x000000fc       0x1c srv.o
 .comment       0x00000118       0x1c uart.o
 .comment       0x00000134       0x1c float.o
 .comment       0x00000150       0x1c colors.o
 .comment       0x0000016c       0x1c jpeg.o
 .comment       0x00000188       0x1c spi.o
 .comment       0x000001a4       0x1c neural.o
 .comment       0x000001c0       0x1c init.o
 .comment       0x000001dc       0x1c string.o
 .comment       0x000001f8       0x1c picoc/clibrary.o
 .comment       0x00000214       0x1c picoc/heap.o
 .comment       0x00000230       0x1c picoc/lex.o
 .comment       0x0000024c       0x1c picoc/parse.o
 .comment       0x00000268       0x1c picoc/picoc.o
 .comment       0x00000284       0x1c picoc/platform_library.o
 .comment       0x000002a0       0x1c picoc/platform_support.o
 .comment       0x000002bc       0x1c picoc/table.o
 .comment       0x000002d8       0x1c picoc/type.o
 .comment       0x000002f4       0x1c picoc/variable.o
