
Allocating common symbols
Common symbol       size              file

imgWidth            0x4               srv.o
rfailsafe           0x4               srv.o
j                   0x4               srv.o
Y2                  0x80              jpeg.o
x_acc               0x4               srv.o
i                   0x4               srv.o
invert_flag         0x4               srv.o
blobcnt             0xfc              colors.o
segmentation_flag   0x4               srv.o
move_stop_time      0x4               srv.o
Temp                0x80              jpeg.o
Cqt                 0x40              jpeg.o
ymax                0x44              colors.o
blobx1              0xfc              colors.o
pwm2_init           0x4               srv.o
Y3                  0x80              jpeg.o
base                0x8               malloc.o
sonar_data          0x14              srv.o
weights             0x1400            neural.o
teach_neurons       0x40              neural.o
nerror              0x80              neural.o
CStdOut             0x10              picoc/clibrary.o
y_acc0              0x4               srv.o
StringHashTable     0x184             picoc/table.o
CharArrayType       0x4               picoc/type.o
Y4                  0x80              jpeg.o
FunctionType        0x24              picoc/type.o
umax                0x44              colors.o
ICqt                0x80              jpeg.o
hist0               0x400             colors.o
heap_end            0x4               malloc.o
quality             0x4               srv.o
move_start_time     0x4               srv.o
ExitBuf             0xa4              picoc/platform_surveyor.o
y_acc               0x4               srv.o
output_start        0x4               srv.o
hist1               0x400             colors.o
lcount              0x4               srv.o
pwm1_init           0x4               srv.o
image_size          0x4               srv.o
ILqt                0x80              jpeg.o
heap_start          0x4               malloc.o
pwm1_mode           0x4               srv.o
neurons             0x180             neural.o
StringLiteralHashTable
                    0x184             picoc/variable.o
x_center            0x4               srv.o
blobix              0xfc              colors.o
EnumType            0x24              picoc/type.o
VoidType            0x24              picoc/type.o
lfailsafe           0x4               srv.o
edge_thresh         0x4               srv.o
horizon_detect_flag
                    0x4               srv.o
master              0x4               srv.o
bloby2              0xfc              colors.o
mean                0xc               colors.o
base_speed          0x4               srv.o
rspeed2             0x4               srv.o
lspeed              0x4               srv.o
GlobalHashTable     0x184             picoc/variable.o
vmax                0x44              colors.o
CR                  0x80              jpeg.o
overlay_flag        0x4               srv.o
StringTable         0x8               picoc/table.o
lspeed2             0x4               srv.o
err1                0x4               srv.o
cp                  0x4               srv.o
Lqt                 0x40              jpeg.o
GlobalTable         0x8               picoc/variable.o
MacroType           0x24              picoc/type.o
CharType            0x24              picoc/type.o
output_end          0x4               srv.o
CB                  0x80              jpeg.o
pwm2_mode           0x4               srv.o
CharPtrType         0x4               picoc/type.o
obstacle_detect_flag
                    0x4               srv.o
fdct_temp           0x80              jpeg.o
gps_gga             0x18              gps.o
StringLiteralTable  0x8               picoc/variable.o
framecount          0x4               srv.o
vmin                0x44              colors.o
heap_ptr            0x4               malloc.o
bloby1              0xfc              colors.o
WordType            0x24              picoc/type.o
rcount              0x4               srv.o
x_acc0              0x4               srv.o
IntType             0x24              picoc/type.o
imgHead             0xb               srv.o
read_format         0x4               jpeg.o
edge_detect_flag    0x4               srv.o
encoder_flag        0x4               srv.o
imgHeight           0x4               srv.o
UberType            0x24              picoc/type.o
failsafe_clock      0x4               srv.o
blobx2              0xfc              colors.o
move_time_mS        0x4               srv.o
dlist2              0xc               camera.o
y_center            0x4               srv.o
xbuff               0x406             xmodem.o
dlist1              0xc               camera.o
ymin                0x44              colors.o
umin                0x44              colors.o
rspeed              0x4               srv.o
base_speed2         0x4               srv.o
frame_diff_flag     0x4               srv.o
ix                  0x4               srv.o
Y1                  0x80              jpeg.o
robot_moving        0x4               srv.o

Memory Configuration

Name             Origin             Length             Attributes
ram              0x00000000         0x02000000         xrw
l1code           0xffa00000         0x00010000         x
l1data_a         0xff800000         0x00008000         rw
l1data_b         0xff900000         0x00008000         rw
scratchpad       0xffb00000         0x00001000         rw
*default*        0x00000000         0xffffffff

Linker script and memory map


.sdram.text
 camera.o(.sdram.text)
 edit.o(.sdram.text)
 httpd.o(.sdram.text)
 i2c.o(.sdram.text)
 stm_m25p32.o(.sdram.text)
 printf.o(.sdram.text)
 xmodem.o(.sdram.text)
 float.o(.sdram.text)
 gps.o(.sdram.text)
 myfunc.o(.sdram.text)
 *(.gnu.warning)

.l1code         0xffa00000     0x8278
 main.o(.text)
 .text          0xffa00000      0x334 main.o
                0xffa00000                main
 math.o(.text)
 .text          0xffa00334      0x200 math.o
                0xffa00400                __umodsi3
                0xffa00432                __divsi3
                0xffa00334                __udivsi3
 malloc.o(.text)
 .text          0xffa00534      0x1a4 malloc.o
                0xffa00610                morecore
                0xffa00588                free
                0xffa00534                init_heap
                0xffa00574                sbrk
                0xffa00654                malloc
 string.o(.text)
 .text          0xffa006d8      0x3a4 string.o
                0xffa006d8                strcmp
                0xffa00754                strncpy
                0xffa0078c                atoi
                0xffa00908                memcpy
                0xffa00950                memset
                0xffa00964                ctoi
                0xffa00870                itoa
                0xffa00a54                strdup
                0xffa00838                reverse
                0xffa009ac                strpbrk
                0xffa0072c                strchr
                0xffa00744                strcpy
                0xffa009e4                strtok
                0xffa006f8                strncmp
                0xffa008fc                isdigit
                0xffa00818                strlen
                0xffa0097c                atoi_b16
 srv.o(.text)
 .text          0xffa00a7c     0x41dc srv.o
                0xffa021f8                motor_command
                0xffa02d34                process_i2c
                0xffa026cc                restore_video
                0xffa03424                xmodem_receive
                0xffa016c8                clearRTC
                0xffa0185c                delayUS
                0xffa03da4                motion_vect80x64
                0xffa02718                invert_video
                0xffa00ce8                grab_reference_frame
                0xffa016d8                delayMS
                0xffa022fc                set_edge_thresh
                0xffa018cc                delayNS
                0xffa01230                setPPM1
                0xffa01b70                rand
                0xffa01fe4                testSD
                0xffa02c94                tilt
                0xffa03348                read_user_sector
                0xffa01464                initRTC
                0xffa0373c                serial_out_flashbuffer
                0xffa00d88                move_yuv422_to_planar
                0xffa03490                camera_reset
                0xffa04be0                check_for_autorun
                0xffa02760                init_tilt
                0xffa03148                write_boot_flash
                0xffa02d08                read_tilt
                0xffa00ee4                initPWM
                0xffa00fcc                init_sonar
                0xffa01958                check_failsafe
                0xffa01fd4                show_stack_ptr
                0xffa02c10                read_compass
                0xffa0419c                process_colors
                0xffa02790                laser_range
                0xffa01fbc                show_heap_ptr
                0xffa01dd4                overlay_on
                0xffa01190                setPWM2
                0xffa01f38                lasers_off
                0xffa00b74                clear_sdram
                0xffa00bb8                led1_on
                0xffa022b0                change_image_quality
                0xffa00b9c                stack_remaining
                0xffa013a8                check_bounds_0_100
                0xffa00cc0                move_image
                0xffa0322c                write_user_sector
                0xffa0232c                process_neuralnet
                0xffa02140                motor2_command
                0xffa02080                ppm2_command
                0xffa010a4                setPWM
                0xffa00f48                initPWM2
                0xffa01c1c                read_encoders
                0xffa03030                init_analog
                0xffa02bf4                show_laser_range
                0xffa033f8                crc_flash_buffer
                0xffa03828                send_frame
                0xffa01f10                check_battery
                0xffa01d14                motor_increase_base_speed
                0xffa01ee0                ping_sonar
                0xffa00d6c                copy_image
                0xffa01e54                enable_horizon_detect
                0xffa01a14                encoders
                0xffa01d88                clear_flash_buffer
                0xffa0202c                enable_failsafe
                0xffa01f58                lasers_on
                0xffa020e0                ppm1_command
                0xffa01c60                motor_action
                0xffa01484                readRTC
                0xffa013c4                motor_trim_right
                0xffa00ba8                led0_on
                0xffa01414                motor_trim_left
                0xffa00a7c                init_io
                0xffa01f94                serial_out_version
                0xffa014f8                sonar
                0xffa019dc                init_encoders
                0xffa00bc8                compute_frame_diff
                0xffa0341c                launch_editor
                0xffa03f28                motion_vect_test
                0xffa01e7c                enable_edge_detect
                0xffa04004                grab_frame
                0xffa01ea4                enable_segmentation
                0xffa0328c                write_user_flash
                0xffa037a4                send_80x64planar
                0xffa01708                motor_set
                0xffa00f98                initTMR4
                0xffa00ffc                initPPM1
                0xffa012ec                setPPM2
                0xffa01ca0                motor_decrease_base_speed
                0xffa01050                initPPM2
                0xffa01e2c                enable_obstacle_detect
                0xffa032b8                read_double_sector
                0xffa01f78                serial_out_time
                0xffa00c20                set_caption
                0xffa01dec                disable_frame_diff
                0xffa00dcc                scale_image_to_80x64_planar
                0xffa00b48                reset_cpu
                0xffa033b8                read_user_flash
                0xffa031ac                write_double_sector
                0xffa02eb4                analog
                0xffa01940                reset_failsafe_clock
                0xffa01c48                disable_failsafe
                0xffa02ff4                read_analog
                0xffa01dbc                overlay_off
                0xffa01ebc                enable_frame_diff
                0xffa03668                camera_setup
                0xffa00d1c                move_inverted
 uart.o(.text)
 .text          0xffa04c58      0x4d0 uart.o
                0xffa04e40                uart1SendChar
                0xffa04eb4                uart1GetCh
                0xffa04e0c                uart0GetChar
                0xffa04dcc                uart0SendChars
                0xffa050ac                suartPutChar
                0xffa04df0                uart0GetCh
                0xffa04da0                uart0SendString
                0xffa04d70                uart0SendChar
                0xffa04cfc                uart0_CTS
                0xffa04e90                uart1SendChars
                0xffa04cb0                init_uart0
                0xffa04e30                uart0Signal
                0xffa04c58                suartInit
                0xffa04f04                printNumber
                0xffa04fec                suartGetChar
                0xffa04e64                uart1SendString
                0xffa04ed0                uart1GetChar
                0xffa04ef4                uart1Signal
                0xffa04d20                init_uart1
 colors.o(.text)
 .text          0xffa05128     0x1228 colors.o
                0xffa052d4                vmean
                0xffa05648                edge_detect
                0xffa05548                vfind
                0xffa057e0                svs_segcode
                0xffa05bbc                vhorizon
                0xffa05398                color_segment
                0xffa05a80                addvect
                0xffa05e3c                vblob
                0xffa051ac                blob_merge
                0xffa059e8                svs_segview
                0xffa05128                init_colors
                0xffa05930                vscan
                0xffa05208                vhist
                0xffa05b0c                addline
                0xffa05178                vpix
 jpeg.o(.text)
 .text          0xffa06350      0xd9c jpeg.o
                0xffa06efc                DCT
                0xffa068f4                close_bitstream
                0xffa06f10                encodeMCU
                0xffa0643c                huffman
                0xffa06968                write_markers
                0xffa0700c                encode_image
                0xffa06b88                initialize_quantization_tables
                0xffa06d48                read_422_format
                0xffa06350                initialization
                0xffa0641c                levelshift
                0xffa06c78                quantization
                0xffa06cc8                read_400_format
 r8x8dct.o(.text)
 *fill*         0xffa070ec        0x4 00
 .text          0xffa070f0       0xf0 r8x8dct.o
                0xffa070f0                _r8x8dct
 motionvect.o(.text)
 .text          0xffa071e0      0x950 motionvect.o
                0xffa07648                hpel
                0xffa079a8                _mve_core
                0xffa07858                _hpel_core2
                0xffa07738                _hpel_core1
                0xffa071e0                _motionvect
 uart.o(.text)
 setjmp.o(.text)
 .text          0xffa07b30      0x184 setjmp.o
                0xffa07b30                longjmp
                0xffa07bf8                setjmp
 neural.o(.text)
 .text          0xffa07cb4      0x5c4 neural.o
                0xffa08054                nnpack8x8
                0xffa08240                nninit_network
                0xffa080d0                nndisplay
                0xffa07d4c                f_logic
                0xffa07dac                nncalculate_network
                0xffa07e94                nncalculate_errors
                0xffa08164                nntrain_network
                0xffa08150                nninit_pattern
                0xffa07cb4                nnset_pattern
                0xffa07f48                nnscale8x8

.text           0x00000000     0x956c
 .text          0x00000000       0xf0 camera.o
                0x00000000                camera_init
                0x000000a8                camera_start
                0x000000cc                camera_stop
 .text          0x000000f0      0x33c edit.o
                0x00000288                insert_char
                0x00000138                find_next_line
                0x00000300                edit
                0x000001d4                find_buffer_end
                0x000000f0                delete_char
                0x0000021c                print_lines
                0x000002e0                print_help
                0x00000188                find_previous_line
 .text          0x0000042c      0x650 httpd.o
                0x00000600                binary_camera_frame
                0x00000678                httpd_get
                0x00000490                base64_camera_frame
                0x0000042c                httpd_post
                0x00000438                clean_buffer
 .text          0x00000a7c      0x290 i2c.o
                0x00000b4c                i2cwritex
                0x00000a7c                i2cwrite
                0x00000c14                i2cread
 .text          0x00000d0c      0x4d4 stm_m25p32.o
                0x00000de8                SetupSPI
                0x00000ea8                spi_read
                0x00000f40                Wait_For_WEL
                0x00000dc8                SPI_OFF
                0x00000fa8                WriteFlash
                0x00001114                spi_write
                0x00000d18                spi_init_r
                0x00001098                EraseBlock
                0x00000f08                Wait_For_Status
                0x00000d64                GetSectorNumber
                0x00001044                WriteData
                0x00000d0c                spi_init_f
                0x00000ec4                ReadStatusRegister
                0x00000f74                SendSingleCommand
                0x00000e18                ReadData
                0x00000d24                Wait_For_SPIF
                0x00000d8c                udelay
 .text          0x000011e0      0x334 printf.o
                0x000014dc                sprintf
                0x000014f8                printf
 .text          0x00001514      0x4fc xmodem.o
                0x000015a0                xmodemTransmit
                0x00001550                _inbyte
                0x00001514                crc16_ccitt
                0x00001818                xmodemReceive
 .text          0x00001a10      0xb9c float.o
                0x00001a10                bytesToFloat
                0x000022f8                printFloat
                0x00002144                bigMulti
                0x000022e0                power
                0x00001fac                isOne
                0x00001a40                minus
                0x00002490                printBinary
                0x00002058                intToFloat
                0x00001a4c                divFloat
                0x00001a34                parseFloat
                0x00002540                printExponent
                0x00002568                printMantissa
                0x0000204c                lteFloat
                0x00001b08                addFloat
                0x000021c0                mulFloat
                0x00001fbc                gteFloat
                0x00001dfc                subFloat
                0x000024d0                floatInBinary
 .text          0x000025ac      0xed8 gps.o
                0x00002758                tan
                0x00002980                atan
                0x00002b40                gps_dist
                0x00002864                asin
                0x00002c6c                read_ublox
                0x000028f0                acos
                0x00002a78                gps_head
                0x00002688                cos
                0x000025ac                sin
                0x00002cb4                gps_parse
                0x000033dc                gps_show
                0x00002a4c                isqrt
 .text          0x00003484       0x28 myfunc.o
                0x00003484                myfunc
 .text          0x000034ac       0xd0 init.o
                0x000034ac                initcode
 .text          0x0000357c      0x4f8 sdcard.o
                0x00003728                GetCardParams
                0x000035c0                CloseSD
                0x0000394c                ReadMultipleBlocks
                0x00003808                EraseBlocks
                0x000039e4                WriteMultipleBlocks
                0x0000357c                InitSD
                0x000036a4                GetToken
                0x00003860                WriteSector
                0x000036e0                CardInit
                0x000038e4                ReadSector
                0x00003620                SendCommand
                0x000035d0                WriteByte
 .text          0x00003a74      0x128 picoc/picoc.o
                0x00003af0                picoc
                0x00003a94                Initialise
                0x00003a74                Cleanup
 .text          0x00003b9c      0x28c picoc/table.o
                0x00003d70                TableStrRegister
                0x00003bd8                TableGet
                0x00003c5c                TableStrFree
                0x00003ca0                TableSetIdentifier
                0x00003dd8                TableInitTable
                0x00003d5c                TableStrRegister2
                0x00003c0c                TableDelete
                0x00003d8c                TableSet
                0x00003dec                TableInit
 .text          0x00003e28      0xdd4 picoc/lex.o
                0x0000418c                LexInteractiveClear
                0x00004bd0                LexInit
                0x00004324                LexGetCharacterConstant
                0x00004108                LexInitParser
                0x00004378                LexGetWord
                0x000041d8                LexCleanup
                0x00003e28                LexCheckReservedWord
                0x00004130                LexInteractiveCompleted
                0x000041e0                LexCopyTokens
                0x00004120                LexInteractiveStatementPrompt
                0x00003f98                LexUnEscapeCharacter
                0x00004b9c                LexToEndOfLine
                0x00003e8c                LexGetNumber
                0x00003e50                IsBaseDigit
                0x000048a8                LexAnalyse
                0x000048c8                LexGetToken
                0x00004068                LexSkipComment
                0x000040e0                LexTokenSize
                0x0000450c                LexScanGetToken
                0x000047f8                LexTokenise
                0x000043f4                LexGetStringConstant
 .text          0x00004bfc      0xbd8 picoc/parse.o
                0x00004cc4                ParseFunctionDefinition
                0x000055b8                ParseBlock
                0x00004ee4                ParseDeclaration
                0x00004c0c                ParseCleanup
                0x00004bfc                ParserCopyPos
                0x00005640                ParseStatementMaybeRun
                0x00005674                ParseFor
                0x00005534                Parse
                0x00005054                ParseStatement
                0x00004c20                ParseMacroDefinition
                0x000054c0                ParseInteractive
 .text          0x000057d4     0x1228 picoc/expression.o
                0x00005b44                ExpressionPostfixOperator
                0x000066b4                ExpressionParseInt
                0x00005adc                ExpressionPushInt
                0x00005a10                ExpressionAssignToPointer
                0x00005880                ExpressionGetStructElement
                0x000059c8                ExpressionStackPushDereference
                0x00005ca0                ExpressionPrefixOperator
                0x0000582c                ExpressionStackPushOperator
                0x000057e0                ExpressionAssignInt
                0x000057d4                debugf
                0x000062d0                ExpressionStackCollapse
                0x00005b14                ExpressionStackPushValueByType
                0x00005eb4                ExpressionStackPushValue
                0x00006734                ExpressionParseFunctionCall
                0x00005ed8                ExpressionInfixOperator
                0x0000585c                ExpressionStackPushValueNode
                0x000063bc                ExpressionParse
                0x00005e84                ExpressionStackPushLValue
 .text          0x000069fc      0x238 picoc/heap.o
                0x00006ab4                HeapFree
                0x00006be8                HeapAllocStack
                0x00006a70                HeapPushStackFrame
                0x00006a90                HeapPopStackFrame
                0x00006b0c                HeapAlloc
                0x00006a48                HeapPopStack
                0x000069fc                HeapInit
 .text          0x00006c34      0x7f0 picoc/type.o
                0x00006c64                TypeStackSizeValue
                0x00006d34                TypeInit
                0x000073d4                TypeCleanupNode
                0x00006cc4                TypeAddBaseType
                0x00006fbc                TypeParseStruct
                0x00006c78                TypeLastAccessibleOffset
                0x00007418                TypeCleanup
                0x00006c9c                TypeSize
                0x00007210                TypeParse
                0x0000723c                TypeParseIdentPart
                0x00006dec                TypeGetMatching
                0x00007178                TypeParseFront
                0x00006c34                TypeSizeValue
                0x00006cf4                TypeAdd
                0x00006e60                TypeParseEnum
 .text          0x00007424      0x658 picoc/variable.o
                0x00007568                VariableDefined
                0x0000779c                VariableStackPop
                0x000075c0                VariableStackFramePop
                0x000078b0                VariableAllocValueAndData
                0x000078e8                VariableDefinePlatformVar
                0x000076dc                VariableFree
                0x0000777c                VariableCleanup
                0x000074d4                VariableStringLiteralDefine
                0x00007a34                VariableAllocValueFromType
                0x00007738                VariableTableCleanup
                0x000074e8                VariableStringLiteralGet
                0x0000768c                VariableInit
                0x00007610                VariableStackFrameAdd
                0x00007510                VariableGet
                0x00007984                VariableAllocValueAndCopy
                0x00007888                VariableAllocValueShared
                0x00007850                VariableAllocValueFromExistingData
                0x00007808                VariableAlloc
                0x000079c8                VariableDefine
                0x00007424                VariableDereferencePointer
 .text          0x00007a7c      0x530 picoc/clibrary.o
                0x00007b60                PrintType
                0x00007e70                LibPrintf
                0x00007ac8                PrintInt
                0x00007aa0                PrintStr
                0x00007c48                LibGets
                0x00007a7c                SPutc
                0x00007dd8                LibSPrintf
                0x00007c94                GenericPrintf
                0x00007a94                PrintCh
                0x00007f0c                LibraryInit
                0x00007e94                CLibraryInit
                0x00007c30                LibGetc
 .text          0x00007fac     0x1388 picoc/library_surveyor.o
                0x000086f8                Ctan
                0x00008ccc                Cvrcap
                0x00008758                Cwritei2c
                0x00008d34                Csonar
                0x000085cc                Cnninit
                0x00008738                Csin
                0x00008fcc                Cencoders
                0x00007fdc                Cioread
                0x00008360                Cnnmatchblob
                0x000080a4                Claser
                0x0000878c                Cvcam
                0x00008c0c                Cvscan
                0x00008d18                Crange
                0x00008850                Cgps
                0x00008108                Cvcolor
                0x00008e8c                Cmotors2
                0x000085d0                Csqrt
                0x00008330                Cnnshow
                0x00008e14                Cservos
                0x00008718                Ccos
                0x00008680                Cacos
                0x00008d9c                Cservos2
                0x00008a44                Ccompass
                0x000081b0                Cautorun
                0x00008f2c                Cmotors
                0x000088b0                Canalog
                0x000086bc                Casin
                0x00008068                Cpoke
                0x00008cd0                Cvcap
                0x00008624                Cgps_head
                0x00008c80                Cvpix
                0x00008220                Cexit
                0x000080e8                Cbattery
                0x00008658                Catan
                0x00008a0c                Ctilt
                0x00008288                Cnnlearnblob
                0x00008818                Creadi2c
                0x000087d8                Creadi2c2
                0x00008014                Cpeek
                0x0000901c                Cinput
                0x00008ff4                Crand
                0x00008198                Ctime
                0x00008cd4                Cvfind
                0x00008544                Cnntrain
                0x00008184                Cvdiff
                0x00007fac                Ciodir
                0x00008ac0                Cdelay
                0x00008ad8                Cvblob
                0x00009064                PlatformLibraryInit
                0x00008474                Cnntest
                0x0000823c                Cnnset
                0x00007ff4                Ciowrite
                0x000085f0                Cgps_dist
                0x00009038                Csignal
                0x00008bcc                Cvmean
 .text          0x00009334      0x190 picoc/platform.o
                0x00009428                PlatformPrintf
                0x00009444                LexFail
                0x00009334                PlatformVPrintf
                0x00009480                ProgramFail
 .text          0x000094c4       0xa8 picoc/platform_surveyor.o
                0x000094fc                PlatformPutc
                0x00009504                PlatformGetLine
                0x000094c4                PlatformCleanup
                0x000094ec                PlatformGetCharacter
                0x000094d0                PlatformExit

.l1data         0xff800000     0x178c
 *(.data)
 .data          0xff800000        0x0 camera.o
 .data          0xff800000        0x0 edit.o
 .data          0xff800000       0x64 httpd.o
                0xff800000                names
 .data          0xff800064        0x0 i2c.o
 .data          0xff800064        0x0 stm_m25p32.o
 .data          0xff800064        0x0 printf.o
 .data          0xff800064        0x0 xmodem.o
 .data          0xff800064        0x0 float.o
 .data          0xff800064        0x0 gps.o
 .data          0xff800064        0x0 myfunc.o
 .data          0xff800064        0x0 main.o
 .data          0xff800064        0x0 math.o
 .data          0xff800064        0x0 malloc.o
 .data          0xff800064        0x0 string.o
 .data          0xff800064      0xa70 srv.o
                0xff80046c                version_string
                0xff80006c                font8x8
                0xff800064                fontmask
                0xff8004a0                frame
                0xff8004c0                rand_seed
 .data          0xff800ad4        0x0 uart.o
 .data          0xff800ad4        0x0 colors.o
 .data          0xff800ad4      0x8f0 jpeg.o
                0xff801304                zigzag_table
                0xff800b2c                chrominance_dc_size_table
                0xff800dcc                chrominance_ac_code_table
                0xff800c88                luminance_ac_size_table
                0xff800b44                luminance_ac_code_table
                0xff800afc                luminance_dc_size_table
                0xff800b14                chrominance_dc_code_table
                0xff801344                luminance_quant_table
                0xff801154                markerdata
                0xff800ae4                luminance_dc_code_table
                0xff800ad4                fdct_coeff
                0xff801384                chrominance_quant_table
                0xff801054                bitsize
                0xff800f10                chrominance_ac_size_table
 .data          0xff8013c4        0x0 r8x8dct.o
 .data          0xff8013c4        0x0 motionvect.o
 .data          0xff8013c4        0x0 setjmp.o
 .data          0xff8013c4       0x8c neural.o
                0xff8013c8                npattern
                0xff801448                nmask
                0xff8013c4                learn
 .data          0xff801450        0x0 init.o
 .data          0xff801450        0x0 sdcard.o
 .data          0xff801450        0x0 picoc/picoc.o
 .data          0xff801450        0x0 picoc/table.o
 .data          0xff801450      0x148 picoc/lex.o
 .data          0xff801598        0x0 picoc/parse.o
 .data          0xff801598        0x0 picoc/expression.o
 .data          0xff801598       0x10 picoc/heap.o
                0xff80159c                HeapMemStart
                0xff801598                HeapStackTop
 .data          0xff8015a8        0x0 picoc/type.o
 .data          0xff8015a8        0x0 picoc/variable.o
 .data          0xff8015a8       0x2c picoc/clibrary.o
                0xff8015a8                CLibrary
 .data          0xff8015d4      0x1b8 picoc/library_surveyor.o
                0xff8015d4                PlatformLibrary
 .data          0xff80178c        0x0 picoc/platform.o
 .data          0xff80178c        0x0 picoc/platform_surveyor.o
 *(.l1data)
 *(.l1data.a)

.l1data.b
 *(.l1data.b)

.rodata         0xff80178c     0x2e74
 *(.rodata .rodata.* .gnu.linkonce.r.*)
 .rodata.str1.4
                0xff80178c       0xb6 edit.o
                                 0xb8 (size before relaxing)
 *fill*         0xff801842        0x2 00
 .rodata        0xff801844       0x5c edit.o
 .rodata.str1.4
                0xff8018a0      0x289 httpd.o
                                0x290 (size before relaxing)
 *fill*         0xff801b29        0x3 00
 .rodata        0xff801b2c      0x148 httpd.o
 .rodata.str1.4
                0xff801c74        0x7 printf.o
                                  0x8 (size before relaxing)
 *fill*         0xff801c7b        0x1 00
 .rodata        0xff801c7c      0x200 xmodem.o
 .rodata.str1.4
                0xff801e7c       0x3f float.o
                                 0x40 (size before relaxing)
 *fill*         0xff801ebb        0x1 00
 .rodata.str1.4
                0xff801ebc       0xa6 gps.o
                                 0xa8 (size before relaxing)
 *fill*         0xff801f62        0x2 00
 .rodata        0xff801f64      0x16c gps.o
 .rodata.str1.4
                0xff8020d0       0x14 myfunc.o
 .rodata        0xff8020e4      0x38c main.o
 .rodata        0xff802470      0x1c4 srv.o
 .rodata.str1.4
                0xff802634      0x7d5 srv.o
                                0x7e0 (size before relaxing)
 *fill*         0xff802e09        0x3 00
 .rodata        0xff802e0c       0x10 uart.o
 .rodata.str1.4
                0xff802e1c       0x53 colors.o
                                 0x54 (size before relaxing)
 *fill*         0xff802e6f        0x1 00
 .rodata.str1.4
                0xff802e70        0x4 neural.o
                                  0xc (size before relaxing)
 .rodata.str1.4
                0xff802e74       0x37 picoc/picoc.o
                                 0x38 (size before relaxing)
 *fill*         0xff802eab        0x1 00
 .rodata.str1.4
                0xff802eac        0xe picoc/table.o
                                 0x14 (size before relaxing)
 *fill*         0xff802eba        0x2 00
 .rodata        0xff802ebc      0x2e0 picoc/lex.o
 .rodata.str1.4
                0xff80319c       0xe6 picoc/lex.o
                                0x108 (size before relaxing)
 *fill*         0xff803282        0x2 00
 .rodata.str1.4
                0xff803284      0x1a1 picoc/parse.o
                                0x1a8 (size before relaxing)
 *fill*         0xff803425        0x3 00
 .rodata        0xff803428       0x98 picoc/parse.o
 .rodata.str1.4
                0xff8034c0      0x362 picoc/expression.o
                                0x3b0 (size before relaxing)
 *fill*         0xff803822        0x2 00
 .rodata        0xff803824      0x264 picoc/expression.o
 .rodata.str1.4
                0xff803a88      0x12d picoc/type.o
                                0x164 (size before relaxing)
 *fill*         0xff803bb5        0x3 00
 .rodata        0xff803bb8       0x2c picoc/type.o
 .rodata.str1.4
                0xff803be4       0x9b picoc/variable.o
                                 0xc4 (size before relaxing)
 *fill*         0xff803c7f        0x1 00
 .rodata.str1.4
                0xff803c80       0xd2 picoc/clibrary.o
                                 0xf4 (size before relaxing)
 *fill*         0xff803d52        0x2 00
 .rodata        0xff803d54       0x28 picoc/clibrary.o
 .rodata.str1.4
                0xff803d7c      0x86a picoc/library_surveyor.o
                                0x880 (size before relaxing)
 .rodata        0xff8045e6       0x10 picoc/library_surveyor.o
 *fill*         0xff8045f6        0x2 00
 .rodata.str1.4
                0xff8045f8        0x8 picoc/platform.o
                                  0xc (size before relaxing)
 .rodata.str1.4
                0x00000000       0x10 picoc/platform_surveyor.o

.data
 *(.data .data.* .gnu.linkonce.d.*)

.ctors
 *crtbegin*.o(.ctors)
 *(EXCLUDE_FILE(*crtend*.o) .ctors)
 *(SORT(.ctors.*))
 *(.ctors)

.dtors
 *crtbegin*.o(.dtors)
 *(EXCLUDE_FILE(*crtend*.o) .dtors)
 *(SORT(.dtors.*))
 *(.dtors)

.sdram.bss      0x0000956c        0x0
                0x0000956c                __sdram_bss_start = .
 *(.bss.sdram)
                0x0000956c                . = ALIGN (0x4)
                0x0000956c                __sdram_bss_end = .

.bss            0xff900000     0x3cc4
                0xff900000                __bss_start = .
 *(.dynbss)
 *(.bss .bss.* .gnu.linkonce.b.*)
 .bss           0xff900000        0x0 camera.o
 .bss           0xff900000       0x10 edit.o
 .bss           0xff900010      0x408 httpd.o
 .bss           0xff900418        0x0 i2c.o
 .bss           0xff900418        0x0 stm_m25p32.o
 .bss           0xff900418        0x0 printf.o
 .bss           0xff900418        0x0 xmodem.o
 .bss           0xff900418        0x0 float.o
 .bss           0xff900418        0x8 gps.o
 .bss           0xff900420        0x0 myfunc.o
 .bss           0xff900420        0x0 main.o
 .bss           0xff900420        0x0 math.o
 .bss           0xff900420        0x4 malloc.o
                0xff900420                allocp
 .bss           0xff900424        0x4 string.o
 .bss           0xff900428        0xc srv.o
                0xff90042c                sonar_flag
                0xff900428                failsafe_mode
                0xff900430                uart1_flag
 .bss           0xff900434        0x4 uart.o
 .bss           0xff900438       0x50 colors.o
 .bss           0xff900488        0x8 jpeg.o
                0xff900488                lcode
                0xff90048c                bitindex
 .bss           0xff900490        0x0 r8x8dct.o
 .bss           0xff900490        0x0 motionvect.o
 .bss           0xff900490        0x0 setjmp.o
 .bss           0xff900490        0x0 neural.o
 .bss           0xff900490        0x0 init.o
 .bss           0xff900490        0x0 sdcard.o
 .bss           0xff900490        0x0 picoc/picoc.o
 .bss           0xff900490        0x4 picoc/table.o
                0xff900490                StrEmpty
 .bss           0xff900494       0x3c picoc/lex.o
 .bss           0xff9004d0        0x4 picoc/parse.o
 .bss           0xff9004d4        0x0 picoc/expression.o
 .bss           0xff9004d4       0x24 picoc/heap.o
 .bss           0xff9004f8        0x0 picoc/type.o
 .bss           0xff9004f8        0x4 picoc/variable.o
                0xff9004f8                TopStackFrame
 .bss           0xff9004fc        0x4 picoc/clibrary.o
 .bss           0xff900500       0xcc picoc/library_surveyor.o
 .bss           0xff9005cc        0x0 picoc/platform.o
 .bss           0xff9005cc        0x0 picoc/platform_surveyor.o
 *(COMMON)
 COMMON         0xff9005cc       0x18 camera.o
                0xff9005cc                dlist2
                0xff9005d8                dlist1
 COMMON         0xff9005e4      0x406 xmodem.o
                0xff9005e4                xbuff
 *fill*         0xff9009ea        0x2 00
 COMMON         0xff9009ec       0x18 gps.o
                0xff9009ec                gps_gga
 COMMON         0xff900a04       0x14 malloc.o
                0xff900a04                base
                0xff900a0c                heap_end
                0xff900a10                heap_start
                0xff900a14                heap_ptr
 COMMON         0xff900a18       0xdc srv.o
                0xff900a18                imgWidth
                0xff900a1c                rfailsafe
                0xff900a20                j
                0xff900a24                x_acc
                0xff900a28                i
                0xff900a2c                invert_flag
                0xff900a30                segmentation_flag
                0xff900a34                move_stop_time
                0xff900a38                pwm2_init
                0xff900a3c                sonar_data
                0xff900a50                y_acc0
                0xff900a54                quality
                0xff900a58                move_start_time
                0xff900a5c                y_acc
                0xff900a60                output_start
                0xff900a64                lcount
                0xff900a68                pwm1_init
                0xff900a6c                image_size
                0xff900a70                pwm1_mode
                0xff900a74                x_center
                0xff900a78                lfailsafe
                0xff900a7c                edge_thresh
                0xff900a80                horizon_detect_flag
                0xff900a84                master
                0xff900a88                base_speed
                0xff900a8c                rspeed2
                0xff900a90                lspeed
                0xff900a94                overlay_flag
                0xff900a98                lspeed2
                0xff900a9c                err1
                0xff900aa0                cp
                0xff900aa4                output_end
                0xff900aa8                pwm2_mode
                0xff900aac                obstacle_detect_flag
                0xff900ab0                framecount
                0xff900ab4                rcount
                0xff900ab8                x_acc0
                0xff900abc                imgHead
                0xff900ac8                edge_detect_flag
                0xff900acc                encoder_flag
                0xff900ad0                imgHeight
                0xff900ad4                failsafe_clock
                0xff900ad8                move_time_mS
                0xff900adc                y_center
                0xff900ae0                rspeed
                0xff900ae4                base_speed2
                0xff900ae8                frame_diff_flag
                0xff900aec                ix
                0xff900af0                robot_moving
 COMMON         0xff900af4      0xf8c colors.o
                0xff900af4                blobcnt
                0xff900bf0                ymax
                0xff900c34                blobx1
                0xff900d30                umax
                0xff900d74                hist0
                0xff901174                hist1
                0xff901574                blobix
                0xff901670                bloby2
                0xff90176c                mean
                0xff901778                vmax
                0xff9017bc                vmin
                0xff901800                bloby1
                0xff9018fc                blobx2
                0xff9019f8                ymin
                0xff901a3c                umin
 COMMON         0xff901a80      0x584 jpeg.o
                0xff901a80                Y2
                0xff901b00                Temp
                0xff901b80                Cqt
                0xff901bc0                Y3
                0xff901c40                Y4
                0xff901cc0                ICqt
                0xff901d40                ILqt
                0xff901dc0                CR
                0xff901e40                Lqt
                0xff901e80                CB
                0xff901f00                fdct_temp
                0xff901f80                read_format
                0xff901f84                Y1
 COMMON         0xff902004     0x1640 neural.o
                0xff902004                weights
                0xff903404                teach_neurons
                0xff903444                nerror
                0xff9034c4                neurons
 COMMON         0xff903644      0x18c picoc/table.o
                0xff903644                StringHashTable
                0xff9037c8                StringTable
 COMMON         0xff9037d0      0x128 picoc/type.o
                0xff9037d0                CharArrayType
                0xff9037d4                FunctionType
                0xff9037f8                EnumType
                0xff90381c                VoidType
                0xff903840                MacroType
                0xff903864                CharType
                0xff903888                CharPtrType
                0xff90388c                WordType
                0xff9038b0                IntType
                0xff9038d4                UberType
 COMMON         0xff9038f8      0x318 picoc/variable.o
                0xff9038f8                StringLiteralHashTable
                0xff903a7c                GlobalHashTable
                0xff903c00                GlobalTable
                0xff903c08                StringLiteralTable
 COMMON         0xff903c10       0x10 picoc/clibrary.o
                0xff903c10                CStdOut
 COMMON         0xff903c20       0xa4 picoc/platform_surveyor.o
                0xff903c20                ExitBuf
                0xff903cc4                . = ALIGN (0x4)
                0xff903cc4                __bss_end = .
                0xffb00ffc                . = 0xffb00ffc
                0xffb00ffc                PROVIDE (_supervisor_stack, .)
LOAD init.o
LOAD main.o
LOAD srv.o
LOAD uart.o
LOAD camera.o
LOAD jpeg.o
LOAD i2c.o
LOAD stm_m25p32.o
LOAD float.o
LOAD httpd.o
LOAD xmodem.o
LOAD colors.o
LOAD edit.o
LOAD malloc.o
LOAD string.o
LOAD printf.o
LOAD myfunc.o
LOAD neural.o
LOAD gps.o
LOAD sdcard.o
LOAD picoc/picoc.o
LOAD picoc/table.o
LOAD picoc/lex.o
LOAD picoc/parse.o
LOAD picoc/expression.o
LOAD picoc/heap.o
LOAD picoc/type.o
LOAD picoc/variable.o
LOAD picoc/clibrary.o
LOAD picoc/library_surveyor.o
LOAD picoc/platform.o
LOAD picoc/platform_surveyor.o
LOAD r8x8dct.o
LOAD math.o
LOAD setjmp.o
LOAD motionvect.o
OUTPUT(srv1.bin elf32-bfin)

.debug_abbrev   0x00000000     0x30bd
 .debug_abbrev  0x00000000       0xcf camera.o
 .debug_abbrev  0x000000cf       0xeb edit.o
 .debug_abbrev  0x000001ba      0x1b3 httpd.o
 .debug_abbrev  0x0000036d       0x8a i2c.o
 .debug_abbrev  0x000003f7      0x1d8 stm_m25p32.o
 .debug_abbrev  0x000005cf      0x124 printf.o
 .debug_abbrev  0x000006f3      0x183 xmodem.o
 .debug_abbrev  0x00000876      0x244 float.o
 .debug_abbrev  0x00000aba      0x1b7 gps.o
 .debug_abbrev  0x00000c71       0x43 myfunc.o
 .debug_abbrev  0x00000cb4       0x5d main.o
 .debug_abbrev  0x00000d11      0x14c malloc.o
 .debug_abbrev  0x00000e5d      0x16c string.o
 .debug_abbrev  0x00000fc9      0x25c srv.o
 .debug_abbrev  0x00001225      0x128 uart.o
 .debug_abbrev  0x0000134d      0x1c3 colors.o
 .debug_abbrev  0x00001510      0x186 jpeg.o
 .debug_abbrev  0x00001696      0x114 neural.o
 .debug_abbrev  0x000017aa       0x45 init.o
 .debug_abbrev  0x000017ef       0xf3 sdcard.o
 .debug_abbrev  0x000018e2      0x153 picoc/picoc.o
 .debug_abbrev  0x00001a35      0x239 picoc/table.o
 .debug_abbrev  0x00001c6e      0x276 picoc/lex.o
 .debug_abbrev  0x00001ee4      0x269 picoc/parse.o
 .debug_abbrev  0x0000214d      0x245 picoc/expression.o
 .debug_abbrev  0x00002392      0x151 picoc/heap.o
 .debug_abbrev  0x000024e3      0x252 picoc/type.o
 .debug_abbrev  0x00002735      0x1fb picoc/variable.o
 .debug_abbrev  0x00002930      0x270 picoc/clibrary.o
 .debug_abbrev  0x00002ba0      0x273 picoc/library_surveyor.o
 .debug_abbrev  0x00002e13      0x142 picoc/platform.o
 .debug_abbrev  0x00002f55      0x168 picoc/platform_surveyor.o

.debug_info     0x00000000     0xf303
 .debug_info    0x00000000      0x136 camera.o
 .debug_info    0x00000136      0x1e7 edit.o
 .debug_info    0x0000031d      0x448 httpd.o
 .debug_info    0x00000765      0x158 i2c.o
 .debug_info    0x000008bd      0x604 stm_m25p32.o
 .debug_info    0x00000ec1      0x34a printf.o
 .debug_info    0x0000120b      0x3e3 xmodem.o
 .debug_info    0x000015ee      0x78d float.o
 .debug_info    0x00001d7b      0x5af gps.o
 .debug_info    0x0000232a       0x54 myfunc.o
 .debug_info    0x0000237e       0x68 main.o
 .debug_info    0x000023e6      0x23a malloc.o
 .debug_info    0x00002620      0x501 string.o
 .debug_info    0x00002b21     0x1dd3 srv.o
 .debug_info    0x000048f4      0x42d uart.o
 .debug_info    0x00004d21      0xbfe colors.o
 .debug_info    0x0000591f      0xb0b jpeg.o
 .debug_info    0x0000642a      0x438 neural.o
 .debug_info    0x00006862       0x64 init.o
 .debug_info    0x000068c6      0x391 sdcard.o
 .debug_info    0x00006c57      0x54f picoc/picoc.o
 .debug_info    0x000071a6      0x8db picoc/table.o
 .debug_info    0x00007a81      0xf3c picoc/lex.o
 .debug_info    0x000089bd      0xc1e picoc/parse.o
 .debug_info    0x000095db     0x12a0 picoc/expression.o
 .debug_info    0x0000a87b      0x29f picoc/heap.o
 .debug_info    0x0000ab1a      0xcda picoc/type.o
 .debug_info    0x0000b7f4      0xb67 picoc/variable.o
 .debug_info    0x0000c35b      0xaa1 picoc/clibrary.o
 .debug_info    0x0000cdfc     0x1fcd picoc/library_surveyor.o
 .debug_info    0x0000edc9      0x2fb picoc/platform.o
 .debug_info    0x0000f0c4      0x23f picoc/platform_surveyor.o

.debug_line     0x00000000     0x3bfb
 .debug_line    0x00000000       0x72 camera.o
 .debug_line    0x00000072       0xd1 edit.o
 .debug_line    0x00000143      0x168 httpd.o
 .debug_line    0x000002ab       0xa7 i2c.o
 .debug_line    0x00000352      0x1ac stm_m25p32.o
 .debug_line    0x000004fe       0xf8 printf.o
 .debug_line    0x000005f6      0x139 xmodem.o
 .debug_line    0x0000072f      0x30e float.o
 .debug_line    0x00000a3d      0x2a7 gps.o
 .debug_line    0x00000ce4       0x3c myfunc.o
 .debug_line    0x00000d20      0x12b main.o
 .debug_line    0x00000e4b       0xa6 malloc.o
 .debug_line    0x00000ef1      0x10d string.o
 .debug_line    0x00000ffe      0xb25 srv.o
 .debug_line    0x00001b23      0x125 uart.o
 .debug_line    0x00001c48      0x380 colors.o
 .debug_line    0x00001fc8      0x315 jpeg.o
 .debug_line    0x000022dd      0x11e neural.o
 .debug_line    0x000023fb       0x53 init.o
 .debug_line    0x0000244e      0x10b sdcard.o
 .debug_line    0x00002559       0x92 picoc/picoc.o
 .debug_line    0x000025eb       0xe3 picoc/table.o
 .debug_line    0x000026ce      0x36e picoc/lex.o
 .debug_line    0x00002a3c      0x26b picoc/parse.o
 .debug_line    0x00002ca7      0x46f picoc/expression.o
 .debug_line    0x00003116       0xe9 picoc/heap.o
 .debug_line    0x000031ff      0x1e4 picoc/type.o
 .debug_line    0x000033e3      0x1a2 picoc/variable.o
 .debug_line    0x00003585      0x176 picoc/clibrary.o
 .debug_line    0x000036fb      0x3a9 picoc/library_surveyor.o
 .debug_line    0x00003aa4       0xc7 picoc/platform.o
 .debug_line    0x00003b6b       0x90 picoc/platform_surveyor.o

.debug_frame    0x00000000     0x38dc
 .debug_frame   0x00000000       0x4c camera.o
 .debug_frame   0x0000004c      0x100 edit.o
 .debug_frame   0x0000014c       0xb8 httpd.o
 .debug_frame   0x00000204       0x40 i2c.o
 .debug_frame   0x00000244      0x214 stm_m25p32.o
 .debug_frame   0x00000458       0xd4 printf.o
 .debug_frame   0x0000052c       0xc8 xmodem.o
 .debug_frame   0x000005f4      0x244 float.o
 .debug_frame   0x00000838      0x1ac gps.o
 .debug_frame   0x000009e4       0x28 myfunc.o
 .debug_frame   0x00000a0c       0x38 main.o
 .debug_frame   0x00000a44       0x94 malloc.o
 .debug_frame   0x00000ad8      0x174 string.o
 .debug_frame   0x00000c4c      0xb18 srv.o
 .debug_frame   0x00001764      0x1e4 uart.o
 .debug_frame   0x00001948      0x274 colors.o
 .debug_frame   0x00001bbc      0x1b0 jpeg.o
 .debug_frame   0x00001d6c      0x16c neural.o
 .debug_frame   0x00001ed8       0xa4 init.o
 .debug_frame   0x00001f7c      0x1a8 sdcard.o
 .debug_frame   0x00002124       0x74 picoc/picoc.o
 .debug_frame   0x00002198      0x14c picoc/table.o
 .debug_frame   0x000022e4      0x29c picoc/lex.o
 .debug_frame   0x00002580      0x1b8 picoc/parse.o
 .debug_frame   0x00002738      0x2e0 picoc/expression.o
 .debug_frame   0x00002a18       0xbc picoc/heap.o
 .debug_frame   0x00002ad4      0x1dc picoc/type.o
 .debug_frame   0x00002cb0      0x2e0 picoc/variable.o
 .debug_frame   0x00002f90      0x1b4 picoc/clibrary.o
 .debug_frame   0x00003144      0x690 picoc/library_surveyor.o
 .debug_frame   0x000037d4       0x7c picoc/platform.o
 .debug_frame   0x00003850       0x8c picoc/platform_surveyor.o

.debug_loc      0x00000000    0x12e6d
 .debug_loc     0x00000000       0x5b camera.o
 .debug_loc     0x0000005b      0x2eb edit.o
 .debug_loc     0x00000346      0x529 httpd.o
 .debug_loc     0x0000086f      0x23f i2c.o
 .debug_loc     0x00000aae      0x89e stm_m25p32.o
 .debug_loc     0x0000134c      0x79d printf.o
 .debug_loc     0x00001ae9      0x6ac xmodem.o
 .debug_loc     0x00002195      0xf86 float.o
 .debug_loc     0x0000311b     0x102f gps.o
 .debug_loc     0x0000414a       0x3e myfunc.o
 .debug_loc     0x00004188       0x2b main.o
 .debug_loc     0x000041b3      0x1e1 malloc.o
 .debug_loc     0x00004394      0x65d string.o
 .debug_loc     0x000049f1     0x25c8 srv.o
 .debug_loc     0x00006fb9      0x641 uart.o
 .debug_loc     0x000075fa     0x1422 colors.o
 .debug_loc     0x00008a1c     0x14f7 jpeg.o
 .debug_loc     0x00009f13      0x460 neural.o
 .debug_loc     0x0000a373      0x122 init.o
 .debug_loc     0x0000a495      0x6d6 sdcard.o
 .debug_loc     0x0000ab6b       0xfa picoc/picoc.o
 .debug_loc     0x0000ac65      0x614 picoc/table.o
 .debug_loc     0x0000b279      0xfb2 picoc/lex.o
 .debug_loc     0x0000c22b      0xb63 picoc/parse.o
 .debug_loc     0x0000cd8e     0x1d8f picoc/expression.o
 .debug_loc     0x0000eb1d      0x2e2 picoc/heap.o
 .debug_loc     0x0000edff      0x946 picoc/type.o
 .debug_loc     0x0000f745      0xd45 picoc/variable.o
 .debug_loc     0x0001048a      0x8db picoc/clibrary.o
 .debug_loc     0x00010d65     0x1d5e picoc/library_surveyor.o
 .debug_loc     0x00012ac3      0x20f picoc/platform.o
 .debug_loc     0x00012cd2      0x19b picoc/platform_surveyor.o

.debug_pubnames
                0x00000000     0x2771
 .debug_pubnames
                0x00000000       0x59 camera.o
 .debug_pubnames
                0x00000059       0x98 edit.o
 .debug_pubnames
                0x000000f1       0x7a httpd.o
 .debug_pubnames
                0x0000016b       0x39 i2c.o
 .debug_pubnames
                0x000001a4      0x120 stm_m25p32.o
 .debug_pubnames
                0x000002c4       0x29 printf.o
 .debug_pubnames
                0x000002ed       0x5d xmodem.o
 .debug_pubnames
                0x0000034a      0x10f float.o
 .debug_pubnames
                0x00000459       0x9f gps.o
 .debug_pubnames
                0x000004f8       0x1d myfunc.o
 .debug_pubnames
                0x00000515       0x1b main.o
 .debug_pubnames
                0x00000530       0x87 malloc.o
 .debug_pubnames
                0x000005b7       0xce string.o
 .debug_pubnames
                0x00000685      0xa70 srv.o
 .debug_pubnames
                0x000010f5      0x150 uart.o
 .debug_pubnames
                0x00001245      0x169 colors.o
 .debug_pubnames
                0x000013ae      0x2cc jpeg.o
 .debug_pubnames
                0x0000167a      0x11a neural.o
 .debug_pubnames
                0x00001794       0x1f init.o
 .debug_pubnames
                0x000017b3       0xd1 sdcard.o
 .debug_pubnames
                0x00001884       0x37 picoc/picoc.o
 .debug_pubnames
                0x000018bb       0xe1 picoc/table.o
 .debug_pubnames
                0x0000199c      0x1b8 picoc/lex.o
 .debug_pubnames
                0x00001b54       0xe8 picoc/parse.o
 .debug_pubnames
                0x00001c3c      0x208 picoc/expression.o
 .debug_pubnames
                0x00001e44       0xad picoc/heap.o
 .debug_pubnames
                0x00001ef1      0x1b6 picoc/type.o
 .debug_pubnames
                0x000020a7      0x274 picoc/variable.o
 .debug_pubnames
                0x0000231b       0xd1 picoc/clibrary.o
 .debug_pubnames
                0x000023ec      0x2af picoc/library_surveyor.o
 .debug_pubnames
                0x0000269b       0x55 picoc/platform.o
 .debug_pubnames
                0x000026f0       0x81 picoc/platform_surveyor.o

.debug_aranges  0x00000000      0x400
 .debug_aranges
                0x00000000       0x20 camera.o
 .debug_aranges
                0x00000020       0x20 edit.o
 .debug_aranges
                0x00000040       0x20 httpd.o
 .debug_aranges
                0x00000060       0x20 i2c.o
 .debug_aranges
                0x00000080       0x20 stm_m25p32.o
 .debug_aranges
                0x000000a0       0x20 printf.o
 .debug_aranges
                0x000000c0       0x20 xmodem.o
 .debug_aranges
                0x000000e0       0x20 float.o
 .debug_aranges
                0x00000100       0x20 gps.o
 .debug_aranges
                0x00000120       0x20 myfunc.o
 .debug_aranges
                0x00000140       0x20 main.o
 .debug_aranges
                0x00000160       0x20 malloc.o
 .debug_aranges
                0x00000180       0x20 string.o
 .debug_aranges
                0x000001a0       0x20 srv.o
 .debug_aranges
                0x000001c0       0x20 uart.o
 .debug_aranges
                0x000001e0       0x20 colors.o
 .debug_aranges
                0x00000200       0x20 jpeg.o
 .debug_aranges
                0x00000220       0x20 neural.o
 .debug_aranges
                0x00000240       0x20 init.o
 .debug_aranges
                0x00000260       0x20 sdcard.o
 .debug_aranges
                0x00000280       0x20 picoc/picoc.o
 .debug_aranges
                0x000002a0       0x20 picoc/table.o
 .debug_aranges
                0x000002c0       0x20 picoc/lex.o
 .debug_aranges
                0x000002e0       0x20 picoc/parse.o
 .debug_aranges
                0x00000300       0x20 picoc/expression.o
 .debug_aranges
                0x00000320       0x20 picoc/heap.o
 .debug_aranges
                0x00000340       0x20 picoc/type.o
 .debug_aranges
                0x00000360       0x20 picoc/variable.o
 .debug_aranges
                0x00000380       0x20 picoc/clibrary.o
 .debug_aranges
                0x000003a0       0x20 picoc/library_surveyor.o
 .debug_aranges
                0x000003c0       0x20 picoc/platform.o
 .debug_aranges
                0x000003e0       0x20 picoc/platform_surveyor.o

.debug_str      0x00000000     0x36c0
 .debug_str     0x00000000       0xc8 camera.o
                                 0xce (size before relaxing)
 .debug_str     0x000000c8       0x94 edit.o
                                 0xcc (size before relaxing)
 .debug_str     0x0000015c      0x164 httpd.o
                                0x1d8 (size before relaxing)
 .debug_str     0x000002c0       0x55 i2c.o
                                 0xa0 (size before relaxing)
 .debug_str     0x00000315      0x263 stm_m25p32.o
                                0x2f7 (size before relaxing)
 .debug_str     0x00000578       0x4e printf.o
                                 0xb7 (size before relaxing)
 .debug_str     0x000005c6       0xce xmodem.o
                                0x13e (size before relaxing)
 .debug_str     0x00000694      0x161 float.o
                                0x1e2 (size before relaxing)
 .debug_str     0x000007f5       0xb2 gps.o
                                0x135 (size before relaxing)
 .debug_str     0x000008a7       0x10 myfunc.o
                                 0x48 (size before relaxing)
 .debug_str     0x000008b7        0xc main.o
                                 0x44 (size before relaxing)
 .debug_str     0x000008c3       0x6a malloc.o
                                 0xb9 (size before relaxing)
 .debug_str     0x0000092d       0xb0 string.o
                                0x11b (size before relaxing)
 .debug_str     0x000009dd      0x910 srv.o
                                0xab3 (size before relaxing)
 .debug_str     0x000012ed      0x12f uart.o
                                0x1cd (size before relaxing)
 .debug_str     0x0000141c       0xd9 colors.o
                                0x1ee (size before relaxing)
 .debug_str     0x000014f5      0x444 jpeg.o
                                0x4f6 (size before relaxing)
 .debug_str     0x00001939       0xd9 neural.o
                                0x150 (size before relaxing)
 .debug_str     0x00001a12       0x43 init.o
                                 0x6d (size before relaxing)
 .debug_str     0x00001a55       0xce sdcard.o
                                0x128 (size before relaxing)
 .debug_str     0x00001b23      0x232 picoc/picoc.o
                                0x34c (size before relaxing)
 .debug_str     0x00001d55      0x11f picoc/table.o
                                0x3ff (size before relaxing)
 .debug_str     0x00001e74      0x84b picoc/lex.o
                                0xb75 (size before relaxing)
 .debug_str     0x000026bf      0x248 picoc/parse.o
                                0xa84 (size before relaxing)
 .debug_str     0x00002907      0x459 picoc/expression.o
                                0xd40 (size before relaxing)
 .debug_str     0x00002d60       0xf8 picoc/heap.o
                                0x180 (size before relaxing)
 .debug_str     0x00002e58      0x18a picoc/type.o
                                0xa66 (size before relaxing)
 .debug_str     0x00002fe2      0x25c picoc/variable.o
                                0x618 (size before relaxing)
 .debug_str     0x0000323e      0x16f picoc/clibrary.o
                                0x50d (size before relaxing)
 .debug_str     0x000033ad      0x24f picoc/library_surveyor.o
                                0x6dd (size before relaxing)
 .debug_str     0x000035fc       0x54 picoc/platform.o
                                0x1c1 (size before relaxing)
 .debug_str     0x00003650       0x70 picoc/platform_surveyor.o
                                0x1ac (size before relaxing)

.comment        0x00000000      0x380
 .comment       0x00000000       0x1c camera.o
 .comment       0x0000001c       0x1c edit.o
 .comment       0x00000038       0x1c httpd.o
 .comment       0x00000054       0x1c i2c.o
 .comment       0x00000070       0x1c stm_m25p32.o
 .comment       0x0000008c       0x1c printf.o
 .comment       0x000000a8       0x1c xmodem.o
 .comment       0x000000c4       0x1c float.o
 .comment       0x000000e0       0x1c gps.o
 .comment       0x000000fc       0x1c myfunc.o
 .comment       0x00000118       0x1c main.o
 .comment       0x00000134       0x1c malloc.o
 .comment       0x00000150       0x1c string.o
 .comment       0x0000016c       0x1c srv.o
 .comment       0x00000188       0x1c uart.o
 .comment       0x000001a4       0x1c colors.o
 .comment       0x000001c0       0x1c jpeg.o
 .comment       0x000001dc       0x1c neural.o
 .comment       0x000001f8       0x1c init.o
 .comment       0x00000214       0x1c sdcard.o
 .comment       0x00000230       0x1c picoc/picoc.o
 .comment       0x0000024c       0x1c picoc/table.o
 .comment       0x00000268       0x1c picoc/lex.o
 .comment       0x00000284       0x1c picoc/parse.o
 .comment       0x000002a0       0x1c picoc/expression.o
 .comment       0x000002bc       0x1c picoc/heap.o
 .comment       0x000002d8       0x1c picoc/type.o
 .comment       0x000002f4       0x1c picoc/variable.o
 .comment       0x00000310       0x1c picoc/clibrary.o
 .comment       0x0000032c       0x1c picoc/library_surveyor.o
 .comment       0x00000348       0x1c picoc/platform.o
 .comment       0x00000364       0x1c picoc/platform_surveyor.o

.debug_ranges   0x00000000      0x4d8
 .debug_ranges  0x00000000       0x40 httpd.o
 .debug_ranges  0x00000040       0x28 printf.o
 .debug_ranges  0x00000068       0x70 xmodem.o
 .debug_ranges  0x000000d8       0x30 string.o
 .debug_ranges  0x00000108       0x38 init.o
 .debug_ranges  0x00000140       0xb8 picoc/table.o
 .debug_ranges  0x000001f8       0x80 picoc/lex.o
 .debug_ranges  0x00000278       0x60 picoc/parse.o
 .debug_ranges  0x000002d8      0x1d0 picoc/expression.o
 .debug_ranges  0x000004a8       0x18 picoc/type.o
 .debug_ranges  0x000004c0       0x18 picoc/clibrary.o
