
Allocating common symbols
Common symbol       size              file

imgWidth            0x4               srv.o
rfailsafe           0x4               srv.o
j                   0x4               srv.o
protected_registers
                    0x4               lisp.o
Y2                  0x80              jpeg.o
x_acc               0x4               srv.o
i                   0x4               srv.o
blobcnt             0x40              colors.o
segmentation_flag   0x4               srv.o
Temp                0x80              jpeg.o
Cqt                 0x40              jpeg.o
ymax                0x44              colors.o
blobx1              0x40              colors.o
pwm2_init           0x4               srv.o
Y3                  0x80              jpeg.o
base                0x8               malloc.o
sonar_data          0x14              srv.o
lheap_2             0x4               lisp.o
y_acc0              0x4               srv.o
sym_errobj          0x4               lisp.o
Y4                  0x80              jpeg.o
umax                0x44              colors.o
which_lheap         0x4               lisp.o
ICqt                0x80              jpeg.o
oblist              0x4               lisp.o
gvar_index          0x4               c.o
my_one              0x4               lisp.o
token_type          0x1               c.o
hist0               0x400             colors.o
heap_end            0x4               malloc.o
quality             0x4               srv.o
sym_quote           0x4               lisp.o
truth               0x4               lisp.o
y_acc               0x4               srv.o
lheap_size          0x4               lisp.o
output_start        0x4               srv.o
hist1               0x400             colors.o
pwm1_init           0x4               srv.o
image_size          0x4               srv.o
ILqt                0x80              jpeg.o
heap_start          0x4               malloc.o
local_var_stack     0x640             c.o
pwm1_mode           0x4               srv.o
save_dct_ptr        0x4               srv.o
x_center            0x4               srv.o
sym_progn           0x4               lisp.o
lfailsafe           0x4               srv.o
prog                0x4               c.o
eof_val             0x4               lisp.o
edge_thresh         0x4               srv.o
master              0x4               srv.o
bloby2              0x40              colors.o
mean                0xc               colors.o
functos             0x4               c.o
base_speed          0x4               srv.o
rspeed2             0x4               srv.o
tkbuffer            0x64              lisp.o
lspeed              0x4               srv.o
lheap_org           0x4               lisp.o
global_vars         0x640             c.o
vmax                0x44              colors.o
token               0x50              c.o
ugetc               0x1               lisp.o
CR                  0x80              jpeg.o
overlay_flag        0x4               srv.o
lspeed2             0x4               srv.o
call_stack          0xa0              c.o
err1                0x4               srv.o
my_two              0x4               lisp.o
deadbeef_seed       0x4               srv.o
cp                  0x4               srv.o
tok                 0x1               c.o
Lqt                 0x40              jpeg.o
output_end          0x4               srv.o
lvartos             0x4               c.o
CB                  0x80              jpeg.o
pwm2_mode           0x4               srv.o
fdct_temp           0x80              jpeg.o
lisp_mode           0x4               lisp.o
func_table          0x5a0             c.o
framecount          0x4               srv.o
gc_status_flag      0x4               lisp.o
vmin                0x44              colors.o
fp                  0x4               lisp.o
heap_ptr            0x4               malloc.o
bloby1              0x40              colors.o
p_buf               0x4               c.o
x_acc0              0x4               srv.o
ret_value           0x4               c.o
imgHead             0xb               srv.o
read_format         0x4               jpeg.o
lheap_end           0x4               lisp.o
silent_console      0x4               srv.o
edge_detect_flag    0x4               srv.o
lheap_1             0x4               lisp.o
imgHeight           0x4               srv.o
failsafe_clock      0x4               srv.o
blobx2              0x40              colors.o
func_index          0x4               c.o
dlist2              0xc               camera.o
y_center            0x4               srv.o
ugetf               0x4               lisp.o
xbuff               0x406             xmodem.o
errjmp              0xa4              c.o
lheap               0x4               lisp.o
lquit               0x4               lisp.o
old_lheap_used      0x4               lisp.o
dlist1              0xc               camera.o
unbound_marker      0x4               lisp.o
ymin                0x44              colors.o
umin                0x44              colors.o
rspeed              0x4               srv.o
frame_diff_flag     0x4               srv.o
ix                  0x4               srv.o
sym_lambda          0x4               lisp.o
Y1                  0x80              jpeg.o

Memory Configuration

Name             Origin             Length             Attributes
ram              0x00000000         0x02000000         xrw
l1code           0xffa00000         0x00010000         x
l1data_a         0xff800000         0x00008000         rw
l1data_b         0xff900000         0x00008000         rw
scratchpad       0xffb00000         0x00001000         rw
*default*        0x00000000         0xffffffff

Linker script and memory map


.sdram.text
 camera.o(.sdram.text)
 c.o(.sdram.text)
 lisp.o(.sdram.text)
 edit.o(.sdram.text)
 i2c.o(.sdram.text)
 stm_m25p32.o(.sdram.text)
 printf.o(.sdram.text)
 xmodem.o(.sdram.text)
 *(.gnu.warning)

.l1code         0xffa00000     0x55f4
 main.o(.text)
 .text          0xffa00000      0x2a4 main.o
                0xffa00000                main
 math.o(.text)
 .text          0xffa002a4      0x200 math.o
                0xffa00370                __umodsi3
                0xffa003a2                __divsi3
                0xffa002a4                __udivsi3
 malloc.o(.text)
 .text          0xffa004a4      0x1a4 malloc.o
                0xffa00580                morecore
                0xffa004f8                free
                0xffa004a4                init_heap
                0xffa004e4                sbrk
                0xffa005c4                malloc
 srv.o(.text)
 .text          0xffa00648     0x2e34 srv.o
                0xffa01328                motor_command
                0xffa01d64                process_i2c
                0xffa01e60                restore_video
                0xffa02060                xmodem_receive
                0xffa00dec                clearRTC
                0xffa02b14                show_dct_coeff
                0xffa02024                start_lisp_from_buffer
                0xffa01e9c                invert_video
                0xffa00894                grab_reference_frame
                0xffa00dfc                delayMS
                0xffa01514                set_edge_thresh
                0xffa00b1c                setPPM1
                0xffa00fac                rand
                0xffa00d58                initRTC
                0xffa023ac                serial_out_flashbuffer
                0xffa020a4                camera_reset
                0xffa01ed8                write_boot_flash
                0xffa008c8                initPWM
                0xffa00960                init_sonar
                0xffa02994                recv_grab_code
                0xffa00f28                check_failsafe
                0xffa01890                show_stack_ptr
                0xffa02c64                process_colors
                0xffa018a0                laser_range
                0xffa01878                show_heap_ptr
                0xffa014b0                overlay_on
                0xffa017b4                lasers_off
                0xffa00720                clear_sdram
                0xffa00764                led1_on
                0xffa0142c                change_image_quality
                0xffa00748                stack_remaining
                0xffa00c94                check_bounds_0_100
                0xffa0086c                move_image
                0xffa010bc                ppm2_command
                0xffa00a30                setPWM
                0xffa01d2c                show_laser_range
                0xffa01fe4                crc_flash_buffer
                0xffa02414                send_frame
                0xffa0178c                check_battery
                0xffa0129c                motor_increase_base_speed
                0xffa015f0                ping_sonar
                0xffa013f8                clear_flash_buffer
                0xffa01068                enable_failsafe
                0xffa017e4                lasers_on
                0xffa01134                ppm1_command
                0xffa011ac                motor_action
                0xffa00d78                readRTC
                0xffa00cb0                motor_trim_right
                0xffa00754                led0_on
                0xffa00d04                motor_trim_left
                0xffa00648                init_io
                0xffa01830                serial_out_version
                0xffa02038                start_cinterpreter
                0xffa00774                compute_frame_diff
                0xffa02008                launch_editor
                0xffa02318                grab_dct_coeff
                0xffa01558                enable_edge_detect
                0xffa02bbc                grab_frame
                0xffa01590                enable_segmentation
                0xffa01f54                write_user_flash
                0xffa00e2c                motor_set
                0xffa0092c                initTMR4
                0xffa00988                initPPM1
                0xffa02a54                grab_code_send
                0xffa00bd8                setPPM2
                0xffa01204                motor_decrease_base_speed
                0xffa009dc                initPPM2
                0xffa01814                serial_out_time
                0xffa007cc                set_caption
                0xffa014d8                disable_frame_diff
                0xffa006f4                reset_cpu
                0xffa01f90                read_user_flash
                0xffa01014                isqrt
                0xffa00f10                reset_failsafe_clock
                0xffa02010                start_lisp_from_console
                0xffa01040                disable_failsafe
                0xffa02ab0                show_dct_coeff310
                0xffa01488                overlay_off
                0xffa015b8                enable_frame_diff
                0xffa02258                camera_setup
 uart.o(.text)
 .text          0xffa0347c      0x314 uart.o
                0xffa03624                uart1SendChar
                0xffa03698                uart1GetCh
                0xffa03600                uart0GetChar
                0xffa034c8                init_fast_uart0
                0xffa035c0                uart0SendChars
                0xffa035e4                uart0GetCh
                0xffa03594                uart0SendString
                0xffa03564                uart0SendChar
                0xffa03674                uart1SendChars
                0xffa0347c                init_uart0
                0xffa036d8                printNumber
                0xffa03648                uart1SendString
                0xffa036b4                uart1GetChar
                0xffa03514                init_uart1
 colors.o(.text)
 .text          0xffa03790      0xb28 colors.o
                0xffa03cb8                vmean
                0xffa03f24                edge_detect
                0xffa040c4                svs_segcode
                0xffa03d70                color_segment
                0xffa03974                vblob
                0xffa0421c                svs_segview
                0xffa03790                init_colors
                0xffa03bec                vhist
                0xffa037e0                vpix
                0xffa03814                vblok
 jpeg.o(.text)
 .text          0xffa042b8      0xee0 jpeg.o
                0xffa04f48                DCT
                0xffa0493c                close_bitstream
                0xffa04f5c                encodeMCU
                0xffa04474                huffman
                0xffa049b0                write_markers
                0xffa050b0                encode_image
                0xffa04bd0                initialize_quantization_tables
                0xffa04d94                read_422_format
                0xffa042b8                initialization
                0xffa043bc                levelshift
                0xffa04cc4                quantization
                0xffa04d14                read_400_format
                0xffa043dc                save_dct
 r8x8dct.o(.text)
 .text          0xffa05198       0xf0 r8x8dct.o
                0xffa05198                _r8x8dct
 spi.o(.text)
 .text          0xffa05288      0x1e8 spi.o
                0xffa05370                svs_master
                0xffa05288                svs_slave
 uart.o(.text)
 setjmp.o(.text)
 .text          0xffa05470      0x184 setjmp.o
                0xffa05470                longjmp
                0xffa05538                setjmp

.text           0x00000000     0x5a1c
 .text          0x00000000       0xf0 camera.o
                0x00000000                camera_init
                0x000000a8                camera_start
                0x000000cc                camera_stop
 .text          0x000000f0     0x1cd0 c.o
                0x00000a68                get_params
                0x00000164                isdelim
                0x00001aa4                get_args
                0x00000dcc                eval_exp5
                0x000018ac                get
                0x0000135c                writei2c
                0x00000b90                interp_block
                0x00000250                is_var
                0x0000019c                internal_func
                0x00001044                eval_exp0
                0x00001440                readi2c
                0x000000f0                isalph
                0x0000071c                finish_check
                0x000007e8                input
                0x00000900                assign_var
                0x0000110c                resolution
                0x00000144                iswhite
                0x00000e6c                eval_exp3
                0x000007c0                imgcap
                0x00001be0                prescan
                0x00000b08                decl_local
                0x00000cd0                atom
                0x0000085c                find_var
                0x000013d8                readi2c2
                0x000019b0                exec_do
                0x00000780                crange
                0x000007d4                time
                0x00000f9c                eval_exp1
                0x00000c70                call
                0x00000a0c                local_push
                0x000001ec                look_up
                0x00001a80                func_ret
                0x00000798                crand
                0x00001330                sonar
                0x00001190                color
                0x000015d8                laser
                0x00001a00                exec_while
                0x0000099c                func_push
                0x00000f40                eval_exp2
                0x000010c0                eval_exp
                0x000015bc                imgdiff
                0x0000011c                putback
                0x000007ac                imgrcap
                0x00000e18                eval_exp4
                0x000018cc                set
                0x00001ce8                c
                0x000016d0                servo
                0x00001810                print
                0x00001a40                exec_if
                0x000009d4                func_pop
                0x000002e0                find_func
                0x00001640                servo2
                0x00001910                exec_for
                0x000014a0                blob
                0x0000160c                delay
                0x000003cc                get_token
                0x0000032c                sntx_err
                0x00000758                start_check
                0x00001760                motors
                0x00000818                find_eob
                0x00001b5c                decl_global
 .text          0x00001dc0     0x275c lisp.o
                0x00003cb4                our_subrs
                0x00002684                lrange
                0x00003a44                lreadparen
                0x00003e0c                init_subrs
                0x00002364                symbol_boundp
                0x000037a8                gc_protect
                0x00002698                lrand
                0x00003874                lreadtk
                0x0000205c                lconsole
                0x000037d0                cintern_soft
                0x00002860                setcdr
                0x00003b84                let_macro
                0x000028fc                car
                0x00003c88                init_subr
                0x00002114                envlookup
                0x00003428                leval_setq
                0x000024d8                greaterp
                0x000031ac                leval_and
                0x00001f64                lrobot
                0x00001ed4                leval_tenv
                0x00003ad0                repl
                0x00002808                cfib
                0x000026b8                quotient
                0x000021c0                setvar
                0x00002a14                lprin1
                0x00001ffc                ldelay
                0x00001f30                lasers
                0x00003228                leval_or
                0x000035f4                lerr
                0x00002540                flocons
                0x00002e08                syntax_define
                0x0000270c                difference
                0x00003b3c                cintern
                0x00002588                lping
                0x00003500                scan_newspace
                0x00002760                ltimes
                0x00003a84                lreadf
                0x00002b74                gc_status
                0x0000357c                scan_registers
                0x00002fd0                leval
                0x00002e80                extend_env
                0x00003944                lreadr
                0x000043fc                print_hs_2
                0x000036ec                flush_ws
                0x00002c18                cons
                0x00001f18                nullp
                0x00002da8                leval_lambda
                0x00002088                err
                0x00002268                closure
                0x00002014                lsignal
                0x000025e8                lcompass
                0x00002b70                leval_quote
                0x00004444                lisp
                0x00002f74                leval_let
                0x00002470                lessp
                0x00001ee0                unreadchar
                0x00002408                equalp
                0x00002d24                copy_list
                0x00003334                leval_if
                0x00001e18                eql
                0x0000364c                readchar
                0x000020c8                arglchk
                0x00002300                symbol_value
                0x00003388                leval_define
                0x000032e8                leval_while
                0x000027b4                plus
                0x00002b44                lprint
                0x00001e00                eq
                0x00004434                ldump
                0x00002d58                oblistfn
                0x000035ac                gc
                0x00001e58                symbolp
                0x00003290                leval_progn
                0x00002210                assq
                0x00002038                quit
                0x00002d68                lreverse
                0x0000362c                print_hs_1
                0x00002898                setcar
                0x00002674                ltime
                0x00001e78                get_newspace
                0x00003818                rintern
                0x00002928                lcolor
                0x00003458                gc_relocate
                0x00002ed4                leval_args
                0x00004220                init_storage
                0x00003774                must_malloc
                0x0000265c                linput
                0x000023bc                symcons
                0x00002c64                lblob
                0x00001de0                numberp
                0x000028d0                cdr
                0x00001dc0                consp
                0x000022b4                subrcons
                0x00003acc                lread
 .text          0x0000451c      0x340 edit.o
                0x000046b4                insert_char
                0x00004564                find_next_line
                0x0000472c                edit
                0x00004600                find_buffer_end
                0x0000451c                delete_char
                0x00004648                print_lines
                0x0000470c                print_help
                0x000045b4                find_previous_line
 .text          0x0000485c      0x1c8 i2c.o
                0x0000485c                i2cwrite
                0x0000492c                i2cread
 .text          0x00004a24      0x4d4 stm_m25p32.o
                0x00004b00                SetupSPI
                0x00004bc0                spi_read
                0x00004c58                Wait_For_WEL
                0x00004ae0                SPI_OFF
                0x00004cc0                WriteFlash
                0x00004e2c                spi_write
                0x00004a30                spi_init_r
                0x00004db0                EraseBlock
                0x00004c20                Wait_For_Status
                0x00004a7c                GetSectorNumber
                0x00004d5c                WriteData
                0x00004a24                spi_init_f
                0x00004bdc                ReadStatusRegister
                0x00004c8c                SendSingleCommand
                0x00004b30                ReadData
                0x00004a3c                Wait_For_SPIF
                0x00004aa4                udelay
 .text          0x00004ef8      0x338 printf.o
                0x000051f4                sprintf
                0x00005210                printf
 .text          0x00005230      0x4fc xmodem.o
                0x000052bc                xmodemTransmit
                0x0000526c                _inbyte
                0x00005230                crc16_ccitt
                0x00005534                xmodemReceive
 .text          0x0000572c       0xd0 init.o
                0x0000572c                initcode
 .text          0x000057fc      0x220 string.o
                0x000057fc                strcmp
                0x00005844                atoi
                0x000059c4                memcpy
                0x000059e0                memset
                0x00005928                itoa
                0x000059f4                strdup
                0x000058f0                reverse
                0x0000581c                strchr
                0x00005834                strcpy
                0x000059b8                isdigit
                0x000058d0                strlen

.l1data         0xff800000     0x1394
 *(.data)
 .data          0xff800000        0x0 camera.o
 .data          0xff800000      0x194 c.o
                0xff8000d4                intern_func
                0xff800000                table
                0xff80018c                relops
 .data          0xff800194        0x0 lisp.o
 .data          0xff800194        0x0 edit.o
 .data          0xff800194        0x0 i2c.o
 .data          0xff800194        0x0 stm_m25p32.o
 .data          0xff800194        0x0 printf.o
 .data          0xff800194        0x0 xmodem.o
 .data          0xff800194        0x0 main.o
 .data          0xff800194        0x0 math.o
 .data          0xff800194        0x0 malloc.o
 .data          0xff800194      0x910 srv.o
                0xff8005f6                vhpel
                0xff80059c                version_string
                0xff80019c                font8x8
                0xff800194                fontmask
                0xff800608                deadbeef_beef
                0xff8005c4                frame
                0xff8005e4                hhpel
 .data          0xff800aa4        0x0 uart.o
 .data          0xff800aa4        0x0 colors.o
 .data          0xff800aa4      0x8f0 jpeg.o
                0xff8012d4                zigzag_table
                0xff800afc                chrominance_dc_size_table
                0xff800d9c                chrominance_ac_code_table
                0xff800c58                luminance_ac_size_table
                0xff800b14                luminance_ac_code_table
                0xff800acc                luminance_dc_size_table
                0xff800ae4                chrominance_dc_code_table
                0xff801314                luminance_quant_table
                0xff801124                markerdata
                0xff800ab4                luminance_dc_code_table
                0xff800aa4                fdct_coeff
                0xff801354                chrominance_quant_table
                0xff801024                bitsize
                0xff800ee0                chrominance_ac_size_table
 .data          0xff801394        0x0 r8x8dct.o
 .data          0xff801394        0x0 spi.o
 .data          0xff801394        0x0 setjmp.o
 .data          0xff801394        0x0 init.o
 .data          0xff801394        0x0 string.o
 *(.l1data)
 *(.l1data.a)

.l1data.b
 *(.l1data.b)

.rodata         0xff801394     0x1540
 *(.rodata .rodata.* .gnu.linkonce.r.*)
 .rodata.str1.4
                0xff801394      0x2cd c.o
                                0x2dc (size before relaxing)
 *fill*         0xff801661        0x3 00
 .rodata        0xff801664       0x94 c.o
 .rodata        0xff8016f8       0xa8 lisp.o
 .rodata.str1.4
                0xff8017a0      0x678 lisp.o
                                0x6cc (size before relaxing)
 .rodata.str1.4
                0xff801e18       0xb2 edit.o
                                 0xb4 (size before relaxing)
 *fill*         0xff801eca        0x2 00
 .rodata        0xff801ecc       0x5c edit.o
 .rodata.str1.4
                0xff801f28        0x7 printf.o
                                  0x8 (size before relaxing)
 *fill*         0xff801f2f        0x1 00
 .rodata        0xff801f30      0x200 xmodem.o
 .rodata        0xff802130      0x168 main.o
 .rodata        0xff802298       0xa8 srv.o
 .rodata.str1.4
                0xff802340      0x4e6 srv.o
                                0x4f8 (size before relaxing)
 *fill*         0xff802826        0x2 00
 .rodata        0xff802828       0x10 uart.o
 .rodata        0xff802838       0x40 jpeg.o
 .rodata.str1.4
                0xff802878       0x5c spi.o

.data
 *(.data .data.* .gnu.linkonce.d.*)

.ctors
 *crtbegin*.o(.ctors)
 *(EXCLUDE_FILE(*crtend*.o) .ctors)
 *(SORT(.ctors.*))
 *(.ctors)

.dtors
 *crtbegin*.o(.dtors)
 *(EXCLUDE_FILE(*crtend*.o) .dtors)
 *(SORT(.dtors.*))
 *(.dtors)

.sdram.bss      0x00005a1c        0x0
                0x00005a1c                __sdram_bss_start = .
 *(.bss.sdram)
                0x00005a1c                . = ALIGN (0x4)
                0x00005a1c                __sdram_bss_end = .

.bss            0xff900000     0x2a1c
                0xff900000                __bss_start = .
 *(.dynbss)
 *(.bss .bss.* .gnu.linkonce.b.*)
 .bss           0xff900000        0x0 camera.o
 .bss           0xff900000        0x0 c.o
 .bss           0xff900000        0x0 lisp.o
 .bss           0xff900000       0x10 edit.o
 .bss           0xff900010        0x0 i2c.o
 .bss           0xff900010        0x0 stm_m25p32.o
 .bss           0xff900010        0x0 printf.o
 .bss           0xff900010        0x0 xmodem.o
 .bss           0xff900010        0x0 main.o
 .bss           0xff900010        0x0 math.o
 .bss           0xff900010        0x4 malloc.o
                0xff900010                allocp
 .bss           0xff900014        0x8 srv.o
                0xff900018                failsafe_mode
                0xff900014                save_dct_flag
 .bss           0xff90001c        0x0 uart.o
 .bss           0xff90001c        0x0 colors.o
 .bss           0xff90001c        0x8 jpeg.o
                0xff90001c                lcode
                0xff900020                bitindex
 .bss           0xff900024        0x0 r8x8dct.o
 .bss           0xff900024        0x0 spi.o
 .bss           0xff900024        0x0 setjmp.o
 .bss           0xff900024        0x0 init.o
 .bss           0xff900024        0x0 string.o
 *(COMMON)
 COMMON         0xff900024       0x18 camera.o
                0xff900024                dlist2
                0xff900030                dlist1
 COMMON         0xff90003c     0x13d8 c.o
                0xff90003c                gvar_index
                0xff900040                token_type
                0xff900044                local_var_stack
                0xff900684                prog
                0xff900688                functos
                0xff90068c                global_vars
                0xff900ccc                token
                0xff900d1c                call_stack
                0xff900dbc                tok
                0xff900dc0                lvartos
                0xff900dc4                func_table
                0xff901364                p_buf
                0xff901368                ret_value
                0xff90136c                func_index
                0xff901370                errjmp
 COMMON         0xff901414       0xc8 lisp.o
                0xff901414                protected_registers
                0xff901418                lheap_2
                0xff90141c                sym_errobj
                0xff901420                which_lheap
                0xff901424                oblist
                0xff901428                my_one
                0xff90142c                sym_quote
                0xff901430                truth
                0xff901434                lheap_size
                0xff901438                sym_progn
                0xff90143c                eof_val
                0xff901440                tkbuffer
                0xff9014a4                lheap_org
                0xff9014a8                ugetc
                0xff9014ac                my_two
                0xff9014b0                lisp_mode
                0xff9014b4                gc_status_flag
                0xff9014b8                fp
                0xff9014bc                lheap_end
                0xff9014c0                lheap_1
                0xff9014c4                ugetf
                0xff9014c8                lheap
                0xff9014cc                lquit
                0xff9014d0                old_lheap_used
                0xff9014d4                unbound_marker
                0xff9014d8                sym_lambda
 COMMON         0xff9014dc      0x406 xmodem.o
                0xff9014dc                xbuff
 *fill*         0xff9018e2        0x2 00
 COMMON         0xff9018e4       0x14 malloc.o
                0xff9018e4                base
                0xff9018ec                heap_end
                0xff9018f0                heap_start
                0xff9018f4                heap_ptr
 COMMON         0xff9018f8       0xbc srv.o
                0xff9018f8                imgWidth
                0xff9018fc                rfailsafe
                0xff901900                j
                0xff901904                x_acc
                0xff901908                i
                0xff90190c                segmentation_flag
                0xff901910                pwm2_init
                0xff901914                sonar_data
                0xff901928                y_acc0
                0xff90192c                quality
                0xff901930                y_acc
                0xff901934                output_start
                0xff901938                pwm1_init
                0xff90193c                image_size
                0xff901940                pwm1_mode
                0xff901944                save_dct_ptr
                0xff901948                x_center
                0xff90194c                lfailsafe
                0xff901950                edge_thresh
                0xff901954                master
                0xff901958                base_speed
                0xff90195c                rspeed2
                0xff901960                lspeed
                0xff901964                overlay_flag
                0xff901968                lspeed2
                0xff90196c                err1
                0xff901970                deadbeef_seed
                0xff901974                cp
                0xff901978                output_end
                0xff90197c                pwm2_mode
                0xff901980                framecount
                0xff901984                x_acc0
                0xff901988                imgHead
                0xff901994                silent_console
                0xff901998                edge_detect_flag
                0xff90199c                imgHeight
                0xff9019a0                failsafe_clock
                0xff9019a4                y_center
                0xff9019a8                rspeed
                0xff9019ac                frame_diff_flag
                0xff9019b0                ix
 COMMON         0xff9019b4      0xae4 colors.o
                0xff9019b4                blobcnt
                0xff9019f4                ymax
                0xff901a38                blobx1
                0xff901a78                umax
                0xff901abc                hist0
                0xff901ebc                hist1
                0xff9022bc                bloby2
                0xff9022fc                mean
                0xff902308                vmax
                0xff90234c                vmin
                0xff902390                bloby1
                0xff9023d0                blobx2
                0xff902410                ymin
                0xff902454                umin
 COMMON         0xff902498      0x584 jpeg.o
                0xff902498                Y2
                0xff902518                Temp
                0xff902598                Cqt
                0xff9025d8                Y3
                0xff902658                Y4
                0xff9026d8                ICqt
                0xff902758                ILqt
                0xff9027d8                CR
                0xff902858                Lqt
                0xff902898                CB
                0xff902918                fdct_temp
                0xff902998                read_format
                0xff90299c                Y1
                0xff902a1c                . = ALIGN (0x4)
                0xff902a1c                __bss_end = .
                0xffb00ffc                . = 0xffb00ffc
                0xffb00ffc                PROVIDE (_supervisor_stack, .)
LOAD init.o
LOAD main.o
LOAD srv.o
LOAD uart.o
LOAD camera.o
LOAD jpeg.o
LOAD i2c.o
LOAD stm_m25p32.o
LOAD xmodem.o
LOAD colors.o
LOAD edit.o
LOAD malloc.o
LOAD string.o
LOAD spi.o
LOAD lisp.o
LOAD c.o
LOAD printf.o
LOAD r8x8dct.o
LOAD math.o
LOAD setjmp.o
OUTPUT(srv1.bin elf32-bfin)

.comment        0x00000000      0x1dc
 .comment       0x00000000       0x1c camera.o
 .comment       0x0000001c       0x1c c.o
 .comment       0x00000038       0x1c lisp.o
 .comment       0x00000054       0x1c edit.o
 .comment       0x00000070       0x1c i2c.o
 .comment       0x0000008c       0x1c stm_m25p32.o
 .comment       0x000000a8       0x1c printf.o
 .comment       0x000000c4       0x1c xmodem.o
 .comment       0x000000e0       0x1c main.o
 .comment       0x000000fc       0x1c malloc.o
 .comment       0x00000118       0x1c srv.o
 .comment       0x00000134       0x1c uart.o
 .comment       0x00000150       0x1c colors.o
 .comment       0x0000016c       0x1c jpeg.o
 .comment       0x00000188       0x1c spi.o
 .comment       0x000001a4       0x1c init.o
 .comment       0x000001c0       0x1c string.o
