Archive member included because of file (symbol)

c:\program files\analog devices\gnu toolchain\2008r1.5\elf\bin\../bfin-elf/lib\libbffastfp.a(addfl64.o)
                              printf.o (__adddf3)
c:\program files\analog devices\gnu toolchain\2008r1.5\elf\bin\../bfin-elf/lib\libbffastfp.a(cmpfl64.o)
                              printf.o (__ltdf2)
c:\program files\analog devices\gnu toolchain\2008r1.5\elf\bin\../bfin-elf/lib\libbffastfp.a(f32tof64.o)
                              string.o (__extendsfdf2)
c:\program files\analog devices\gnu toolchain\2008r1.5\elf\bin\../bfin-elf/lib\libbffastfp.a(f64tof32.o)
                              string.o (__truncdfsf2)
c:\program files\analog devices\gnu toolchain\2008r1.5\elf\bin\../bfin-elf/lib\libbffastfp.a(f64toi32z.o)
                              printf.o (__fixdfsi)
c:\program files\analog devices\gnu toolchain\2008r1.5\elf\bin\../bfin-elf/lib\libbffastfp.a(fpmult.o)
                              string.o (__mulsf3)
c:\program files\analog devices\gnu toolchain\2008r1.5\elf\bin\../bfin-elf/lib\libbffastfp.a(i32tof64.o)
                              printf.o (__floatsidf)
c:\program files\analog devices\gnu toolchain\2008r1.5\elf\bin\../bfin-elf/lib\libbffastfp.a(mulfl64.o)
                              printf.o (__muldf3)
c:\program files\analog devices\gnu toolchain\2008r1.5\elf\bin\../bfin-elf/lib\libbffastfp.a(subfl64.o)
                              printf.o (__subdf3)

Allocating common symbols
Common symbol       size              file

imgWidth            0x4               srv.o
rfailsafe           0x4               srv.o
j                   0x4               srv.o
Y2                  0x80              jpeg.o
blob_display_flag   0x4               srv.o
x_acc               0x4               srv.o
GotoLabelType       0x2c              picoc/type.o
i                   0x4               srv.o
invert_flag         0x4               srv.o
blobcnt             0xfc              colors.o
segmentation_flag   0x4               srv.o
move_stop_time      0x4               srv.o
Temp                0x80              jpeg.o
compass_continuous_calibration
                    0x4               edit.o
Cqt                 0x40              jpeg.o
ymax                0x44              colors.o
czmax               0x2               srv.o
blobx1              0xfc              colors.o
pwm2_init           0x4               srv.o
Y3                  0x80              jpeg.o
base                0x8               malloc.o
sonar_data          0x14              srv.o
weights             0x1400            neural.o
teach_neurons       0x40              neural.o
nerror              0x80              neural.o
CStdOut             0x4               picoc/clibrary.o
y_acc0              0x4               srv.o
StringHashTable     0x184             picoc/table.o
CharArrayType       0x4               picoc/type.o
Y4                  0x80              jpeg.o
FunctionType        0x2c              picoc/type.o
TypeType            0x2c              picoc/type.o
umax                0x44              colors.o
ICqt                0x80              jpeg.o
hist0               0x400             colors.o
heap_end            0x4               malloc.o
quality             0x4               srv.o
move_start_time     0x4               srv.o
y_acc               0x4               srv.o
output_start        0x4               srv.o
hist1               0x400             colors.o
lcount              0x4               srv.o
pwm1_init           0x4               srv.o
image_size          0x4               srv.o
ILqt                0x80              jpeg.o
heap_start          0x4               malloc.o
pwm1_mode           0x4               srv.o
neurons             0x180             neural.o
StringLiteralHashTable
                    0x184             picoc/variable.o
x_center            0x4               srv.o
blobix              0xfc              colors.o
EnumType            0x2c              picoc/type.o
VoidType            0x2c              picoc/type.o
lfailsafe           0x4               srv.o
edge_thresh         0x4               srv.o
compass_init        0x4               edit.o
cxmin               0x2               edit.o
horizon_detect_flag
                    0x4               srv.o
master              0x4               srv.o
bloby2              0xfc              colors.o
mean                0xc               colors.o
base_speed          0x4               srv.o
tilt_init           0x4               srv.o
rspeed2             0x4               srv.o
lspeed              0x4               srv.o
GlobalHashTable     0x184             picoc/variable.o
vmax                0x44              colors.o
CR                  0x80              jpeg.o
overlay_flag        0x4               srv.o
StringTable         0x8               picoc/table.o
lspeed2             0x4               srv.o
err1                0x4               srv.o
cp                  0x4               srv.o
Lqt                 0x40              jpeg.o
cymin               0x2               edit.o
ShortType           0x2c              picoc/type.o
GlobalTable         0x8               picoc/variable.o
MacroType           0x2c              picoc/type.o
CharType            0x2c              picoc/type.o
output_end          0x4               srv.o
czmin               0x2               srv.o
CB                  0x80              jpeg.o
pwm2_mode           0x4               srv.o
CharPtrType         0x4               picoc/type.o
obstacle_detect_flag
                    0x4               srv.o
cxmax               0x2               edit.o
fdct_temp           0x80              jpeg.o
gps_gga             0x18              gps.o
StringLiteralTable  0x8               picoc/variable.o
blob_display_num    0x4               srv.o
framecount          0x4               srv.o
VoidPtrType         0x4               picoc/type.o
vmin                0x44              colors.o
heap_ptr            0x4               malloc.o
LongType            0x2c              picoc/type.o
bloby1              0xfc              colors.o
rcount              0x4               srv.o
x_acc0              0x4               srv.o
IntType             0x2c              picoc/type.o
UnsignedLongType    0x2c              picoc/type.o
imgHead             0xb               srv.o
read_format         0x4               jpeg.o
edge_detect_flag    0x4               srv.o
encoder_flag        0x4               srv.o
imgHeight           0x4               srv.o
UberType            0x2c              picoc/type.o
failsafe_clock      0x4               srv.o
blobx2              0xfc              colors.o
PicocExitBuf        0xa4              picoc/platform/platform_surveyor.o
move_time_mS        0x4               srv.o
dlist2              0xc               camera.o
y_center            0x4               srv.o
UnsignedIntType     0x2c              picoc/type.o
UnsignedShortType   0x2c              picoc/type.o
cymax               0x2               edit.o
xbuff               0x406             xmodem.o
xwd_init            0x4               srv.o
dlist1              0xc               camera.o
CharPtrPtrType      0x4               picoc/type.o
ymin                0x44              colors.o
umin                0x44              colors.o
CStdOutBase         0xc               picoc/clibrary.o
rspeed              0x4               srv.o
base_speed2         0x4               srv.o
frame_diff_flag     0x4               srv.o
ix                  0x4               srv.o
Y1                  0x80              jpeg.o
robot_moving        0x4               srv.o

Memory Configuration

Name             Origin             Length             Attributes
ram              0x00000000         0x02000000         xrw
l1code           0xffa00000         0x00010000         x
l1data_a         0xff800000         0x00008000         rw
l1data_b         0xff904000         0x00004000         rw
scratchpad       0xffb00000         0x00001000         rw
*default*        0x00000000         0xffffffff

Linker script and memory map


.sdram.text
 camera.o(.sdram.text)
 edit.o(.sdram.text)
 httpd.o(.sdram.text)
 i2c.o(.sdram.text)
 stm_m25p32.o(.sdram.text)
 printf.o(.sdram.text)
 xmodem.o(.sdram.text)
 gps.o(.sdram.text)
 myfunc.o(.sdram.text)
 *(.gnu.warning)

.l1code         0xffa00000     0x8ce8
 crt0.o(.text)
 .text          0xffa00000      0x178 crt0.o
                0xffa000fc                idle_loop
                0xffa00000                start
 main.o(.text)
 .text          0xffa00178      0x53c main.o
                0xffa00178                ProcessCommands
                0xffa00624                main
 math.o(.text)
 .text          0xffa006b4      0x200 math.o
                0xffa00780                __umodsi3
                0xffa007b2                __divsi3
                0xffa006b4                __udivsi3
 malloc.o(.text)
 .text          0xffa008b4      0x1a4 malloc.o
                0xffa00990                morecore
                0xffa00908                free
                0xffa008b4                init_heap
                0xffa008f4                sbrk
                0xffa009d4                malloc
 string.o(.text)
 .text          0xffa00a58      0x72c string.o
                0xffa00a58                strcmp
                0xffa00d84                atoi_b10
                0xffa00ca4                memcpy2
                0xffa00d9c                atof
                0xffa00ad4                strncpy
                0xffa00b0c                atoi
                0xffa00c88                memcpy
                0xffa00cc8                memset
                0xffa00fb4                strtoksafe
                0xffa00d1c                ctoi
                0xffa00bf0                itoa
                0xffa0115c                strdup
                0xffa00bb8                reverse
                0xffa00f0c                strpbrk
                0xffa0113c                getUnaligned32
                0xffa01068                strnstr
                0xffa00aac                strchr
                0xffa00ac4                strcpy
                0xffa00f44                strtok
                0xffa00a78                strncmp
                0xffa00c7c                isdigit
                0xffa00b98                strlen
                0xffa00d34                atoi_b16
                0xffa00cdc                memmove
                0xffa010cc                strReplace
                0xffa01018                strstr
 srv.o(.text)
 .text          0xffa01184     0x4520 srv.o
                0xffa02758                motor_command
                0xffa038c8                process_i2c
                0xffa030fc                restore_video
                0xffa03d80                xmodem_receive
                0xffa01e40                clearRTC
                0xffa01fd4                delayUS
                0xffa04758                motion_vect80x64
                0xffa03148                invert_video
                0xffa01454                grab_reference_frame
                0xffa01e50                delayMS
                0xffa0290c                set_edge_thresh
                0xffa02044                delayNS
                0xffa019a8                setPPM1
                0xffa022e8                rand
                0xffa02af4                testSD
                0xffa03810                tilt
                0xffa03ca4                read_user_sector
                0xffa01bdc                initRTC
                0xffa04104                serial_out_flashbuffer
                0xffa014f4                move_yuv422_to_planar
                0xffa0562c                check_for_autorun
                0xffa03de8                camera_reset
                0xffa03190                init_tilt
                0xffa03ab4                write_boot_flash
                0xffa0389c                read_tilt
                0xffa01650                initPWM
                0xffa02394                intfromfourchars
                0xffa01744                init_sonar
                0xffa020d0                check_failsafe
                0xffa02ae4                show_stack_ptr
                0xffa04bd0                process_colors
                0xffa031cc                laser_range
                0xffa02acc                show_heap_ptr
                0xffa028a8                overlay_on
                0xffa01908                setPWM2
                0xffa02a48                lasers_off
                0xffa012e0                clear_sdram
                0xffa01324                led1_on
                0xffa02844                change_image_quality
                0xffa01308                stack_remaining
                0xffa01b20                check_bounds_0_100
                0xffa02b3c                encoder_4wd
                0xffa0142c                move_image
                0xffa03b88                write_user_sector
                0xffa02d5c                process_neuralnet
                0xffa026a0                motor2_command
                0xffa024b8                ppm2_command
                0xffa0181c                setPWM
                0xffa016b4                initPWM2
                0xffa02420                read_encoders
                0xffa03630                show_laser_range
                0xffa03d54                crc_flash_buffer
                0xffa041f0                send_frame
                0xffa02a20                check_battery
                0xffa0262c                motor_increase_base_speed
                0xffa029f0                ping_sonar
                0xffa04094                serial_out_httpbuffer
                0xffa02d30                read_analog_4wd
                0xffa014d8                copy_image
                0xffa02964                enable_horizon_detect
                0xffa0218c                encoders
                0xffa02810                clear_flash_buffer
                0xffa02464                enable_failsafe
                0xffa02a68                lasers_on
                0xffa02518                ppm1_command
                0xffa02578                motor_action
                0xffa01bfc                readRTC
                0xffa01b3c                motor_trim_right
                0xffa01314                led0_on
                0xffa01b8c                motor_trim_left
                0xffa01184                init_io
                0xffa02aa4                serial_out_version
                0xffa01c70                sonar
                0xffa02154                init_encoders
                0xffa01334                compute_frame_diff
                0xffa03d78                launch_editor
                0xffa048e4                motion_vect_test
                0xffa0298c                enable_edge_detect
                0xffa049c4                grab_frame
                0xffa053ac                read_compass3x
                0xffa029b4                enable_segmentation
                0xffa03be8                write_user_flash
                0xffa0416c                send_80x64planar
                0xffa01e80                motor_set
                0xffa01704                initTMR4
                0xffa01774                initPPM1
                0xffa05360                enable_blob_display
                0xffa01a64                setPPM2
                0xffa023e8                intfromthreechars
                0xffa0378c                show_compass2x
                0xffa025b8                motor_decrease_base_speed
                0xffa017c8                initPPM2
                0xffa0293c                enable_obstacle_detect
                0xffa03c14                read_double_sector
                0xffa02a88                serial_out_time
                0xffa0138c                set_caption
                0xffa028c0                disable_frame_diff
                0xffa01538                scale_image_to_80x64_planar
                0xffa012b4                reset_cpu
                0xffa03d14                read_user_flash
                0xffa03b08                write_double_sector
                0xffa0364c                analog
                0xffa020b8                reset_failsafe_clock
                0xffa02c20                read_encoder_4wd
                0xffa0244c                disable_failsafe
                0xffa03750                read_analog
                0xffa02890                overlay_off
                0xffa055c4                show_compass3x
                0xffa029cc                enable_frame_diff
                0xffa03fc0                camera_setup
                0xffa01488                move_inverted
                0xffa02c4c                analog_4wd
 uart.o(.text)
 .text          0xffa056a4      0x53c uart.o
                0xffa05984                uart1SendChar
                0xffa059f8                uart1GetCh
                0xffa05950                uart0GetChar
                0xffa05910                uart0SendChars
                0xffa05734                suartPutChar
                0xffa05934                uart0GetCh
                0xffa058e4                uart0SendString
                0xffa058b4                uart0SendChar
                0xffa0582c                uart0_CTS
                0xffa056a4                waituntilNS
                0xffa059d4                uart1SendChars
                0xffa057c8                init_uart0
                0xffa05974                uart0Signal
                0xffa056dc                suartInit
                0xffa05a48                printNumber
                0xffa05b30                suartGetChar
                0xffa059a8                uart1SendString
                0xffa05a14                uart1GetChar
                0xffa05a38                uart1Signal
                0xffa05850                init_uart1
 colors.o(.text)
 .text          0xffa05be0     0x11e0 colors.o
                0xffa0618c                vmean
                0xffa06500                edge_detect
                0xffa06400                vfind
                0xffa06698                svs_segcode
                0xffa06810                vhorizon
                0xffa06250                color_segment
                0xffa06bc8                addvect
                0xffa05c64                vblob
                0xffa06d04                addbox
                0xffa06b30                svs_segview
                0xffa05be0                init_colors
                0xffa06a78                vscan
                0xffa060c0                vhist
                0xffa06c54                addline
                0xffa05c30                vpix
 jpeg.o(.text)
 .text          0xffa06dc0      0xd9c jpeg.o
                0xffa0796c                DCT
                0xffa07364                close_bitstream
                0xffa07980                encodeMCU
                0xffa06eac                huffman
                0xffa073d8                write_markers
                0xffa07a7c                encode_image
                0xffa075f8                initialize_quantization_tables
                0xffa077b8                read_422_format
                0xffa06dc0                initialization
                0xffa06e8c                levelshift
                0xffa076e8                quantization
                0xffa07738                read_400_format
 r8x8dct.o(.text)
 *fill*         0xffa07b5c        0x4 00
 .text          0xffa07b60       0xf0 r8x8dct.o
                0xffa07b60                _r8x8dct
 motionvect.o(.text)
 .text          0xffa07c50      0x950 motionvect.o
                0xffa080b8                hpel
                0xffa08418                _mve_core
                0xffa082c8                _hpel_core2
                0xffa081a8                _hpel_core1
                0xffa07c50                _motionvect
 uart.o(.text)
 setjmp.o(.text)
 .text          0xffa085a0      0x184 setjmp.o
                0xffa085a0                longjmp
                0xffa08668                setjmp
 neural.o(.text)
 .text          0xffa08724      0x5c4 neural.o
                0xffa08ac4                nnpack8x8
                0xffa08cb0                nninit_network
                0xffa08b40                nndisplay
                0xffa087bc                f_logic
                0xffa0881c                nncalculate_network
                0xffa08904                nncalculate_errors
                0xffa08bd4                nntrain_network
                0xffa08bc0                nninit_pattern
                0xffa08724                nnset_pattern
                0xffa089b8                nnscale8x8

.text           0x00000000     0xd08c
 .text          0x00000000       0xf0 camera.o
                0x00000000                camera_init
                0x000000a8                camera_start
                0x000000cc                camera_stop
 .text          0x000000f0      0x33c edit.o
                0x00000288                insert_char
                0x00000138                find_next_line
                0x00000300                edit
                0x000001d4                find_buffer_end
                0x000000f0                delete_char
                0x0000021c                print_lines
                0x000002e0                print_help
                0x00000188                find_previous_line
 .text          0x0000042c     0x1a9c httpd.o
                0x000006e4                httpd_request
                0x0000042c                clean_buffer
                0x00000618                adminBodyBuilder
 .text          0x00001ec8      0x388 i2c.o
                0x00002158                i2cslowread
                0x00001f98                i2cwritex
                0x00001ec8                i2cwrite
                0x00002060                i2cread
 .text          0x00002250      0x4d4 stm_m25p32.o
                0x0000232c                SetupSPI
                0x000023ec                spi_read
                0x00002484                Wait_For_WEL
                0x0000230c                SPI_OFF
                0x000024ec                WriteFlash
                0x00002658                spi_write
                0x0000225c                spi_init_r
                0x000025dc                EraseBlock
                0x0000244c                Wait_For_Status
                0x000022a8                GetSectorNumber
                0x00002588                WriteData
                0x00002250                spi_init_f
                0x00002408                ReadStatusRegister
                0x000024b8                SendSingleCommand
                0x0000235c                ReadData
                0x00002268                Wait_For_SPIF
                0x000022d0                udelay
 .text          0x00002724      0x5d4 printf.o
                0x00002cc0                sprintf
                0x00002724                my_strlen
                0x0000274c                dbl2stri
                0x00002cdc                printf
 .text          0x00002cf8      0x4fc xmodem.o
                0x00002d84                xmodemTransmit
                0x00002d34                _inbyte
                0x00002cf8                crc16_ccitt
                0x00002ffc                xmodemReceive
 .text          0x000031f4      0xeb0 gps.o
                0x000033a0                tan
                0x000035cc                atan
                0x0000378c                gps_dist
                0x000034ac                asin
                0x000038b8                read_ublox
                0x0000353c                acos
                0x000036c4                gps_head
                0x000032d0                cos
                0x000031f4                sin
                0x00003900                gps_parse
                0x00003ffc                gps_show
                0x00003698                isqrt
 .text          0x000040a4       0x28 myfunc.o
                0x000040a4                myfunc
 .text          0x000040cc       0xd0 init.o
                0x000040cc                initcode
 .text          0x0000419c      0x4f8 sdcard.o
                0x00004348                GetCardParams
                0x000041e0                CloseSD
                0x0000456c                ReadMultipleBlocks
                0x00004428                EraseBlocks
                0x00004604                WriteMultipleBlocks
                0x0000419c                InitSD
                0x000042c4                GetToken
                0x00004480                WriteSector
                0x00004300                CardInit
                0x00004504                ReadSector
                0x00004240                SendCommand
                0x000041f0                WriteByte
 .text          0x00004694       0xcc picoc/picoc.o
                0x00004694                picoc
 .text          0x00004760      0x2b8 picoc/table.o
                0x00004950                TableStrRegister
                0x0000479c                TableGet
                0x000047e8                TableStrFree
                0x00004880                TableSetIdentifier
                0x000049c8                TableInitTable
                0x0000493c                TableStrRegister2
                0x0000482c                TableDelete
                0x0000496c                TableSet
                0x000049dc                TableInit
 .text          0x00004a18     0x14e8 picoc/lex.o
                0x00005c88                LexHashIf
                0x00004f18                LexInteractiveClear
                0x00005ed4                LexInit
                0x00005df0                LexHashIncPos
                0x0000597c                LexGetRawToken
                0x00005140                LexGetCharacterConstant
                0x00004e7c                LexInitParser
                0x00004b94                LexUnEscapeCharacterConstant
                0x00005198                LexGetWord
                0x00004f64                LexCleanup
                0x00004a18                LexCheckReservedWord
                0x00004ebc                LexInteractiveCompleted
                0x00004f6c                LexCopyTokens
                0x00004eac                LexInteractiveStatementPrompt
                0x00004c3c                LexUnEscapeCharacter
                0x00005c54                LexToEndOfLine
                0x00004a40                LexGetNumber
                0x00005950                LexAnalyse
                0x00004ea0                LexRawPeekToken
                0x000050ec                LexHashElse
                0x00005e00                LexGetToken
                0x00004dc0                LexSkipComment
                0x000050b0                LexHashEndif
                0x00004e54                LexTokenSize
                0x00005d64                LexHashIfdef
                0x000053cc                LexScanGetToken
                0x00005890                LexTokenise
                0x0000525c                LexGetStringConstant
 .text          0x00005f00     0x1288 picoc/parse.o
                0x00005f60                ParseCountParams
                0x000062f0                ParseFunctionDefinition
                0x00006f28                ParseBlock
                0x0000661c                ParseDeclaration
                0x00005f1c                ParseCleanup
                0x00005f00                ParserCopyPos
                0x0000617c                ParseDeclarationAssignment
                0x00006fb8                ParseStatementMaybeRun
                0x00005fb4                ParseTypedef
                0x00005ffc                ParserCopy
                0x00006ff0                ParseFor
                0x00006e00                PicocParseInteractive
                0x00006798                ParseStatement
                0x00006e88                PicocParse
                0x00006004                ParseMacroDefinition
 .text          0x00007188     0x1a14 picoc/expression.o
                0x000074f0                ExpressionPostfixOperator
                0x000086b8                ExpressionParseInt
                0x00007424                ExpressionPushInt
                0x00007800                ExpressionAssignToPointer
                0x00007908                ExpressionAssign
                0x00007194                ExpressionCoerceInteger
                0x000072c8                ExpressionGetStructElement
                0x00007b6c                ExpressionQuestionMarkOperator
                0x00008730                ExpressionParseMacroCall
                0x0000745c                ExpressionStackPushDereference
                0x00007628                ExpressionPrefixOperator
                0x00007b50                ExpressionColonOperator
                0x00007274                ExpressionStackPushOperator
                0x00007204                ExpressionAssignInt
                0x00007188                debugf
                0x00007fb0                ExpressionStackCollapse
                0x000074c0                ExpressionStackPushValueByType
                0x00007b2c                ExpressionStackPushValue
                0x000088d4                ExpressionParseFunctionCall
                0x00007bc4                ExpressionInfixOperator
                0x000071cc                ExpressionCoerceUnsignedInteger
                0x000072a4                ExpressionStackPushValueNode
                0x00008118                ExpressionParse
                0x00007afc                ExpressionStackPushLValue
 .text          0x00008b9c      0x258 picoc/heap.o
                0x00008bec                HeapCleanup
                0x00008dac                HeapAllocStack
                0x00008c38                HeapPushStackFrame
                0x00008c58                HeapPopStackFrame
                0x00008c7c                HeapFreeMem
                0x00008c10                HeapPopStack
                0x00008bf8                HeapUnpopStack
                0x00008b9c                HeapInit
                0x00008cd4                HeapAllocMem
 .text          0x00008df4      0xb90 picoc/type.o
                0x00008e28                TypeStackSizeValue
                0x00008eec                TypeInit
                0x00009934                TypeCleanupNode
                0x00008e74                TypeAddBaseType
                0x000093cc                TypeParseStruct
                0x00009978                TypeCleanup
                0x00008e48                TypeSize
                0x000097d0                TypeParse
                0x00009800                TypeParseIdentPart
                0x00009378                TypeCreateOpaqueStruct
                0x000090a0                TypeGetMatching
                0x00009150                TypeParseBack
                0x00009614                TypeParseFront
                0x00008df4                TypeSizeValue
                0x00008ea8                TypeAdd
                0x000091f0                TypeParseEnum
 .text          0x00009984      0x7fc picoc/variable.o
                0x00009a0c                VariableDefined
                0x00009cac                VariableStackPop
                0x00009adc                VariableStackFramePop
                0x00009fc4                VariableDefineButIgnoreIdentical
                0x00009db8                VariableAllocValueAndData
                0x00009df0                VariableDefinePlatformVar
                0x00009be4                VariableFree
                0x00009c8c                VariableCleanup
                0x000099bc                VariableStringLiteralDefine
                0x00009eec                VariableAllocValueFromType
                0x00009c48                VariableTableCleanup
                0x000099e0                VariableStringLiteralGet
                0x00009b94                VariableInit
                0x00009b20                VariableStackFrameAdd
                0x00009a74                VariableGet
                0x00009e84                VariableAllocValueAndCopy
                0x00009d90                VariableAllocValueShared
                0x00009d58                VariableAllocValueFromExistingData
                0x00009d10                VariableAlloc
                0x00009f20                VariableDefine
                0x00009984                VariableDereferencePointer
 .text          0x0000a180      0xa38 picoc/clibrary.o
                0x0000a6e0                LibMemset
                0x0000a45c                LibStrcpy
                0x0000a344                PrintType
                0x0000a9e0                LibPrintf
                0x0000ab1c                LibraryAdd
                0x0000a2dc                PrintInt
                0x0000a724                LibExit
                0x0000a1b8                PrintStr
                0x0000a748                LibGets
                0x0000a6c4                LibMemcpy
                0x0000a1a0                SPutc
                0x0000a1e0                PrintRepeatedChar
                0x0000a208                PrintUnsigned
                0x0000a994                LibSPrintf
                0x0000a790                GenericPrintf
                0x0000a4cc                LibStrcmp
                0x0000a328                PrintSimpleInt
                0x0000a5f4                LibRindex
                0x0000a630                LibStrlen
                0x0000a484                LibStrncpy
                0x0000a5b4                LibIndex
                0x0000a1ac                PrintCh
                0x0000aa7c                LibraryInit
                0x0000a6f8                LibFree
                0x0000a57c                LibStrcat
                0x0000aa04                CLibraryInit
                0x0000a65c                LibMemcmp
                0x0000a514                LibStrncmp
                0x0000a180                BasicIOInit
                0x0000a730                LibGetc
                0x0000a704                LibMalloc
 .text          0x0000abb8     0x1790 picoc/platform/library_surveyor.o
                0x0000b388                Ctan
                0x0000b9ec                Cvrcap
                0x0000b3e8                Cwritei2c
                0x0000ba54                Csonar
                0x0000b25c                Cnninit
                0x0000bef0                Cread_int
                0x0000b3c8                Csin
                0x0000be44                Cencoders
                0x0000abe8                Cioread
                0x0000aff0                Cnnmatchblob
                0x0000bbac                Cinit_uart1
                0x0000acb0                Claser
                0x0000b41c                Cvcam
                0x0000b92c                Cvscan
                0x0000ba38                Crange
                0x0000b4e0                Cgps
                0x0000ad14                Cvcolor
                0x0000bcd0                Cmotors2
                0x0000b260                Csqrt
                0x0000bbb8                Coutput1
                0x0000ae18                Cpause
                0x0000afc0                Cnnshow
                0x0000bb34                Cservos
                0x0000b744                Cvsend
                0x0000b3a8                Ccos
                0x0000b310                Cacos
                0x0000b62c                Ccompassx
                0x0000babc                Cservos2
                0x0000b6a4                Ccompass
                0x0000ae64                Cautorun
                0x0000bd70                Cmotors
                0x0000b574                Canalog
                0x0000b34c                Casin
                0x0000be94                Cread_str
                0x0000ac74                Cpoke
                0x0000b9f0                Cvcap
                0x0000b2b4                Cgps_head
                0x0000b9a0                Cvpix
                0x0000b794                Cvjpeg
                0x0000acf4                Cbattery
                0x0000adf8                Cabs
                0x0000b2e8                Catan
                0x0000b5f4                Ctilt
                0x0000af18                Cnnlearnblob
                0x0000b4a8                Creadi2c
                0x0000b540                Canalogx
                0x0000ae0c                Clineno
                0x0000bf58                Cinput1
                0x0000ae28                Cerrormsg
                0x0000b468                Creadi2c2
                0x0000ac20                Cpeek
                0x0000bf3c                Cinput
                0x0000be6c                Crand
                0x0000ae4c                Ctime
                0x0000b9f4                Cvfind
                0x0000b1d4                Cnntrain
                0x0000ad90                Cvdiff
                0x0000abb8                Ciodir
                0x0000bf74                Csignal1
                0x0000be10                Cencoderx
                0x0000b720                Cdelay
                0x0000ada4                Ccompassxcal
                0x0000b7f8                Cvblob
                0x0000bfac                PlatformLibraryInit
                0x0000b738                Coutput
                0x0000b104                Cnntest
                0x0000aecc                Cnnset
                0x0000bbc4                Cmotorx
                0x0000ac00                Ciowrite
                0x0000b280                Cgps_dist
                0x0000bf90                Csignal
                0x0000b8ec                Cvmean
 .text          0x0000c348      0x3d0 picoc/platform.o
                0x0000c458                PlatformPrintf
                0x0000c348                PlatformMakeTempName
                0x0000c5d0                PlatformErrorPrefix
                0x0000c594                LexFail
                0x0000c474                PrintSourceTextErrorLine
                0x0000c6a4                PicocCleanup
                0x0000c620                AssignFail
                0x0000c6c8                PicocInitialise
                0x0000c380                PlatformVPrintf
                0x0000c5f0                ProgramFail
 .text          0x0000c718      0x148 picoc/platform/platform_surveyor.o
                0x0000c758                PlatformPutc
                0x0000c784                PlatformGetLine
                0x0000c718                PlatformCleanup
                0x0000c748                PlatformGetCharacter
                0x0000c724                PlatformExit
 .text          0x0000c860        0x0 picoc/include.o
 .text          0x0000c860      0x2b0 c:\program files\analog devices\gnu toolchain\2008r1.5\elf\bin\../bfin-elf/lib\libbffastfp.a(addfl64.o)
                0x0000c862                __adddf3_inregs
                0x0000c860                __adddf3
 .text          0x0000cb10       0x80 c:\program files\analog devices\gnu toolchain\2008r1.5\elf\bin\../bfin-elf/lib\libbffastfp.a(cmpfl64.o)
                0x0000cb10                __ledf2
                0x0000cb10                __nedf2
                0x0000cb10                __gedf2
                0x0000cb10                __gtdf2
                0x0000cb10                __eqdf2
                0x0000cb10                __cmpdf2
                0x0000cb10                __ltdf2
 .text          0x0000cb90       0x44 c:\program files\analog devices\gnu toolchain\2008r1.5\elf\bin\../bfin-elf/lib\libbffastfp.a(f32tof64.o)
                0x0000cb90                __extendsfdf2
 .text          0x0000cbd4       0x80 c:\program files\analog devices\gnu toolchain\2008r1.5\elf\bin\../bfin-elf/lib\libbffastfp.a(f64tof32.o)
                0x0000cbd4                __truncdfsf2
 .text          0x0000cc54       0x74 c:\program files\analog devices\gnu toolchain\2008r1.5\elf\bin\../bfin-elf/lib\libbffastfp.a(f64toi32z.o)
                0x0000cc54                __fixdfsi
 .text          0x0000ccc8      0x130 c:\program files\analog devices\gnu toolchain\2008r1.5\elf\bin\../bfin-elf/lib\libbffastfp.a(fpmult.o)
                0x0000ccc8                __mulsf3
 .text          0x0000cdf8       0x3c c:\program files\analog devices\gnu toolchain\2008r1.5\elf\bin\../bfin-elf/lib\libbffastfp.a(i32tof64.o)
                0x0000cdf8                __floatsidf
 .text          0x0000ce34      0x250 c:\program files\analog devices\gnu toolchain\2008r1.5\elf\bin\../bfin-elf/lib\libbffastfp.a(mulfl64.o)
                0x0000ce34                __muldf3
 .text          0x0000d084        0x8 c:\program files\analog devices\gnu toolchain\2008r1.5\elf\bin\../bfin-elf/lib\libbffastfp.a(subfl64.o)
                0x0000d084                __subdf3

.l1data         0xff800000     0x2964
 *(.data)
 .data          0xff800000        0x0 camera.o
 .data          0xff800000        0x0 edit.o
 .data          0xff800000     0x10a8 httpd.o
                0xff800000                adminHtml
 .data          0xff8010a8        0x0 i2c.o
 .data          0xff8010a8        0x0 stm_m25p32.o
 .data          0xff8010a8        0x0 printf.o
 .data          0xff8010a8        0x0 xmodem.o
 .data          0xff8010a8        0x0 gps.o
 .data          0xff8010a8        0x0 myfunc.o
 .data          0xff8010a8        0x0 crt0.o
 .data          0xff8010a8        0x0 main.o
 .data          0xff8010a8        0x0 math.o
 .data          0xff8010a8        0x0 malloc.o
 .data          0xff8010a8        0x0 string.o
 .data          0xff8010a8      0xa78 srv.o
                0xff8014b0                version_string
                0xff8010b0                font8x8
                0xff8010a8                fontmask
                0xff8014ec                frame
                0xff80150c                rand_seed
 .data          0xff801b20        0x0 uart.o
 .data          0xff801b20        0x0 colors.o
 .data          0xff801b20      0x8f0 jpeg.o
                0xff802350                zigzag_table
                0xff801b78                chrominance_dc_size_table
                0xff801e18                chrominance_ac_code_table
                0xff801cd4                luminance_ac_size_table
                0xff801b90                luminance_ac_code_table
                0xff801b48                luminance_dc_size_table
                0xff801b60                chrominance_dc_code_table
                0xff802390                luminance_quant_table
                0xff8021a0                markerdata
                0xff801b30                luminance_dc_code_table
                0xff801b20                fdct_coeff
                0xff8023d0                chrominance_quant_table
                0xff8020a0                bitsize
                0xff801f5c                chrominance_ac_size_table
 .data          0xff802410        0x0 r8x8dct.o
 .data          0xff802410        0x0 motionvect.o
 .data          0xff802410        0x0 setjmp.o
 .data          0xff802410       0x8c neural.o
                0xff802414                npattern
                0xff802494                nmask
                0xff802410                learn
 .data          0xff80249c        0x0 init.o
 .data          0xff80249c        0x0 sdcard.o
 .data          0xff80249c        0x0 picoc/picoc.o
 .data          0xff80249c        0x0 picoc/table.o
 .data          0xff80249c      0x1cc picoc/lex.o
 .data          0xff802668        0x0 picoc/parse.o
 .data          0xff802668        0x0 picoc/expression.o
 .data          0xff802668       0x10 picoc/heap.o
                0xff80266c                HeapMemStart
                0xff802668                HeapStackTop
 .data          0xff802678       0x10 picoc/type.o
 .data          0xff802688        0x0 picoc/variable.o
 .data          0xff802688       0x9c picoc/clibrary.o
                0xff802688                CLibrary
 .data          0xff802724      0x240 picoc/platform/library_surveyor.o
                0xff802724                PlatformLibrary
 .data          0xff802964        0x0 picoc/platform.o
 .data          0xff802964        0x0 picoc/platform/platform_surveyor.o
 .data          0xff802964        0x0 picoc/include.o
 .data          0xff802964        0x0 c:\program files\analog devices\gnu toolchain\2008r1.5\elf\bin\../bfin-elf/lib\libbffastfp.a(addfl64.o)
 .data          0xff802964        0x0 c:\program files\analog devices\gnu toolchain\2008r1.5\elf\bin\../bfin-elf/lib\libbffastfp.a(cmpfl64.o)
 .data          0xff802964        0x0 c:\program files\analog devices\gnu toolchain\2008r1.5\elf\bin\../bfin-elf/lib\libbffastfp.a(f32tof64.o)
 .data          0xff802964        0x0 c:\program files\analog devices\gnu toolchain\2008r1.5\elf\bin\../bfin-elf/lib\libbffastfp.a(f64tof32.o)
 .data          0xff802964        0x0 c:\program files\analog devices\gnu toolchain\2008r1.5\elf\bin\../bfin-elf/lib\libbffastfp.a(f64toi32z.o)
 .data          0xff802964        0x0 c:\program files\analog devices\gnu toolchain\2008r1.5\elf\bin\../bfin-elf/lib\libbffastfp.a(fpmult.o)
 .data          0xff802964        0x0 c:\program files\analog devices\gnu toolchain\2008r1.5\elf\bin\../bfin-elf/lib\libbffastfp.a(i32tof64.o)
 .data          0xff802964        0x0 c:\program files\analog devices\gnu toolchain\2008r1.5\elf\bin\../bfin-elf/lib\libbffastfp.a(mulfl64.o)
 .data          0xff802964        0x0 c:\program files\analog devices\gnu toolchain\2008r1.5\elf\bin\../bfin-elf/lib\libbffastfp.a(subfl64.o)
 *(.l1data)
 *(.l1data.a)

.l1data.b
 *(.l1data.b)

.rodata         0xff802964     0x3b70
 *(.rodata .rodata.* .gnu.linkonce.r.*)
 .rodata.str1.4
                0xff802964       0xb6 edit.o
                                 0xb8 (size before relaxing)
 *fill*         0xff802a1a        0x2 00
 .rodata        0xff802a1c       0x5c edit.o
 .rodata.str1.4
                0xff802a78      0x475 httpd.o
                                0x48c (size before relaxing)
 *fill*         0xff802eed        0x3 00
 .rodata        0xff802ef0      0x3c8 httpd.o
 .rodata.str1.4
                0xff8032b8        0x7 printf.o
                                  0x8 (size before relaxing)
 *fill*         0xff8032bf        0x1 00
 .rodata        0xff8032c0       0x84 printf.o
 .rodata        0xff803344      0x200 xmodem.o
 .rodata.str1.4
                0xff803544       0x96 gps.o
                                 0x98 (size before relaxing)
 *fill*         0xff8035da        0x2 00
 .rodata        0xff8035dc      0x16c gps.o
 .rodata.str1.4
                0xff803748       0x14 myfunc.o
 .rodata.str1.4
                0xff80375c       0x3b main.o
                                 0x44 (size before relaxing)
 *fill*         0xff803797        0x1 00
 .rodata        0xff803798      0x39c main.o
 .rodata        0xff803b34      0x1bc srv.o
 .rodata.str1.4
                0xff803cf0      0x839 srv.o
                                0x874 (size before relaxing)
 *fill*         0xff804529        0x3 00
 .rodata        0xff80452c       0x10 uart.o
 .rodata.str1.4
                0xff80453c        0x4 neural.o
                                  0xc (size before relaxing)
 .rodata.str1.4
                0xff804540       0x17 picoc/picoc.o
                                 0x18 (size before relaxing)
 *fill*         0xff804557        0x1 00
 .rodata.str1.4
                0xff804558        0xe picoc/table.o
                                 0x14 (size before relaxing)
 *fill*         0xff804566        0x2 00
 .rodata        0xff804568      0x2fc picoc/lex.o
 .rodata.str1.4
                0xff804864      0x1b2 picoc/lex.o
                                0x1d0 (size before relaxing)
 *fill*         0xff804a16        0x2 00
 .rodata.str1.4
                0xff804a18      0x280 picoc/parse.o
                                0x2a8 (size before relaxing)
 .rodata        0xff804c98      0x12c picoc/parse.o
 .rodata        0xff804dc4      0x2bc picoc/expression.o
 .rodata.str1.4
                0xff805080      0x42a picoc/expression.o
                                0x494 (size before relaxing)
 *fill*         0xff8054aa        0x2 00
 .rodata.str1.4
                0xff8054ac      0x121 picoc/type.o
                                0x158 (size before relaxing)
 *fill*         0xff8055cd        0x3 00
 .rodata        0xff8055d0       0x60 picoc/type.o
 .rodata.str1.4
                0xff805630       0x2f picoc/variable.o
                                 0x6c (size before relaxing)
 *fill*         0xff80565f        0x1 00
 .rodata.str1.4
                0xff805660      0x29f picoc/clibrary.o
                                0x2d0 (size before relaxing)
 *fill*         0xff8058ff        0x1 00
 .rodata        0xff805900       0xa4 picoc/clibrary.o
 .rodata.str1.4
                0xff8059a4      0xaca picoc/platform/library_surveyor.o
                                0xae0 (size before relaxing)
 *fill*         0xff80646e        0x2 00
 .rodata.str1.4
                0xff806470       0x44 picoc/platform.o
                                 0x60 (size before relaxing)
 .rodata.str1.4
                0xff8064b4       0x20 picoc/platform/platform_surveyor.o

.data
 *(.data .data.* .gnu.linkonce.d.*)

.ctors
 *crtbegin*.o(.ctors)
 *(EXCLUDE_FILE(*crtend*.o) .ctors)
 *(SORT(.ctors.*))
 *(.ctors)

.dtors
 *crtbegin*.o(.dtors)
 *(EXCLUDE_FILE(*crtend*.o) .dtors)
 *(SORT(.dtors.*))
 *(.dtors)

.sdram.bss      0x0000d08c        0x0
                0x0000d08c                __sdram_bss_start = .
 *(.bss.sdram)
                0x0000d08c                . = ALIGN (0x4)
                0x0000d08c                __sdram_bss_end = .

.bss            0xff904000     0x3d40
                0xff904000                __bss_start = .
 *(.dynbss)
 *(.bss .bss.* .gnu.linkonce.b.*)
 .bss           0xff904000        0x0 camera.o
 .bss           0xff904000       0x10 edit.o
 .bss           0xff904010      0x280 httpd.o
 .bss           0xff904290        0x0 i2c.o
 .bss           0xff904290        0x0 stm_m25p32.o
 .bss           0xff904290       0x54 printf.o
 .bss           0xff9042e4        0x0 xmodem.o
 .bss           0xff9042e4        0x8 gps.o
 .bss           0xff9042ec        0x0 myfunc.o
 .bss           0xff9042ec        0x0 crt0.o
 .bss           0xff9042ec        0x0 main.o
 .bss           0xff9042ec        0x0 math.o
 .bss           0xff9042ec        0x4 malloc.o
                0xff9042ec                allocp
 .bss           0xff9042f0        0x4 string.o
 .bss           0xff9042f4       0x10 srv.o
                0xff9042fc                sonar_flag
                0xff9042f4                PicoCRunning
                0xff9042f8                failsafe_mode
                0xff904300                uart1_flag
 .bss           0xff904304        0x4 uart.o
 .bss           0xff904308       0x50 colors.o
 .bss           0xff904358        0x8 jpeg.o
                0xff904358                lcode
                0xff90435c                bitindex
 .bss           0xff904360        0x0 r8x8dct.o
 .bss           0xff904360        0x0 motionvect.o
 .bss           0xff904360        0x0 setjmp.o
 .bss           0xff904360        0x0 neural.o
 .bss           0xff904360        0x0 init.o
 .bss           0xff904360        0x0 sdcard.o
 .bss           0xff904360        0x0 picoc/picoc.o
 .bss           0xff904360        0x4 picoc/table.o
                0xff904360                StrEmpty
 .bss           0xff904364       0x48 picoc/lex.o
 .bss           0xff9043ac        0x4 picoc/parse.o
 .bss           0xff9043b0        0x0 picoc/expression.o
 .bss           0xff9043b0       0x24 picoc/heap.o
 .bss           0xff9043d4        0x8 picoc/type.o
 .bss           0xff9043dc        0x4 picoc/variable.o
                0xff9043dc                TopStackFrame
 .bss           0xff9043e0       0x10 picoc/clibrary.o
 .bss           0xff9043f0       0xdc picoc/platform/library_surveyor.o
 .bss           0xff9044cc        0x4 picoc/platform.o
                0xff9044cc                PicocExitValue
 .bss           0xff9044d0        0x0 picoc/platform/platform_surveyor.o
 .bss           0xff9044d0        0x0 picoc/include.o
 .bss           0xff9044d0        0x0 c:\program files\analog devices\gnu toolchain\2008r1.5\elf\bin\../bfin-elf/lib\libbffastfp.a(addfl64.o)
 .bss           0xff9044d0        0x0 c:\program files\analog devices\gnu toolchain\2008r1.5\elf\bin\../bfin-elf/lib\libbffastfp.a(cmpfl64.o)
 .bss           0xff9044d0        0x0 c:\program files\analog devices\gnu toolchain\2008r1.5\elf\bin\../bfin-elf/lib\libbffastfp.a(f32tof64.o)
 .bss           0xff9044d0        0x0 c:\program files\analog devices\gnu toolchain\2008r1.5\elf\bin\../bfin-elf/lib\libbffastfp.a(f64tof32.o)
 .bss           0xff9044d0        0x0 c:\program files\analog devices\gnu toolchain\2008r1.5\elf\bin\../bfin-elf/lib\libbffastfp.a(f64toi32z.o)
 .bss           0xff9044d0        0x0 c:\program files\analog devices\gnu toolchain\2008r1.5\elf\bin\../bfin-elf/lib\libbffastfp.a(fpmult.o)
 .bss           0xff9044d0        0x0 c:\program files\analog devices\gnu toolchain\2008r1.5\elf\bin\../bfin-elf/lib\libbffastfp.a(i32tof64.o)
 .bss           0xff9044d0        0x0 c:\program files\analog devices\gnu toolchain\2008r1.5\elf\bin\../bfin-elf/lib\libbffastfp.a(mulfl64.o)
 .bss           0xff9044d0        0x0 c:\program files\analog devices\gnu toolchain\2008r1.5\elf\bin\../bfin-elf/lib\libbffastfp.a(subfl64.o)
 *(COMMON)
 COMMON         0xff9044d0       0x18 camera.o
                0xff9044d0                dlist2
                0xff9044dc                dlist1
 COMMON         0xff9044e8       0x10 edit.o
                0xff9044e8                compass_continuous_calibration
                0xff9044ec                compass_init
                0xff9044f0                cxmin
                0xff9044f2                cymin
                0xff9044f4                cxmax
                0xff9044f6                cymax
 COMMON         0xff9044f8      0x406 xmodem.o
                0xff9044f8                xbuff
 *fill*         0xff9048fe        0x2 00
 COMMON         0xff904900       0x18 gps.o
                0xff904900                gps_gga
 COMMON         0xff904918       0x14 malloc.o
                0xff904918                base
                0xff904920                heap_end
                0xff904924                heap_start
                0xff904928                heap_ptr
 COMMON         0xff90492c       0xf4 srv.o
                0xff90492c                imgWidth
                0xff904930                rfailsafe
                0xff904934                j
                0xff904938                blob_display_flag
                0xff90493c                x_acc
                0xff904940                i
                0xff904944                invert_flag
                0xff904948                segmentation_flag
                0xff90494c                move_stop_time
                0xff904950                czmax
                0xff904954                pwm2_init
                0xff904958                sonar_data
                0xff90496c                y_acc0
                0xff904970                quality
                0xff904974                move_start_time
                0xff904978                y_acc
                0xff90497c                output_start
                0xff904980                lcount
                0xff904984                pwm1_init
                0xff904988                image_size
                0xff90498c                pwm1_mode
                0xff904990                x_center
                0xff904994                lfailsafe
                0xff904998                edge_thresh
                0xff90499c                horizon_detect_flag
                0xff9049a0                master
                0xff9049a4                base_speed
                0xff9049a8                tilt_init
                0xff9049ac                rspeed2
                0xff9049b0                lspeed
                0xff9049b4                overlay_flag
                0xff9049b8                lspeed2
                0xff9049bc                err1
                0xff9049c0                cp
                0xff9049c4                output_end
                0xff9049c8                czmin
                0xff9049cc                pwm2_mode
                0xff9049d0                obstacle_detect_flag
                0xff9049d4                blob_display_num
                0xff9049d8                framecount
                0xff9049dc                rcount
                0xff9049e0                x_acc0
                0xff9049e4                imgHead
                0xff9049f0                edge_detect_flag
                0xff9049f4                encoder_flag
                0xff9049f8                imgHeight
                0xff9049fc                failsafe_clock
                0xff904a00                move_time_mS
                0xff904a04                y_center
                0xff904a08                xwd_init
                0xff904a0c                rspeed
                0xff904a10                base_speed2
                0xff904a14                frame_diff_flag
                0xff904a18                ix
                0xff904a1c                robot_moving
 COMMON         0xff904a20      0xf8c colors.o
                0xff904a20                blobcnt
                0xff904b1c                ymax
                0xff904b60                blobx1
                0xff904c5c                umax
                0xff904ca0                hist0
                0xff9050a0                hist1
                0xff9054a0                blobix
                0xff90559c                bloby2
                0xff905698                mean
                0xff9056a4                vmax
                0xff9056e8                vmin
                0xff90572c                bloby1
                0xff905828                blobx2
                0xff905924                ymin
                0xff905968                umin
 COMMON         0xff9059ac      0x584 jpeg.o
                0xff9059ac                Y2
                0xff905a2c                Temp
                0xff905aac                Cqt
                0xff905aec                Y3
                0xff905b6c                Y4
                0xff905bec                ICqt
                0xff905c6c                ILqt
                0xff905cec                CR
                0xff905d6c                Lqt
                0xff905dac                CB
                0xff905e2c                fdct_temp
                0xff905eac                read_format
                0xff905eb0                Y1
 COMMON         0xff905f30     0x1640 neural.o
                0xff905f30                weights
                0xff907330                teach_neurons
                0xff907370                nerror
                0xff9073f0                neurons
 COMMON         0xff907570      0x18c picoc/table.o
                0xff907570                StringHashTable
                0xff9076f4                StringTable
 COMMON         0xff9076fc      0x278 picoc/type.o
                0xff9076fc                GotoLabelType
                0xff907728                CharArrayType
                0xff90772c                FunctionType
                0xff907758                TypeType
                0xff907784                EnumType
                0xff9077b0                VoidType
                0xff9077dc                ShortType
                0xff907808                MacroType
                0xff907834                CharType
                0xff907860                CharPtrType
                0xff907864                VoidPtrType
                0xff907868                LongType
                0xff907894                IntType
                0xff9078c0                UnsignedLongType
                0xff9078ec                UberType
                0xff907918                UnsignedIntType
                0xff907944                UnsignedShortType
                0xff907970                CharPtrPtrType
 COMMON         0xff907974      0x318 picoc/variable.o
                0xff907974                StringLiteralHashTable
                0xff907af8                GlobalHashTable
                0xff907c7c                GlobalTable
                0xff907c84                StringLiteralTable
 COMMON         0xff907c8c       0x10 picoc/clibrary.o
                0xff907c8c                CStdOut
                0xff907c90                CStdOutBase
 COMMON         0xff907c9c       0xa4 picoc/platform/platform_surveyor.o
                0xff907c9c                PicocExitBuf
                0xff907d40                . = ALIGN (0x4)
                0xff907d40                __bss_end = .
                0xff903ffc                . = 0xff903ffc
                0xff903ffc                PROVIDE (_supervisor_stack, .)
LOAD main.o
LOAD init.o
LOAD srv.o
LOAD uart.o
LOAD camera.o
LOAD jpeg.o
LOAD i2c.o
LOAD stm_m25p32.o
LOAD httpd.o
LOAD xmodem.o
LOAD colors.o
LOAD edit.o
LOAD malloc.o
LOAD string.o
LOAD printf.o
LOAD myfunc.o
LOAD neural.o
LOAD gps.o
LOAD sdcard.o
LOAD picoc/picoc.o
LOAD picoc/table.o
LOAD picoc/lex.o
LOAD picoc/parse.o
LOAD picoc/expression.o
LOAD picoc/heap.o
LOAD picoc/type.o
LOAD picoc/variable.o
LOAD picoc/clibrary.o
LOAD picoc/platform/library_surveyor.o
LOAD picoc/platform.o
LOAD picoc/platform/platform_surveyor.o
LOAD picoc/include.o
LOAD r8x8dct.o
LOAD math.o
LOAD setjmp.o
LOAD motionvect.o
LOAD crt0.o
LOAD c:\program files\analog devices\gnu toolchain\2008r1.5\elf\bin\../bfin-elf/lib\libbffastfp.a
OUTPUT(srv1_115k.bin elf32-bfin)

.debug_abbrev   0x00000000     0x32ef
 .debug_abbrev  0x00000000       0xcf camera.o
 .debug_abbrev  0x000000cf       0xfc edit.o
 .debug_abbrev  0x000001cb      0x25c httpd.o
 .debug_abbrev  0x00000427       0x8a i2c.o
 .debug_abbrev  0x000004b1      0x1d8 stm_m25p32.o
 .debug_abbrev  0x00000689      0x1d3 printf.o
 .debug_abbrev  0x0000085c      0x183 xmodem.o
 .debug_abbrev  0x000009df      0x1b7 gps.o
 .debug_abbrev  0x00000b96       0x43 myfunc.o
 .debug_abbrev  0x00000bd9       0xcc main.o
 .debug_abbrev  0x00000ca5      0x14c malloc.o
 .debug_abbrev  0x00000df1      0x222 string.o
 .debug_abbrev  0x00001013      0x25c srv.o
 .debug_abbrev  0x0000126f      0x148 uart.o
 .debug_abbrev  0x000013b7      0x1dd colors.o
 .debug_abbrev  0x00001594      0x186 jpeg.o
 .debug_abbrev  0x0000171a      0x114 neural.o
 .debug_abbrev  0x0000182e       0x45 init.o
 .debug_abbrev  0x00001873       0xf8 sdcard.o
 .debug_abbrev  0x0000196b       0x9a picoc/picoc.o
 .debug_abbrev  0x00001a05      0x23d picoc/table.o
 .debug_abbrev  0x00001c42      0x2a0 picoc/lex.o
 .debug_abbrev  0x00001ee2      0x298 picoc/parse.o
 .debug_abbrev  0x0000217a      0x294 picoc/expression.o
 .debug_abbrev  0x0000240e      0x153 picoc/heap.o
 .debug_abbrev  0x00002561      0x283 picoc/type.o
 .debug_abbrev  0x000027e4      0x20c picoc/variable.o
 .debug_abbrev  0x000029f0      0x2e0 picoc/clibrary.o
 .debug_abbrev  0x00002cd0      0x29d picoc/platform/library_surveyor.o
 .debug_abbrev  0x00002f6d      0x1d5 picoc/platform.o
 .debug_abbrev  0x00003142      0x172 picoc/platform/platform_surveyor.o
 .debug_abbrev  0x000032b4       0x3b picoc/include.o

.debug_info     0x00000000    0x13290
 .debug_info    0x00000000      0x136 camera.o
 .debug_info    0x00000136      0x25a edit.o
 .debug_info    0x00000390      0xc25 httpd.o
 .debug_info    0x00000fb5      0x1b5 i2c.o
 .debug_info    0x0000116a      0x604 stm_m25p32.o
 .debug_info    0x0000176e      0x4de printf.o
 .debug_info    0x00001c4c      0x3e3 xmodem.o
 .debug_info    0x0000202f      0x622 gps.o
 .debug_info    0x00002651       0x54 myfunc.o
 .debug_info    0x000026a5      0x178 main.o
 .debug_info    0x0000281d      0x2ad malloc.o
 .debug_info    0x00002aca      0x8e9 string.o
 .debug_info    0x000033b3     0x21cd srv.o
 .debug_info    0x00005580      0x520 uart.o
 .debug_info    0x00005aa0      0xc64 colors.o
 .debug_info    0x00006704      0xb0b jpeg.o
 .debug_info    0x0000720f      0x4ab neural.o
 .debug_info    0x000076ba       0x64 init.o
 .debug_info    0x0000771e      0x40f sdcard.o
 .debug_info    0x00007b2d      0x115 picoc/picoc.o
 .debug_info    0x00007c42      0xaa9 picoc/table.o
 .debug_info    0x000086eb     0x1417 picoc/lex.o
 .debug_info    0x00009b02     0x1119 picoc/parse.o
 .debug_info    0x0000ac1b     0x180c picoc/expression.o
 .debug_info    0x0000c427      0x389 picoc/heap.o
 .debug_info    0x0000c7b0     0x1205 picoc/type.o
 .debug_info    0x0000d9b5      0xe28 picoc/variable.o
 .debug_info    0x0000e7dd     0x13ba picoc/clibrary.o
 .debug_info    0x0000fb97     0x2878 picoc/platform/library_surveyor.o
 .debug_info    0x0001240f      0xa80 picoc/platform.o
 .debug_info    0x00012e8f      0x330 picoc/platform/platform_surveyor.o
 .debug_info    0x000131bf       0xd1 picoc/include.o

.debug_line     0x00000000     0x4894
 .debug_line    0x00000000       0x72 camera.o
 .debug_line    0x00000072       0xda edit.o
 .debug_line    0x0000014c      0x49b httpd.o
 .debug_line    0x000005e7       0xd2 i2c.o
 .debug_line    0x000006b9      0x1ac stm_m25p32.o
 .debug_line    0x00000865      0x1a1 printf.o
 .debug_line    0x00000a06      0x139 xmodem.o
 .debug_line    0x00000b3f      0x2ac gps.o
 .debug_line    0x00000deb       0x3c myfunc.o
 .debug_line    0x00000e27      0x187 main.o
 .debug_line    0x00000fae       0xaf malloc.o
 .debug_line    0x0000105d      0x1eb string.o
 .debug_line    0x00001248      0xbd4 srv.o
 .debug_line    0x00001e1c      0x14a uart.o
 .debug_line    0x00001f66      0x3b9 colors.o
 .debug_line    0x0000231f      0x315 jpeg.o
 .debug_line    0x00002634      0x127 neural.o
 .debug_line    0x0000275b       0x53 init.o
 .debug_line    0x000027ae      0x114 sdcard.o
 .debug_line    0x000028c2       0x86 picoc/picoc.o
 .debug_line    0x00002948      0x110 picoc/table.o
 .debug_line    0x00002a58      0x564 picoc/lex.o
 .debug_line    0x00002fbc      0x3c8 picoc/parse.o
 .debug_line    0x00003384      0x603 picoc/expression.o
 .debug_line    0x00003987      0x10c picoc/heap.o
 .debug_line    0x00003a93      0x2a1 picoc/type.o
 .debug_line    0x00003d34      0x1d1 picoc/variable.o
 .debug_line    0x00003f05      0x26b picoc/clibrary.o
 .debug_line    0x00004170      0x48b picoc/platform/library_surveyor.o
 .debug_line    0x000045fb      0x154 picoc/platform.o
 .debug_line    0x0000474f      0x116 picoc/platform/platform_surveyor.o
 .debug_line    0x00004865       0x2f picoc/include.o

.debug_frame    0x00000000     0x4110
 .debug_frame   0x00000000       0x4c camera.o
 .debug_frame   0x0000004c      0x100 edit.o
 .debug_frame   0x0000014c       0xd0 httpd.o
 .debug_frame   0x0000021c       0x50 i2c.o
 .debug_frame   0x0000026c      0x214 stm_m25p32.o
 .debug_frame   0x00000480      0x110 printf.o
 .debug_frame   0x00000590       0xc8 xmodem.o
 .debug_frame   0x00000658      0x1ac gps.o
 .debug_frame   0x00000804       0x28 myfunc.o
 .debug_frame   0x0000082c       0x58 main.o
 .debug_frame   0x00000884       0x94 malloc.o
 .debug_frame   0x00000918      0x268 string.o
 .debug_frame   0x00000b80      0xc58 srv.o
 .debug_frame   0x000017d8      0x208 uart.o
 .debug_frame   0x000019e0      0x27c colors.o
 .debug_frame   0x00001c5c      0x1b0 jpeg.o
 .debug_frame   0x00001e0c      0x16c neural.o
 .debug_frame   0x00001f78       0xa4 init.o
 .debug_frame   0x0000201c      0x1a8 sdcard.o
 .debug_frame   0x000021c4       0x34 picoc/picoc.o
 .debug_frame   0x000021f8      0x150 picoc/table.o
 .debug_frame   0x00002348      0x390 picoc/lex.o
 .debug_frame   0x000026d8      0x260 picoc/parse.o
 .debug_frame   0x00002938      0x3b8 picoc/expression.o
 .debug_frame   0x00002cf0       0xdc picoc/heap.o
 .debug_frame   0x00002dcc      0x238 picoc/type.o
 .debug_frame   0x00003004      0x318 picoc/variable.o
 .debug_frame   0x0000331c      0x390 picoc/clibrary.o
 .debug_frame   0x000036ac      0x870 picoc/platform/library_surveyor.o
 .debug_frame   0x00003f1c      0x150 picoc/platform.o
 .debug_frame   0x0000406c       0xa4 picoc/platform/platform_surveyor.o

.debug_loc      0x00000000    0x17df6
 .debug_loc     0x00000000       0x5b camera.o
 .debug_loc     0x0000005b      0x2e0 edit.o
 .debug_loc     0x0000033b     0x1a89 httpd.o
 .debug_loc     0x00001dc4      0x2fc i2c.o
 .debug_loc     0x000020c0      0x89e stm_m25p32.o
 .debug_loc     0x0000295e      0xae4 printf.o
 .debug_loc     0x00003442      0x6b7 xmodem.o
 .debug_loc     0x00003af9      0xfcc gps.o
 .debug_loc     0x00004ac5       0x3e myfunc.o
 .debug_loc     0x00004b03      0x338 main.o
 .debug_loc     0x00004e3b      0x1e1 malloc.o
 .debug_loc     0x0000501c      0xd8a string.o
 .debug_loc     0x00005da6     0x2c49 srv.o
 .debug_loc     0x000089ef      0x72d uart.o
 .debug_loc     0x0000911c     0x126f colors.o
 .debug_loc     0x0000a38b     0x14f7 jpeg.o
 .debug_loc     0x0000b882      0x460 neural.o
 .debug_loc     0x0000bce2      0x122 init.o
 .debug_loc     0x0000be04      0x6cb sdcard.o
 .debug_loc     0x0000c4cf       0x81 picoc/picoc.o
 .debug_loc     0x0000c550      0x674 picoc/table.o
 .debug_loc     0x0000cbc4     0x1620 picoc/lex.o
 .debug_loc     0x0000e1e4     0x11d6 picoc/parse.o
 .debug_loc     0x0000f3ba     0x2887 picoc/expression.o
 .debug_loc     0x00011c41      0x326 picoc/heap.o
 .debug_loc     0x00011f67      0xcca picoc/type.o
 .debug_loc     0x00012c31      0xfa5 picoc/variable.o
 .debug_loc     0x00013bd6     0x1238 picoc/clibrary.o
 .debug_loc     0x00014e0e     0x25fe picoc/platform/library_surveyor.o
 .debug_loc     0x0001740c      0x749 picoc/platform.o
 .debug_loc     0x00017b55      0x2a1 picoc/platform/platform_surveyor.o

.debug_pubnames
                0x00000000     0x3531
 .debug_pubnames
                0x00000000       0x59 camera.o
 .debug_pubnames
                0x00000059       0xf4 edit.o
 .debug_pubnames
                0x0000014d       0xb4 httpd.o
 .debug_pubnames
                0x00000201       0x49 i2c.o
 .debug_pubnames
                0x0000024a      0x120 stm_m25p32.o
 .debug_pubnames
                0x0000036a       0x44 printf.o
 .debug_pubnames
                0x000003ae       0x5d xmodem.o
 .debug_pubnames
                0x0000040b       0xfb gps.o
 .debug_pubnames
                0x00000506       0x1d myfunc.o
 .debug_pubnames
                0x00000523       0x8b main.o
 .debug_pubnames
                0x000005ae       0xe3 malloc.o
 .debug_pubnames
                0x00000691      0x144 string.o
 .debug_pubnames
                0x000007d5      0xbf4 srv.o
 .debug_pubnames
                0x000013c9      0x1bc uart.o
 .debug_pubnames
                0x00001585      0x165 colors.o
 .debug_pubnames
                0x000016ea      0x2cc jpeg.o
 .debug_pubnames
                0x000019b6      0x176 neural.o
 .debug_pubnames
                0x00001b2c       0x1f init.o
 .debug_pubnames
                0x00001b4b      0x12d sdcard.o
 .debug_pubnames
                0x00001c78       0x78 picoc/picoc.o
 .debug_pubnames
                0x00001cf0      0x13d picoc/table.o
 .debug_pubnames
                0x00001e2d      0x29e picoc/lex.o
 .debug_pubnames
                0x000020cb      0x1a2 picoc/parse.o
 .debug_pubnames
                0x0000226d      0x315 picoc/expression.o
 .debug_pubnames
                0x00002582      0x132 picoc/heap.o
 .debug_pubnames
                0x000026b4      0x2b1 picoc/type.o
 .debug_pubnames
                0x00002965      0x2f5 picoc/variable.o
 .debug_pubnames
                0x00002c5a      0x258 picoc/clibrary.o
 .debug_pubnames
                0x00002eb2      0x3e9 picoc/platform/library_surveyor.o
 .debug_pubnames
                0x0000329b      0x146 picoc/platform.o
 .debug_pubnames
                0x000033e1       0xe2 picoc/platform/platform_surveyor.o
 .debug_pubnames
                0x000034c3       0x6e picoc/include.o

.debug_aranges  0x00000000      0x3e0
 .debug_aranges
                0x00000000       0x20 camera.o
 .debug_aranges
                0x00000020       0x20 edit.o
 .debug_aranges
                0x00000040       0x20 httpd.o
 .debug_aranges
                0x00000060       0x20 i2c.o
 .debug_aranges
                0x00000080       0x20 stm_m25p32.o
 .debug_aranges
                0x000000a0       0x20 printf.o
 .debug_aranges
                0x000000c0       0x20 xmodem.o
 .debug_aranges
                0x000000e0       0x20 gps.o
 .debug_aranges
                0x00000100       0x20 myfunc.o
 .debug_aranges
                0x00000120       0x20 main.o
 .debug_aranges
                0x00000140       0x20 malloc.o
 .debug_aranges
                0x00000160       0x20 string.o
 .debug_aranges
                0x00000180       0x20 srv.o
 .debug_aranges
                0x000001a0       0x20 uart.o
 .debug_aranges
                0x000001c0       0x20 colors.o
 .debug_aranges
                0x000001e0       0x20 jpeg.o
 .debug_aranges
                0x00000200       0x20 neural.o
 .debug_aranges
                0x00000220       0x20 init.o
 .debug_aranges
                0x00000240       0x20 sdcard.o
 .debug_aranges
                0x00000260       0x20 picoc/picoc.o
 .debug_aranges
                0x00000280       0x20 picoc/table.o
 .debug_aranges
                0x000002a0       0x20 picoc/lex.o
 .debug_aranges
                0x000002c0       0x20 picoc/parse.o
 .debug_aranges
                0x000002e0       0x20 picoc/expression.o
 .debug_aranges
                0x00000300       0x20 picoc/heap.o
 .debug_aranges
                0x00000320       0x20 picoc/type.o
 .debug_aranges
                0x00000340       0x20 picoc/variable.o
 .debug_aranges
                0x00000360       0x20 picoc/clibrary.o
 .debug_aranges
                0x00000380       0x20 picoc/platform/library_surveyor.o
 .debug_aranges
                0x000003a0       0x20 picoc/platform.o
 .debug_aranges
                0x000003c0       0x20 picoc/platform/platform_surveyor.o

.debug_str      0x00000000     0x43db
 .debug_str     0x00000000       0xe1 camera.o
                                 0xec (size before relaxing)
 .debug_str     0x000000e1       0xd8 edit.o
                                0x138 (size before relaxing)
 .debug_str     0x000001b9      0x49f httpd.o
                                0x593 (size before relaxing)
 .debug_str     0x00000658       0x4d i2c.o
                                 0xca (size before relaxing)
 .debug_str     0x000006a5      0x263 stm_m25p32.o
                                0x315 (size before relaxing)
 .debug_str     0x00000908       0xce printf.o
                                0x161 (size before relaxing)
 .debug_str     0x000009d6       0xce xmodem.o
                                0x15c (size before relaxing)
 .debug_str     0x00000aa4       0xa1 gps.o
                                0x1a1 (size before relaxing)
 .debug_str     0x00000b45       0x10 myfunc.o
                                 0x66 (size before relaxing)
 .debug_str     0x00000b55       0x3e main.o
                                0x10b (size before relaxing)
 .debug_str     0x00000b93       0x6a malloc.o
                                0x125 (size before relaxing)
 .debug_str     0x00000bfd      0x135 string.o
                                0x1dc (size before relaxing)
 .debug_str     0x00000d32      0x8f6 srv.o
                                0xc0f (size before relaxing)
 .debug_str     0x00001628      0x153 uart.o
                                0x268 (size before relaxing)
 .debug_str     0x0000177b       0xe8 colors.o
                                0x220 (size before relaxing)
 .debug_str     0x00001863      0x439 jpeg.o
                                0x514 (size before relaxing)
 .debug_str     0x00001c9c       0xd9 neural.o
                                0x1bc (size before relaxing)
 .debug_str     0x00001d75       0x43 init.o
                                 0x8b (size before relaxing)
 .debug_str     0x00001db8       0xc9 sdcard.o
                                0x194 (size before relaxing)
 .debug_str     0x00001e81       0x3a picoc/picoc.o
                                 0xe7 (size before relaxing)
 .debug_str     0x00001ebb      0x3bb picoc/table.o
                                0x59e (size before relaxing)
 .debug_str     0x00002276      0xa86 picoc/lex.o
                                0xf51 (size before relaxing)
 .debug_str     0x00002cfc      0x383 picoc/parse.o
                                0xe27 (size before relaxing)
 .debug_str     0x0000307f      0x54f picoc/expression.o
                               0x10b8 (size before relaxing)
 .debug_str     0x000035ce      0x13f picoc/heap.o
                                0x245 (size before relaxing)
 .debug_str     0x0000370d      0x27a picoc/type.o
                                0xdfc (size before relaxing)
 .debug_str     0x00003987      0x2c4 picoc/variable.o
                                0x83e (size before relaxing)
 .debug_str     0x00003c4b      0x2e2 picoc/clibrary.o
                                0x7cf (size before relaxing)
 .debug_str     0x00003f2d      0x31a picoc/platform/library_surveyor.o
                                0x966 (size before relaxing)
 .debug_str     0x00004247      0x104 picoc/platform.o
                                0x6bb (size before relaxing)
 .debug_str     0x0000434b       0x80 picoc/platform/platform_surveyor.o
                                0x2a4 (size before relaxing)
 .debug_str     0x000043cb       0x10 picoc/include.o
                                 0xf4 (size before relaxing)

.comment        0x00000000      0x380
 .comment       0x00000000       0x1c camera.o
 .comment       0x0000001c       0x1c edit.o
 .comment       0x00000038       0x1c httpd.o
 .comment       0x00000054       0x1c i2c.o
 .comment       0x00000070       0x1c stm_m25p32.o
 .comment       0x0000008c       0x1c printf.o
 .comment       0x000000a8       0x1c xmodem.o
 .comment       0x000000c4       0x1c gps.o
 .comment       0x000000e0       0x1c myfunc.o
 .comment       0x000000fc       0x1c main.o
 .comment       0x00000118       0x1c malloc.o
 .comment       0x00000134       0x1c string.o
 .comment       0x00000150       0x1c srv.o
 .comment       0x0000016c       0x1c uart.o
 .comment       0x00000188       0x1c colors.o
 .comment       0x000001a4       0x1c jpeg.o
 .comment       0x000001c0       0x1c neural.o
 .comment       0x000001dc       0x1c init.o
 .comment       0x000001f8       0x1c sdcard.o
 .comment       0x00000214       0x1c picoc/picoc.o
 .comment       0x00000230       0x1c picoc/table.o
 .comment       0x0000024c       0x1c picoc/lex.o
 .comment       0x00000268       0x1c picoc/parse.o
 .comment       0x00000284       0x1c picoc/expression.o
 .comment       0x000002a0       0x1c picoc/heap.o
 .comment       0x000002bc       0x1c picoc/type.o
 .comment       0x000002d8       0x1c picoc/variable.o
 .comment       0x000002f4       0x1c picoc/clibrary.o
 .comment       0x00000310       0x1c picoc/platform/library_surveyor.o
 .comment       0x0000032c       0x1c picoc/platform.o
 .comment       0x00000348       0x1c picoc/platform/platform_surveyor.o
 .comment       0x00000364       0x1c picoc/include.o

.debug_ranges   0x00000000      0x928
 .debug_ranges  0x00000000      0x2c8 httpd.o
 .debug_ranges  0x000002c8       0x28 printf.o
 .debug_ranges  0x000002f0       0x70 xmodem.o
 .debug_ranges  0x00000360       0x78 string.o
 .debug_ranges  0x000003d8       0x38 init.o
 .debug_ranges  0x00000410       0xa0 picoc/table.o
 .debug_ranges  0x000004b0       0x98 picoc/lex.o
 .debug_ranges  0x00000548       0x68 picoc/parse.o
 .debug_ranges  0x000005b0      0x2e8 picoc/expression.o
 .debug_ranges  0x00000898       0x30 picoc/type.o
 .debug_ranges  0x000008c8       0x20 picoc/variable.o
 .debug_ranges  0x000008e8       0x40 picoc/clibrary.o
